10-15 16:14:15.303  1652  2392 I 106     : System spent 534.6ms processing the last motion event: MotionEvent#MOVE
10-15 16:14:15.305  1652  2392 I 106     : System spent 521.6ms processing the last motion event: MotionEvent#MOVE
10-15 16:14:15.306  1652  2392 I 106     : System spent 515.2ms processing the last motion event: MotionEvent#MOVE
10-15 16:14:15.307  1652  2392 I 106     : System spent 509.3ms processing the last motion event: MotionEvent#MOVE
10-15 16:14:15.308  1652  2392 I 106     : System spent 502.7ms processing the last motion event: MotionEvent#MOVE
10-15 16:14:15.308  1652  2392 I 106     : System spent 495.8ms processing the last motion event: MotionEvent#MOVE
10-15 16:14:15.309  1652  2392 I 106     : System spent 488.8ms processing the last motion event: MotionEvent#MOVE
10-15 16:14:15.311  1652  2392 I 106     : System spent 483.9ms processing the last motion event: MotionEvent#MOVE
10-15 16:14:15.311  1652  2392 I 106     : System spent 476.7ms processing the last motion event: MotionEvent#MOVE
10-15 16:14:15.311  1652  2392 I 106     : System spent 470.1ms processing the last motion event: MotionEvent#MOVE
10-15 16:14:15.311  1652  2392 I 106     : System spent 462.9ms processing the last motion event: MotionEvent#MOVE
10-15 16:14:15.311  1652  2392 I 106     : System spent 455.8ms processing the last motion event: MotionEvent#MOVE
10-15 16:14:15.312  1652  2392 I 106     : System spent 448.9ms processing the last motion event: MotionEvent#MOVE
10-15 16:14:15.312  1652  2392 I 106     : System spent 442.1ms processing the last motion event: MotionEvent#MOVE
10-15 16:14:15.312  1652  2392 I 106     : System spent 435.1ms processing the last motion event: MotionEvent#MOVE
10-15 16:14:15.313  1652  2392 I 106     : System spent 428.0ms processing the last motion event: MotionEvent#MOVE
10-15 16:14:15.313  1652  2392 I 106     : System spent 420.7ms processing the last motion event: MotionEvent#MOVE
10-15 16:14:15.313  1652  2392 I 106     : System spent 413.8ms processing the last motion event: MotionEvent#MOVE
10-15 16:14:15.313  1652  2392 I 106     : System spent 406.6ms processing the last motion event: MotionEvent#MOVE
10-15 16:14:15.314  1652  2392 I 106     : System spent 399.7ms processing the last motion event: MotionEvent#MOVE
10-15 16:14:15.314  1652  2392 I 106     : System spent 392.0ms processing the last motion event: MotionEvent#MOVE
10-15 16:14:15.314  1652  2392 I 106     : System spent 385.3ms processing the last motion event: MotionEvent#MOVE
10-15 16:14:15.314  1652  2392 I 106     : System spent 378.3ms processing the last motion event: MotionEvent#MOVE
10-15 16:14:15.314  1652  2392 I 106     : System spent 371.7ms processing the last motion event: MotionEvent#MOVE
10-15 16:14:15.314  1652  2392 I 106     : System spent 364.5ms processing the last motion event: MotionEvent#MOVE
10-15 16:14:15.315  1652  2392 I 106     : System spent 357.5ms processing the last motion event: MotionEvent#MOVE
10-15 16:14:15.315  1652  2392 I 106     : System spent 350.6ms processing the last motion event: MotionEvent#MOVE
10-15 16:14:15.315  1652  2392 I 106     : System spent 336.3ms processing the last motion event: MotionEvent#MOVE
10-15 16:14:15.316  1652  2392 I 106     : System spent 329.7ms processing the last motion event: MotionEvent#MOVE
10-15 16:14:15.316  1652  2392 I 106     : System spent 315.3ms processing the last motion event: MotionEvent#MOVE
10-15 16:14:15.316  1652  2392 I 106     : System spent 308.6ms processing the last motion event: MotionEvent#MOVE
10-15 16:14:15.316  1652  2392 I 106     : System spent 294.2ms processing the last motion event: MotionEvent#MOVE
10-15 16:14:15.317  1652  2392 I 106     : System spent 287.2ms processing the last motion event: MotionEvent#MOVE
10-15 16:14:15.318  1652  2392 I 106     : System spent 273.8ms processing the last motion event: MotionEvent#MOVE
10-15 16:14:15.318  1652  2392 I 106     : System spent 259.5ms processing the last motion event: MotionEvent#MOVE
10-15 16:14:15.318  1652  2392 I 106     : System spent 245.4ms processing the last motion event: MotionEvent#MOVE
10-15 16:14:15.319  1652  2392 I 106     : System spent 238.4ms processing the last motion event: MotionEvent#MOVE
10-15 16:14:15.319  1652  2392 I 106     : System spent 231.4ms processing the last motion event: MotionEvent#MOVE
10-15 16:14:15.319  1652  2392 I 106     : System spent 217.1ms processing the last motion event: MotionEvent#MOVE
10-15 16:14:15.319  1652  2392 I 106     : System spent 195.6ms processing the last motion event: MotionEvent#MOVE
10-15 16:14:15.319  1652  2392 I 106     : System spent 181.3ms processing the last motion event: MotionEvent#MOVE
10-15 16:14:15.320  1652  2392 I 106     : System spent 167.0ms processing the last motion event: MotionEvent#MOVE
10-15 16:14:15.320  1652  2392 I 106     : System spent 159.8ms processing the last motion event: MotionEvent#MOVE
10-15 16:14:15.320  1652  2392 I 106     : System spent 152.9ms processing the last motion event: MotionEvent#MOVE
10-15 16:14:15.320  1652  2392 I 106     : System spent 146.1ms processing the last motion event: MotionEvent#MOVE
10-15 16:14:15.320  1652  2392 I 106     : System spent 139.0ms processing the last motion event: MotionEvent#MOVE
10-15 16:14:15.321  1652  2392 I 106     : System spent 132.0ms processing the last motion event: MotionEvent#MOVE
10-15 16:14:15.321  1652  2392 I 106     : System spent 125.2ms processing the last motion event: MotionEvent#MOVE
10-15 16:14:15.321  1652  2392 I 106     : System spent 118.2ms processing the last motion event: MotionEvent#MOVE
10-15 16:14:15.322  1652  2392 I 106     : System spent 111.4ms processing the last motion event: MotionEvent#MOVE
10-15 16:14:15.324  1652  2392 I 106     : System spent 104.4ms processing the last motion event: MotionEvent#MOVE
10-15 16:14:18.227  1652  2392 I 106     : System spent 410.4ms processing the last motion event: MotionEvent#MOVE
10-15 16:14:18.227  1652  2392 I 106     : System spent 403.6ms processing the last motion event: MotionEvent#MOVE
10-15 16:14:18.227  1652  2392 I 106     : System spent 396.6ms processing the last motion event: MotionEvent#MOVE
10-15 16:14:18.230  1652  2392 I 106     : System spent 389.7ms processing the last motion event: MotionEvent#MOVE
10-15 16:14:18.230  1652  2392 I 106     : System spent 382.8ms processing the last motion event: MotionEvent#MOVE
10-15 16:14:18.230  1652  2392 I 106     : System spent 375.5ms processing the last motion event: MotionEvent#MOVE
10-15 16:14:18.230  1652  2392 I 106     : System spent 368.5ms processing the last motion event: MotionEvent#MOVE
10-15 16:14:18.230  1652  2392 I 106     : System spent 361.4ms processing the last motion event: MotionEvent#MOVE
10-15 16:14:18.234  1652  2392 I 106     : System spent 356.3ms processing the last motion event: MotionEvent#MOVE
10-15 16:14:18.234  1652  2392 I 106     : System spent 349.9ms processing the last motion event: MotionEvent#MOVE
10-15 16:14:18.234  1652  2392 I 106     : System spent 343.8ms processing the last motion event: MotionEvent#MOVE
10-15 16:14:18.234  1652  2392 I 106     : System spent 336.2ms processing the last motion event: MotionEvent#MOVE
10-15 16:14:18.235  1652  2392 I 106     : System spent 330.7ms processing the last motion event: MotionEvent#MOVE
10-15 16:14:18.238  1652  2392 I 106     : System spent 324.8ms processing the last motion event: MotionEvent#MOVE
10-15 16:14:18.238  1652  2392 I 106     : System spent 318.8ms processing the last motion event: MotionEvent#MOVE
10-15 16:14:18.238  1652  2392 I 106     : System spent 311.6ms processing the last motion event: MotionEvent#MOVE
10-15 16:14:18.238  1652  2392 I 106     : System spent 304.7ms processing the last motion event: MotionEvent#MOVE
10-15 16:14:18.244  1652  2392 I 106     : System spent 299.1ms processing the last motion event: MotionEvent#MOVE
10-15 16:14:18.244  1652  2392 I 106     : System spent 293.4ms processing the last motion event: MotionEvent#MOVE
10-15 16:14:18.244  1652  2392 I 106     : System spent 286.6ms processing the last motion event: MotionEvent#MOVE
10-15 16:14:18.244  1652  2392 I 106     : System spent 279.3ms processing the last motion event: MotionEvent#MOVE
10-15 16:14:18.245  1652  2392 I 106     : System spent 272.2ms processing the last motion event: MotionEvent#MOVE
10-15 16:14:18.245  1652  2392 I 106     : System spent 257.8ms processing the last motion event: MotionEvent#MOVE
10-15 16:14:18.245  1652  2392 I 106     : System spent 243.3ms processing the last motion event: MotionEvent#MOVE
10-15 16:14:18.245  1652  2392 I 106     : System spent 236.2ms processing the last motion event: MotionEvent#MOVE
10-15 16:14:18.245  1652  2392 I 106     : System spent 229.0ms processing the last motion event: MotionEvent#MOVE
10-15 16:14:18.245  1652  2392 I 106     : System spent 215.1ms processing the last motion event: MotionEvent#MOVE
10-15 16:14:18.245  1652  2392 I 106     : System spent 208.2ms processing the last motion event: MotionEvent#MOVE
10-15 16:14:18.245  1652  2392 I 106     : System spent 194.7ms processing the last motion event: MotionEvent#MOVE
10-15 16:14:18.245  1652  2392 I 106     : System spent 188.0ms processing the last motion event: MotionEvent#MOVE
10-15 16:14:18.245  1652  2392 I 106     : System spent 175.0ms processing the last motion event: MotionEvent#MOVE
10-15 16:14:18.272  1652  2392 I 106     : System spent 188.3ms processing the last motion event: MotionEvent#MOVE
10-15 16:14:18.274  1652  2392 I 106     : System spent 159.3ms processing the last motion event: MotionEvent#MOVE
10-15 16:14:18.275  1652  2392 I 106     : System spent 132.6ms processing the last motion event: MotionEvent#MOVE
10-15 16:14:18.275  1652  2392 I 106     : System spent 110.9ms processing the last motion event: MotionEvent#MOVE
10-15 16:14:25.129 31391  8641 I 111     :  OptJank - continuously drops frames:4
10-15 16:14:25.302 31391  8641 I 111     :  OptJank - high percentage:0.5
10-15 16:15:52.690  1652  1806 I 300     : 150
10-15 16:17:32.624  1652  1806 I 300     : 239
10-15 16:17:34.639  2585  3032 I 110     :  OptJank - total:85 frameGap:85 delta#66#18#5#12#0#1
10-15 16:17:44.911  1652  2392 I 106     : System spent 125.5ms processing the last motion event: MotionEvent#MOVE
10-15 16:17:44.911  1652  2392 I 106     : System spent 119.9ms processing the last motion event: MotionEvent#MOVE
10-15 16:17:44.911  1652  2392 I 106     : System spent 113.1ms processing the last motion event: MotionEvent#MOVE
10-15 16:17:44.911  1652  2392 I 106     : System spent 106.3ms processing the last motion event: MotionEvent#MOVE
10-15 16:17:46.605  2585  3032 I 111     :  OptJank - continuously drops frames:4
10-15 16:17:46.627  2585  3032 I 111     :  OptJank - high percentage:0.45
10-15 16:17:46.652  2585  3032 I 111     :  OptJank - continuously drops frames:4
10-15 16:17:46.849  2585  3032 I 111     :  OptJank - high percentage:0.45
10-15 16:19:18.999  1652  2398 I 300     : 355
10-15 16:27:07.816 26253 26253 I 100     : Open /data/app/~~28xMrISn7qo0fz1FDsuhOg==/com.google.android.apps.docs-RKzn5Jx5BfjCdUxpS3jW0w==/base.apk took:103ms
10-15 16:27:08.096 12956 13554 I 110     :  OptJank - total:149 frameGap:164 delta#133#8#5#2#1#6
10-15 16:27:08.752 26356 26356 I 100     : Open /data/app/~~CYGjFjNyEYt4v9RqEIg82A==/com.google.android.apps.tachyon-jJcRyNDDYNF9MEded7PE9Q==/base.apk took:94ms
10-15 16:27:09.470 26449 26449 I 100     : Open /data/app/~~Mfs2uVuCCAUTVe0dU0dTHA==/com.google.android.apps.walletnfcrel-EWEEmryEkczwo9DnI-DPtA==/base.apk took:73ms
10-15 16:27:10.343 26526 26526 I 100     : Open /data/app/~~q7GPwYBt9jnEiLdnYvXO0g==/com.google.android.apps.wellbeing-rJI28woGBZcI5Pn-htZ3EA==/base.apk took:62ms
10-15 16:27:10.998 26585 26585 I 100     : Open /data/app/~~Z7axqFSOW96XVfBxZbKYQg==/com.google.android.apps.youtube.music-WXnKjkqnx0GQlacDpmX3lQ==/base.apk took:90ms
10-15 16:27:11.467 26670 26670 I 100     : Open /data/app/~~9BhZSFC2D2sQ9LHsC2LtxA==/com.google.android.calendar-NAV-GJs3eyjDxYg26-61qg==/base.apk took:74ms
10-15 16:27:11.565 26585 26617 I 100     : Open /system/framework/com.android.media.remotedisplay.jar took:64ms
10-15 16:27:11.792 26585 26617 I 100     : Open /data/app/~~ZgjZRsAJg1XtcymANok5kA==/com.google.android.gms-JKUwZB7j-pTHkzyl55NTDg==/base.apk took:138ms
10-15 16:27:12.088 26585 26617 I 100     : Open /data/user_de/0/com.google.android.gms/app_chimera/m/00000221/dl-AdsFdrDynamite.integ_213806100100000.apk took:77ms
10-15 16:27:13.687 26921 26921 I 100     : Open /data/app/com.asus.filemanager-V6bYY1rBVvMkZucK4Ib0ig==/base.apk took:55ms
10-15 16:27:14.679 27021 27021 I 100     : Open /data/app/~~z-lG07TybIgdWXLpzUadiw==/com.google.android.apps.dynamite--sjTziB_My89uSW_VXOObg==/base.apk took:52ms
10-15 16:27:15.306 27021 27068 I 100     : Open /data/user_de/0/com.google.android.gms/app_chimera/m/0000021a/DynamiteLoader.apk took:75ms
10-15 16:27:15.374 27021 27072 I 100     : Open /system/framework/org.apache.http.legacy.jar took:125ms
10-15 16:27:15.467 27021 27068 I 100     : Open /data/user_de/0/com.google.android.gms/app_chimera/m/00000219/CronetDynamite.apk took:91ms
10-15 16:27:15.986 27175 27175 I 100     : Open /data/app/~~B2rFAznCk2X2wyqs9CNLjQ==/com.google.android.apps.tasks-_O3R0FkNQAHVrIeP6XVTSg==/base.apk took:74ms
10-15 16:27:16.891 27263 27263 I 100     : Open /data/app/~~e8W0bg0_MJazJQkaGM-SMg==/com.microsoft.office.officelens-Ggjoc5Ov-31N9a3-dvxNAw==/base.apk took:55ms
10-15 16:27:17.274 27296 27296 I 100     : Open /system/reserve/OPForum/OPForum.apk took:59ms
10-15 16:44:18.210 12956 13554 I 110     :  OptJank - total:196 frameGap:222 delta#188#3#1#2#0#3
10-15 16:45:17.215  1652  1806 I 300     : 67
10-15 16:46:50.062  1652  1806 I 300     : 224
10-15 16:46:51.899 29175 29175 I 100     : Open /data/app/~~szWNaASBI6_xnwwX9igpLg==/com.instagram.android-Kf_FuCwo765_Ak3yBvelXQ==/base.apk took:117ms
10-15 16:46:57.863 31391  8641 I 110     :  OptJank - total:118 frameGap:122 delta#0#114#0#3#0#3
10-15 16:47:34.492  1652  1806 I 300     : 646
10-15 16:48:51.544  1652  1806 I 300     : 755
10-15 16:48:52.910  1652  2392 I 106     : System spent 133.4ms processing the last motion event: MotionEvent#MOVE
10-15 16:48:52.910  1652  2392 I 106     : System spent 104.9ms processing the last motion event: MotionEvent#MOVE
10-15 16:48:52.959  2585  3032 I 110     :  OptJank - total:88 frameGap:94 delta#33#33#0#25#0#21
10-15 16:48:53.030  1652  2392 I 106     : System spent 110.2ms processing the last motion event: MotionEvent#MOVE
10-15 16:48:56.302  2585  3032 I 111     :  OptJank - continuously drops frames:4
10-15 16:48:56.411  2585  3032 I 111     :  OptJank - continuously drops frames:4
10-15 16:48:56.455  2585  3032 I 111     :  OptJank - continuously drops frames:4
10-15 16:48:56.520  2585  3032 I 111     :  OptJank - high percentage:0.65
10-15 16:48:56.530  2585  3032 I 111     :  OptJank - continuously drops frames:4
10-15 16:48:56.572  2585  3032 I 111     :  OptJank - continuously drops frames:4
10-15 16:48:56.616  2585  3032 I 111     :  OptJank - continuously drops frames:4
10-15 16:48:56.739  2585  3032 I 111     :  OptJank - high percentage:0.7
10-15 16:50:27.744  1652  1806 I 300     : 393
10-15 16:50:39.975  1652  1806 I 300     : 461
10-15 16:51:00.286  1652  1806 I 300     : 51
10-15 16:51:04.600  1652  2392 I 106     : System spent 197.5ms processing the last motion event: MotionEvent#MOVE
10-15 16:51:04.600  1652  2392 I 106     : System spent 190.9ms processing the last motion event: MotionEvent#MOVE
10-15 16:51:04.603  1652  2392 I 106     : System spent 184.4ms processing the last motion event: MotionEvent#UP
10-15 16:51:07.116 27902 27902 I 100     : Open /data/app/~~29hUz0XH3MS6m9gI1yz3tQ==/com.Slack-QRxfQTwp9k777qL0AEI2BA==/base.apk took:55ms
10-15 16:51:35.528 22207 22248 I 101     : #214
10-15 16:51:39.899  2585  3032 I 111     :  OptJank - continuously drops frames:4
10-15 16:51:39.974  2585  3032 I 111     :  OptJank - continuously drops frames:4
10-15 16:51:40.018  2585  3032 I 111     :  OptJank - continuously drops frames:4
10-15 16:51:40.067  2585  3032 I 111     :  OptJank - continuously drops frames:4
10-15 16:51:40.116  2585  3032 I 111     :  OptJank - high percentage:0.7
10-15 16:51:40.409  2585  3032 I 110     :  OptJank - total:80 frameGap:80 delta#0#78#0#5#0#1
10-15 16:51:40.947  1652  1799 I 322     : com.google.android.gm#-1#556
10-15 16:51:54.730  1652  1799 I 322     : com.Slack#-1#122
10-15 16:52:10.931 27913 27913 I 100     : Open /data/app/~~29hUz0XH3MS6m9gI1yz3tQ==/com.Slack-QRxfQTwp9k777qL0AEI2BA==/base.apk took:54ms
10-15 16:52:26.973  1652  1799 I 322     : com.google.android.googlequicksearchbox#-1#357
10-15 16:52:34.359 22207 10469 I 110     :  OptJank - total:68 frameGap:73 delta#0#55#0#1#0#13
10-15 16:52:35.821  1652  1799 I 322     : com.Slack#-1#189
10-15 16:52:36.992  1652  1799 I 322     : com.Slack#-1#256
10-15 16:52:37.567  1652  1799 I 322     : com.Slack#-1#172
10-15 16:52:43.082 27913 31022 I 110     :  OptJank - total:80 frameGap:80 delta#0#142#0#7#0#9
10-15 16:53:13.311 31436 31436 I 100     : Open /data/app/~~nYA3lxtD5v84eEPSbX6ORw==/com.android.chrome-isG9ukKCR_Y_X4nnrQ0Jkg==/base.apk took:78ms
10-15 16:53:24.029  1652  1799 I 322     : com.Slack#-1#164
10-15 16:53:38.627  2585  3032 I 110     :  OptJank - total:115 frameGap:3628 delta#44#62#3#58#0#8
10-15 16:53:44.305  2585  3032 I 111     :  OptJank - continuously drops frames:4
10-15 16:53:57.864  2585  3032 I 111     :  OptJank - continuously drops frames:4
10-15 17:01:23.196  1652  1652 I 300     : 62
10-15 17:01:32.154  1652  2392 I 106     : System spent 100.6ms processing the last motion event: MotionEvent#MOVE
10-15 17:01:32.279  2585  3032 I 110     :  OptJank - total:89 frameGap:94 delta#66#20#8#9#0#2
10-15 17:01:36.243 27913 31022 I 110     :  OptJank - total:55 frameGap:55 delta#0#122#0#6#0#4
10-15 17:01:36.361 27913 31022 I 110     :  OptJank - total:62 frameGap:62 delta#0#73#6#1#0#2
10-15 17:01:36.361 27913 31022 I 111     : OptJank - big and big
10-15 17:03:15.626 32404 32404 I 100     : Open /data/app/~~hCk2xPci4pFWu13sNt1wcA==/com.amazon.avod.thirdpartyclient-aZ8F-NaVrGYdMuALU6-itg==/base.apk took:73ms
10-15 17:03:48.531  2585  3032 I 111     :  OptJank - continuously drops frames:4
10-15 17:03:48.609  2585  3032 I 111     :  OptJank - high percentage:0.5
10-15 17:03:48.620  2585  3032 I 111     :  OptJank - continuously drops frames:4
10-15 17:03:49.058  2585  3032 I 110     :  OptJank - total:93 frameGap:97 delta#0#91#0#6#0#1
10-15 17:04:19.022  2585  3032 I 110     :  OptJank - total:153 frameGap:153 delta#144#13#10#1#0#1
10-15 17:04:19.052  1652  2392 I 106     : System spent 246.1ms processing the last motion event: MotionEvent#MOVE
10-15 17:04:19.119  1652  2392 I 106     : System spent 245.3ms processing the last motion event: MotionEvent#MOVE
10-15 17:04:19.119  1652  2392 I 106     : System spent 238.1ms processing the last motion event: MotionEvent#MOVE
10-15 17:04:19.119  1652  2392 I 106     : System spent 230.4ms processing the last motion event: MotionEvent#MOVE
10-15 17:04:19.119  1652  2392 I 106     : System spent 223.1ms processing the last motion event: MotionEvent#MOVE
10-15 17:04:19.119  1652  2392 I 106     : System spent 216.1ms processing the last motion event: MotionEvent#MOVE
10-15 17:04:19.119  1652  2392 I 106     : System spent 208.7ms processing the last motion event: MotionEvent#MOVE
10-15 17:04:19.128  1652  2392 I 106     : System spent 194.6ms processing the last motion event: MotionEvent#UP
10-15 17:04:19.313 27913 31022 I 110     :  OptJank - total:81 frameGap:100 delta#0#76#0#0#0#3
10-15 17:04:27.285  2585  3032 I 111     :  OptJank - continuously drops frames:4
10-15 17:04:27.336  2585  3032 I 111     :  OptJank - continuously drops frames:4
10-15 17:04:27.443  2585  3032 I 111     :  OptJank - high percentage:0.65
10-15 17:04:27.454  2585  3032 I 111     :  OptJank - continuously drops frames:4
10-15 17:04:28.131  1652  1799 I 322     : com.google.android.gm#-1#373
10-15 17:04:29.260  2585  3032 I 110     :  OptJank - total:157 frameGap:202 delta#144#11#11#0#0#1
10-15 17:05:01.460 22207 10469 I 110     :  OptJank - total:79 frameGap:95 delta#55#18#11#4#0#5
10-15 17:19:08.715  3176  3176 I 100     : Open /data/app/~~R8imbMbwxuUatboCXQrsnA==/com.instacart.client-ACfrrALxnvt1k7jUjVb5dg==/base.apk took:103ms
10-15 17:19:09.646  3176  3176 I 309     : package:com.instacart.client took:1076 calssname:android.app.ActivityThread$H callback:null what:110
10-15 17:19:10.113  1652  1806 I 300     : 262
10-15 17:26:24.119  3900  3900 I 100     : Open /data/app/~~oCYetYKDzHAVzV1oxf7ZrA==/whitecastle.ordering-9kUSDPJLbLZXjRAC89nH7g==/base.apk took:54ms
10-15 17:26:25.192  4569  4569 I 100     : Open /data/app/~~n7rijUx61e_-x5fBGM5d8A==/com.zhiliaoapp.musically-T-2WBvzoZi-SwdaLiV8NnQ==/base.apk took:75ms
10-15 17:26:25.460  4674  4674 I 100     : Open /data/app/~~B2rFAznCk2X2wyqs9CNLjQ==/com.google.android.apps.tasks-_O3R0FkNQAHVrIeP6XVTSg==/base.apk took:72ms
10-15 17:26:25.719  4788  4788 I 100     : Open /data/app/~~n7rijUx61e_-x5fBGM5d8A==/com.zhiliaoapp.musically-T-2WBvzoZi-SwdaLiV8NnQ==/base.apk took:84ms
10-15 17:26:25.921  3900  3900 I 309     : package:whitecastle.ordering took:1907 calssname:android.app.ActivityThread$H callback:null what:110
10-15 17:26:26.005  5129  5129 I 100     : Open /data/app/~~fkGCu8dPqAT1SJdE3tJchw==/com.blackboard.android.bbstudent-qAqLVxjxqpU5WWWVLLXA5A==/base.apk took:55ms
10-15 17:26:26.815  4788  4788 I 309     : package:com.zhiliaoapp.musically took:1193 calssname:android.app.ActivityThread$H callback:null what:110
10-15 17:26:26.837  3964  3964 I 309     : package:com.chegg took:1695 calssname:android.os.Handler callback:com.threatmetrix.TrustDefender.internal.B$4@f64a425 what:0
10-15 17:26:28.014  4569  4665 I 101     : #445
10-15 17:26:29.573  3976  4070 I 101     : #367
10-15 17:26:29.631  3964  4063 I 101     : #472
10-15 17:26:29.747  4162  4209 I 101     : #221
10-15 17:26:29.797  4064  4120 I 101     : #465
10-15 17:26:29.961  4302  4366 I 101     : #153
10-15 17:28:29.663 19744 19744 I 100     : Open /system/reserve/Weather/Weather.apk took:55ms
10-15 17:34:30.271  6992  6992 I 309     : package:com.google.android.gms took:1207 calssname:android.app.ActivityThread$H callback:null what:110
10-15 17:43:47.598  7846  7846 I 100     : Open /data/app/~~R8imbMbwxuUatboCXQrsnA==/com.instacart.client-ACfrrALxnvt1k7jUjVb5dg==/base.apk took:113ms
10-15 17:43:48.640  7846  7846 I 309     : package:com.instacart.client took:1184 calssname:android.app.ActivityThread$H callback:null what:110
10-15 17:50:06.430  2585  3032 I 111     :  OptJank - continuously drops frames:4
10-15 17:51:11.880  2585  3032 I 110     :  OptJank - total:120 frameGap:2564 delta#66#47#7#39#0#5
10-15 17:51:12.905  2585  3032 I 110     :  OptJank - total:121 frameGap:1025 delta#55#62#9#52#0#3
10-15 17:51:13.104  2585  3032 I 111     :  OptJank - continuously drops frames:4
10-15 17:51:30.408  2585  3032 I 110     :  OptJank - total:108 frameGap:293 delta#66#32#2#30#0#9
10-15 17:51:31.180  1652  1806 I 300     : 645
10-15 17:51:48.949  1652  1806 I 300     : 805
10-15 17:51:50.114  1652  2392 I 106     : System spent 176.8ms processing the last motion event: MotionEvent#UP
10-15 17:51:50.369  9455  9455 I 100     : Open /data/app/~~szWNaASBI6_xnwwX9igpLg==/com.instagram.android-Kf_FuCwo765_Ak3yBvelXQ==/base.apk took:129ms
10-15 17:51:55.007 27913 31022 I 110     :  OptJank - total:83 frameGap:83 delta#0#139#0#7#0#4
10-15 17:51:55.133 27913 31022 I 110     :  OptJank - total:112 frameGap:112 delta#0#110#0#1#0#3
10-15 17:53:47.273  1652  3113 I 300     : 269
10-15 17:53:49.252  2585  3032 I 110     :  OptJank - total:118 frameGap:119 delta#44#72#3#69#0#1
10-15 17:53:49.508  1652  2392 I 106     : System spent 134.1ms processing the last motion event: MotionEvent#UP
10-15 17:53:49.702 27913 31022 I 110     :  OptJank - total:123 frameGap:320 delta#0#119#0#0#0#3
10-15 17:53:49.907 27913 31022 I 110     :  OptJank - total:70 frameGap:201 delta#0#67#0#0#0#2
10-15 17:53:51.895  2585  3032 I 111     :  OptJank - continuously drops frames:4
10-15 17:53:51.960  2585  3032 I 111     :  OptJank - continuously drops frames:4
10-15 17:53:52.004  2585  3032 I 111     :  OptJank - continuously drops frames:4
10-15 17:53:52.071  2585  3032 I 111     :  OptJank - continuously drops frames:4
10-15 17:53:52.078  2585  3032 I 111     :  OptJank - high percentage:0.85
10-15 17:53:52.412  2585  3032 I 110     :  OptJank - total:85 frameGap:89 delta#0#82#0#4#0#2
10-15 17:53:53.009  2585  3032 I 110     :  OptJank - total:78 frameGap:92 delta#66#10#6#3#0#1
10-15 17:53:53.094 27913 31022 I 110     :  OptJank - total:94 frameGap:663 delta#0#85#0#85#0#8
10-15 17:53:53.278  2585  3032 I 111     :  OptJank - high percentage:0.5
10-15 17:53:53.444  2585  3032 I 110     :  OptJank - total:93 frameGap:107 delta#0#91#0#90#0#1
10-15 17:54:33.376 31524  1630 I 110     :  OptJank - total:81 frameGap:357 delta#0#55#28#25#3#22
10-15 17:56:07.169 31524  1630 I 110     :  OptJank - total:115 frameGap:144 delta#0#1#1#0#0#113
10-15 17:56:41.110 31524  1630 I 110     :  OptJank - total:424 frameGap:424 delta#411#11#8#1#0#3
10-15 18:01:12.845 31524  1630 I 110     :  OptJank - total:81 frameGap:100 delta#55#22#6#15#0#2
10-15 18:01:28.884 31524  1630 I 110     :  OptJank - total:85 frameGap:89 delta#0#79#0#2#2#3
10-15 18:01:32.761 31524  1630 I 111     :  OptJank - continuously drops frames:4
10-15 18:02:59.857 11940 11940 I 100     : Open /data/app/~~hCk2xPci4pFWu13sNt1wcA==/com.amazon.avod.thirdpartyclient-aZ8F-NaVrGYdMuALU6-itg==/base.apk took:76ms
10-15 18:12:38.950 12545 12545 I 100     : Open /data/app/~~fJ0S83xywFiHkirKJN9U4w==/com.google.android.googlequicksearchbox-VsEIGJ2kSvoDFH9cAmhozQ==/base.apk took:133ms
10-15 18:16:01.310 12735 12735 I 100     : Open /data/app/~~Z7axqFSOW96XVfBxZbKYQg==/com.google.android.apps.youtube.music-WXnKjkqnx0GQlacDpmX3lQ==/base.apk took:51ms
10-15 18:16:55.344  1652  1806 I 300     : 190
10-15 18:17:00.505  1652  2392 I 106     : System spent 331.3ms processing the last motion event: MotionEvent#MOVE
10-15 18:17:00.506  1652  2392 I 106     : System spent 324.9ms processing the last motion event: MotionEvent#MOVE
10-15 18:17:00.509  1652  2392 I 106     : System spent 318.6ms processing the last motion event: MotionEvent#MOVE
10-15 18:17:00.509  1652  2392 I 106     : System spent 312.1ms processing the last motion event: MotionEvent#MOVE
10-15 18:20:23.893 23975  8875 I 101     : #266
10-15 18:31:24.213  1652  2392 I 106     : System spent 309.9ms processing the last motion event: MotionEvent#MOVE
10-15 18:31:24.216  1652  2392 I 106     : System spent 278.3ms processing the last motion event: MotionEvent#MOVE
10-15 18:31:24.224  1652  2392 I 106     : System spent 266.5ms processing the last motion event: MotionEvent#MOVE
10-15 18:31:27.216 20760  8396 I 110     :  OptJank - total:276 frameGap:313 delta#0#102#0#101#0#173
10-15 18:31:27.216 20760  8396 I 111     : OptJank - big and big
10-15 18:31:27.293 20760  8396 I 110     :  OptJank - total:76 frameGap:76 delta#155#82#1#58#0#3
10-15 18:31:28.494  1652  2392 I 106     : System spent 127.5ms processing the last motion event: MotionEvent#DOWN
10-15 18:31:35.447 20760  8396 I 111     :  OptJank - high percentage:0.45
10-15 18:52:38.444  1652  1806 I 300     : 1466
10-15 18:52:39.131  2585  3032 I 110     :  OptJank - total:84 frameGap:104 delta#33#49#4#45#0#1
10-15 18:52:39.297  2585  3032 I 110     :  OptJank - total:126 frameGap:126 delta#111#16#9#3#0#1
10-15 19:05:46.673 16577 16577 I 100     : Open /data/app/~~hCk2xPci4pFWu13sNt1wcA==/com.amazon.avod.thirdpartyclient-aZ8F-NaVrGYdMuALU6-itg==/base.apk took:65ms
10-15 19:25:46.984  1652  2392 I 106     : System spent 136.8ms processing the last key event: KeyEvent#134
10-15 19:25:47.155  1652  2392 I 106     : System spent 213.1ms processing the last key event: KeyEvent#134
10-15 19:25:48.131  1652  1806 I 300     : 1184
10-15 19:28:53.651  1652  1806 I 300     : 1169
10-15 19:29:01.951  1652  2392 I 106     : System spent 272.6ms processing the last motion event: MotionEvent#UP
10-15 19:29:11.374 18444 18569 I 110     :  OptJank - total:104 frameGap:201 delta#88#8#5#3#3#2
10-15 19:29:19.288  1652  1799 I 322     : com.google.android.apps.messaging#-1#152
10-15 19:29:24.509  1652  1799 I 322     : com.google.android.apps.messaging#-1#92
10-15 19:29:56.975  1652  1652 I 300     : 113
10-15 19:30:34.457 20760 20785 I 101     : #275
10-15 19:47:15.084  1652  1806 I 300     : 92
10-15 19:47:16.053 20760  8396 I 110     :  OptJank - total:238 frameGap:245 delta#211#23#9#4#0#3
10-15 19:47:19.712 12956 13554 I 110     :  OptJank - total:111 frameGap:124 delta#0#1#0#0#0#110
10-15 20:02:45.201  1652  1806 I 300     : 985
10-15 20:12:54.430 20115 20115 I 100     : Open /data/app/~~_LgvIoUBj1c9j9TddCV1MA==/tv.twitch.android.app-M3ZoO9GeePrty10YOSnEMA==/base.apk took:67ms
10-15 20:29:48.595 21013 21013 I 100     : Open /data/app/~~CYGjFjNyEYt4v9RqEIg82A==/com.google.android.apps.tachyon-jJcRyNDDYNF9MEded7PE9Q==/base.apk took:61ms
10-15 20:29:49.190 21088 21088 I 100     : Open /data/app/~~Mfs2uVuCCAUTVe0dU0dTHA==/com.google.android.apps.walletnfcrel-EWEEmryEkczwo9DnI-DPtA==/base.apk took:59ms
10-15 20:29:49.925 21153 21153 I 100     : Open /data/app/~~Z7axqFSOW96XVfBxZbKYQg==/com.google.android.apps.youtube.music-WXnKjkqnx0GQlacDpmX3lQ==/base.apk took:82ms
10-15 20:29:50.374 21254 21254 I 100     : Open /data/app/~~9BhZSFC2D2sQ9LHsC2LtxA==/com.google.android.calendar-NAV-GJs3eyjDxYg26-61qg==/base.apk took:68ms
10-15 20:29:50.419 21153 21203 I 100     : Open /system/framework/com.android.media.remotedisplay.jar took:131ms
10-15 20:29:50.512 21153 21203 I 100     : Open /system/framework/com.android.location.provider.jar took:70ms
10-15 20:29:52.163 21467 21467 I 100     : Open /data/app/~~UK5PcHvt2YZ73u1y-927LQ==/com.oneplus.brickmode-4OL_ylbjelgJmpNp_XYOgw==/base.apk took:53ms
10-15 20:29:52.509 21503 21503 I 100     : Open /data/app/com.asus.filemanager-V6bYY1rBVvMkZucK4Ib0ig==/base.apk took:58ms
10-15 20:29:53.080 21541 21541 I 100     : Open /data/app/~~z-lG07TybIgdWXLpzUadiw==/com.google.android.apps.dynamite--sjTziB_My89uSW_VXOObg==/base.apk took:66ms
10-15 20:29:53.473 21541 21594 I 100     : Open /system/framework/org.apache.http.legacy.jar took:57ms
10-15 20:29:54.870 21787 21787 I 100     : Open /data/app/~~KNs7FwGzDc8SD87MKfcGhQ==/com.google.android.keep-X1y0hRFxCWf27yhV-VAf3A==/base.apk took:60ms
10-15 20:29:55.873 21877 21877 I 100     : Open /data/app/~~e8W0bg0_MJazJQkaGM-SMg==/com.microsoft.office.officelens-Ggjoc5Ov-31N9a3-dvxNAw==/base.apk took:58ms
10-15 20:44:56.911 22660 22660 I 100     : Open /data/app/~~fJ0S83xywFiHkirKJN9U4w==/com.google.android.googlequicksearchbox-VsEIGJ2kSvoDFH9cAmhozQ==/base.apk took:88ms
10-15 20:46:26.334  1652  1806 I 300     : 404
10-15 20:46:35.496  2585  3032 I 111     :  OptJank - continuously drops frames:4
10-15 20:46:35.828  2585  3032 I 111     :  OptJank - continuously drops frames:4
10-15 20:46:36.028  2585  3032 I 111     :  OptJank - high percentage:0.5
10-15 20:46:36.043  2585  3032 I 111     :  OptJank - continuously drops frames:4
10-15 20:46:36.145  2585  3032 I 111     :  OptJank - continuously drops frames:4
10-15 20:46:36.541  2585  3032 I 111     :  OptJank - high percentage:0.65
10-15 20:46:36.762  2585  3032 I 111     :  OptJank - continuously drops frames:4
10-15 20:46:38.871 22932 22932 I 100     : Open /data/app/~~szWNaASBI6_xnwwX9igpLg==/com.instagram.android-Kf_FuCwo765_Ak3yBvelXQ==/base.apk took:81ms
10-15 20:46:38.891  1652  2392 I 106     : System spent 136.8ms processing the last motion event: MotionEvent#DOWN
10-15 20:46:38.891  1652  2392 I 106     : System spent 123.2ms processing the last motion event: MotionEvent#MOVE
10-15 20:46:38.909  1652  2392 I 106     : System spent 120.2ms processing the last motion event: MotionEvent#MOVE
10-15 20:46:38.909  1652  2392 I 106     : System spent 113.9ms processing the last motion event: MotionEvent#MOVE
10-15 20:46:38.909  1652  2392 I 106     : System spent 113.8ms processing the last motion event: MotionEvent#MOVE
10-15 20:46:38.909  1652  2392 I 106     : System spent 108.6ms processing the last motion event: MotionEvent#MOVE
10-15 20:46:38.909  1652  2392 I 106     : System spent 101.3ms processing the last motion event: MotionEvent#MOVE
10-15 20:46:39.065 12956 12980 I 101     : #190
10-15 21:14:32.410 24571 24571 I 100     : Open /data/app/~~PmYeYUJd3DQ97Ut73FNU0A==/org.thoughtcrime.securesms-e3icRkn2ToLVrsDWRXnXCQ==/base.apk took:71ms
10-15 21:14:32.783  1652  1806 I 300     : 303
10-15 21:14:33.527 24571 24571 I 309     : package:org.thoughtcrime.securesms took:1232 calssname:android.app.ActivityThread$H callback:null what:110
10-15 21:17:55.615  1652  1806 I 300     : 444
10-15 21:22:32.722  1652  1806 I 300     : 451
10-15 21:23:01.303  1652  1806 I 300     : 318
10-15 21:26:01.597  1652  1806 I 300     : 426
10-15 21:26:16.519  1652  1806 I 300     : 393
10-15 21:26:33.044  1652  1806 I 300     : 304
10-15 21:29:40.216  1652  1806 I 300     : 134
10-15 21:29:44.541  1652  1806 I 300     : 734
10-15 21:31:46.053  1652  3314 I 300     : 366
10-15 21:33:26.053  1652  1806 I 300     : 429
10-15 21:33:42.359  1652  2392 I 106     : System spent 230.3ms processing the last motion event: MotionEvent#DOWN
10-15 21:33:42.359  1652  2392 I 106     : System spent 217.0ms processing the last motion event: MotionEvent#MOVE
10-15 21:33:42.359  1652  2392 I 106     : System spent 210.0ms processing the last motion event: MotionEvent#MOVE
10-15 21:33:42.367  1652  2392 I 106     : System spent 205.2ms processing the last motion event: MotionEvent#MOVE
10-15 21:33:42.367  1652  2392 I 106     : System spent 198.1ms processing the last motion event: MotionEvent#MOVE
10-15 21:33:42.367  1652  2392 I 106     : System spent 191.1ms processing the last motion event: MotionEvent#MOVE
10-15 21:33:42.374  1652  2392 I 106     : System spent 184.4ms processing the last motion event: MotionEvent#UP
10-15 21:33:46.663 27314 27314 I 100     : Open /data/app/~~hCk2xPci4pFWu13sNt1wcA==/com.amazon.avod.thirdpartyclient-aZ8F-NaVrGYdMuALU6-itg==/base.apk took:93ms
10-15 21:34:11.614  2585  3032 I 111     :  OptJank - continuously drops frames:4
10-15 21:34:11.734  2585  3032 I 111     :  OptJank - continuously drops frames:4
10-15 21:34:11.824  2585  3032 I 111     :  OptJank - high percentage:0.7
10-15 21:34:11.845  2585  3032 I 111     :  OptJank - continuously drops frames:4
10-15 21:34:11.914  2585  3032 I 111     :  OptJank - continuously drops frames:4
10-15 21:34:12.010  2585  3032 I 111     :  OptJank - high percentage:0.6
10-15 21:34:42.037 31524  1630 I 111     :  OptJank - continuously drops frames:4
10-15 21:34:42.360 31524  1630 I 111     :  OptJank - high percentage:0.45
10-15 21:34:46.205 31524  1630 I 111     :  OptJank - continuously drops frames:4
10-15 21:34:47.421 31524  1630 I 111     :  OptJank - continuously drops frames:4
10-15 21:38:05.894  1652  1799 I 322     : com.android.settings#-1#927
10-15 21:38:19.671 29008 29008 I 100     : Open /data/app/~~_LgvIoUBj1c9j9TddCV1MA==/tv.twitch.android.app-M3ZoO9GeePrty10YOSnEMA==/base.apk took:66ms
10-15 21:38:25.326  2585  3032 I 111     :  OptJank - continuously drops frames:4
10-15 21:38:25.400  2585  3032 I 111     :  OptJank - high percentage:0.45
10-15 21:38:25.815  1652  1799 I 322     : com.android.settings#-1#137
10-15 21:38:52.167  2585  3032 I 111     :  OptJank - continuously drops frames:4
10-15 21:38:52.272  2585  3032 I 111     :  OptJank - high percentage:0.6
10-15 21:39:42.141  4788  5031 I 101     : #166
10-15 21:39:56.819  2585  3032 I 111     :  OptJank - continuously drops frames:4
10-15 21:40:24.323  2585  3032 I 111     :  OptJank - continuously drops frames:4
10-15 21:40:58.262  2585  3032 I 111     :  OptJank - continuously drops frames:4
10-15 21:40:58.262  2585  3032 I 111     :  OptJank - high percentage:0.6
10-15 21:42:18.112  1652  1652 I 300     : 196
10-15 21:42:20.901  1652  1799 I 322     : org.mozilla.firefox#82#832
10-15 21:42:42.070  2585  3032 I 111     :  OptJank - continuously drops frames:4
10-15 21:42:42.147  2585  3032 I 111     :  OptJank - high percentage:0.45
10-15 21:42:46.643  2585  3032 I 111     :  OptJank - high percentage:0.45
10-15 21:42:59.079 19747 19747 I 309     : package:com.siue.uhh.Uhh took:2701 calssname:android.app.ActivityThread$H callback:null what:159
10-15 21:42:59.171  1652  1799 I 322     : com.siue.uhh.Uhh#147#3039
10-15 21:42:59.309  1652  1799 I 322     : com.android.vending#-1#597
10-15 21:46:04.359  1652  1806 I 300     : 440
10-15 21:46:12.898  2585  3032 I 110     :  OptJank - total:81 frameGap:81 delta#0#82#6#34#0#1
10-15 21:51:39.299  1652  2392 I 106     : System spent 115.2ms processing the last motion event: MotionEvent#MOVE
10-15 21:51:44.004 30519 29402 I 110     :  OptJank - total:88 frameGap:162 delta#77#7#7#0#0#2
10-15 21:58:09.075 12956 13554 I 110     :  OptJank - total:155 frameGap:1073 delta#144#9#7#1#0#2
10-15 22:00:00.214  1260  1260 I 100     : Open /data/app/~~9BhZSFC2D2sQ9LHsC2LtxA==/com.google.android.calendar-NAV-GJs3eyjDxYg26-61qg==/base.apk took:67ms
10-15 22:02:13.379  1652  1806 I 300     : 179
10-15 22:09:00.932  1652  3090 I 300     : 265
10-15 22:10:11.209  1652  1806 I 300     : 229
10-15 22:10:15.077 30519 29402 I 110     :  OptJank - total:94 frameGap:336 delta#88#3#2#0#0#1
10-15 22:10:24.342 31391  8641 I 110     :  OptJank - total:120 frameGap:122 delta#0#114#0#2#0#5
10-15 22:10:28.095 18444 18569 I 110     :  OptJank - total:106 frameGap:146 delta#88#13#7#5#0#4
10-15 22:10:53.661  1652  1806 I 300     : 196
10-15 22:32:00.486  1652  1806 I 300     : 158
10-15 22:32:01.020 31524 31524 I 309     : package:com.snapchat.android took:328710 calssname:android.view.Choreographer$FrameHandler callback:android.view.Choreographer$FrameDisplayEventReceiver@a3da0a1 what:0
10-15 22:37:30.489  1652  1806 I 300     : 68
10-15 22:38:03.990  2585  3032 I 110     :  OptJank - total:101 frameGap:2208 delta#55#43#5#37#0#2
10-15 22:40:46.987  2585  3032 I 110     :  OptJank - total:84 frameGap:756 delta#66#8#2#6#4#4
10-15 22:42:26.514  2585  3032 I 110     :  OptJank - total:82 frameGap:1378 delta#55#11#0#10#0#14
10-15 22:52:11.164  2585  3032 I 110     :  OptJank - total:78 frameGap:438 delta#33#31#9#21#1#12
10-15 22:52:32.837 18444 18569 I 110     :  OptJank - total:109 frameGap:138 delta#77#11#1#9#0#20
10-15 22:58:33.000  8251  8251 I 309     : package:com.instagram.android took:1727 calssname:android.app.ActivityThread$H callback:null what:110
10-15 23:14:33.262  8643  8643 I 100     : Open /data/app/~~PmYeYUJd3DQ97Ut73FNU0A==/org.thoughtcrime.securesms-e3icRkn2ToLVrsDWRXnXCQ==/base.apk took:62ms
10-15 23:14:36.319  8770  8770 I 100     : Open /data/app/~~0lNnoWkmTic23UMNGHwRdA==/com.vanced.android.youtube-B89HBI2Jr6btM9VZ5F6zmg==/base.apk took:51ms
10-15 23:51:11.451  1652  1806 I 300     : 87
10-15 23:53:41.078  1652  1806 I 300     : 219
10-15 23:53:43.024  2585  3032 I 110     :  OptJank - total:82 frameGap:82 delta#55#19#5#2#3#3
10-15 23:53:49.675  2585  3032 I 110     :  OptJank - total:100 frameGap:107 delta#88#10#8#1#0#1
10-15 23:53:49.930  1652  1799 I 322     : de.blinkt.openvpn#114#542
10-15 23:53:57.031  2585  3032 I 111     :  OptJank - continuously drops frames:4
10-16 00:09:45.040  1652  1806 I 300     : 627
10-16 00:34:05.989  1652  1806 I 300     : 197
10-16 00:34:29.395  1652  2392 I 106     : System spent 180.4ms processing the last motion event: MotionEvent#DOWN
10-16 00:34:29.398  1652  2392 I 106     : System spent 167.0ms processing the last motion event: MotionEvent#MOVE
10-16 00:34:29.398  1652  2392 I 106     : System spent 160.1ms processing the last motion event: MotionEvent#MOVE
10-16 00:34:29.398  1652  2392 I 106     : System spent 152.8ms processing the last motion event: MotionEvent#MOVE
10-16 00:34:29.398  1652  2392 I 106     : System spent 149.5ms processing the last motion event: MotionEvent#MOVE
10-16 00:34:29.398  1652  2392 I 106     : System spent 142.6ms processing the last motion event: MotionEvent#MOVE
10-16 00:34:29.398  1652  2392 I 106     : System spent 135.5ms processing the last motion event: MotionEvent#MOVE
10-16 00:34:29.398  1652  2392 I 106     : System spent 128.8ms processing the last motion event: MotionEvent#MOVE
10-16 00:34:29.398  1652  2392 I 106     : System spent 121.7ms processing the last motion event: MotionEvent#MOVE
10-16 00:34:29.398  1652  2392 I 106     : System spent 115.4ms processing the last motion event: MotionEvent#MOVE
10-16 00:34:29.398  1652  2392 I 106     : System spent 110.5ms processing the last motion event: MotionEvent#MOVE
10-16 00:34:29.478  1652  2392 I 106     : System spent 187.9ms processing the last motion event: MotionEvent#MOVE
10-16 00:34:29.478  1652  2392 I 106     : System spent 181.4ms processing the last motion event: MotionEvent#MOVE
10-16 00:34:29.482  1652  2392 I 106     : System spent 174.6ms processing the last motion event: MotionEvent#UP
10-16 00:34:30.173 11292 11343 I 100     : Open /system/framework/com.android.location.provider.jar took:60ms
10-16 00:34:30.330 11292 11343 I 100     : Open /data/app/~~ZgjZRsAJg1XtcymANok5kA==/com.google.android.gms-JKUwZB7j-pTHkzyl55NTDg==/base.apk took:72ms
10-16 00:34:30.812 11568 11650 I 100     : Open /system/framework/com.android.media.remotedisplay.jar took:70ms
10-16 00:34:31.504 11272 11592 I 100     : Open /data/app/~~ZgjZRsAJg1XtcymANok5kA==/com.google.android.gms-JKUwZB7j-pTHkzyl55NTDg==/base.apk took:854ms
10-16 00:34:36.472 11568 11596 I 101     : #1071
10-16 00:34:39.499 12125 12125 I 100     : Open /data/app/~~CYGjFjNyEYt4v9RqEIg82A==/com.google.android.apps.tachyon-jJcRyNDDYNF9MEded7PE9Q==/base.apk took:100ms
10-16 00:34:40.570 12208 12208 I 100     : Open /data/app/~~Mfs2uVuCCAUTVe0dU0dTHA==/com.google.android.apps.walletnfcrel-EWEEmryEkczwo9DnI-DPtA==/base.apk took:96ms
10-16 00:34:41.869 12208 12208 I 309     : package:com.google.android.apps.walletnfcrel took:1448 calssname:android.app.ActivityThread$H callback:null what:110
10-16 00:34:42.258 12319 12319 I 100     : Open /data/app/~~q7GPwYBt9jnEiLdnYvXO0g==/com.google.android.apps.wellbeing-rJI28woGBZcI5Pn-htZ3EA==/base.apk took:70ms
10-16 00:34:43.269 12406 12406 I 100     : Open /data/app/~~Z7axqFSOW96XVfBxZbKYQg==/com.google.android.apps.youtube.music-WXnKjkqnx0GQlacDpmX3lQ==/base.apk took:67ms
10-16 00:34:43.988 12406 12447 I 100     : Open /system/framework/com.android.media.remotedisplay.jar took:136ms
10-16 00:34:44.003 12527 12527 I 100     : Open /data/app/~~lSdH2MRD0aLKtoj9W9seUg==/com.google.android.videos-79DXfg2ZMcwVif5l4rlQaw==/base.apk took:70ms
10-16 00:34:44.210 12406 12447 I 100     : Open /system/framework/com.android.location.provider.jar took:207ms
10-16 00:34:44.457 12406 12447 I 100     : Open /data/app/~~ZgjZRsAJg1XtcymANok5kA==/com.google.android.gms-JKUwZB7j-pTHkzyl55NTDg==/base.apk took:230ms
10-16 00:34:45.063 12705 12705 I 100     : Open /data/app/~~UK5PcHvt2YZ73u1y-927LQ==/com.oneplus.brickmode-4OL_ylbjelgJmpNp_XYOgw==/base.apk took:71ms
10-16 00:34:45.559 12744 12744 I 100     : Open /data/app/com.asus.filemanager-V6bYY1rBVvMkZucK4Ib0ig==/base.apk took:75ms
10-16 00:34:46.766 12840 12840 I 100     : Open /data/app/~~z-lG07TybIgdWXLpzUadiw==/com.google.android.apps.dynamite--sjTziB_My89uSW_VXOObg==/base.apk took:92ms
10-16 00:34:47.254 12840 12911 I 100     : Open /system/framework/org.apache.http.legacy.jar took:93ms
10-16 00:34:49.097 13248 13248 I 100     : Open /data/app/~~e8W0bg0_MJazJQkaGM-SMg==/com.microsoft.office.officelens-Ggjoc5Ov-31N9a3-dvxNAw==/base.apk took:76ms
10-16 00:34:50.649 13385 13385 I 100     : Open /data/app/~~fJ0S83xywFiHkirKJN9U4w==/com.google.android.googlequicksearchbox-VsEIGJ2kSvoDFH9cAmhozQ==/base.apk took:91ms
10-16 00:34:57.820 20760  8396 I 111     :  OptJank - continuously drops frames:4
10-16 00:35:02.740  1652  1799 I 322     : com.google.android.apps.messaging#-1#195
10-16 00:35:10.532 18444 18569 I 110     :  OptJank - total:112 frameGap:509 delta#99#10#6#3#0#1
10-16 00:35:19.407 12840 12840 I 309     : package:com.google.android.apps.dynamite took:2020 calssname:com.google.apps.tiktok.concurrent.TiktokHandler callback:null what:0
10-16 00:35:54.430 18444 18569 I 110     :  OptJank - total:92 frameGap:1411 delta#77#12#8#3#0#2
10-16 00:55:33.541  1652  2392 I 106     : System spent 131.1ms processing the last motion event: MotionEvent#MOVE
10-16 00:55:45.207 20760  8396 I 111     :  OptJank - continuously drops frames:4
10-16 00:55:53.860  1652  1806 I 300     : 804
10-16 00:55:54.466  2585  3032 I 111     :  OptJank - continuously drops frames:4
10-16 00:55:59.916  2585  3032 I 111     :  OptJank - continuously drops frames:4
10-16 00:56:00.300 31524  1630 I 111     :  OptJank - continuously drops frames:4
10-16 00:56:00.392  2585  3032 I 110     :  OptJank - total:121 frameGap:121 delta#0#120#4#116#0#4
10-16 00:56:07.320 31524  1630 I 110     :  OptJank - total:79 frameGap:79 delta#0#20#4#16#34#26
10-16 00:56:07.320 31524  1630 I 111     : OptJank - big and big
10-16 00:56:18.118  1652  1799 I 322     : com.vanced.android.youtube#-1#662
10-16 00:56:25.663  8770 14757 I 110     :  OptJank - total:111 frameGap:111 delta#77#31#6#24#0#2
10-16 00:56:42.362  8770 14757 I 111     :  OptJank - continuously drops frames:4
10-16 00:56:47.053  2585  3032 I 110     :  OptJank - total:90 frameGap:2490 delta#44#39#2#36#0#7
10-16 00:58:31.255 15487 15487 I 100     : Open /data/app/~~szWNaASBI6_xnwwX9igpLg==/com.instagram.android-Kf_FuCwo765_Ak3yBvelXQ==/base.apk took:63ms
10-16 00:58:32.790 15487 15487 I 309     : package:com.instagram.android took:1625 calssname:android.app.ActivityThread$H callback:null what:110
10-16 01:05:31.123 16170 16170 I 100     : Open /data/app/~~QF5BEJK6JodctAOFW7n8ig==/com.google.android.apps.messaging-PczUydJXad372fpwdZQ1Rw==/base.apk took:113ms
10-16 01:05:32.312  1652  1806 I 300     : 45
10-16 01:05:33.296  1652  2392 I 106     : System spent 368.5ms processing the last motion event: MotionEvent#MOVE
10-16 01:05:33.296  1652  2392 I 106     : System spent 362.4ms processing the last motion event: MotionEvent#MOVE
10-16 01:05:33.297  1652  2392 I 106     : System spent 357.0ms processing the last motion event: MotionEvent#MOVE
10-16 01:05:33.297  1652  2392 I 106     : System spent 351.0ms processing the last motion event: MotionEvent#MOVE
10-16 01:05:33.302  1652  2392 I 106     : System spent 346.6ms processing the last motion event: MotionEvent#MOVE
10-16 01:05:33.303  1652  2392 I 106     : System spent 340.2ms processing the last motion event: MotionEvent#MOVE
10-16 01:05:33.304  1652  2392 I 106     : System spent 338.5ms processing the last motion event: MotionEvent#MOVE
10-16 01:05:33.305  1652  2392 I 106     : System spent 331.4ms processing the last motion event: MotionEvent#MOVE
10-16 01:05:33.305  1652  2392 I 106     : System spent 324.9ms processing the last motion event: MotionEvent#MOVE
10-16 01:05:33.305  1652  2392 I 106     : System spent 318.9ms processing the last motion event: MotionEvent#MOVE
10-16 01:05:33.306  1652  2392 I 106     : System spent 311.5ms processing the last motion event: MotionEvent#MOVE
10-16 01:05:33.306  1652  2392 I 106     : System spent 305.3ms processing the last motion event: MotionEvent#MOVE
10-16 01:05:33.310  1652  2392 I 106     : System spent 298.8ms processing the last motion event: MotionEvent#MOVE
10-16 01:05:33.311  1652  2392 I 106     : System spent 294.7ms processing the last motion event: MotionEvent#MOVE
10-16 01:05:33.311  1652  2392 I 106     : System spent 280.9ms processing the last motion event: MotionEvent#MOVE
10-16 01:05:33.311  1652  2392 I 106     : System spent 274.1ms processing the last motion event: MotionEvent#MOVE
10-16 01:05:33.311  1652  2392 I 106     : System spent 259.8ms processing the last motion event: MotionEvent#MOVE
10-16 01:05:33.311  1652  2392 I 106     : System spent 252.4ms processing the last motion event: MotionEvent#MOVE
10-16 01:05:33.312  1652  2392 I 106     : System spent 230.9ms processing the last motion event: MotionEvent#MOVE
10-16 01:05:33.312  1652  2392 I 106     : System spent 202.3ms processing the last motion event: MotionEvent#MOVE
10-16 01:05:33.313  1652  2392 I 106     : System spent 144.8ms processing the last motion event: MotionEvent#MOVE
10-16 01:05:33.361  1652  2392 I 106     : System spent 185.7ms processing the last motion event: MotionEvent#MOVE
10-16 01:05:33.361  1652  2392 I 106     : System spent 157.4ms processing the last motion event: MotionEvent#MOVE
10-16 01:05:33.362  1652  2392 I 106     : System spent 128.8ms processing the last motion event: MotionEvent#MOVE
10-16 01:05:33.362  1652  2392 I 106     : System spent 107.2ms processing the last motion event: MotionEvent#MOVE
--------- beginning of system
10-16 01:05:33.413  1652  1652 W Looper  : Drained
10-16 01:05:33.419  1652  1791 D OpColorTintManager: colorTempearture: 74
10-16 01:05:33.419  1652  1791 D OpColorTintManager: start applyTint
10-16 01:05:33.419  1652  1791 D OpColorDisplayService: KeyguardDone is finish by  set ExitFingerPrintModeByUnlockSuccess
10-16 01:05:33.419  1652  1791 D OpColorDisplayService: resetStatus: 2
10-16 01:05:33.419  1652  1791 D OpColorDisplayService: reverStatus needMatrixInit = false
10-16 01:05:33.428  1652  1791 D OpColorTintManager: colorTempearture: 74
10-16 01:05:33.428  1652  1791 D OpColorTintManager: start applyTint
10-16 01:05:33.459  1652  5880 D OpColorDisplayService: mExitFingerPrintModeReason = true
10-16 01:05:33.459  1652  3301 I OpAppLocker: setKeyguardDone true
10-16 01:05:33.471  1652  5812 D ActivityTaskManager: Top Process State changed to PROCESS_STATE_TOP
