10-16 08:29:39.151 24088 24088 I 309     : package:com.instagram.android took:1590 calssname:android.app.ActivityThread$H callback:null what:110
10-16 08:29:39.315 24228 24228 I 100     : Open /data/app/~~PmYeYUJd3DQ97Ut73FNU0A==/org.thoughtcrime.securesms-e3icRkn2ToLVrsDWRXnXCQ==/base.apk took:59ms
10-16 08:39:14.367  1652  3004 I 300     : 183
10-16 08:39:17.572  1652  2392 I 106     : System spent 174.8ms processing the last motion event: MotionEvent#MOVE
10-16 08:39:17.573  1652  2392 I 106     : System spent 161.3ms processing the last motion event: MotionEvent#UP
10-16 08:39:18.345  2585  3032 I 111     :  OptJank - continuously drops frames:4
10-16 08:39:18.446  2585  3032 I 111     :  OptJank - continuously drops frames:4
10-16 08:39:18.464  2585  3032 I 111     :  OptJank - high percentage:0.65
10-16 08:39:33.401  2585  3032 I 110     :  OptJank - total:94 frameGap:94 delta#244#74#9#61#1#16
10-16 08:39:38.598  1652  1806 I 300     : 136
10-16 08:39:39.958  1652  2392 I 106     : System spent 224.7ms processing the last motion event: MotionEvent#MOVE
10-16 08:39:39.961  1652  2392 I 106     : System spent 198.7ms processing the last motion event: MotionEvent#MOVE
10-16 08:39:39.967  1652  2392 I 106     : System spent 177.9ms processing the last motion event: MotionEvent#MOVE
10-16 08:39:39.967  1652  2392 I 106     : System spent 138.2ms processing the last motion event: MotionEvent#MOVE
10-16 08:39:39.967  1652  2392 I 106     : System spent 124.5ms processing the last motion event: MotionEvent#MOVE
10-16 08:39:39.967  1652  2392 I 106     : System spent 117.9ms processing the last motion event: MotionEvent#MOVE
10-16 08:39:39.967  1652  2392 I 106     : System spent 110.7ms processing the last motion event: MotionEvent#MOVE
10-16 08:39:45.284  1652  2392 I 106     : System spent 130.5ms processing the last motion event: MotionEvent#DOWN
10-16 08:44:06.661  1652  1806 I 300     : 100
10-16 08:44:08.972  1652  1806 I 300     : 793
10-16 08:44:10.320  2585  3032 I 110     :  OptJank - total:96 frameGap:110 delta#44#50#5#45#0#1
10-16 08:44:10.417  2585  3032 I 110     :  OptJank - total:93 frameGap:93 delta#133#10#7#1#0#1
10-16 08:44:16.940  2585  3032 I 110     :  OptJank - total:79 frameGap:253 delta#44#33#1#31#0#1
10-16 08:49:01.293  1652  1806 I 300     : 271
10-16 08:49:01.590 25330 25330 I 309     : package:com.spotify.music took:1011 calssname:android.app.ActivityThread$H callback:null what:110
10-16 08:49:12.285  1652  2392 I 106     : System spent 153.7ms processing the last motion event: MotionEvent#MOVE
10-16 08:49:12.285  1652  2392 I 106     : System spent 146.9ms processing the last motion event: MotionEvent#MOVE
10-16 08:49:12.285  1652  2392 I 106     : System spent 140.3ms processing the last motion event: MotionEvent#MOVE
10-16 08:49:12.285  1652  2392 I 106     : System spent 133.1ms processing the last motion event: MotionEvent#MOVE
10-16 08:49:12.285  1652  2392 I 106     : System spent 137.9ms processing the last motion event: MotionEvent#MOVE
10-16 08:49:12.285  1652  2392 I 106     : System spent 132.7ms processing the last motion event: MotionEvent#MOVE
10-16 08:49:12.285  1652  2392 I 106     : System spent 125.9ms processing the last motion event: MotionEvent#MOVE
10-16 08:49:12.285  1652  2392 I 106     : System spent 122.4ms processing the last motion event: MotionEvent#MOVE
10-16 08:49:12.285  1652  2392 I 106     : System spent 102.3ms processing the last motion event: MotionEvent#UP
10-16 08:49:21.679 16170 16556 I 111     :  OptJank - continuously drops frames:4
10-16 08:49:21.848 16170 16556 I 111     :  OptJank - high percentage:0.45
10-16 08:49:33.348  2585  3032 I 111     :  OptJank - continuously drops frames:4
10-16 08:49:33.438  2585  3032 I 111     :  OptJank - continuously drops frames:4
10-16 08:49:33.464  2585  3032 I 111     :  OptJank - high percentage:0.45
10-16 08:49:34.031  1652  1799 I 322     : com.Slack#-1#221
10-16 08:49:34.317 27913 31022 I 110     :  OptJank - total:165 frameGap:165 delta#22#160#6#154#1#2
10-16 08:49:34.713 27913 31022 I 110     :  OptJank - total:119 frameGap:119 delta#11#138#7#27#0#6
10-16 08:50:51.642  1652  1806 I 300     : 878
10-16 08:50:52.100  2585  3032 I 110     :  OptJank - total:99 frameGap:99 delta#44#53#7#46#0#1
10-16 08:50:52.276  1652  2392 I 106     : System spent 136.9ms processing the last motion event: MotionEvent#MOVE
10-16 08:50:52.276  1652  2392 I 106     : System spent 129.8ms processing the last motion event: MotionEvent#MOVE
10-16 08:50:52.282  1652  2392 I 106     : System spent 130.9ms processing the last motion event: MotionEvent#MOVE
10-16 08:50:52.282  1652  2392 I 106     : System spent 124.0ms processing the last motion event: MotionEvent#MOVE
10-16 08:50:52.282  1652  2392 I 106     : System spent 116.7ms processing the last motion event: MotionEvent#MOVE
10-16 08:50:52.283  1652  2392 I 106     : System spent 109.8ms processing the last motion event: MotionEvent#MOVE
10-16 08:50:52.283  1652  2392 I 106     : System spent 102.8ms processing the last motion event: MotionEvent#MOVE
10-16 08:50:52.453  1652  2392 I 106     : System spent 254.4ms processing the last motion event: MotionEvent#MOVE
10-16 08:50:52.542  1652  2392 I 106     : System spent 339.9ms processing the last motion event: MotionEvent#MOVE
10-16 08:50:52.547  1652  2392 I 106     : System spent 325.9ms processing the last motion event: MotionEvent#UP
10-16 08:50:57.203  1652  2392 I 106     : System spent 210.7ms processing the last motion event: MotionEvent#DOWN
10-16 08:50:57.204  1652  2392 I 106     : System spent 189.6ms processing the last motion event: MotionEvent#MOVE
10-16 08:50:57.204  1652  2392 I 106     : System spent 183.4ms processing the last motion event: MotionEvent#MOVE
10-16 08:50:57.204  1652  2392 I 106     : System spent 176.3ms processing the last motion event: MotionEvent#MOVE
10-16 08:50:57.204  1652  2392 I 106     : System spent 169.3ms processing the last motion event: MotionEvent#MOVE
10-16 08:50:57.204  1652  2392 I 106     : System spent 162.3ms processing the last motion event: MotionEvent#MOVE
10-16 08:50:57.205  1652  2392 I 106     : System spent 154.9ms processing the last motion event: MotionEvent#MOVE
10-16 08:50:57.206  1652  2392 I 106     : System spent 150.0ms processing the last motion event: MotionEvent#MOVE
10-16 08:50:57.207  1652  2392 I 106     : System spent 144.2ms processing the last motion event: MotionEvent#MOVE
10-16 08:50:57.208  1652  2392 I 106     : System spent 137.7ms processing the last motion event: MotionEvent#MOVE
10-16 08:50:57.209  1652  2392 I 106     : System spent 131.2ms processing the last motion event: MotionEvent#MOVE
10-16 08:50:57.209  1652  2392 I 106     : System spent 124.9ms processing the last motion event: MotionEvent#MOVE
10-16 08:50:57.210  1652  2392 I 106     : System spent 118.4ms processing the last motion event: MotionEvent#MOVE
10-16 08:50:57.211  1652  2392 I 106     : System spent 112.4ms processing the last motion event: MotionEvent#MOVE
10-16 08:50:57.213  1652  2392 I 106     : System spent 105.6ms processing the last motion event: MotionEvent#MOVE
10-16 08:50:57.728 30519 29402 I 110     :  OptJank - total:84 frameGap:450 delta#77#3#3#0#0#2
10-16 08:50:58.103  1652  1799 I 322     : com.discord#-1#449
10-16 08:51:16.269  1652  1799 I 322     : com.discord#-1#137
10-16 08:51:25.245  2585  3032 I 111     :  OptJank - continuously drops frames:4
10-16 08:51:25.358  2585  3032 I 111     :  OptJank - continuously drops frames:4
10-16 08:51:25.465  2585  3032 I 111     :  OptJank - high percentage:0.75
10-16 08:51:25.477  2585  3032 I 111     :  OptJank - continuously drops frames:4
10-16 08:51:25.631  2585  3032 I 111     :  OptJank - continuously drops frames:4
10-16 08:51:25.675  2585  3032 I 111     :  OptJank - high percentage:0.5
10-16 08:51:26.314  1652  1799 I 322     : com.snapchat.android#-1#544
10-16 08:51:26.612 26035 26435 I 110     :  OptJank - total:117 frameGap:124 delta#11#65#1#64#0#40
10-16 08:51:26.865 26035 26435 I 110     :  OptJank - total:117 frameGap:131 delta#0#116#0#14#0#1
10-16 08:51:30.797 26035 26435 I 110     :  OptJank - total:68 frameGap:68 delta#0#7#3#3#0#67
10-16 08:51:38.187 26035 26435 I 111     :  OptJank - continuously drops frames:4
10-16 08:51:38.359  1652  2392 I 106     : System spent 104.6ms processing the last motion event: MotionEvent#MOVE
10-16 08:51:40.736  1652  2392 I 106     : System spent 183.8ms processing the last motion event: MotionEvent#DOWN
10-16 08:51:40.779  1652  2392 I 106     : System spent 199.0ms processing the last motion event: MotionEvent#MOVE
10-16 08:51:40.779  1652  2392 I 106     : System spent 192.0ms processing the last motion event: MotionEvent#MOVE
10-16 08:51:40.782  1652  2392 I 106     : System spent 187.9ms processing the last motion event: MotionEvent#MOVE
10-16 08:51:40.782  1652  2392 I 106     : System spent 181.2ms processing the last motion event: MotionEvent#MOVE
10-16 08:51:40.782  1652  2392 I 106     : System spent 176.9ms processing the last motion event: MotionEvent#MOVE
10-16 08:51:40.782  1652  2392 I 106     : System spent 170.5ms processing the last motion event: MotionEvent#MOVE
10-16 08:51:40.783  1652  2392 I 106     : System spent 166.9ms processing the last motion event: MotionEvent#MOVE
10-16 08:51:40.783  1652  2392 I 106     : System spent 160.0ms processing the last motion event: MotionEvent#MOVE
10-16 08:51:40.796  1652  2392 I 106     : System spent 146.4ms processing the last motion event: MotionEvent#UP
10-16 08:51:43.790  1652  1799 I 322     : com.discord#-1#106
10-16 08:57:13.350  1652  3241 I 300     : 215
10-16 08:57:57.206  1652  1806 I 300     : 676
10-16 08:57:58.992 27381 27381 I 100     : Open /system_ext/priv-app/OPAppCategoryProvider/OPAppCategoryProvider.apk took:69ms
10-16 08:58:02.072  1652  2392 I 106     : System spent 141.5ms processing the last motion event: MotionEvent#DOWN
10-16 08:58:02.072  1652  2392 I 106     : System spent 128.8ms processing the last motion event: MotionEvent#MOVE
10-16 08:58:02.072  1652  2392 I 106     : System spent 122.4ms processing the last motion event: MotionEvent#MOVE
10-16 08:58:02.078  1652  2392 I 106     : System spent 115.5ms processing the last motion event: MotionEvent#MOVE
10-16 08:58:02.078  1652  2392 I 106     : System spent 109.1ms processing the last motion event: MotionEvent#MOVE
10-16 08:58:02.078  1652  2392 I 106     : System spent 102.2ms processing the last motion event: MotionEvent#MOVE
10-16 08:58:19.762  1652  2392 I 106     : System spent 122.7ms processing the last motion event: MotionEvent#DOWN
10-16 08:58:19.767  1652  2392 I 106     : System spent 104.5ms processing the last motion event: MotionEvent#MOVE
10-16 08:58:22.014  1652  1799 I 322     : org.uhh.myapp#336#663
10-16 08:58:26.496  1652  1799 I 322     : org.uhh.myapp#63#227
10-16 09:01:04.768  1652  1806 I 300     : 182
10-16 09:01:06.135  2585  3032 I 110     :  OptJank - total:122 frameGap:122 delta#99#23#0#18#0#1
10-16 09:01:12.549 27913 31022 I 111     :  OptJank - continuously drops frames:4
10-16 09:01:41.061  2585  3032 I 110     :  OptJank - total:136 frameGap:136 delta#99#72#1#71#0#1
10-16 09:01:41.061  2585  3032 I 111     : OptJank - big and big
10-16 09:01:41.207  2585  3032 I 111     :  OptJank - continuously drops frames:4
10-16 09:01:42.980  1652  1806 I 300     : 166
10-16 09:02:05.271  1652  1799 I 322     : org.uhh.myapp#50#229
10-16 09:04:23.078  1652  1799 I 322     : com.google.android.googlequicksearchbox#-1#285
10-16 09:04:27.489  1652  1799 I 322     : org.uhh.myapp#55#216
10-16 09:05:10.098 27913 31022 I 111     :  OptJank - continuously drops frames:4
10-16 09:08:32.493  1652  1806 I 300     : 328
10-16 09:08:33.669  1652  2392 I 106     : System spent 147.6ms processing the last motion event: MotionEvent#UP
10-16 09:08:33.819  2585  3032 I 110     :  OptJank - total:82 frameGap:82 delta#33#42#8#23#0#8
10-16 09:08:42.655  2585  3032 I 111     :  OptJank - continuously drops frames:4
10-16 09:08:42.724  2585  3032 I 111     :  OptJank - continuously drops frames:4
10-16 09:08:42.778  2585  3032 I 111     :  OptJank - high percentage:0.6
10-16 09:08:42.812  2585  3032 I 111     :  OptJank - continuously drops frames:4
10-16 09:08:43.316  1652  1799 I 322     : com.google.android.googlequicksearchbox#-1#200
10-16 09:08:44.175 12545 27130 I 110     :  OptJank - total:88 frameGap:91 delta#0#84#10#2#0#3
10-16 09:08:47.677  1652  1799 I 322     : com.android.chrome#-1#200
10-16 09:09:08.417  1652  1806 I 300     : 189
10-16 09:09:10.001  1652  2392 I 106     : System spent 336.6ms processing the last motion event: MotionEvent#MOVE
10-16 09:09:10.011  1652  2392 I 106     : System spent 340.0ms processing the last motion event: MotionEvent#MOVE
10-16 09:09:10.019  1652  2392 I 106     : System spent 337.3ms processing the last motion event: MotionEvent#MOVE
10-16 09:09:10.019  1652  2392 I 106     : System spent 330.3ms processing the last motion event: MotionEvent#MOVE
10-16 09:09:10.019  1652  2392 I 106     : System spent 323.0ms processing the last motion event: MotionEvent#MOVE
10-16 09:09:10.019  1652  2392 I 106     : System spent 315.9ms processing the last motion event: MotionEvent#MOVE
10-16 09:09:10.019  1652  2392 I 106     : System spent 308.4ms processing the last motion event: MotionEvent#MOVE
10-16 09:09:10.019  1652  2392 I 106     : System spent 301.6ms processing the last motion event: MotionEvent#MOVE
10-16 09:09:10.019  1652  2392 I 106     : System spent 287.2ms processing the last motion event: MotionEvent#MOVE
10-16 09:09:10.019  1652  2392 I 106     : System spent 279.9ms processing the last motion event: MotionEvent#MOVE
10-16 09:09:10.019  1652  2392 I 106     : System spent 265.5ms processing the last motion event: MotionEvent#MOVE
10-16 09:09:10.019  1652  2392 I 106     : System spent 251.2ms processing the last motion event: MotionEvent#MOVE
10-16 09:09:10.019  1652  2392 I 106     : System spent 236.9ms processing the last motion event: MotionEvent#MOVE
10-16 09:09:10.019  1652  2392 I 106     : System spent 215.1ms processing the last motion event: MotionEvent#MOVE
10-16 09:09:10.019  1652  2392 I 106     : System spent 186.4ms processing the last motion event: MotionEvent#MOVE
10-16 09:09:10.019  1652  2392 I 106     : System spent 164.9ms processing the last motion event: MotionEvent#MOVE
10-16 09:09:11.548  2585  3032 I 110     :  OptJank - total:146 frameGap:146 delta#133#11#8#3#0#1
10-16 09:09:11.701  2585  3032 I 110     :  OptJank - total:98 frameGap:152 delta#55#41#5#35#0#1
10-16 09:09:17.268  1652  1799 I 322     : org.uhh.myapp#73#255
10-16 09:09:22.849  1652  1799 I 322     : org.uhh.myapp#65#231
10-16 09:09:28.308 29696 29696 I 100     : Open /data/app/~~szWNaASBI6_xnwwX9igpLg==/com.instagram.android-Kf_FuCwo765_Ak3yBvelXQ==/base.apk took:75ms
10-16 09:09:29.303 29928 30031 I 100     : Open /system/framework/org.apache.http.legacy.jar took:69ms
10-16 09:09:29.374 29928 30031 I 100     : Open /system/framework/com.android.media.remotedisplay.jar took:67ms
10-16 09:09:29.445 29928 30031 I 100     : Open /system/framework/com.android.location.provider.jar took:68ms
10-16 09:09:29.510 27792 30048 I 100     : Open /system/framework/com.android.location.provider.jar took:65ms
10-16 09:09:30.127 30130 30130 I 100     : Open /data/app/~~kZVGQ0ufKxT5LiAXBzZEPg==/com.google.android.apps.maps-FBSs59aHrr_GjctqlL39Uw==/base.apk took:116ms
10-16 09:09:30.796 30153 30191 I 100     : Open /system/framework/com.android.location.provider.jar took:73ms
10-16 09:09:31.077 30153 30191 I 100     : Open /data/app/~~ZgjZRsAJg1XtcymANok5kA==/com.google.android.gms-JKUwZB7j-pTHkzyl55NTDg==/base.apk took:210ms
10-16 09:09:31.446 29696 29696 I 309     : package:com.instagram.android took:3266 calssname:android.app.ActivityThread$H callback:null what:110
10-16 09:09:33.707 29696 29793 I 101     : #329
10-16 09:09:33.846 29724 29767 I 101     : #528
10-16 09:09:33.898 29768 29803 I 101     : #458
10-16 09:09:34.096 29928 29967 I 101     : #187
10-16 09:09:34.170 29904 29946 I 101     : #260
10-16 09:09:34.468 30673 31258 I 100     : Open /data/user_de/0/com.google.android.gms/app_chimera/m/0000021a/DynamiteLoader.apk took:261ms
10-16 09:09:34.947 31401 31472 I 100     : Open /system/framework/com.android.media.remotedisplay.jar took:144ms
10-16 09:09:35.289 31401 31472 I 100     : Open /system/framework/com.android.location.provider.jar took:221ms
10-16 09:09:35.710 30130 30186 I 101     : #485
10-16 09:09:35.735 31401 31472 I 100     : Open /data/app/~~ZgjZRsAJg1XtcymANok5kA==/com.google.android.gms-JKUwZB7j-pTHkzyl55NTDg==/base.apk took:354ms
10-16 09:09:35.805 30153 30174 I 101     : #665
10-16 09:09:36.729 31401 31472 I 100     : Open /data/user_de/0/com.google.android.gms/app_chimera/m/00000221/dl-AdsFdrDynamite.integ_213806100100000.apk took:68ms
10-16 09:09:36.952 31401 31472 I 101     : #163
10-16 09:09:37.326 30598 30632 I 101     : #163
10-16 09:09:37.836 30673 30737 I 101     : #233
10-16 09:09:39.565 31959 31959 I 100     : Open /data/app/~~0lNnoWkmTic23UMNGHwRdA==/com.vanced.android.youtube-B89HBI2Jr6btM9VZ5F6zmg==/base.apk took:58ms
10-16 09:09:53.283 32620 32620 I 100     : Open /data/app/~~9BhZSFC2D2sQ9LHsC2LtxA==/com.google.android.calendar-NAV-GJs3eyjDxYg26-61qg==/base.apk took:63ms
10-16 09:14:35.699  1823  1823 I 309     : package:com.instagram.android took:1362 calssname:android.app.ActivityThread$H callback:null what:110
10-16 09:16:31.945  1652  1799 I 322     : org.uhh.myapp#301#631
10-16 09:16:35.198  1652  1799 I 322     : org.uhh.myapp#64#259
10-16 09:16:43.380  1652  1799 I 322     : org.uhh.myapp#66#247
10-16 09:21:29.862  1652  1806 I 300     : 1358
10-16 09:21:30.027  1652  2392 I 106     : System spent 123.6ms processing the last motion event: MotionEvent#MOVE
10-16 09:21:30.027  1652  2392 I 106     : System spent 109.6ms processing the last motion event: MotionEvent#MOVE
10-16 09:21:30.027  1652  2392 I 106     : System spent 102.4ms processing the last motion event: MotionEvent#MOVE
10-16 09:21:30.202  1652  2392 I 106     : System spent 108.5ms processing the last motion event: MotionEvent#UP
10-16 09:21:32.143  1652  2392 I 106     : System spent 363.1ms processing the last motion event: MotionEvent#DOWN
10-16 09:21:32.144  1652  2392 I 106     : System spent 352.1ms processing the last motion event: MotionEvent#MOVE
10-16 09:21:32.144  1652  2392 I 106     : System spent 345.7ms processing the last motion event: MotionEvent#MOVE
10-16 09:21:32.154  1652  2392 I 106     : System spent 338.8ms processing the last motion event: MotionEvent#MOVE
10-16 09:21:32.154  1652  2392 I 106     : System spent 331.9ms processing the last motion event: MotionEvent#MOVE
10-16 09:21:32.154  1652  2392 I 106     : System spent 324.7ms processing the last motion event: MotionEvent#MOVE
10-16 09:21:32.154  1652  2392 I 106     : System spent 317.9ms processing the last motion event: MotionEvent#MOVE
10-16 09:21:32.154  1652  2392 I 106     : System spent 310.7ms processing the last motion event: MotionEvent#MOVE
10-16 09:21:32.154  1652  2392 I 106     : System spent 303.5ms processing the last motion event: MotionEvent#MOVE
10-16 09:21:32.154  1652  2392 I 106     : System spent 296.4ms processing the last motion event: MotionEvent#MOVE
10-16 09:21:32.154  1652  2392 I 106     : System spent 289.5ms processing the last motion event: MotionEvent#MOVE
10-16 09:21:32.157  1652  2392 I 106     : System spent 282.5ms processing the last motion event: MotionEvent#UP
10-16 09:21:34.118  1652  1799 I 322     : org.uhh.myapp#75#274
10-16 09:21:37.691  1652  1799 I 322     : org.uhh.myapp#69#276
10-16 09:21:47.556  1652  1799 I 322     : org.uhh.myapp#78#272
--------- beginning of system
10-16 09:22:13.928  1652  2029 V AlarmManager: Triggering alarm #0: 3 when =150934907 package =android operation = null listenTag =*job.delay* flags =0x0
10-16 09:22:13.973  1652  1787 D ExtBatteryStatsService: ext-flush too soon, skip
10-16 09:22:13.974  1652  1787 D ExtBatteryStatsService: ext-flush too soon, skip
10-16 09:22:13.983  1652  3113 D OPBF    : setCGroupState():tofreeze=false, uid:10306 pkg:com.snapchat.android --->>> ok reason:bindservice as server add connection = AppBindRecord{2935ca9 com.snapchat.android/androidx.work.impl.background.systemjob.SystemJobService:system}
10-16 09:22:16.084  1652  2398 I FastCharge: read mChargeType = 0
10-16 09:22:16.087  2513  2513 W ContextImpl: Calling a method in the system process without a qualified user: android.app.ContextImpl.sendBroadcast:1122 android.content.ContextWrapper.sendBroadcast:468 com.oneplus.coreservice.BroadcastDispatch.xne$mab.onReceive:122 android.app.LoadedApk$ReceiverDispatcher$Args.lambda$getRunnable$0$LoadedApk$ReceiverDispatcher$Args:1566 android.app.-$$Lambda$LoadedApk$ReceiverDispatcher$Args$_BumDX2UKsnxLVrE6UJsJZkotuA.run:2 
10-16 09:22:20.221  1652  1772 I OHPD    : mCurrentGpsUidList:[], currentIME:com.google.android.inputmethod.latin
10-16 09:22:20.222  1652  1772 I OHPD    : [BgDetect]chkExcessCpu level: 3 doKills: true critical false uptime: 1200011
10-16 09:22:20.226  1652  1772 I OHPD    : isIsolated process: app.uid:99086,app.info.uid:10208, app.processName:com.google.android.webview:sandboxed_process0:org.chromium.content.app.SandboxedProcessService0:0
10-16 09:22:20.229  1652  1772 I OHPD    : isIsolated process: app.uid:99095,app.info.uid:10295, app.processName:com.google.android.webview:sandboxed_process0:org.chromium.content.app.SandboxedProcessService0:0
10-16 09:22:21.700  1652  1772 I OHPD    : mCurrentGpsUidList:[], currentIME:com.google.android.inputmethod.latin
10-16 09:22:21.700  1652  1772 I OHPD    : [BgDetect]chkExcessCpu level: 2 doKills: true critical false uptime: 600074
10-16 09:22:21.702  1652  1772 I OHPD    : isIsolated process: app.uid:99086,app.info.uid:10208, app.processName:com.google.android.webview:sandboxed_process0:org.chromium.content.app.SandboxedProcessService0:0
10-16 09:22:21.703  1652  1772 I OHPD    : isIsolated process: app.uid:99095,app.info.uid:10295, app.processName:com.google.android.webview:sandboxed_process0:org.chromium.content.app.SandboxedProcessService0:0
10-16 09:22:21.704  1652  1772 I OHPD    : [BgDetect] skip proc com.zorinos.zorin_connect(uid 10027), reason= small adj 100
10-16 09:22:22.498  1652  2398 I FastCharge: read mChargeType = 0
10-16 09:22:22.503  2513  2513 W ContextImpl: Calling a method in the system process without a qualified user: android.app.ContextImpl.sendBroadcast:1122 android.content.ContextWrapper.sendBroadcast:468 com.oneplus.coreservice.BroadcastDispatch.xne$mab.onReceive:122 android.app.LoadedApk$ReceiverDispatcher$Args.lambda$getRunnable$0$LoadedApk$ReceiverDispatcher$Args:1566 android.app.-$$Lambda$LoadedApk$ReceiverDispatcher$Args$_BumDX2UKsnxLVrE6UJsJZkotuA.run:2 
10-16 09:22:27.646  1652  1787 D ExtBatteryStatsService: @@@@ awaitUninterruptibly in 155 ms
10-16 09:22:29.465  1652  3113 D OPBF    : setCGroupState():tofreeze=true, uid:99095 pkg:com.chegg --->>> ok reason:notifyIsolatedUids boundUid freeze cause by uid/pid:10295
10-16 09:22:29.536  1652  2398 I FastCharge: read mChargeType = 0
10-16 09:22:29.542  2513  2513 W ContextImpl: Calling a method in the system process without a qualified user: android.app.ContextImpl.sendBroadcast:1122 android.content.ContextWrapper.sendBroadcast:468 com.oneplus.coreservice.BroadcastDispatch.xne$mab.onReceive:122 android.app.LoadedApk$ReceiverDispatcher$Args.lambda$getRunnable$0$LoadedApk$ReceiverDispatcher$Args:1566 android.app.-$$Lambda$LoadedApk$ReceiverDispatcher$Args$_BumDX2UKsnxLVrE6UJsJZkotuA.run:2 
10-16 09:22:32.560  1652  3017 D ConnectivityService: requestNetwork for uid/pid:10142/30519 NetworkRequest [ TRACK_DEFAULT id=2533, [ Capabilities: INTERNET&NOT_RESTRICTED&TRUSTED Uid: 10142 AdministratorUids: [] RequestorUid: 10142 RequestorPackageName: net.oneplus.launcher] ]
10-16 09:22:32.561  1652  2421 D ConnectivityService: NetReassign [2533 : null  134]
10-16 09:22:32.661  1652  2421 D ConnectivityService: releasing NetworkRequest [ TRACK_DEFAULT id=2533, [ Capabilities: INTERNET&NOT_RESTRICTED&TRUSTED Uid: 10142 AdministratorUids: [] RequestorUid: 10142 RequestorPackageName: net.oneplus.launcher] ] (release request)
10-16 09:22:32.743  1652  1787 D ExtBatteryStatsService: @@@@ awaitUninterruptibly in 147 ms
10-16 09:22:33.749  1652  3004 W BluetoothManagerService: registerAdapter, callback: android.bluetooth.IBluetoothManagerCallback$Stub$Proxy@c3c8048
10-16 09:22:33.791  1652  1652 W Looper  : Slow dispatch took 128ms main h=android.app.ActivityThread$H c=android.app.-$$Lambda$LoadedApk$ReceiverDispatcher$Args$_BumDX2UKsnxLVrE6UJsJZkotuA@2b4b2ee m=0
10-16 09:22:33.812  1652  1652 W Looper  : Slow delivery took 201ms main h=android.app.ActivityThread$H c=android.app.-$$Lambda$LoadedApk$ReceiverDispatcher$Args$_BumDX2UKsnxLVrE6UJsJZkotuA@f4def03 m=0
10-16 09:22:33.812  1652  1652 I Telecom : DefaultDialerCache: Refreshing default dialer for user 0: now com.oneplus.dialer: DDC.oR@K1w
10-16 09:22:33.813  1652  1652 W Looper  : Drained
10-16 09:22:33.876  1652  1756 W Looper  : Slow delivery took 204ms android.fg h=android.os.Handler c=<recycled PooledLambda@d06f96b> m=0
10-16 09:22:34.075  1652  1756 W Looper  : Drained
10-16 09:22:34.080 14502 14502 D ActivityThread: pid:14502 tid:14502 doframe Callback
10-16 09:22:36.590  1652  2398 I FastCharge: read mChargeType = 0
10-16 09:22:36.593  2513  2513 W ContextImpl: Calling a method in the system process without a qualified user: android.app.ContextImpl.sendBroadcast:1122 android.content.ContextWrapper.sendBroadcast:468 com.oneplus.coreservice.BroadcastDispatch.xne$mab.onReceive:122 android.app.LoadedApk$ReceiverDispatcher$Args.lambda$getRunnable$0$LoadedApk$ReceiverDispatcher$Args:1566 android.app.-$$Lambda$LoadedApk$ReceiverDispatcher$Args$_BumDX2UKsnxLVrE6UJsJZkotuA.run:2 
10-16 09:22:36.597  1652  5985 I BatteryStatsImpl: mNumStepDurations >= 1
10-16 09:22:36.597  1652  5985 I BatteryStatsImpl: msPerLevel > 0 return 673145000
10-16 09:22:36.734  1652  2398 I FastCharge: read mChargeType = 0
10-16 09:22:36.737  2513  2513 W ContextImpl: Calling a method in the system process without a qualified user: android.app.ContextImpl.sendBroadcast:1122 android.content.ContextWrapper.sendBroadcast:468 com.oneplus.coreservice.BroadcastDispatch.xne$mab.onReceive:122 android.app.LoadedApk$ReceiverDispatcher$Args.lambda$getRunnable$0$LoadedApk$ReceiverDispatcher$Args:1566 android.app.-$$Lambda$LoadedApk$ReceiverDispatcher$Args$_BumDX2UKsnxLVrE6UJsJZkotuA.run:2 
10-16 09:22:38.652  1652  1772 I OHPD    : mCurrentGpsUidList:[], currentIME:com.google.android.inputmethod.latin
10-16 09:22:38.652  1652  1772 I OHPD    : [BgDetect]chkExcessCpu level: 1 doKills: true critical false uptime: 300006
10-16 09:22:38.656  1652  1772 I OHPD    : isIsolated process: app.uid:99086,app.info.uid:10208, app.processName:com.google.android.webview:sandboxed_process0:org.chromium.content.app.SandboxedProcessService0:0
10-16 09:22:38.658  1652  1772 I OHPD    : isIsolated process: app.uid:99095,app.info.uid:10295, app.processName:com.google.android.webview:sandboxed_process0:org.chromium.content.app.SandboxedProcessService0:0
10-16 09:22:38.660  1652  1772 I OHPD    : [BgDetect] skip proc com.zorinos.zorin_connect(uid 10027), reason= small adj 100
10-16 09:22:39.361  1652  2029 V AlarmManager: Triggering alarm #0: 2 when =150950002 package =android operation = null listenTag =WifiConnectivityManager Schedule Periodic Scan Timer flags =0x8
10-16 09:22:39.361  1652  2029 V AlarmManager: Triggering alarm #1: 3 when =150960340 package =android operation = null listenTag =*job.delay* flags =0x0
10-16 09:22:43.619  1652  2398 I FastCharge: read mChargeType = 0
10-16 09:22:43.622  2513  2513 W ContextImpl: Calling a method in the system process without a qualified user: android.app.ContextImpl.sendBroadcast:1122 android.content.ContextWrapper.sendBroadcast:468 com.oneplus.coreservice.BroadcastDispatch.xne$mab.onReceive:122 android.app.LoadedApk$ReceiverDispatcher$Args.lambda$getRunnable$0$LoadedApk$ReceiverDispatcher$Args:1566 android.app.-$$Lambda$LoadedApk$ReceiverDispatcher$Args$_BumDX2UKsnxLVrE6UJsJZkotuA.run:2 
10-16 09:22:44.041  1652  3113 D OPBF    : setCGroupState():tofreeze=true, uid:10306 pkg:com.snapchat.android --->>> ok reason:serviceDoneExecuting = com.snapchat.android/androidx.work.impl.background.systemjob.SystemJobService
10-16 09:22:48.969  1652  1787 D ExtBatteryStatsService: @@@@ awaitUninterruptibly in 166 ms
10-16 09:22:48.978  1652  1757 W Looper  : Slow dispatch took 110ms android.ui h=com.android.server.am.ActivityManagerService$UiHandler c=null m=31
10-16 09:22:50.679  1652  2398 I FastCharge: read mChargeType = 0
10-16 09:22:50.683  2513  2513 W ContextImpl: Calling a method in the system process without a qualified user: android.app.ContextImpl.sendBroadcast:1122 android.content.ContextWrapper.sendBroadcast:468 com.oneplus.coreservice.BroadcastDispatch.xne$mab.onReceive:122 android.app.LoadedApk$ReceiverDispatcher$Args.lambda$getRunnable$0$LoadedApk$ReceiverDispatcher$Args:1566 android.app.-$$Lambda$LoadedApk$ReceiverDispatcher$Args$_BumDX2UKsnxLVrE6UJsJZkotuA.run:2 
10-16 09:22:51.436  1652  5880 I StatusBarManagerService: onVideoChanged: using= false
10-16 09:22:57.711  1652  2398 I FastCharge: read mChargeType = 0
10-16 09:22:57.714  2513  2513 W ContextImpl: Calling a method in the system process without a qualified user: android.app.ContextImpl.sendBroadcast:1122 android.content.ContextWrapper.sendBroadcast:468 com.oneplus.coreservice.BroadcastDispatch.xne$mab.onReceive:122 android.app.LoadedApk$ReceiverDispatcher$Args.lambda$getRunnable$0$LoadedApk$ReceiverDispatcher$Args:1566 android.app.-$$Lambda$LoadedApk$ReceiverDispatcher$Args$_BumDX2UKsnxLVrE6UJsJZkotuA.run:2 
10-16 09:22:58.850  1652  5879 W AppOps  : Noting op not finished: uid 10208 pkg com.google.android.gms code 79 startTime of in progress event=1634392299093
10-16 09:22:58.856  1652  3004 W AppOps  : Noting op not finished: uid 10208 pkg com.google.android.gms code 79 startTime of in progress event=1634392299093
10-16 09:22:58.862  1652  3004 W AppOps  : Noting op not finished: uid 10208 pkg com.google.android.gms code 79 startTime of in progress event=1634394178861
10-16 09:22:58.881  1652  5880 W AppOps  : Noting op not finished: uid 10208 pkg com.google.android.gms code 79 startTime of in progress event=1634394178861
10-16 09:22:58.882  1652  5985 W AppOps  : Noting op not finished: uid 10208 pkg com.google.android.gms code 79 startTime of in progress event=1634394178861
10-16 09:22:58.887  1652  5880 W AppOps  : Noting op not finished: uid 10208 pkg com.google.android.gms code 79 startTime of in progress event=1634394178886
10-16 09:22:59.374  1652  2029 V AlarmManager: Triggering alarm #0: 2 when =150980353 package =android operation = null listenTag =WifiConnectivityManager Schedule Periodic Scan Timer flags =0x8
10-16 09:22:59.748  1652  5879 D ConnectivityService: requestNetwork for uid/pid:10142/30519 NetworkRequest [ TRACK_DEFAULT id=2534, [ Capabilities: INTERNET&NOT_RESTRICTED&TRUSTED Uid: 10142 AdministratorUids: [] RequestorUid: 10142 RequestorPackageName: net.oneplus.launcher] ]
10-16 09:22:59.748  1652  2421 D ConnectivityService: NetReassign [2534 : null  134]
10-16 09:22:59.822  1652  2421 D ConnectivityService: releasing NetworkRequest [ TRACK_DEFAULT id=2534, [ Capabilities: INTERNET&NOT_RESTRICTED&TRUSTED Uid: 10142 AdministratorUids: [] RequestorUid: 10142 RequestorPackageName: net.oneplus.launcher] ] (release request)
10-16 09:22:59.884  1652  3113 D OPBF    : setCGroupState():tofreeze=true, uid:10028 pkg:com.zhiliaoapp.musically --->>> ok reason:bindservice as client add connection = AppBindRecord{44e40fb com.google.android.gms/.ads.identifier.service.AdvertisingIdService:com.zhiliaoapp.musically}
10-16 09:22:59.902  1652  1787 D ExtBatteryStatsService: @@@@ awaitUninterruptibly in 136 ms
10-16 09:23:00.000  1652  2029 V AlarmManager: Triggering alarm #0: 3 when =150980979 package =android operation = null listenTag =TIME_TICK flags =0x1
10-16 09:23:00.906  1652  3240 W BluetoothManagerService: registerAdapter, callback: android.bluetooth.IBluetoothManagerCallback$Stub$Proxy@538ea72
10-16 09:23:00.971  1652  1652 I Telecom : DefaultDialerCache: Refreshing default dialer for user 0: now com.oneplus.dialer: DDC.oR@K10
10-16 09:23:01.010  1652  1756 W Looper  : Slow delivery took 207ms android.fg h=android.os.Handler c=<recycled PooledLambda@912ee48> m=0
10-16 09:23:01.191 14502 14502 D ActivityThread: pid:14502 tid:14502 doframe Callback
10-16 09:23:01.193  1652  1756 W Looper  : Drained
10-16 09:23:03.906  1652  2029 V AlarmManager: Triggering alarm #0: 2 when =150984865 package =com.google.android.gms operation =*walarm*:com.google.android.location.ALARM_WAKEUP_LOCATOR flags =0x1
10-16 09:23:04.090  1652  2398 I FastCharge: read mChargeType = 0
10-16 09:23:04.093  2513  2513 W ContextImpl: Calling a method in the system process without a qualified user: android.app.ContextImpl.sendBroadcast:1122 android.content.ContextWrapper.sendBroadcast:468 com.oneplus.coreservice.BroadcastDispatch.xne$mab.onReceive:122 android.app.LoadedApk$ReceiverDispatcher$Args.lambda$getRunnable$0$LoadedApk$ReceiverDispatcher$Args:1566 android.app.-$$Lambda$LoadedApk$ReceiverDispatcher$Args$_BumDX2UKsnxLVrE6UJsJZkotuA.run:2 
10-16 09:23:10.488  1652  2398 I FastCharge: read mChargeType = 0
10-16 09:23:10.492  2513  2513 W ContextImpl: Calling a method in the system process without a qualified user: android.app.ContextImpl.sendBroadcast:1122 android.content.ContextWrapper.sendBroadcast:468 com.oneplus.coreservice.BroadcastDispatch.xne$mab.onReceive:122 android.app.LoadedApk$ReceiverDispatcher$Args.lambda$getRunnable$0$LoadedApk$ReceiverDispatcher$Args:1566 android.app.-$$Lambda$LoadedApk$ReceiverDispatcher$Args$_BumDX2UKsnxLVrE6UJsJZkotuA.run:2 
10-16 09:23:12.709  1652  2398 I FastCharge: read mChargeType = 0
10-16 09:23:12.717  2513  2513 W ContextImpl: Calling a method in the system process without a qualified user: android.app.ContextImpl.sendBroadcast:1122 android.content.ContextWrapper.sendBroadcast:468 com.oneplus.coreservice.BroadcastDispatch.xne$mab.onReceive:122 android.app.LoadedApk$ReceiverDispatcher$Args.lambda$getRunnable$0$LoadedApk$ReceiverDispatcher$Args:1566 android.app.-$$Lambda$LoadedApk$ReceiverDispatcher$Args$_BumDX2UKsnxLVrE6UJsJZkotuA.run:2 
10-16 09:23:12.753  1652  5880 I StatusBarManagerService: onVideoChanged: using= false
10-16 09:23:16.128  1652  1787 D ExtBatteryStatsService: @@@@ awaitUninterruptibly in 167 ms
10-16 09:23:17.536  1652  2398 I FastCharge: read mChargeType = 0
10-16 09:23:17.540  2513  2513 W ContextImpl: Calling a method in the system process without a qualified user: android.app.ContextImpl.sendBroadcast:1122 android.content.ContextWrapper.sendBroadcast:468 com.oneplus.coreservice.BroadcastDispatch.xne$mab.onReceive:122 android.app.LoadedApk$ReceiverDispatcher$Args.lambda$getRunnable$0$LoadedApk$ReceiverDispatcher$Args:1566 android.app.-$$Lambda$LoadedApk$ReceiverDispatcher$Args$_BumDX2UKsnxLVrE6UJsJZkotuA.run:2 
10-16 09:23:24.586  1652  2398 I FastCharge: read mChargeType = 0
10-16 09:23:24.589  2513  2513 W ContextImpl: Calling a method in the system process without a qualified user: android.app.ContextImpl.sendBroadcast:1122 android.content.ContextWrapper.sendBroadcast:468 com.oneplus.coreservice.BroadcastDispatch.xne$mab.onReceive:122 android.app.LoadedApk$ReceiverDispatcher$Args.lambda$getRunnable$0$LoadedApk$ReceiverDispatcher$Args:1566 android.app.-$$Lambda$LoadedApk$ReceiverDispatcher$Args$_BumDX2UKsnxLVrE6UJsJZkotuA.run:2 
10-16 09:23:31.628  1652  2398 I FastCharge: read mChargeType = 0
10-16 09:23:31.632  2513  2513 W ContextImpl: Calling a method in the system process without a qualified user: android.app.ContextImpl.sendBroadcast:1122 android.content.ContextWrapper.sendBroadcast:468 com.oneplus.coreservice.BroadcastDispatch.xne$mab.onReceive:122 android.app.LoadedApk$ReceiverDispatcher$Args.lambda$getRunnable$0$LoadedApk$ReceiverDispatcher$Args:1566 android.app.-$$Lambda$LoadedApk$ReceiverDispatcher$Args$_BumDX2UKsnxLVrE6UJsJZkotuA.run:2 
10-16 09:23:32.273  1652  1806 I DisplayPowerController: useProximityForceSuspend = false
10-16 09:23:32.273  1652  1806 I DisplayPowerController: brightnessState(m):1.0
10-16 09:23:32.274  1652  1806 I RampAnimator: POLICY CHANGING!
10-16 09:23:32.275  1652  1652 V SettingsProvider: Notifying for 0: content://settings/global/device_is_dimming
10-16 09:23:32.275  1652  1806 I RampAnimator: target:0.05 rate:0.7058823 mCurrentValue:1.0 mTargetValue:1.0
10-16 09:23:32.275  1652  1806 I RampAnimator: DIM:0.125
10-16 09:23:32.275  1652  1806 I RampAnimator: pokeDynamicVsyncAnimation 6000
10-16 09:23:32.275  1652  1806 I RampAnimator: DIM ON RATE:3.5 mFodMode:0
10-16 09:23:32.275  1652  1806 I RampAnimator: G:1683 preS:5 S:25 target:0.125 mCurrentValue:1.0 rate:3.5 mIsSystemUIOrSetting:true
10-16 09:23:32.278  1652  1806 W OpBatteryStats: updateScreenBrightnessLevel: 0
10-16 09:23:32.285  1652  1806 V DisplayPowerController: Brightness [0.05] reason changing to: 'manual [ dim ]', previous reason: 'manual'.
10-16 09:23:32.313  1652  2029 V AlarmManager: Triggering alarm #0: 0 when =1634394212313 package =com.google.android.apps.messaging operation =*walarm*:RCS.keep_alive_manager.keep_alive_sender flags =0x9
10-16 09:23:33.732  1652  3113 D OPBF    : setCGroupState():tofreeze=false, uid:10296 pkg:org.thoughtcrime.securesms --->>> ok reason:bindservice as server add connection = AppBindRecord{85e79e4 org.thoughtcrime.securesms/.gcm.FcmJobService:system}
10-16 09:23:38.665  1652  2398 I FastCharge: read mChargeType = 0
10-16 09:23:38.668  2513  2513 W ContextImpl: Calling a method in the system process without a qualified user: android.app.ContextImpl.sendBroadcast:1122 android.content.ContextWrapper.sendBroadcast:468 com.oneplus.coreservice.BroadcastDispatch.xne$mab.onReceive:122 android.app.LoadedApk$ReceiverDispatcher$Args.lambda$getRunnable$0$LoadedApk$ReceiverDispatcher$Args:1566 android.app.-$$Lambda$LoadedApk$ReceiverDispatcher$Args$_BumDX2UKsnxLVrE6UJsJZkotuA.run:2 
10-16 09:23:45.717  1652  2398 I FastCharge: read mChargeType = 0
10-16 09:23:45.723  2513  2513 W ContextImpl: Calling a method in the system process without a qualified user: android.app.ContextImpl.sendBroadcast:1122 android.content.ContextWrapper.sendBroadcast:468 com.oneplus.coreservice.BroadcastDispatch.xne$mab.onReceive:122 android.app.LoadedApk$ReceiverDispatcher$Args.lambda$getRunnable$0$LoadedApk$ReceiverDispatcher$Args:1566 android.app.-$$Lambda$LoadedApk$ReceiverDispatcher$Args$_BumDX2UKsnxLVrE6UJsJZkotuA.run:2 
10-16 09:23:48.500  1652  1806 I PowerManagerService: Going to sleep due to timeout (uid 1000)...
10-16 09:23:48.504  1652  1806 I DisplayPowerController: useProximityForceSuspend = false
10-16 09:23:48.535  1652  1652 V SettingsProvider: Notifying for 0: content://settings/secure/reminder_exp_learning_time_elapsed
10-16 09:23:48.554  2585  3016 D ViewRootImpl: support adaptive color gamut feature!
10-16 09:23:48.572  1652  1806 I DisplayPowerController: brightnessState(m):1.0
10-16 09:23:48.572  1652  1806 V DisplayPowerController: Brightness [1.0] reason changing to: 'manual', previous reason: 'manual [ dim ]'.
10-16 09:23:48.598  1652  1806 I DisplayPowerController: useProximityForceSuspend = false
10-16 09:23:48.598  1652  1652 V SettingsProvider: Notifying for 0: content://settings/global/device_is_dimming
10-16 09:23:48.598  1652  1806 D OpColorDisplayService: screenStateChange
10-16 09:23:48.599  1652  1806 I DisplayPowerController: Blocking screen off
10-16 09:23:48.599  1652  1791 D OpColorDisplayService: processScreenOn   false
10-16 09:23:48.600  1652  1806 I DisplayPowerController: Unblocked screen off after 1 ms
10-16 09:23:48.625  1652  1806 D ActivityTaskManager: Top Process State changed to PROCESS_STATE_TOP_SLEEPING
10-16 09:23:48.701  1652  1806 I RampAnimator: POLICY CHANGING!
10-16 09:23:48.701  1652  1806 I RampAnimator: target:0.0 rate:0.0 mCurrentValue:0.20265338 mTargetValue:0.125
10-16 09:23:48.703  1652  1806 V DisplayPowerController: Brightness [-1.0] reason changing to: 'screen_off', previous reason: 'manual'.
10-16 09:23:48.703  1652  1806 I DisplayPowerController: useProximityForceSuspend = false
10-16 09:23:48.703  1652  1806 I RampAnimator: target:0.0 rate:0.0 mCurrentValue:0.0 mTargetValue:0.0
10-16 09:23:48.755  1652  1759 I DisplayManagerService: Display device changed state: "Built-in Screen", OFF
10-16 09:23:48.873  1652  1806 I DisplayPowerController: useProximityForceSuspend = false
10-16 09:23:48.873  1652  1806 I RampAnimator: target:0.0 rate:0.0 mCurrentValue:0.0 mTargetValue:0.0
10-16 09:23:48.875  1652  1806 I DreamManagerService: Entering dreamland.
10-16 09:23:48.878  1652  1806 I PowerManagerService: Dozing...
10-16 09:23:48.879  1652  1756 I DreamController: Starting dream: name=ComponentInfo{com.android.systemui/com.android.systemui.doze.DozeService}, isTest=false, canDoze=true, userId=0
10-16 09:23:48.909  2585  3133 D ViewRootImpl: support adaptive color gamut feature!
10-16 09:23:48.912  1652  3240 I OemSceneModeAmHelper: [scene] handleShowOrOccludedChanged showing false, occluded false
10-16 09:23:48.912  1652  1759 V UsbDeviceManager: onKeyguardStateChanged: isShowing:false secure:true user:0
10-16 09:23:48.930  1652  1806 I DisplayPowerController: useProximityForceSuspend = false
10-16 09:23:48.930  1652  1806 I RampAnimator: POLICY CHANGING!
10-16 09:23:48.930  1652  1806 I RampAnimator: target:0.0 rate:0.0 mCurrentValue:0.0 mTargetValue:0.0
10-16 09:23:48.932  1652  1807 D OpPowerControllerService: SCREEN is OFF
10-16 09:23:48.933  1652  1807 D OpPowerControllerService: SCREEN is OFF
10-16 09:23:48.933  1652  1807 D OpPowerControllerService: mScreenOffStart=2021-10-16 09:23:48
10-16 09:23:48.935  1652  1807 W ContextImpl: Calling a method in the system process without a qualified user: android.app.ContextImpl.sendBroadcast:1122 com.android.server.power.Notifier.sendGoToSleepBroadcast:850 com.android.server.power.Notifier.sendNextBroadcast:797 com.android.server.power.Notifier.access$500:96 com.android.server.power.Notifier$NotifierHandler.handleMessage:956 
10-16 09:23:48.951  1652  1759 V WindowManager: Orientation start waiting for draw, mDrawState=DRAW_PENDING in Window{57e587a u0 OpAodQ}, surfaceController Surface(name=OpAodQ)/@0xc31cc32
10-16 09:23:48.951  1652  1759 V WindowManager: Orientation start waiting for draw, mDrawState=DRAW_PENDING in Window{5258275 u0 OpWakingUpScrim}, surfaceController Surface(name=OpWakingUpScrim)/@0xe175d83
10-16 09:23:48.951  1652  1759 V WindowManager: Orientation start waiting for draw, mDrawState=DRAW_PENDING in Window{5c0cbd8 u0 GestureButtonRegion}, surfaceController Surface(name=GestureButtonRegion)/@0xdb7d536
10-16 09:23:48.951  1652  1759 V WindowManager: Orientation start waiting for draw, mDrawState=DRAW_PENDING in Window{725ac01 u0 ScreenDecorOverlayBottom}, surfaceController Surface(name=ScreenDecorOverlayBottom)/@0xc8076bc
10-16 09:23:48.951  1652  1759 V WindowManager: Orientation start waiting for draw, mDrawState=DRAW_PENDING in Window{67e5cf7 u0 net.oneplus.launcher/net.oneplus.launcher.Launcher}, surfaceController Surface(name=net.oneplus.launcher/net.oneplus.launcher.Launcher)/@0x4c2eb00
10-16 09:23:48.951  1652  1759 V WindowManager: Orientation start waiting for draw, mDrawState=DRAW_PENDING in Window{fde0bb2 u0 com.android.systemui.ImageWallpaper}, surfaceController Surface(name=com.android.systemui.ImageWallpaper)/@0x66f2a50
10-16 09:23:48.979  1652  3029 V WindowManager: Orientation start waiting for draw, mDrawState=DRAW_PENDING in Window{5c0cbd8 u0 GestureButtonRegion}, surfaceController Surface(name=GestureButtonRegion)/@0xdb7d536
10-16 09:23:48.990  1652  1652 V SettingsProvider: Notifying for 0: content://settings/secure/reminder_exp_learning_time_elapsed
10-16 09:23:48.992  1652  1802 D ExtBatteryStatsService: ==MSG_SCREEN_OFF== at 151029971
10-16 09:23:49.038  1652  1652 D OPBF    : # eventChangeReceiver # onReceive # action=android.intent.action.SCREEN_OFF
10-16 09:23:49.138  1652  3302 W AppOps  : Noting op not finished: uid 10208 pkg com.google.android.gms code 79 startTime of in progress event=1634394178886
10-16 09:23:49.283  1652  3113 D OPBF    : setCGroupState():tofreeze=false, uid:10356 pkg:com.oneplus.twspods --->>> ok reason:start perform hasTimeout broadcast for action = android.intent.action.SCREEN_OFF
10-16 09:23:49.325  1652  3113 D OPBF    : setCGroupState():tofreeze=false, uid:10275 pkg:com.discord --->>> ok reason:start perform hasTimeout broadcast for action = android.intent.action.SCREEN_OFF
10-16 09:23:49.353  1652  3113 D OPBF    : setCGroupState():tofreeze=false, uid:10281 pkg:com.facebook.mlite --->>> ok reason:start perform hasTimeout broadcast for action = android.intent.action.SCREEN_OFF
10-16 09:23:49.367  1652  3113 D OPBF    : setCGroupState():tofreeze=false, uid:10295 pkg:com.chegg --->>> ok reason:start perform hasTimeout broadcast for action = android.intent.action.SCREEN_OFF
10-16 09:23:49.373  1652  3113 D OPBF    : setCGroupState():tofreeze=false, uid:99095 pkg:com.chegg --->>> ok reason:notifyIsolatedUids boundUid thawed cause by uid/pid:10295
10-16 09:23:49.383  1652  3113 D OPBF    : setCGroupState():tofreeze=false, uid:10370 pkg:com.vanced.android.youtube --->>> ok reason:start perform hasTimeout broadcast for action = android.intent.action.SCREEN_OFF
10-16 09:23:49.405  1652  3113 D OPBF    : setCGroupState():tofreeze=false, uid:10028 pkg:com.zhiliaoapp.musically --->>> ok reason:start perform hasTimeout broadcast for action = android.intent.action.SCREEN_OFF
10-16 09:23:49.415  1652  3113 D OPBF    : setCGroupState():tofreeze=false, uid:10022 pkg:com.instagram.android --->>> ok reason:start perform hasTimeout broadcast for action = android.intent.action.SCREEN_OFF
10-16 09:23:49.429  1652  3240 W ActivityManager: Background start not allowed: service Intent { cmp=com.zhiliaoapp.musically/com.bytedance.common.wschannel.client.WsClientService } to com.zhiliaoapp.musically/com.bytedance.common.wschannel.client.WsClientService from pid=30598 uid=10028 pkg=com.zhiliaoapp.musically startFg?=false
10-16 09:23:49.967  1652  3017 I StatusBarManagerService: onVideoChanged: using= false
10-16 09:23:52.090  1652  2398 I FastCharge: read mChargeType = 0
10-16 09:23:52.094  2513  2513 W ContextImpl: Calling a method in the system process without a qualified user: android.app.ContextImpl.sendBroadcast:1122 android.content.ContextWrapper.sendBroadcast:468 com.oneplus.coreservice.BroadcastDispatch.xne$mab.onReceive:122 android.app.LoadedApk$ReceiverDispatcher$Args.lambda$getRunnable$0$LoadedApk$ReceiverDispatcher$Args:1566 android.app.-$$Lambda$LoadedApk$ReceiverDispatcher$Args$_BumDX2UKsnxLVrE6UJsJZkotuA.run:2 
10-16 09:23:53.509  1652  2029 V AlarmManager: Triggering alarm #0: 2 when =151034488 package =com.android.systemui operation =*walarm*:com.android.internal.policy.impl.PhoneWindowManager.DELAYED_KEYGUARD flags =0x9
10-16 09:23:53.516  1652  3029 I OpAppLocker: setKeyguardDone false
10-16 09:23:53.517  1652  1806 I DisplayPowerController: useProximityForceSuspend = false
10-16 09:23:53.517  1652  3029 D OpProximityController: noteFrontPackageChanged pkg:SCREEN OFF uid:0 lpkg:net.oneplus.launcher luid:10142
10-16 09:23:53.517  1652  1806 I RampAnimator: target:0.0 rate:0.0 mCurrentValue:0.0 mTargetValue:0.0
10-16 09:23:53.543  1652  3668 I OemSceneModeAmHelper: [scene] handleShowOrOccludedChanged showing true, occluded false
10-16 09:23:53.561  1652  1759 V UsbDeviceManager: onKeyguardStateChanged: isShowing:true secure:true user:0
10-16 09:23:53.601  1652  1652 V SettingsProvider: Notifying for 0: content://settings/secure/reminder_exp_learning_time_elapsed
10-16 09:23:53.719  2585  2585 V KeyguardStatusView: refresh statusview showing:true
10-16 09:23:53.727  1652  3029 I StatusBarManagerService: onVideoChanged: using= false
10-16 09:23:53.730  2585  3281 D ViewRootImpl: support adaptive color gamut feature!
10-16 09:23:53.747  2585  3281 I chatty  : uid=10200(com.android.systemui) FingerprintDial identical 1 line
10-16 09:23:53.760  2585  3281 D ViewRootImpl: support adaptive color gamut feature!
10-16 09:23:53.818  1652  3029 V WindowManager: Orientation start waiting for draw, mDrawState=DRAW_PENDING in Window{4691ba0 u0 OPFingerprintVDpressed}, surfaceController Surface(name=OPFingerprintVDpressed)/@0x21217ce
10-16 09:23:53.891  1652  3017 V WindowManager: Orientation start waiting for draw, mDrawState=DRAW_PENDING in Window{1582425 u0 NotificationShade}, surfaceController Surface(name=NotificationShade)/@0xa0aea00
10-16 09:23:58.493  1652  2398 I FastCharge: read mChargeType = 0
10-16 09:23:58.497  2513  2513 W ContextImpl: Calling a method in the system process without a qualified user: android.app.ContextImpl.sendBroadcast:1122 android.content.ContextWrapper.sendBroadcast:468 com.oneplus.coreservice.BroadcastDispatch.xne$mab.onReceive:122 android.app.LoadedApk$ReceiverDispatcher$Args.lambda$getRunnable$0$LoadedApk$ReceiverDispatcher$Args:1566 android.app.-$$Lambda$LoadedApk$ReceiverDispatcher$Args$_BumDX2UKsnxLVrE6UJsJZkotuA.run:2 
10-16 09:24:00.000  1652  2029 V AlarmManager: Triggering alarm #0: 3 when =151040979 package =android operation = null listenTag =TIME_TICK flags =0x1
10-16 09:24:03.884  1652  1787 D ExtBatteryStatsService: @@@@ awaitUninterruptibly in 140 ms
10-16 09:24:04.248  1652  3113 D OPBF    : setCGroupState():tofreeze=true, uid:10296 pkg:org.thoughtcrime.securesms --->>> ok reason:serviceDoneExecuting = org.thoughtcrime.securesms/.gcm.FcmJobService
10-16 09:24:05.531  1652  2398 I FastCharge: read mChargeType = 0
