10-16 23:26:33.797  1652  1760 E ActivityTaskManager: createRemoteAnimationTarget Task{d759e21 #1 visible=false type=home mode=fullscreen translucent=true I=net.oneplus.launcher/.Launcher U=0 StackId=1 sz=2} top most activity ActivityRecord{71c0fc3 u0 net.oneplus.launcher/.Launcher t6221}
10-16 23:26:33.797  1652  1760 E ActivityTaskManager: createRemoteAnimationTarget Task{72dc9a8 #6452 visible=true type=standard mode=fullscreen translucent=false A=10467:org.uhh.myapp U=0 StackId=6452 sz=1} top most activity ActivityRecord{d3a25af u0 org.uhh.myapp/org.kivy.android.PythonActivity t6452}
10-16 23:26:33.808  1652  1759 D OpScreenModeService: updateRefreshRate token ActivityRecord{d3a25af u0 org.uhh.myapp/org.kivy.android.PythonActivity t6452} rate=1
10-16 23:26:33.814  1652  1787 D ExtBatteryStatsService: ext-flush too soon, skip
10-16 23:26:33.981 24590 24590 D ViewRootImpl: support adaptive color gamut feature!
10-16 23:26:34.063  1652  1799 I 322     : org.uhh.myapp#271#544
10-16 23:26:34.145  1652  5872 E OpScreenModeService: getAppToken ActivityRecord{d3a25af u0 org.uhh.myapp/org.kivy.android.PythonActivity t6452}
10-16 23:26:34.145  1652  5872 E OpScreenModeService: setRefreshRate token ActivityRecord{d3a25af u0 org.uhh.myapp/org.kivy.android.PythonActivity t6452} request refresh rate=1 tmpRate 2
10-16 23:26:34.145  1652  5872 E OpScreenModeService: setRefreshRate token ActivityRecord{d3a25af u0 org.uhh.myapp/org.kivy.android.PythonActivity t6452} app request rateid=2 fps=60.0
10-16 23:26:34.291  1652  1759 D OemSceneModeActivityStack: [scene] handleEvaluateGameMode enabled: false
10-16 23:26:34.292  1652  1652 V SettingsProvider: Notifying for 0: content://settings/system/rading_mode_status_auto
10-16 23:26:34.294  2513  4860 I OIMC    : notified , mode ColorReadMode changeTo 2
10-16 23:26:34.294  2513  2574 I OIMC_CORE: handleMessage:   MODE_EXIT, arg1: 0, arg2: 0, obj: com.oneplus.server.oimc.gwy@6369bf2
10-16 23:26:34.294  2513  2574 I OIMC_CORE: The mode: ColorReadMode is not entered
10-16 23:26:34.294  2513  4860 I OIMC    : notified , mode ReadMode changeTo 2
10-16 23:26:34.294  2513  2574 I OIMC_CORE: handleMessage:   MODE_EXIT, arg1: 0, arg2: 0, obj: com.oneplus.server.oimc.gwy@7f05243
10-16 23:26:34.294  2513  2574 I OIMC_CORE: The mode: ReadMode is not entered
10-16 23:26:34.295  1652  1652 V SettingsProvider: Notifying for 0: content://settings/system/rading_mode_status_auto
10-16 23:26:34.646  1652  1759 D OpScreenModeService: updateRefreshRate token ActivityRecord{d3a25af u0 org.uhh.myapp/org.kivy.android.PythonActivity t6452} rate=2
10-16 23:26:34.646  1652  1760 E OpScreenModeService: updateGlobalModeId  new mode={id=1, width=1080, height=2400, fps=60.0} new ModeId=1 old ModeId=2
10-16 23:26:34.646  1652  1760 I DisplayModeDirector: updateVoteLocked(displayId=0, priority=PRIORITY_APP_REQUEST_REFRESH_RATE, vote=Vote{width=-1, height=-1, minRefreshRate=60.0, maxRefreshRate=60.0})
10-16 23:26:34.646  1652  1760 I DisplayModeDirector: updateVoteLocked(displayId=0, priority=PRIORITY_APP_REQUEST_SIZE, vote=Vote{width=1080, height=2400, minRefreshRate=0.0, maxRefreshRate=Infinity})
10-16 23:26:34.646  1652  1759 W DisplayModeDirector: Discarding mode 2, outside refresh rate bounds: minRefreshRate=60.0, maxRefreshRate=60.0, modeRefreshRate=90.0
10-16 23:26:34.646  1652  1759 W DisplayModeDirector: Found available modes=[1] with lowest priority considered PRIORITY_DEFAULT_REFRESH_RATE and constraints: width=1080, height=2400, minRefreshRate=60.0, maxRefreshRate=60.0
10-16 23:26:34.646  1652  1759 I DisplayModeDirector: App request range: [60 60]
10-16 23:26:34.646  1652  1759 D OpDisplayModeDirectorInjector:  setBaseModeId modeId: 1
10-16 23:26:34.646  1652  1759 D DisplayManagerService: notifyBeforeDisplayModeSpecChange baseModeId: 1
10-16 23:26:34.646  1652  1759 W DisplayModeDirector: Discarding mode 2, outside refresh rate bounds: minRefreshRate=60.0, maxRefreshRate=60.0, modeRefreshRate=90.0
10-16 23:26:34.646  1652  1759 W DisplayModeDirector: Found available modes=[1] with lowest priority considered PRIORITY_DEFAULT_REFRESH_RATE and constraints: width=1080, height=2400, minRefreshRate=60.0, maxRefreshRate=60.0
10-16 23:26:34.647  1652  1759 I DisplayModeDirector: App request range: [60 60]
10-16 23:26:34.647  1652  1759 D OpDisplayModeDirectorInjector:  setBaseModeId modeId: 1
10-16 23:26:34.648  1652  1759 W LocalDisplayAdapter: setDesiredDisplayModeSpecsAsync displayToken android.os.BinderProxy@f43ebb7 defaultConfig=0 primaryRefreshRateMin=60.0 primaryRefreshRateMax=60.0 appRequestRefreshRateMin=60.0 appRequestRefreshRateMax=60.0
10-16 23:26:34.697  1652  1759 I DisplayManagerService: Display device changed: DisplayDeviceInfo{"Built-in Screen": uniqueId="local:19260865398887809", 1080 x 2400, modeId 1, defaultModeId 1, supportedModes [{id=1, width=1080, height=2400, fps=60.0}, {id=2, width=1080, height=2400, fps=90.0}], colorMode 0, supportedColorModes [0, 7, 9], HdrCapabilities HdrCapabilities{mSupportedHdrTypes=[2, 3, 4], mMaxLuminance=680.0, mMaxAverageLuminance=340.1, mMinLuminance=0.2}, allmSupported false, gameContentTypeSupported false, density 450, 403.411 x 420.413 dpi, appVsyncOff 1000000, presDeadline 16666666, cutout DisplayCutout{insets=Rect(0, 68 - 0, 0) waterfall=Insets{left=0, top=0, right=0, bottom=0} boundingRect={Bounds=[Rect(0, 0 - 0, 0), Rect(110, 0 - 970, 68), Rect(0, 0 - 0, 0), Rect(0, 0 - 0, 0)]}}, touch INTERNAL, rotation 0, type INTERNAL, address {port=129, model=0x446da7b02ad5}, deviceProductInfo DeviceProductInfo{name=, manufacturerPnpId=QCM, productId=1, modelYear=null, manufactureDate=ManufactureDate{week=27, year=2006}, relativeAddress=null}, state ON, FLAG_DEFAULT_DISPLAY, FLAG_ROTATES_WITH_CONTENT, FLAG_SECURE, FLAG_SUPPORTS_PROTECTED_BUFFERS}
10-16 23:26:34.697  1652  1759 D DisplayManagerService: notifyAfterDisplayModeSpecChange modeId: 1
10-16 23:26:35.556  1652  5864 I ActivityTaskManager: START u0 {act=android.content.pm.action.REQUEST_PERMISSIONS pkg=com.google.android.permissioncontroller cmp=com.google.android.permissioncontroller/com.android.permissioncontroller.permission.ui.GrantPermissionsActivity (has extras)} from uid 10467 pid 24590
10-16 23:26:35.578  1652  3221 I ActivityTaskManager: The Process com.google.android.permissioncontroller Already Exists in BG. So sending its PID: 5390
10-16 23:26:35.581  1652  1806 I DisplayPowerController: useProximityForceSuspend = false
10-16 23:26:35.581  1652  1806 I DisplayPowerController: brightnessState(m):0.95831037
10-16 23:26:35.581  1652  1806 I RampAnimator: target:0.95831037 rate:0.7058823 mCurrentValue:0.95831037 mTargetValue:0.95831037
10-16 23:26:35.581  1652  3221 D OpProximityController: noteFrontPackageChanged pkg:com.google.android.permissioncontroller uid:10156 lpkg:org.uhh.myapp luid:10467
10-16 23:26:35.582  1652  3090 E OPCS    : [Cap] [End] use mLastCapRemaining: 2538 instead.
10-16 23:26:35.582  1652  3221 D OemSceneModeActivityStack: [scene] evaluateGameModes :  gameMsg.arg1=0 gameMsg.arg2=1
10-16 23:26:35.582  1652  3090 E OPCS    : [Cap] [Start] remainCap is abnormal: 0
10-16 23:26:35.582  1652  3090 E OPCS    : [Cap] [Start] use mLastCapRemaining: 2538 instead.
10-16 23:26:35.583  1652  3221 E OpScreenModeService: getAppToken ActivityRecord{4953198 u0 com.google.android.permissioncontroller/com.android.permissioncontroller.permission.ui.GrantPermissionsActivity t6452}
10-16 23:26:35.583  1652  3221 E OpScreenModeService: setRefreshRate token ActivityRecord{4953198 u0 com.google.android.permissioncontroller/com.android.permissioncontroller.permission.ui.GrantPermissionsActivity t6452} request refresh rate=-1 tmpRate -1
10-16 23:26:35.583  1652  3221 E OpScreenModeService: setRefreshRate token ActivityRecord{4953198 u0 com.google.android.permissioncontroller/com.android.permissioncontroller.permission.ui.GrantPermissionsActivity t6452} app request rateid=1 fps=90.0
10-16 23:26:35.583  1652  3221 D OpQuickReply: setQuickReplyResumed focusedApp ActivityRecord{4953198 u0 com.google.android.permissioncontroller/com.android.permissioncontroller.permission.ui.GrantPermissionsActivity t6452} pkgName com.google.android.permissioncontroller
10-16 23:26:35.583  1652  1787 W OpBacklightController: animateScreenBrightness: percent=1.0, minNits=120.0, maxBrightness=0.99, adjustBrightnessIntervalNits=80.0
10-16 23:26:35.583  1652  1806 I DisplayPowerController: useProximityForceSuspend = false
10-16 23:26:35.583  1652  1806 I DisplayPowerController: brightnessState(m):0.95831037
10-16 23:26:35.583  1652  1806 I DisplayPowerController: rate:0.0
10-16 23:26:35.583  1652  1806 I RampAnimator: target:0.95831037 rate:0.0 mCurrentValue:0.95831037 mTargetValue:0.95831037
10-16 23:26:35.613  1652  1759 D OpScreenModeService: updateRefreshRate token ActivityRecord{4953198 u0 com.google.android.permissioncontroller/com.android.permissioncontroller.permission.ui.GrantPermissionsActivity t6452} rate=1
10-16 23:26:35.672  1652  1787 D ExtBatteryStatsService: @@@@ awaitUninterruptibly in 81 ms
10-16 23:26:35.703  1652  3221 D OemSceneModeActivityStack: [scene] Remove message EVALUATE_GAME_MODE_MSG
10-16 23:26:35.709  1652  1759 D OpRestartProcessManager: updateSelf :  org.uhh.myapp, size : 30
10-16 23:26:35.710  1652  1806 I DisplayPowerController: useProximityForceSuspend = false
10-16 23:26:35.710  1652  1806 I DisplayPowerController: brightnessState(m):0.95831037
10-16 23:26:35.710  1652  1806 I RampAnimator: target:0.95831037 rate:0.7058823 mCurrentValue:0.95831037 mTargetValue:0.95831037
10-16 23:26:35.711  1652  3090 E OPCS    : [Cap] [End] use mLastCapRemaining: 2538 instead.
10-16 23:26:35.711  1652  3090 E OPCS    : [Cap] [Start] remainCap is abnormal: 0
10-16 23:26:35.711  1652  3090 E OPCS    : [Cap] [Start] use mLastCapRemaining: 2538 instead.
10-16 23:26:35.711  1652  1679 D OpProximityController: noteFrontPackageChanged pkg:org.uhh.myapp uid:10467 lpkg:com.google.android.permissioncontroller luid:10156
10-16 23:26:35.712  1652  1679 D OemSceneModeActivityStack: [scene] evaluateGameModes :  gameMsg.arg1=0 gameMsg.arg2=1
10-16 23:26:35.714  1652  1679 E OpScreenModeService: getAppToken ActivityRecord{d3a25af u0 org.uhh.myapp/org.kivy.android.PythonActivity t6452}
10-16 23:26:35.714  1652  1679 E OpScreenModeService: setRefreshRate token ActivityRecord{d3a25af u0 org.uhh.myapp/org.kivy.android.PythonActivity t6452} request refresh rate=-1 tmpRate -1
10-16 23:26:35.714  1652  1679 E OpScreenModeService: setRefreshRate token ActivityRecord{d3a25af u0 org.uhh.myapp/org.kivy.android.PythonActivity t6452} app request rateid=2 fps=60.0
10-16 23:26:35.714  1652  1679 D OpQuickReply: setQuickReplyResumed focusedApp ActivityRecord{d3a25af u0 org.uhh.myapp/org.kivy.android.PythonActivity t6452} pkgName org.uhh.myapp
10-16 23:26:36.213  1652  1759 D OemSceneModeActivityStack: [scene] handleEvaluateGameMode enabled: false
10-16 23:26:36.214  1652  1652 V SettingsProvider: Notifying for 0: content://settings/system/rading_mode_status_auto
10-16 23:26:36.214  1652  1759 D OpScreenModeService: updateRefreshRate token ActivityRecord{d3a25af u0 org.uhh.myapp/org.kivy.android.PythonActivity t6452} rate=2
10-16 23:26:36.215  2513  4860 I OIMC    : notified , mode ColorReadMode changeTo 2
10-16 23:26:36.215  2513  2574 I OIMC_CORE: handleMessage:   MODE_EXIT, arg1: 0, arg2: 0, obj: com.oneplus.server.oimc.gwy@d35a0c0
10-16 23:26:36.215  2513  2574 I OIMC_CORE: The mode: ColorReadMode is not entered
10-16 23:26:36.216  2513  4860 I OIMC    : notified , mode ReadMode changeTo 2
10-16 23:26:36.216  2513  2574 I OIMC_CORE: handleMessage:   MODE_EXIT, arg1: 0, arg2: 0, obj: com.oneplus.server.oimc.gwy@b5021f9
10-16 23:26:36.216  2513  2574 I OIMC_CORE: The mode: ReadMode is not entered
10-16 23:26:36.216  1652  1652 V SettingsProvider: Notifying for 0: content://settings/system/rading_mode_status_auto
10-16 23:26:38.094  1652  2029 V AlarmManager: Triggering alarm #0: 2 when =201599073 package =com.mgoogle.android.gms operation =*walarm*:org.microg.gms.gcm.mcs.HEARTBEAT flags =0x9
10-16 23:26:45.889  1652  1787 D ExtBatteryStatsService: @@@@ awaitUninterruptibly in 59 ms
10-16 23:26:47.554  1652  1787 D ExtBatteryStatsService: ext-flush too soon, skip
10-16 23:26:48.882  1652  1652 I Telecom : CallsManager: onServiceStateChanged networkType: 13
10-16 23:26:48.882  1652  1652 I Telecom : CallsManager: onServiceStateChanged networkType: 13
10-16 23:26:48.888  1652  1652 I Telecom : LocationDetector: onReceive() - The switch button is closed which for countrycode adding function.
10-16 23:26:48.919 10305 10305 W ContextImpl: Calling a method in the system process without a qualified user: android.app.ContextImpl.sendBroadcast:1122 android.content.ContextWrapper.sendBroadcast:468 com.oneplus.security.SecureService$NetworkChangeReceive.onReceive:257 android.app.LoadedApk$ReceiverDispatcher$Args.lambda$getRunnable$0$LoadedApk$ReceiverDispatcher$Args:1566 android.app.-$$Lambda$LoadedApk$ReceiverDispatcher$Args$_BumDX2UKsnxLVrE6UJsJZkotuA.run:2 
10-16 23:26:48.929  1652  2421 I Nat464Xlat: Android Xlat enabled is doXlat = true
10-16 23:26:48.929  1652  2421 I Nat464Xlat: Android Xlat enabled is doXlat = true
10-16 23:26:48.940 10305 10305 W ContextImpl: Calling a method in the system process without a qualified user: android.app.ContextImpl.sendBroadcast:1122 android.content.ContextWrapper.sendBroadcast:468 com.oneplus.security.SecureService$NetworkChangeReceive.onReceive:257 android.app.LoadedApk$ReceiverDispatcher$Args.lambda$getRunnable$0$LoadedApk$ReceiverDispatcher$Args:1566 android.app.-$$Lambda$LoadedApk$ReceiverDispatcher$Args$_BumDX2UKsnxLVrE6UJsJZkotuA.run:2 
10-16 23:26:48.949  1652  2421 D OpWifiServiceImpl: handleLinkPropertiesChanged gatewayIp : 100.73.253.21 , ifname : rmnet_data1
10-16 23:26:48.951  1652  2421 I Nat464Xlat: Android Xlat enabled is doXlat = true
10-16 23:26:48.951  1652  2421 I Nat464Xlat: Android Xlat enabled is doXlat = true
10-16 23:26:49.220  1652  1787 D ExtBatteryStatsService: @@@@ awaitUninterruptibly in 92 ms
10-16 23:26:49.222  1652  1787 D ExtBatteryStatsService: ext-flush too soon, skip
10-16 23:26:50.311  1652  2029 V AlarmManager: Triggering alarm #0: 3 when =201611290 package =android operation = null listenTag =StatsCompanionService.pull flags =0x9
10-16 23:26:50.783  1652  1787 D ExtBatteryStatsService: ext-flush too soon, skip
10-16 23:26:53.643  1652  5870 W ActivityManager: Background start not allowed: service Intent { cmp=com.zhiliaoapp.musically/com.bytedance.common.wschannel.client.WsClientService } to com.zhiliaoapp.musically/com.bytedance.common.wschannel.client.WsClientService from pid=17742 uid=10028 pkg=com.zhiliaoapp.musically startFg?=false
10-16 23:26:53.758  1652  2394 I FastCharge: read mChargeType = 0
10-16 23:26:53.768  2513  2513 W ContextImpl: Calling a method in the system process without a qualified user: android.app.ContextImpl.sendBroadcast:1122 android.content.ContextWrapper.sendBroadcast:468 com.oneplus.coreservice.BroadcastDispatch.xne$mab.onReceive:122 android.app.LoadedApk$ReceiverDispatcher$Args.lambda$getRunnable$0$LoadedApk$ReceiverDispatcher$Args:1566 android.app.-$$Lambda$LoadedApk$ReceiverDispatcher$Args$_BumDX2UKsnxLVrE6UJsJZkotuA.run:2 
10-16 23:26:54.210  1652  2421 I Nat464Xlat: Android Xlat enabled is doXlat = true
10-16 23:26:54.210  1652  2421 I Nat464Xlat: Android Xlat enabled is doXlat = true
10-16 23:26:54.238  1652  2421 D OpWifiServiceImpl: handleLinkPropertiesChanged gatewayIp : 100.73.253.21 , ifname : rmnet_data1
10-16 23:26:54.242  1652  1652 I Telecom : CallsManager: onServiceStateChanged networkType: 13
10-16 23:26:54.242  1652  1652 I Telecom : CallsManager: onServiceStateChanged networkType: 13
10-16 23:26:54.248  1652  2421 I Nat464Xlat: Android Xlat enabled is doXlat = true
10-16 23:26:54.248  1652  2421 I Nat464Xlat: Android Xlat enabled is doXlat = true
10-16 23:26:54.248  1652  1652 I Telecom : LocationDetector: onReceive() - The switch button is closed which for countrycode adding function.
10-16 23:26:54.275 10305 10305 W ContextImpl: Calling a method in the system process without a qualified user: android.app.ContextImpl.sendBroadcast:1122 android.content.ContextWrapper.sendBroadcast:468 com.oneplus.security.SecureService$NetworkChangeReceive.onReceive:257 android.app.LoadedApk$ReceiverDispatcher$Args.lambda$getRunnable$0$LoadedApk$ReceiverDispatcher$Args:1566 android.app.-$$Lambda$LoadedApk$ReceiverDispatcher$Args$_BumDX2UKsnxLVrE6UJsJZkotuA.run:2 
10-16 23:26:54.279 10305 10305 W ContextImpl: Calling a method in the system process without a qualified user: android.app.ContextImpl.sendBroadcast:1122 android.content.ContextWrapper.sendBroadcast:468 com.oneplus.security.SecureService$NetworkChangeReceive.onReceive:257 android.app.LoadedApk$ReceiverDispatcher$Args.lambda$getRunnable$0$LoadedApk$ReceiverDispatcher$Args:1566 android.app.-$$Lambda$LoadedApk$ReceiverDispatcher$Args$_BumDX2UKsnxLVrE6UJsJZkotuA.run:2 
10-16 23:26:54.301  1652  2421 D OpWifiServiceImpl: handleLinkPropertiesChanged gatewayIp : 100.73.253.21 , ifname : rmnet_data1
10-16 23:26:55.876  1652  2029 V AlarmManager: Triggering alarm #0: 3 when =201606000 package =com.google.android.gms operation =*alarm*:com.google.android.gms.auth.authzen.cryptauth.DEVICE_STATE_CHECK_DELAY_COMPLETE flags =0x0
10-16 23:26:55.876  1652  2029 V AlarmManager: Triggering alarm #1: 2 when =201616855 package =com.google.android.gms operation =*walarm*:com.google.android.location.ALARM_WAKEUP_LOCATOR flags =0x0
10-16 23:26:58.127  1652  3113 D OPBF    : setCGroupState():tofreeze=true, uid:10356 pkg:com.oneplus.twspods --->>> ok reason:serviceDoneExecuting = com.oneplus.twspods/com.oos.onepluspods.scan.ScanService
10-16 23:26:59.864  1652  3113 D OPBF    : setCGroupState():tofreeze=true, uid:10306 pkg:com.snapchat.android --->>> ok reason:start perform not hasTimeout broadcast for action = android.intent.action.USER_PRESENT
10-16 23:26:59.868  1652  3113 D OPBF    : setCGroupState():tofreeze=true, uid:10275 pkg:com.discord --->>> ok reason:operateNode reconfirm lastOperation:false lastOperatedReason:start perform not hasTimeout broadcast for action = android.intent.action.USER_PRESENT
10-16 23:26:59.999  1652  2029 V AlarmManager: Triggering alarm #0: 3 when =201620978 package =android operation = null listenTag =TIME_TICK flags =0x1
10-16 23:27:00.124  1652  3113 D OPBF    : setCGroupState():tofreeze=true, uid:10022 pkg:com.instagram.android --->>> ok reason:serviceDoneExecuting = com.instagram.android/com.facebook.rti.push.service.FbnsService
10-16 23:27:00.834  1652  2029 V AlarmManager: Triggering alarm #0: 3 when =201620979 package =android operation = null listenTag =TIME_TICK flags =0x1
10-16 23:27:01.860  1652  3113 D OPBF    : setCGroupState():tofreeze=true, uid:10349 pkg:com.amazon.avod.thirdpartyclient --->>> ok reason:start perform not hasTimeout broadcast for action = android.intent.action.PACKAGE_CHANGED
10-16 23:27:01.872  1652  3113 D OPBF    : setCGroupState():tofreeze=true, uid:10068 pkg:com.amazon.mShop.android.shopping --->>> ok reason:operateNode reconfirm lastOperation:false lastOperatedReason:start perform not hasTimeout broadcast for action = android.intent.action.PACKAGE_CHANGED
10-16 23:27:07.839  1652  1652 I Telecom : CallsManager: onServiceStateChanged networkType: 13
10-16 23:27:07.839  1652  1652 I Telecom : CallsManager: onServiceStateChanged networkType: 13
10-16 23:27:07.845  1652  1652 I Telecom : LocationDetector: onReceive() - The switch button is closed which for countrycode adding function.
10-16 23:27:07.876 10305 10305 W ContextImpl: Calling a method in the system process without a qualified user: android.app.ContextImpl.sendBroadcast:1122 android.content.ContextWrapper.sendBroadcast:468 com.oneplus.security.SecureService$NetworkChangeReceive.onReceive:257 android.app.LoadedApk$ReceiverDispatcher$Args.lambda$getRunnable$0$LoadedApk$ReceiverDispatcher$Args:1566 android.app.-$$Lambda$LoadedApk$ReceiverDispatcher$Args$_BumDX2UKsnxLVrE6UJsJZkotuA.run:2 
10-16 23:27:07.883  1652  2421 I Nat464Xlat: Android Xlat enabled is doXlat = true
10-16 23:27:07.883  1652  2421 I Nat464Xlat: Android Xlat enabled is doXlat = true
10-16 23:27:07.912  1652  2421 D OpWifiServiceImpl: handleLinkPropertiesChanged gatewayIp : 100.73.253.21 , ifname : rmnet_data1
10-16 23:27:07.914  1652  2421 I Nat464Xlat: Android Xlat enabled is doXlat = true
10-16 23:27:07.914  1652  2421 I Nat464Xlat: Android Xlat enabled is doXlat = true
10-16 23:27:07.918 10305 10305 W ContextImpl: Calling a method in the system process without a qualified user: android.app.ContextImpl.sendBroadcast:1122 android.content.ContextWrapper.sendBroadcast:468 com.oneplus.security.SecureService$NetworkChangeReceive.onReceive:257 android.app.LoadedApk$ReceiverDispatcher$Args.lambda$getRunnable$0$LoadedApk$ReceiverDispatcher$Args:1566 android.app.-$$Lambda$LoadedApk$ReceiverDispatcher$Args$_BumDX2UKsnxLVrE6UJsJZkotuA.run:2 
10-16 23:27:10.030  1652  1652 I Telecom : CallsManager: onServiceStateChanged networkType: 13
10-16 23:27:10.030  1652  1652 I Telecom : CallsManager: onServiceStateChanged networkType: 13
10-16 23:27:10.043  1652  1652 I Telecom : LocationDetector: onReceive() - The switch button is closed which for countrycode adding function.
10-16 23:27:10.052  1652  2421 I Nat464Xlat: Android Xlat enabled is doXlat = true
10-16 23:27:10.052  1652  2421 I Nat464Xlat: Android Xlat enabled is doXlat = true
10-16 23:27:10.075 10305 10305 W ContextImpl: Calling a method in the system process without a qualified user: android.app.ContextImpl.sendBroadcast:1122 android.content.ContextWrapper.sendBroadcast:468 com.oneplus.security.SecureService$NetworkChangeReceive.onReceive:257 android.app.LoadedApk$ReceiverDispatcher$Args.lambda$getRunnable$0$LoadedApk$ReceiverDispatcher$Args:1566 android.app.-$$Lambda$LoadedApk$ReceiverDispatcher$Args$_BumDX2UKsnxLVrE6UJsJZkotuA.run:2 
10-16 23:27:10.090  1652  2421 D OpWifiServiceImpl: handleLinkPropertiesChanged gatewayIp : 100.73.253.21 , ifname : rmnet_data1
10-16 23:27:10.092  1652  2421 I Nat464Xlat: Android Xlat enabled is doXlat = true
10-16 23:27:10.092  1652  2421 I Nat464Xlat: Android Xlat enabled is doXlat = true
10-16 23:27:10.137 10305 10305 W ContextImpl: Calling a method in the system process without a qualified user: android.app.ContextImpl.sendBroadcast:1122 android.content.ContextWrapper.sendBroadcast:468 com.oneplus.security.SecureService$NetworkChangeReceive.onReceive:257 android.app.LoadedApk$ReceiverDispatcher$Args.lambda$getRunnable$0$LoadedApk$ReceiverDispatcher$Args:1566 android.app.-$$Lambda$LoadedApk$ReceiverDispatcher$Args$_BumDX2UKsnxLVrE6UJsJZkotuA.run:2 
10-16 23:27:12.890 10305 29227 W ContextImpl: Calling a method in the system process without a qualified user: android.app.ContextImpl.startService:1690 android.content.ContextWrapper.startService:720 com.oneplus.security.network.trafficalarm.TrafficUsageAlarmIntentService.startService:81 com.oneplus.security.SecureService$1.limitReached:195 android.net.INetworkManagementEventObserver$Stub.onTransact:286 
10-16 23:27:13.667  1652  5872 W ActivityManager: Background start not allowed: service Intent { cmp=com.zhiliaoapp.musically/com.bytedance.common.wschannel.client.WsClientService } to com.zhiliaoapp.musically/com.bytedance.common.wschannel.client.WsClientService from pid=17742 uid=10028 pkg=com.zhiliaoapp.musically startFg?=false
10-16 23:27:15.893  1652  2029 V AlarmManager: Triggering alarm #0: 2 when =201623227 package =android operation = null listenTag =*job.deadline* flags =0x0
10-16 23:27:15.893  1652  2029 V AlarmManager: Triggering alarm #1: 3 when =201624599 package =android operation =*alarm*:com.android.server.action.NETWORK_STATS_POLL flags =0x8
10-16 23:27:15.893  1652  2029 V AlarmManager: Triggering alarm #2: 2 when =201636871 package =com.google.android.gms operation =*walarm*:com.google.android.location.ALARM_WAKEUP_LOCATOR flags =0x0
10-16 23:27:15.893  1652  2029 V AlarmManager: Triggering alarm #3: 3 when =201627197 package =com.android.phone operation =*alarm*:com.oem.intent.action.MONITOR_PACKAGE_ALARM flags =0x8
10-16 23:27:18.202  1652  2385 E ActivityThread: Failed to find provider info for com.oneplus.account.personalize.provider.open
10-16 23:27:18.202  1652  2385 W OpSystemGestures: recordSwipe failed due to total=2.1156134009361267
10-16 23:27:18.202  1652  2385 W OpSystemGestures: java.lang.IllegalArgumentException: Unknown URL content://com.oneplus.account.personalize.provider.open
10-16 23:27:18.202  1652  2385 W OpSystemGestures: 	at android.content.ContentResolver.insert(ContentResolver.java:2172)
10-16 23:27:18.202  1652  2385 W OpSystemGestures: 	at android.content.ContentResolver.insert(ContentResolver.java:2130)
10-16 23:27:18.202  1652  2385 W OpSystemGestures: 	at com.android.server.wm.OpSystemGesturesPointerEventListenerInjector.lambda$saveDistance$0$OpSystemGesturesPointerEventListenerInjector(OpSystemGesturesPointerEventListenerInjector.java:159)
10-16 23:27:18.202  1652  2385 W OpSystemGestures: 	at com.android.server.wm.-$$Lambda$OpSystemGesturesPointerEventListenerInjector$neC_mfZQiJ4FpMKCb3FZMJ-lO-g.run(Unknown Source:4)
10-16 23:27:18.202  1652  2385 W OpSystemGestures: 	at android.os.Handler.handleCallback(Handler.java:938)
10-16 23:27:18.202  1652  2385 W OpSystemGestures: 	at android.os.Handler.dispatchMessage(Handler.java:99)
10-16 23:27:18.202  1652  2385 W OpSystemGestures: 	at android.os.Looper.loop(Looper.java:233)
10-16 23:27:18.202  1652  2385 W OpSystemGestures: 	at android.os.HandlerThread.run(HandlerThread.java:67)
10-16 23:27:18.202  1652  2385 W OpSystemGestures: 	at com.android.server.ServiceThread.run(ServiceThread.java:44)
10-16 23:27:26.771  1652  3087 I FastCharge: read mChargeType = 0
10-16 23:27:26.775  2513  2513 W ContextImpl: Calling a method in the system process without a qualified user: android.app.ContextImpl.sendBroadcast:1122 android.content.ContextWrapper.sendBroadcast:468 com.oneplus.coreservice.BroadcastDispatch.xne$mab.onReceive:122 android.app.LoadedApk$ReceiverDispatcher$Args.lambda$getRunnable$0$LoadedApk$ReceiverDispatcher$Args:1566 android.app.-$$Lambda$LoadedApk$ReceiverDispatcher$Args$_BumDX2UKsnxLVrE6UJsJZkotuA.run:2 
10-16 23:27:29.867  1652  3113 D OPBF    : setCGroupState():tofreeze=true, uid:99100 pkg:com.snapchat.android --->>> ok reason:notifyIsolatedUids boundUid freeze cause by uid/pid:10306
10-16 23:27:31.875  1652  3113 D OPBF    : setCGroupState():tofreeze=true, uid:99142 pkg:com.amazon.mShop.android.shopping --->>> ok reason:notifyIsolatedUids boundUid freeze cause by uid/pid:10068
10-16 23:27:35.928  1652  2029 V AlarmManager: Triggering alarm #0: 2 when =201656907 package =com.google.android.gms operation =*walarm*:com.google.android.location.ALARM_WAKEUP_LOCATOR flags =0x0
10-16 23:27:38.123  1652  2029 V AlarmManager: Triggering alarm #0: 2 when =201659102 package =com.mgoogle.android.gms operation =*walarm*:org.microg.gms.gcm.mcs.HEARTBEAT flags =0x9
10-16 23:27:42.866  1652  2385 E ActivityThread: Failed to find provider info for com.oneplus.account.personalize.provider.open
10-16 23:27:42.867  1652  2385 W OpSystemGestures: recordSwipe failed due to total=2.479431577026844
10-16 23:27:42.867  1652  2385 W OpSystemGestures: java.lang.IllegalArgumentException: Unknown URL content://com.oneplus.account.personalize.provider.open
10-16 23:27:42.867  1652  2385 W OpSystemGestures: 	at android.content.ContentResolver.insert(ContentResolver.java:2172)
10-16 23:27:42.867  1652  2385 W OpSystemGestures: 	at android.content.ContentResolver.insert(ContentResolver.java:2130)
10-16 23:27:42.867  1652  2385 W OpSystemGestures: 	at com.android.server.wm.OpSystemGesturesPointerEventListenerInjector.lambda$saveDistance$0$OpSystemGesturesPointerEventListenerInjector(OpSystemGesturesPointerEventListenerInjector.java:159)
10-16 23:27:42.867  1652  2385 W OpSystemGestures: 	at com.android.server.wm.-$$Lambda$OpSystemGesturesPointerEventListenerInjector$neC_mfZQiJ4FpMKCb3FZMJ-lO-g.run(Unknown Source:4)
10-16 23:27:42.867  1652  2385 W OpSystemGestures: 	at android.os.Handler.handleCallback(Handler.java:938)
10-16 23:27:42.867  1652  2385 W OpSystemGestures: 	at android.os.Handler.dispatchMessage(Handler.java:99)
10-16 23:27:42.867  1652  2385 W OpSystemGestures: 	at android.os.Looper.loop(Looper.java:233)
10-16 23:27:42.867  1652  2385 W OpSystemGestures: 	at android.os.HandlerThread.run(HandlerThread.java:67)
10-16 23:27:42.867  1652  2385 W OpSystemGestures: 	at com.android.server.ServiceThread.run(ServiceThread.java:44)
10-16 23:27:49.008  1652  3113 D OPBF    : setCGroupState():tofreeze=true, uid:10288 pkg:com.andrewshu.android.redditdonation --->>> ok reason:trafficHigh event tStart:false
10-16 23:27:52.490  1652  2421 I Nat464Xlat: Android Xlat enabled is doXlat = true
10-16 23:27:52.490  1652  2421 I Nat464Xlat: Android Xlat enabled is doXlat = true
10-16 23:27:52.521  1652  1652 I Telecom : CallsManager: onServiceStateChanged networkType: 13
10-16 23:27:52.521  1652  1652 I Telecom : CallsManager: onServiceStateChanged networkType: 13
10-16 23:27:52.540  1652  1652 I Telecom : LocationDetector: onReceive() - The switch button is closed which for countrycode adding function.
10-16 23:27:52.543  1652  2421 D OpWifiServiceImpl: handleLinkPropertiesChanged gatewayIp : 100.73.253.21 , ifname : rmnet_data1
10-16 23:27:52.546  1652  2421 I Nat464Xlat: Android Xlat enabled is doXlat = true
10-16 23:27:52.546  1652  2421 I Nat464Xlat: Android Xlat enabled is doXlat = true
10-16 23:27:52.593 10305 10305 W ContextImpl: Calling a method in the system process without a qualified user: android.app.ContextImpl.sendBroadcast:1122 android.content.ContextWrapper.sendBroadcast:468 com.oneplus.security.SecureService$NetworkChangeReceive.onReceive:257 android.app.LoadedApk$ReceiverDispatcher$Args.lambda$getRunnable$0$LoadedApk$ReceiverDispatcher$Args:1566 android.app.-$$Lambda$LoadedApk$ReceiverDispatcher$Args$_BumDX2UKsnxLVrE6UJsJZkotuA.run:2 
10-16 23:27:52.595 10305 10305 W ContextImpl: Calling a method in the system process without a qualified user: android.app.ContextImpl.sendBroadcast:1122 android.content.ContextWrapper.sendBroadcast:468 com.oneplus.security.SecureService$NetworkChangeReceive.onReceive:257 android.app.LoadedApk$ReceiverDispatcher$Args.lambda$getRunnable$0$LoadedApk$ReceiverDispatcher$Args:1566 android.app.-$$Lambda$LoadedApk$ReceiverDispatcher$Args$_BumDX2UKsnxLVrE6UJsJZkotuA.run:2 
10-16 23:27:52.602  1652  2421 D OpWifiServiceImpl: handleLinkPropertiesChanged gatewayIp : 100.73.253.21 , ifname : rmnet_data1
10-16 23:27:55.938  1652  2029 V AlarmManager: Triggering alarm #0: 2 when =201676916 package =com.google.android.gms operation =*walarm*:com.google.android.location.ALARM_WAKEUP_LOCATOR flags =0x0
10-16 23:27:56.470  1652  2421 I Nat464Xlat: Android Xlat enabled is doXlat = true
10-16 23:27:56.470  1652  2421 I Nat464Xlat: Android Xlat enabled is doXlat = true
10-16 23:27:56.497  1652  2421 D OpWifiServiceImpl: handleLinkPropertiesChanged gatewayIp : 100.73.253.21 , ifname : rmnet_data1
10-16 23:27:56.500  1652  2421 I Nat464Xlat: Android Xlat enabled is doXlat = true
10-16 23:27:56.500  1652  2421 I Nat464Xlat: Android Xlat enabled is doXlat = true
10-16 23:27:56.512  1652  1652 I Telecom : CallsManager: onServiceStateChanged networkType: 13
10-16 23:27:56.512  1652  1652 I Telecom : CallsManager: onServiceStateChanged networkType: 13
10-16 23:27:56.537  1652  1652 I Telecom : LocationDetector: onReceive() - The switch button is closed which for countrycode adding function.
10-16 23:27:56.545  1652  2421 D OpWifiServiceImpl: handleLinkPropertiesChanged gatewayIp : 100.73.253.21 , ifname : rmnet_data1
10-16 23:27:56.550 10305 10305 W ContextImpl: Calling a method in the system process without a qualified user: android.app.ContextImpl.sendBroadcast:1122 android.content.ContextWrapper.sendBroadcast:468 com.oneplus.security.SecureService$NetworkChangeReceive.onReceive:257 android.app.LoadedApk$ReceiverDispatcher$Args.lambda$getRunnable$0$LoadedApk$ReceiverDispatcher$Args:1566 android.app.-$$Lambda$LoadedApk$ReceiverDispatcher$Args$_BumDX2UKsnxLVrE6UJsJZkotuA.run:2 
10-16 23:27:56.592 10305 10305 W ContextImpl: Calling a method in the system process without a qualified user: android.app.ContextImpl.sendBroadcast:1122 android.content.ContextWrapper.sendBroadcast:468 com.oneplus.security.SecureService$NetworkChangeReceive.onReceive:257 android.app.LoadedApk$ReceiverDispatcher$Args.lambda$getRunnable$0$LoadedApk$ReceiverDispatcher$Args:1566 android.app.-$$Lambda$LoadedApk$ReceiverDispatcher$Args$_BumDX2UKsnxLVrE6UJsJZkotuA.run:2 
10-16 23:28:00.000  1652  2029 V AlarmManager: Triggering alarm #0: 3 when =201680979 package =android operation = null listenTag =TIME_TICK flags =0x1
10-16 23:28:02.495  1652  3113 D OPBF    : setCGroupState():tofreeze=true, uid:10238 pkg:net.oneplus.weather --->>> ok reason:uid active tActive:false
10-16 23:28:08.768  1652  3170 I FastCharge: read mChargeType = 0
10-16 23:28:08.774  2513  2513 W ContextImpl: Calling a method in the system process without a qualified user: android.app.ContextImpl.sendBroadcast:1122 android.content.ContextWrapper.sendBroadcast:468 com.oneplus.coreservice.BroadcastDispatch.xne$mab.onReceive:122 android.app.LoadedApk$ReceiverDispatcher$Args.lambda$getRunnable$0$LoadedApk$ReceiverDispatcher$Args:1566 android.app.-$$Lambda$LoadedApk$ReceiverDispatcher$Args$_BumDX2UKsnxLVrE6UJsJZkotuA.run:2 
10-16 23:28:15.525  1652  1652 I Telecom : CallsManager: onServiceStateChanged networkType: 13
10-16 23:28:15.525  1652  1652 I Telecom : CallsManager: onServiceStateChanged networkType: 13
10-16 23:28:15.537  1652  1652 I Telecom : LocationDetector: onReceive() - The switch button is closed which for countrycode adding function.
10-16 23:28:15.601 10305 10305 W ContextImpl: Calling a method in the system process without a qualified user: android.app.ContextImpl.sendBroadcast:1122 android.content.ContextWrapper.sendBroadcast:468 com.oneplus.security.SecureService$NetworkChangeReceive.onReceive:257 android.app.LoadedApk$ReceiverDispatcher$Args.lambda$getRunnable$0$LoadedApk$ReceiverDispatcher$Args:1566 android.app.-$$Lambda$LoadedApk$ReceiverDispatcher$Args$_BumDX2UKsnxLVrE6UJsJZkotuA.run:2 
10-16 23:28:15.605 10305 10305 W ContextImpl: Calling a method in the system process without a qualified user: android.app.ContextImpl.sendBroadcast:1122 android.content.ContextWrapper.sendBroadcast:468 com.oneplus.security.SecureService$NetworkChangeReceive.onReceive:257 android.app.LoadedApk$ReceiverDispatcher$Args.lambda$getRunnable$0$LoadedApk$ReceiverDispatcher$Args:1566 android.app.-$$Lambda$LoadedApk$ReceiverDispatcher$Args$_BumDX2UKsnxLVrE6UJsJZkotuA.run:2 
10-16 23:28:15.607  1652  2421 I Nat464Xlat: Android Xlat enabled is doXlat = true
10-16 23:28:15.607  1652  2421 I Nat464Xlat: Android Xlat enabled is doXlat = true
10-16 23:28:15.641  1652  2421 D OpWifiServiceImpl: handleLinkPropertiesChanged gatewayIp : 100.73.253.21 , ifname : rmnet_data1
10-16 23:28:15.642  1652  2421 I Nat464Xlat: Android Xlat enabled is doXlat = true
10-16 23:28:15.643  1652  2421 I Nat464Xlat: Android Xlat enabled is doXlat = true
10-16 23:28:15.948  1652  2029 V AlarmManager: Triggering alarm #0: 2 when =201696927 package =com.google.android.gms operation =*walarm*:com.google.android.location.ALARM_WAKEUP_LOCATOR flags =0x0
10-16 23:28:16.346  1652  2421 I Nat464Xlat: Android Xlat enabled is doXlat = true
10-16 23:28:16.346  1652  2421 I Nat464Xlat: Android Xlat enabled is doXlat = true
10-16 23:28:16.378  1652  1652 I Telecom : CallsManager: onServiceStateChanged networkType: 13
10-16 23:28:16.378  1652  1652 I Telecom : CallsManager: onServiceStateChanged networkType: 13
10-16 23:28:16.381  1652  2421 D OpWifiServiceImpl: handleLinkPropertiesChanged gatewayIp : 100.73.253.21 , ifname : rmnet_data1
10-16 23:28:16.384  1652  2421 I Nat464Xlat: Android Xlat enabled is doXlat = true
10-16 23:28:16.384  1652  2421 I Nat464Xlat: Android Xlat enabled is doXlat = true
10-16 23:28:16.391  1652  1652 I Telecom : LocationDetector: onReceive() - The switch button is closed which for countrycode adding function.
10-16 23:28:16.416 10305 10305 W ContextImpl: Calling a method in the system process without a qualified user: android.app.ContextImpl.sendBroadcast:1122 android.content.ContextWrapper.sendBroadcast:468 com.oneplus.security.SecureService$NetworkChangeReceive.onReceive:257 android.app.LoadedApk$ReceiverDispatcher$Args.lambda$getRunnable$0$LoadedApk$ReceiverDispatcher$Args:1566 android.app.-$$Lambda$LoadedApk$ReceiverDispatcher$Args$_BumDX2UKsnxLVrE6UJsJZkotuA.run:2 
10-16 23:28:16.437  1652  2421 D OpWifiServiceImpl: handleLinkPropertiesChanged gatewayIp : 100.73.253.21 , ifname : rmnet_data1
10-16 23:28:16.442 10305 10305 W ContextImpl: Calling a method in the system process without a qualified user: android.app.ContextImpl.sendBroadcast:1122 android.content.ContextWrapper.sendBroadcast:468 com.oneplus.security.SecureService$NetworkChangeReceive.onReceive:257 android.app.LoadedApk$ReceiverDispatcher$Args.lambda$getRunnable$0$LoadedApk$ReceiverDispatcher$Args:1566 android.app.-$$Lambda$LoadedApk$ReceiverDispatcher$Args$_BumDX2UKsnxLVrE6UJsJZkotuA.run:2 
10-16 23:28:20.053  1652  3170 I FastCharge: read mChargeType = 0
10-16 23:28:20.053  1652  1802 D ExtBatteryStatsService: ==MSG_LEVEL_DROP_SHOT== START++
10-16 23:28:20.058  2513  2513 W ContextImpl: Calling a method in the system process without a qualified user: android.app.ContextImpl.sendBroadcast:1122 android.content.ContextWrapper.sendBroadcast:468 com.oneplus.coreservice.BroadcastDispatch.xne$mab.onReceive:122 android.app.LoadedApk$ReceiverDispatcher$Args.lambda$getRunnable$0$LoadedApk$ReceiverDispatcher$Args:1566 android.app.-$$Lambda$LoadedApk$ReceiverDispatcher$Args$_BumDX2UKsnxLVrE6UJsJZkotuA.run:2 
10-16 23:28:20.062  1652  1652 I OHPD    : [BgDetect] batt level (59 to 58) within 218850
10-16 23:28:20.064  1652  3090 E OPCS    : AccurateCounter getCurAccurateLevel error, err:16 23:28:20 curPower:0.0 fullCharge:0.0 powerLevel:58
10-16 23:28:20.163  1652  1802 D ExtBatteryStatsService: @@@@ awaitUninterruptibly in 110 ms
10-16 23:28:20.198  1652  1802 D ExtBatteryStatsService: mStats.getKernelWakelockStats().size()=85
10-16 23:28:20.198  1652  1802 D ExtBatteryStatsService: mStats.getWakeupReasonStats().size()=37
10-16 23:28:20.199  1652  1802 I ExtBatteryStatsService: #### [END] rpm_stats [aosd, 865909, 1438], [cxsd, 151755, 172]
10-16 23:28:20.201  1652  1802 D ExtBatteryStatsService: ==MSG_LEVEL_DROP_SHOT== END--
10-16 23:28:25.653  1652  2029 V AlarmManager: Triggering alarm #0: 0 when =1634444905653 package =com.google.android.apps.messaging operation =*walarm*:RCS.keep_alive_manager.keep_alive_sender flags =0x9
10-16 23:28:26.312  1652  2385 E ActivityThread: Failed to find provider info for com.oneplus.account.personalize.provider.open
10-16 23:28:26.313  1652  2385 W OpSystemGestures: recordSwipe failed due to total=0.6712368056178093
10-16 23:28:26.313  1652  2385 W OpSystemGestures: java.lang.IllegalArgumentException: Unknown URL content://com.oneplus.account.personalize.provider.open
10-16 23:28:26.313  1652  2385 W OpSystemGestures: 	at android.content.ContentResolver.insert(ContentResolver.java:2172)
10-16 23:28:26.313  1652  2385 W OpSystemGestures: 	at android.content.ContentResolver.insert(ContentResolver.java:2130)
10-16 23:28:26.313  1652  2385 W OpSystemGestures: 	at com.android.server.wm.OpSystemGesturesPointerEventListenerInjector.lambda$saveDistance$0$OpSystemGesturesPointerEventListenerInjector(OpSystemGesturesPointerEventListenerInjector.java:159)
10-16 23:28:26.313  1652  2385 W OpSystemGestures: 	at com.android.server.wm.-$$Lambda$OpSystemGesturesPointerEventListenerInjector$neC_mfZQiJ4FpMKCb3FZMJ-lO-g.run(Unknown Source:4)
10-16 23:28:26.313  1652  2385 W OpSystemGestures: 	at android.os.Handler.handleCallback(Handler.java:938)
10-16 23:28:26.313  1652  2385 W OpSystemGestures: 	at android.os.Handler.dispatchMessage(Handler.java:99)
10-16 23:28:26.313  1652  2385 W OpSystemGestures: 	at android.os.Looper.loop(Looper.java:233)
10-16 23:28:26.313  1652  2385 W OpSystemGestures: 	at android.os.HandlerThread.run(HandlerThread.java:67)
10-16 23:28:26.313  1652  2385 W OpSystemGestures: 	at com.android.server.ServiceThread.run(ServiceThread.java:44)
10-16 23:28:34.394  1652  2393 V OpScreenshotImprovement: AOD screenshot wakeUpFromPowerKey for power up
10-16 23:28:34.394  1652  2393 D WindowManager: powerPress: eventTime=128904942 interactive=true count=1 beganFromNonInteractive=false mShortPressOnPowerBehavior=1
10-16 23:28:34.394  1652  2393 I PowerManagerService: Going to sleep due to power_button (uid 1000)...
10-16 23:28:34.397  1652  1806 I DisplayPowerController: useProximityForceSuspend = false
10-16 23:28:34.420  1652  1652 V SettingsProvider: Notifying for 0: content://settings/secure/reminder_exp_learning_time_elapsed
10-16 23:28:34.424  2585  3016 D ViewRootImpl: support adaptive color gamut feature!
10-16 23:28:34.469  1652  1806 I DisplayPowerController: brightnessState(m):0.95831037
10-16 23:28:34.500  1652  1806 I DisplayPowerController: useProximityForceSuspend = false
10-16 23:28:34.500  1652  1806 D OpColorDisplayService: screenStateChange
10-16 23:28:34.500  1652  1806 I DisplayPowerController: Blocking screen off
10-16 23:28:34.502  1652  1806 I DisplayPowerController: Unblocked screen off after 1 ms
10-16 23:28:34.502  1652  1791 D OpColorDisplayService: processScreenOn   false
10-16 23:28:34.518  1652  1760 E OpScreenModeService: updateGlobalModeId  new mode={id=2, width=1080, height=2400, fps=90.0} new ModeId=2 old ModeId=1
10-16 23:28:34.518  1652  1760 I DisplayModeDirector: updateVoteLocked(displayId=0, priority=PRIORITY_APP_REQUEST_REFRESH_RATE, vote=Vote{width=-1, height=-1, minRefreshRate=90.0, maxRefreshRate=90.0})
10-16 23:28:34.518  1652  1760 I DisplayModeDirector: updateVoteLocked(displayId=0, priority=PRIORITY_APP_REQUEST_SIZE, vote=Vote{width=1080, height=2400, minRefreshRate=0.0, maxRefreshRate=Infinity})
10-16 23:28:34.521  1652  1759 W DisplayModeDirector: Discarding mode 1, outside refresh rate bounds: minRefreshRate=90.0, maxRefreshRate=90.0, modeRefreshRate=60.0
10-16 23:28:34.521  1652  1759 W DisplayModeDirector: Found available modes=[2] with lowest priority considered PRIORITY_DEFAULT_REFRESH_RATE and constraints: width=1080, height=2400, minRefreshRate=90.0, maxRefreshRate=90.0
10-16 23:28:34.521  1652  1759 I DisplayModeDirector: App request range: [90 90]
10-16 23:28:34.521  1652  1759 D OpDisplayModeDirectorInjector:  setBaseModeId modeId: 2
10-16 23:28:34.521  1652  1759 D DisplayManagerService: notifyBeforeDisplayModeSpecChange baseModeId: 2
10-16 23:28:34.524  1652  1759 W LocalDisplayAdapter: setDesiredDisplayModeSpecsAsync displayToken android.os.BinderProxy@f43ebb7 defaultConfig=1 primaryRefreshRateMin=90.0 primaryRefreshRateMax=90.0 appRequestRefreshRateMin=90.0 appRequestRefreshRateMax=90.0
10-16 23:28:34.536  1652  1806 D ActivityTaskManager: Top Process State changed to PROCESS_STATE_TOP_SLEEPING
10-16 23:28:34.541  1652  3170 I FastCharge: read mChargeType = 0
10-16 23:28:34.560  1652  1759 I DisplayManagerService: Display device changed: DisplayDeviceInfo{"Built-in Screen": uniqueId="local:19260865398887809", 1080 x 2400, modeId 2, defaultModeId 1, supportedModes [{id=1, width=1080, height=2400, fps=60.0}, {id=2, width=1080, height=2400, fps=90.0}], colorMode 0, supportedColorModes [0, 7, 9], HdrCapabilities HdrCapabilities{mSupportedHdrTypes=[2, 3, 4], mMaxLuminance=680.0, mMaxAverageLuminance=340.1, mMinLuminance=0.2}, allmSupported false, gameContentTypeSupported false, density 450, 403.411 x 420.413 dpi, appVsyncOff 2000000, presDeadline 11111111, cutout DisplayCutout{insets=Rect(0, 68 - 0, 0) waterfall=Insets{left=0, top=0, right=0, bottom=0} boundingRect={Bounds=[Rect(0, 0 - 0, 0), Rect(110, 0 - 970, 68), Rect(0, 0 - 0, 0), Rect(0, 0 - 0, 0)]}}, touch INTERNAL, rotation 0, type INTERNAL, address {port=129, model=0x446da7b02ad5}, deviceProductInfo DeviceProductInfo{name=, manufacturerPnpId=QCM, productId=1, modelYear=null, manufactureDate=ManufactureDate{week=27, year=2006}, relativeAddress=null}, state ON, FLAG_DEFAULT_DISPLAY, FLAG_ROTATES_WITH_CONTENT, FLAG_SECURE, FLAG_SUPPORTS_PROTECTED_BUFFERS}
10-16 23:28:34.560  1652  1759 D DisplayManagerService: notifyAfterDisplayModeSpecChange modeId: 2
10-16 23:28:34.588  2513  2513 W ContextImpl: Calling a method in the system process without a qualified user: android.app.ContextImpl.sendBroadcast:1122 android.content.ContextWrapper.sendBroadcast:468 com.oneplus.coreservice.BroadcastDispatch.xne$mab.onReceive:122 android.app.LoadedApk$ReceiverDispatcher$Args.lambda$getRunnable$0$LoadedApk$ReceiverDispatcher$Args:1566 android.app.-$$Lambda$LoadedApk$ReceiverDispatcher$Args$_BumDX2UKsnxLVrE6UJsJZkotuA.run:2 
10-16 23:28:34.601  1652  1806 I RampAnimator: POLICY CHANGING!
10-16 23:28:34.601  1652  1806 I RampAnimator: target:0.0 rate:0.0 mCurrentValue:0.95831037 mTargetValue:0.95831037
10-16 23:28:34.608  1652  1806 W OpBatteryStats: updateScreenBrightnessLevel: 0
10-16 23:28:34.608  1652  1806 V DisplayPowerController: Brightness [-1.0] reason changing to: 'screen_off', previous reason: 'manual'.
10-16 23:28:34.609  1652  1806 I DisplayPowerController: useProximityForceSuspend = false
10-16 23:28:34.609  1652  1806 I RampAnimator: target:0.0 rate:0.0 mCurrentValue:0.0 mTargetValue:0.0
10-16 23:28:34.613  1652  1759 W ProcessStats: Tracking association SourceState{239504 org.uhh.myapp/10467 Top #662302} whose proc state 1 is better than process ProcessState{7259f86 com.oneplus.config/1000 pkg=com.oneplus.config} proc state 2 (14 skipped)
10-16 23:28:34.620  1652  1759 I DisplayManagerService: Display device changed state: "Built-in Screen", OFF
10-16 23:28:34.782  1652  1806 I DisplayPowerController: useProximityForceSuspend = false
10-16 23:28:34.782  1652  1806 I RampAnimator: target:0.0 rate:0.0 mCurrentValue:0.0 mTargetValue:0.0
10-16 23:28:34.783  1652  1806 I DreamManagerService: Entering dreamland.
10-16 23:28:34.785  1652  1806 I PowerManagerService: Dozing...
10-16 23:28:34.785  1652  1756 I DreamController: Starting dream: name=ComponentInfo{com.android.systemui/com.android.systemui.doze.DozeService}, isTest=false, canDoze=true, userId=0
10-16 23:28:34.814  2585  3133 D ViewRootImpl: support adaptive color gamut feature!
10-16 23:28:34.815  1652  5870 I OemSceneModeAmHelper: [scene] handleShowOrOccludedChanged showing false, occluded false
10-16 23:28:34.816  1652  3090 E OPCS    : [Cap] [End] use mLastCapRemaining: 2538 instead.
10-16 23:28:34.816  1652  3090 E OPCS    : [Cap] [Start] remainCap is abnormal: 0
10-16 23:28:34.816  1652  3090 E OPCS    : [Cap] [Start] use mLastCapRemaining: 2538 instead.
10-16 23:28:34.817  1652  1759 V UsbDeviceManager: onKeyguardStateChanged: isShowing:false secure:true user:0
10-16 23:28:34.824  1652  1806 I DisplayPowerController: useProximityForceSuspend = false
10-16 23:28:34.824  1652  1806 I RampAnimator: POLICY CHANGING!
10-16 23:28:34.824  1652  1806 I RampAnimator: target:0.0 rate:0.0 mCurrentValue:0.0 mTargetValue:0.0
10-16 23:28:34.827  1652  1807 D OpPowerControllerService: SCREEN is OFF
10-16 23:28:34.827  1652  3668 I OpAppLocker: setKeyguardDone false
10-16 23:28:34.828  1652  1807 D OpPowerControllerService: SCREEN is OFF
10-16 23:28:34.828  1652  1807 D OpPowerControllerService: mScreenOffStart=2021-10-16 23:28:34
10-16 23:28:34.828  1652  3090 E OPCS    : [Cap] [End] use mLastCapRemaining: 2538 instead.
10-16 23:28:34.828  1652  3090 E OPCS    : AccurateCounter getCurAccurateLevel error, err:16 23:28:34 curPower:0.0 fullCharge:0.0 powerLevel:58
10-16 23:28:34.829  1652  3090 I OPCS    : AccurateCounter startCount err, tag:ScreenOffDischarge mLastAccurateLevel:78.69767441860465
10-16 23:28:34.829  1652  3090 E OPCS    : AccurateCounter getCurAccurateLevel error, err:16 23:28:34 curPower:0.0 fullCharge:0.0 powerLevel:58
10-16 23:28:34.829  1652  3090 I OPCS    : AccurateCounter stopCount err, tag:ScreenOnDischarge cur:-1.0 lastLevel:78.69767441860465 mLastAccurateLevel:78.69767441860465
10-16 23:28:34.830  1652  1807 W ContextImpl: Calling a method in the system process without a qualified user: android.app.ContextImpl.sendBroadcast:1122 com.android.server.power.Notifier.sendGoToSleepBroadcast:850 com.android.server.power.Notifier.sendNextBroadcast:797 com.android.server.power.Notifier.access$500:96 com.android.server.power.Notifier$NotifierHandler.handleMessage:956 
10-16 23:28:34.835  1652  3668 D OpProximityController: noteFrontPackageChanged pkg:SCREEN OFF uid:0 lpkg:org.uhh.myapp luid:10467
10-16 23:28:34.836  1652  1806 I DisplayPowerController: useProximityForceSuspend = false
10-16 23:28:34.837  1652  1806 I RampAnimator: target:0.0 rate:0.0 mCurrentValue:0.0 mTargetValue:0.0
10-16 23:28:34.839  1652  1802 D ExtBatteryStatsService: ==MSG_SCREEN_OFF== at 201715817
10-16 23:28:34.867  1652  2535 I OemSceneModeAmHelper: [scene] handleShowOrOccludedChanged showing true, occluded false
10-16 23:28:34.869  1652  1759 V UsbDeviceManager: onKeyguardStateChanged: isShowing:true secure:true user:0
10-16 23:28:34.869  1652  1756 D UsbDeviceManager: setEnabledFunctions functions=0, forceRestart=false, usbDataUnlocked=false
10-16 23:28:34.870  1652  1756 I UsbDeviceManager: Func=adb Cur_Func=0 Oem=adb Cur_Oem=adb Applied=true force=false
10-16 23:28:34.872  1652  1652 V SettingsProvider: Notifying for 0: content://settings/secure/reminder_exp_learning_time_elapsed
