10-16 01:05:39.705  1652  2392 I 106     : System spent 124.8ms processing the last motion event: MotionEvent#MOVE
10-16 01:05:39.705  1652  2392 I 106     : System spent 117.8ms processing the last motion event: MotionEvent#MOVE
10-16 01:05:39.705  1652  2392 I 106     : System spent 121.3ms processing the last motion event: MotionEvent#MOVE
10-16 01:05:39.705  1652  2392 I 106     : System spent 116.4ms processing the last motion event: MotionEvent#MOVE
10-16 01:05:39.705  1652  2392 I 106     : System spent 110.6ms processing the last motion event: MotionEvent#MOVE
10-16 01:05:39.705  1652  2392 I 106     : System spent 103.7ms processing the last motion event: MotionEvent#MOVE
10-16 01:05:39.705  1652  2392 I 106     : System spent 102.1ms processing the last motion event: MotionEvent#MOVE
10-16 01:05:41.259  1652  2392 I 106     : System spent 438.2ms processing the last motion event: MotionEvent#DOWN
10-16 01:05:41.260  1652  2392 I 106     : System spent 410.5ms processing the last motion event: MotionEvent#MOVE
10-16 01:05:41.260  1652  2392 I 106     : System spent 403.4ms processing the last motion event: MotionEvent#MOVE
10-16 01:05:41.260  1652  2392 I 106     : System spent 399.3ms processing the last motion event: MotionEvent#MOVE
10-16 01:05:41.261  1652  2392 I 106     : System spent 392.8ms processing the last motion event: MotionEvent#MOVE
10-16 01:05:41.261  1652  2392 I 106     : System spent 385.9ms processing the last motion event: MotionEvent#MOVE
10-16 01:05:41.262  1652  2392 I 106     : System spent 379.4ms processing the last motion event: MotionEvent#MOVE
10-16 01:05:41.262  1652  2392 I 106     : System spent 372.2ms processing the last motion event: MotionEvent#MOVE
10-16 01:05:41.262  1652  2392 I 106     : System spent 365.3ms processing the last motion event: MotionEvent#MOVE
10-16 01:05:41.262  1652  2392 I 106     : System spent 358.6ms processing the last motion event: MotionEvent#MOVE
10-16 01:05:41.264  1652  2392 I 106     : System spent 351.4ms processing the last motion event: MotionEvent#MOVE
10-16 01:05:41.264  1652  2392 I 106     : System spent 344.5ms processing the last motion event: MotionEvent#MOVE
10-16 01:05:41.264  1652  2392 I 106     : System spent 338.6ms processing the last motion event: MotionEvent#MOVE
10-16 01:05:41.264  1652  2392 I 106     : System spent 331.4ms processing the last motion event: MotionEvent#MOVE
10-16 01:05:41.269  1652  2392 I 106     : System spent 326.3ms processing the last motion event: MotionEvent#MOVE
10-16 01:05:41.269  1652  2392 I 106     : System spent 320.7ms processing the last motion event: MotionEvent#MOVE
10-16 01:05:41.269  1652  2392 I 106     : System spent 314.2ms processing the last motion event: MotionEvent#UP
10-16 01:05:44.879  2585  3032 I 110     :  OptJank - total:243 frameGap:248 delta#0#242#0#11#0#1
10-16 01:05:45.075  1652  1799 I 322     : com.android.settings#-1#419
10-16 01:07:17.216  1652  1799 I 322     : com.android.settings.intelligence#-1#222
10-16 01:07:22.741  1652  1799 I 322     : com.android.settings#-1#333
10-16 01:07:29.161  1652  1799 I 322     : com.android.systemui#-1#121
10-16 01:07:41.095  1652  2393 I 300     : 33
10-16 01:07:54.915  1652  1799 I 322     : com.google.android.packageinstaller#-1#150
10-16 01:07:59.540 17829 17829 I 100     : Open /data/app/~~28xMrISn7qo0fz1FDsuhOg==/com.google.android.apps.docs-RKzn5Jx5BfjCdUxpS3jW0w==/base.apk took:60ms
10-16 01:08:06.367  1652  1799 I 322     : org.uhh.myapp#404#796
10-16 01:16:42.996  1652  1806 I 300     : 218
10-16 01:19:42.856  2585  3032 I 111     :  OptJank - continuously drops frames:4
10-16 01:21:37.120  5684  5705 I 101     : #257
10-16 01:21:39.958 19349 19349 I 100     : Open /data/app/~~8DX007H2MroIuqKEtwwWig==/com.android.vending-PUSYY70f5dM0Cr1xYcjUIQ==/base.apk took:59ms
10-16 01:21:46.813  5684  5684 I 309     : package:com.android.vending took:4773 calssname:android.os.AsyncTask$InternalHandler callback:null what:1
10-16 01:22:54.970 19673 19673 I 100     : Open /data/app/~~szWNaASBI6_xnwwX9igpLg==/com.instagram.android-Kf_FuCwo765_Ak3yBvelXQ==/base.apk took:70ms
10-16 01:22:56.736 12545 12565 I 101     : #874
10-16 01:22:57.620 16170 19725 I 100     : Open /system/framework/com.android.media.remotedisplay.jar took:64ms
10-16 01:22:57.692 19673 19673 I 309     : package:com.instagram.android took:2828 calssname:android.app.ActivityThread$H callback:null what:110
10-16 01:22:57.781 16170 19725 I 100     : Open /data/app/~~ZgjZRsAJg1XtcymANok5kA==/com.google.android.gms-JKUwZB7j-pTHkzyl55NTDg==/base.apk took:103ms
10-16 01:22:59.330 20188 20188 I 100     : Open /data/app/~~qnWO0SCIdgN2Par5R6VUIA==/com.google.android.apps.docs.editors.docs-tLGRYIDHUjaYlaaZKQIjlA==/base.apk took:87ms
10-16 01:22:59.650 20272 20272 I 100     : Open /data/app/~~n7rijUx61e_-x5fBGM5d8A==/com.zhiliaoapp.musically-T-2WBvzoZi-SwdaLiV8NnQ==/base.apk took:92ms
10-16 01:23:00.476 19739 19776 I 101     : #167
10-16 01:23:01.160 20406 20694 I 100     : Open /data/user_de/0/com.google.android.gms/app_chimera/m/0000021a/DynamiteLoader.apk took:103ms
10-16 01:23:02.900 20884 20976 I 100     : Open /system/framework/com.android.location.provider.jar took:90ms
10-16 01:23:03.180 20884 20976 I 100     : Open /data/user_de/0/com.google.android.gms/app_chimera/m/00000221/dl-AdsFdrDynamite.integ_213806100100000.apk took:86ms
10-16 01:23:04.631 20188 20244 I 101     : #251
10-16 01:23:07.137 21692 21692 I 100     : Open /data/app/~~QLtDv88_vmlg95SLkGoKew==/com.amazon.mShop.android.shopping-i8jIFeS8lwOnz7t-fAkR4Q==/base.apk took:136ms
10-16 01:23:08.548 21147 21191 I 101     : #292
10-16 01:23:08.617 21169 21201 I 101     : #305
10-16 01:23:08.828 21925 21963 I 100     : Open /system/framework/com.android.media.remotedisplay.jar took:170ms
10-16 01:23:08.909 21541 21988 I 101     : #422
10-16 01:23:09.391 21341 21376 I 101     : #411
10-16 01:23:10.312 22298 22298 I 100     : Open /data/app/~~9BhZSFC2D2sQ9LHsC2LtxA==/com.google.android.calendar-NAV-GJs3eyjDxYg26-61qg==/base.apk took:101ms
10-16 01:23:10.892 21541 21565 I 101     : #292
10-16 01:23:12.027 22444 22444 I 100     : Open /data/app/~~qtsE1yyM-Mk7FSzj6KcsOQ==/com.oneplus.gallery-wHbrfIEiD6SlVinc3_XIpg==/base.apk took:55ms
10-16 01:23:12.385 21541 21541 I 309     : package:com.amazon.avod.thirdpartyclient took:1254 calssname:android.app.ActivityThread$H callback:android.app.-$$Lambda$LoadedApk$ReceiverDispatcher$Args$_BumDX2UKsnxLVrE6UJsJZkotuA@579ec7b what:0
10-16 01:23:44.854  1652  3090 I 300     : 43
10-16 01:28:00.030 23419 23419 I 100     : Open /data/app/~~szWNaASBI6_xnwwX9igpLg==/com.instagram.android-Kf_FuCwo765_Ak3yBvelXQ==/base.apk took:59ms
10-16 01:28:01.548 23419 23419 I 309     : package:com.instagram.android took:1602 calssname:android.app.ActivityThread$H callback:null what:110
10-16 01:32:23.984  1652  1806 I 300     : 229
10-16 01:32:33.245  1652  1799 I 322     : org.uhh.myapp#104#376
10-16 01:32:37.245  1652  1799 I 322     : org.uhh.myapp#70#242
10-16 01:33:27.494  1652  1799 I 322     : org.uhh.myapp#78#274
10-16 01:33:44.335  1652  1799 I 322     : com.google.android.documentsui#68#355
10-16 01:33:44.828 30556 24395 I 110     :  OptJank - total:134 frameGap:144 delta#0#67#1#7#0#66
10-16 01:34:28.359 16170 16209 I 101     : #319
10-16 01:35:47.275  1652  1806 I 300     : 727
10-16 01:35:50.259  1652  2392 I 106     : System spent 187.2ms processing the last motion event: MotionEvent#MOVE
10-16 01:35:50.261  1652  2392 I 106     : System spent 180.9ms processing the last motion event: MotionEvent#MOVE
10-16 01:35:50.261  1652  2392 I 106     : System spent 174.2ms processing the last motion event: MotionEvent#MOVE
10-16 01:35:50.270  1652  2392 I 106     : System spent 168.2ms processing the last motion event: MotionEvent#UP
10-16 01:35:57.009  1652  1799 I 322     : org.uhh.myapp#76#250
10-16 01:38:54.619 25119 25179 I 100     : Open /data/app/~~ZgjZRsAJg1XtcymANok5kA==/com.google.android.gms-JKUwZB7j-pTHkzyl55NTDg==/base.apk took:53ms
10-16 01:40:32.138  1652  1806 I 300     : 327
10-16 01:43:18.302  1652  1806 I 300     : 677
10-16 01:43:18.420  1652  2392 I 106     : System spent 130.2ms processing the last motion event: MotionEvent#MOVE
10-16 01:43:18.420  1652  2392 I 106     : System spent 123.4ms processing the last motion event: MotionEvent#MOVE
10-16 01:43:18.420  1652  2392 I 106     : System spent 116.4ms processing the last motion event: MotionEvent#MOVE
10-16 01:43:18.420  1652  2392 I 106     : System spent 109.4ms processing the last motion event: MotionEvent#MOVE
10-16 01:43:18.420  1652  2392 I 106     : System spent 102.1ms processing the last motion event: MotionEvent#MOVE
10-16 01:43:19.536  5684  5705 I 101     : #705
10-16 01:43:19.752  1652  2392 I 106     : System spent 892.9ms processing the last motion event: MotionEvent#UP
10-16 01:43:26.013  1652  1799 I 322     : org.uhh.myapp#69#236
10-16 01:44:50.405  1652  1799 I 322     : org.uhh.myapp#67#250
10-16 01:45:30.802  1652  1799 I 322     : org.uhh.myapp#73#270
10-16 01:46:19.221  1652  1799 I 322     : org.uhh.myapp#71#271
10-16 01:48:17.094  5684  5705 I 101     : #409
10-16 01:48:19.289  1652  1799 I 322     : org.uhh.myapp#78#281
10-16 01:49:02.634  1652  1799 I 322     : org.uhh.myapp#68#254
10-16 01:49:05.052  8824  8824 F libc    : Fatal signal 6 (SIGABRT), code -1 (SI_QUEUE) in tid 8824 (org.uhh.myapp), pid 8824 (org.uhh.myapp)
10-16 01:50:22.483  1652  1799 I 322     : org.uhh.myapp#62#258
10-16 01:54:39.872  2585  3032 I 110     :  OptJank - total:111 frameGap:119 delta#99#9#8#0#0#2
10-16 01:54:39.910  1652  1806 I 300     : 834
10-16 01:54:40.409  1652  2392 I 106     : System spent 126.1ms processing the last motion event: MotionEvent#MOVE
10-16 01:54:40.409  1652  2392 I 106     : System spent 119.1ms processing the last motion event: MotionEvent#MOVE
10-16 01:54:40.409  1652  2392 I 106     : System spent 112.9ms processing the last motion event: MotionEvent#MOVE
10-16 01:54:40.409  1652  2392 I 106     : System spent 105.7ms processing the last motion event: MotionEvent#MOVE
10-16 01:54:40.414  1652  2392 I 106     : System spent 100.1ms processing the last motion event: MotionEvent#MOVE
10-16 01:54:41.115  5684  5705 I 101     : #932
10-16 01:54:41.129  1652  2392 I 106     : System spent 190.2ms processing the last motion event: MotionEvent#UP
10-16 01:54:49.975  1652  1799 I 322     : org.uhh.myapp#69#243
10-16 01:55:53.135  1652  1799 I 322     : org.uhh.myapp#77#254
10-16 01:58:08.095  1652  1806 I 300     : 718
10-16 01:58:08.965  1652  2392 I 106     : System spent 109.0ms processing the last motion event: MotionEvent#MOVE
10-16 01:58:09.389  1652  2392 I 106     : System spent 137.0ms processing the last motion event: MotionEvent#MOVE
10-16 01:58:09.389  1652  2392 I 106     : System spent 130.3ms processing the last motion event: MotionEvent#MOVE
10-16 01:58:09.389  1652  2392 I 106     : System spent 123.5ms processing the last motion event: MotionEvent#MOVE
10-16 01:58:09.396  1652  2392 I 106     : System spent 109.9ms processing the last motion event: MotionEvent#UP
10-16 01:58:10.467  1652  2392 I 106     : System spent 130.5ms processing the last motion event: MotionEvent#MOVE
10-16 01:58:10.467  1652  2392 I 106     : System spent 123.8ms processing the last motion event: MotionEvent#MOVE
10-16 01:58:10.471  1652  2392 I 106     : System spent 117.5ms processing the last motion event: MotionEvent#MOVE
10-16 01:58:10.471  1652  2392 I 106     : System spent 111.2ms processing the last motion event: MotionEvent#MOVE
10-16 01:58:10.471  1652  2392 I 106     : System spent 104.2ms processing the last motion event: MotionEvent#MOVE
10-16 01:58:15.406  1652  1799 I 322     : org.uhh.myapp#69#247
10-16 01:58:17.129  1652  1799 I 322     : com.google.android.permissioncontroller#-1#173
10-16 02:01:20.354  1652  1806 I 300     : 689
10-16 02:03:18.725  1652  1806 I 300     : 701
10-16 02:03:21.862  1652  2392 I 106     : System spent 202.4ms processing the last motion event: MotionEvent#UP
10-16 02:07:40.591  1652  1806 I 300     : 305
10-16 02:09:15.805 29133 29133 I 100     : Open /data/app/~~B2rFAznCk2X2wyqs9CNLjQ==/com.google.android.apps.tasks-_O3R0FkNQAHVrIeP6XVTSg==/base.apk took:70ms
10-16 02:09:15.931 29169 29169 I 100     : Open /data/app/~~CYGjFjNyEYt4v9RqEIg82A==/com.google.android.apps.tachyon-jJcRyNDDYNF9MEded7PE9Q==/base.apk took:64ms
10-16 02:09:15.992  1652  1806 I 300     : 665
10-16 02:09:16.237 29106 29199 I 100     : Open /system/framework/com.android.media.remotedisplay.jar took:146ms
10-16 02:09:16.392 29106 29199 I 100     : Open /system/framework/com.android.location.provider.jar took:96ms
10-16 02:09:17.583  2585  3032 I 111     :  OptJank - continuously drops frames:4
10-16 02:09:30.400  1652  2392 I 106     : System spent 201.1ms processing the last motion event: MotionEvent#MOVE
10-16 02:09:30.401  1652  2392 I 106     : System spent 196.2ms processing the last motion event: MotionEvent#MOVE
10-16 02:09:30.401  1652  2392 I 106     : System spent 189.6ms processing the last motion event: MotionEvent#MOVE
10-16 02:09:30.401  1652  2392 I 106     : System spent 182.2ms processing the last motion event: MotionEvent#MOVE
10-16 02:09:30.401  1652  2392 I 106     : System spent 175.3ms processing the last motion event: MotionEvent#MOVE
10-16 02:09:30.402  1652  2392 I 106     : System spent 168.2ms processing the last motion event: MotionEvent#MOVE
10-16 02:09:30.402  1652  2392 I 106     : System spent 161.3ms processing the last motion event: MotionEvent#MOVE
10-16 02:09:30.402  1652  2392 I 106     : System spent 154.3ms processing the last motion event: MotionEvent#MOVE
10-16 02:09:30.407  1652  2392 I 106     : System spent 147.6ms processing the last motion event: MotionEvent#UP
10-16 02:09:31.611  1652  1799 I 322     : org.uhh.myapp#64#218
10-16 02:09:32.753  1652  1799 I 322     : com.google.android.permissioncontroller#-1#116
10-16 02:09:36.225  1652  1799 I 322     : com.google.android.permissioncontroller#-1#190
10-16 02:09:48.530  1652  2392 I 106     : System spent 116.8ms processing the last motion event: MotionEvent#MOVE
10-16 02:09:48.614  1652  2392 I 106     : System spent 194.0ms processing the last motion event: MotionEvent#MOVE
10-16 02:09:48.617  1652  2392 I 106     : System spent 188.1ms processing the last motion event: MotionEvent#MOVE
10-16 02:09:48.617  1652  2392 I 106     : System spent 181.2ms processing the last motion event: MotionEvent#MOVE
10-16 02:09:48.617  1652  2392 I 106     : System spent 174.1ms processing the last motion event: MotionEvent#MOVE
10-16 02:09:48.617  1652  2392 I 106     : System spent 166.9ms processing the last motion event: MotionEvent#MOVE
10-16 02:09:48.617  1652  2392 I 106     : System spent 159.9ms processing the last motion event: MotionEvent#MOVE
10-16 02:09:48.617  1652  2392 I 106     : System spent 152.7ms processing the last motion event: MotionEvent#MOVE
10-16 02:09:48.617  1652  2392 I 106     : System spent 145.6ms processing the last motion event: MotionEvent#MOVE
10-16 02:09:48.619  1652  2392 I 106     : System spent 139.4ms processing the last motion event: MotionEvent#MOVE
10-16 02:09:48.619  1652  2392 I 106     : System spent 132.7ms processing the last motion event: MotionEvent#MOVE
10-16 02:09:48.619  1652  2392 I 106     : System spent 125.7ms processing the last motion event: MotionEvent#MOVE
10-16 02:09:48.619  1652  2392 I 106     : System spent 118.5ms processing the last motion event: MotionEvent#MOVE
10-16 02:09:48.619  1652  2392 I 106     : System spent 111.5ms processing the last motion event: MotionEvent#MOVE
10-16 02:09:48.619  1652  2392 I 106     : System spent 104.5ms processing the last motion event: MotionEvent#MOVE
10-16 02:09:51.120  1652  1799 I 322     : org.uhh.myapp#64#216
10-16 02:15:17.734  1652  1806 I 300     : 687
10-16 02:15:22.834  2585  3032 I 111     :  OptJank - high percentage:0.5
10-16 02:21:57.403 31146 31146 I 100     : Open /data/app/~~8DX007H2MroIuqKEtwwWig==/com.android.vending-PUSYY70f5dM0Cr1xYcjUIQ==/base.apk took:71ms
10-16 02:21:58.420 31265 31265 I 100     : Open /data/app/~~8DX007H2MroIuqKEtwwWig==/com.android.vending-PUSYY70f5dM0Cr1xYcjUIQ==/base.apk took:54ms
10-16 02:22:05.736 31146 31165 I 101     : #150
10-16 02:22:08.142 31672 31672 I 100     : Open /data/app/~~8DX007H2MroIuqKEtwwWig==/com.android.vending-PUSYY70f5dM0Cr1xYcjUIQ==/base.apk took:66ms
10-16 02:22:48.620 31146 31165 I 101     : #327
10-16 02:23:07.908  1652  1806 I 300     : 656
10-16 02:23:08.439  1652  2392 I 106     : System spent 183.8ms processing the last motion event: MotionEvent#MOVE
10-16 02:23:08.439  1652  2392 I 106     : System spent 177.0ms processing the last motion event: MotionEvent#MOVE
10-16 02:23:08.439  1652  2392 I 106     : System spent 164.3ms processing the last motion event: MotionEvent#MOVE
10-16 02:23:08.439  1652  2392 I 106     : System spent 150.0ms processing the last motion event: MotionEvent#MOVE
10-16 02:23:08.606  1652  2392 I 106     : System spent 251.8ms processing the last motion event: MotionEvent#MOVE
10-16 02:23:08.607  1652  2392 I 106     : System spent 230.4ms processing the last motion event: MotionEvent#MOVE
10-16 02:23:08.607  1652  2392 I 106     : System spent 223.7ms processing the last motion event: MotionEvent#MOVE
10-16 02:23:08.691  1652  2392 I 106     : System spent 341.0ms processing the last motion event: MotionEvent#MOVE
10-16 02:23:08.691  1652  2392 I 106     : System spent 312.4ms processing the last motion event: MotionEvent#MOVE
10-16 02:23:08.691  1652  2392 I 106     : System spent 305.2ms processing the last motion event: MotionEvent#MOVE
10-16 02:23:08.695  2585  3032 I 110     :  OptJank - total:85 frameGap:88 delta#33#49#1#48#0#1
10-16 02:23:08.785  1652  2392 I 106     : System spent 291.4ms processing the last motion event: MotionEvent#MOVE
10-16 02:23:08.785  1652  2392 I 106     : System spent 283.9ms processing the last motion event: MotionEvent#MOVE
10-16 02:23:08.785  1652  2392 I 106     : System spent 276.7ms processing the last motion event: MotionEvent#MOVE
10-16 02:23:08.785  1652  2392 I 106     : System spent 269.7ms processing the last motion event: MotionEvent#MOVE
10-16 02:23:08.785  1652  2392 I 106     : System spent 262.3ms processing the last motion event: MotionEvent#MOVE
10-16 02:23:08.786  1652  2392 I 106     : System spent 258.0ms processing the last motion event: MotionEvent#MOVE
10-16 02:23:08.786  1652  2392 I 106     : System spent 250.9ms processing the last motion event: MotionEvent#MOVE
10-16 02:23:08.786  1652  2392 I 106     : System spent 243.7ms processing the last motion event: MotionEvent#MOVE
10-16 02:23:08.786  1652  2392 I 106     : System spent 236.5ms processing the last motion event: MotionEvent#MOVE
10-16 02:23:08.786  1652  2392 I 106     : System spent 230.9ms processing the last motion event: MotionEvent#MOVE
10-16 02:23:08.786  1652  2392 I 106     : System spent 224.1ms processing the last motion event: MotionEvent#MOVE
10-16 02:23:08.804  1652  2392 I 106     : System spent 203.4ms processing the last motion event: MotionEvent#UP
10-16 02:23:08.895  2585  3032 I 110     :  OptJank - total:90 frameGap:115 delta#44#38#10#23#1#6
10-16 02:23:15.361  1652  1799 I 322     : org.uhh.myapp#70#249
10-16 02:23:20.134  1652  1799 I 322     : org.uhh.myapp#70#254
10-16 02:23:35.093 31146 31165 I 101     : #189
10-16 02:24:22.139   382   668 I 100     : Open /system/framework/com.android.media.remotedisplay.jar took:88ms
10-16 02:25:24.836  3351  3351 I 309     : package:com.venmo took:2477 calssname:android.app.ActivityThread$H callback:null what:110
10-16 02:26:47.103  1652  1806 I 300     : 386
10-16 02:26:48.555  1652  2392 I 106     : System spent 706.0ms processing the last motion event: MotionEvent#MOVE
10-16 02:26:48.555  1652  2392 I 106     : System spent 698.9ms processing the last motion event: MotionEvent#MOVE
10-16 02:26:48.555  1652  2392 I 106     : System spent 691.7ms processing the last motion event: MotionEvent#MOVE
10-16 02:26:48.555  1652  2392 I 106     : System spent 677.2ms processing the last motion event: MotionEvent#MOVE
10-16 02:26:48.555  1652  2392 I 106     : System spent 670.0ms processing the last motion event: MotionEvent#MOVE
10-16 02:26:48.579  1652  2392 I 106     : System spent 679.0ms processing the last motion event: MotionEvent#MOVE
10-16 02:26:48.583  1652  2392 I 106     : System spent 564.1ms processing the last motion event: MotionEvent#MOVE
10-16 02:26:48.588  1652  2392 I 106     : System spent 551.8ms processing the last motion event: MotionEvent#MOVE
10-16 02:26:48.588  1652  2392 I 106     : System spent 545.5ms processing the last motion event: MotionEvent#MOVE
10-16 02:26:48.588  1652  2392 I 106     : System spent 538.5ms processing the last motion event: MotionEvent#MOVE
10-16 02:26:48.588  1652  2392 I 106     : System spent 531.4ms processing the last motion event: MotionEvent#MOVE
10-16 02:26:48.588  1652  2392 I 106     : System spent 524.5ms processing the last motion event: MotionEvent#MOVE
10-16 02:26:48.588  1652  2392 I 106     : System spent 517.4ms processing the last motion event: MotionEvent#MOVE
10-16 02:26:48.588  1652  2392 I 106     : System spent 510.1ms processing the last motion event: MotionEvent#MOVE
10-16 02:26:48.593  1652  2392 I 106     : System spent 507.9ms processing the last motion event: MotionEvent#MOVE
10-16 02:26:48.605  1652  2392 I 106     : System spent 487.2ms processing the last motion event: MotionEvent#UP
10-16 02:26:54.437  1652  1799 I 322     : org.uhh.myapp#74#248
10-16 02:28:50.014  1652  1799 I 322     : org.uhh.myapp#114#292
10-16 02:30:32.570  1652  1799 I 322     : org.uhh.myapp#112#284
10-16 02:30:34.286 26743 26743 F libc    : Fatal signal 11 (SIGSEGV), code 1 (SEGV_MAPERR), fault addr 0x0 in tid 26743 (org.uhh.myapp), pid 26743 (org.uhh.myapp)
10-16 02:31:37.330  1652  1806 I 300     : 306
10-16 02:32:57.552  1652  1806 I 300     : 256
10-16 02:33:22.087  1652  1806 I 300     : 797
10-16 02:41:43.688  1652  1806 I 300     : 138
10-16 02:42:09.794  1652  1806 I 300     : 641
10-16 02:42:10.622   943  8370 F libc    : Fatal signal 11 (SIGSEGV), code 1 (SEGV_MAPERR), fault addr 0x8 in tid 8370 (HwBinder:943_5), pid 943 (provider@2.4-se)
10-16 02:42:10.829  6085  6085 F DEBUG   : *** *** *** *** *** *** *** *** *** *** *** *** *** *** *** ***
10-16 02:42:10.829  6085  6085 F DEBUG   : Build fingerprint: 'OnePlus/OnePlus7T/OnePlus7T:11/RKQ1.201022.002/2108181508:user/release-keys'
10-16 02:42:10.829  6085  6085 F DEBUG   : Revision: '0'
10-16 02:42:10.829  6085  6085 F DEBUG   : ABI: 'arm64'
10-16 02:42:10.829  6085  6085 F DEBUG   : Timestamp: 2021-10-16 02:42:10-0500
10-16 02:42:10.829  6085  6085 F DEBUG   : pid: 943, tid: 8370, name: HwBinder:943_5  >>> /vendor/bin/hw/android.hardware.camera.provider@2.4-service_64 <<<
10-16 02:42:10.829  6085  6085 F DEBUG   : uid: 1047
10-16 02:42:10.829  6085  6085 F DEBUG   : signal 11 (SIGSEGV), code 1 (SEGV_MAPERR), fault addr 0x8
10-16 02:42:10.829  6085  6085 F DEBUG   : Cause: null pointer dereference
10-16 02:42:10.829  6085  6085 F DEBUG   :     x0  0000000000000001  x1  0000000000000000  x2  0000000000000050  x3  0000000000000003
10-16 02:42:10.829  6085  6085 F DEBUG   :     x4  00000076898e34b0  x5  0000000000000060  x6  000000798d78d000  x7  0000000000f6e2c2
10-16 02:42:10.829  6085  6085 F DEBUG   :     x8  0000000000000000  x9  2669011af1a8f9b5  x10 00000000000000c0  x11 fffffffffffffffd
10-16 02:42:10.829  6085  6085 F DEBUG   :     x12 00000076898e35d0  x13 0000000000000062  x14 002437bb8f24b37a  x15 0000c732433eb9a3
10-16 02:42:10.829  6085  6085 F DEBUG   :     x16 000000798bed8470  x17 000000798bed0ad4  x18 0000007692ff44a0  x19 0000000000000000
10-16 02:42:10.829  6085  6085 F DEBUG   :     x20 00000076898e3ee0  x21 00000076928f0956  x22 00000076898e5000  x23 0000007692ad6df0
10-16 02:42:10.829  6085  6085 F DEBUG   :     x24 0000000000000000  x25 0000007692ad6df0  x26 000000769290aba9  x27 00000000ffffffff
10-16 02:42:10.829  6085  6085 F DEBUG   :     x28 00000076928f4bd4  x29 00000076898e3c30
10-16 02:42:10.829  6085  6085 F DEBUG   :     lr  0000007692938fa8  sp  00000076898e3bb0  pc  0000007692938fb0  pst 0000000060000000
10-16 02:42:10.865  6085  6085 F DEBUG   : backtrace:
10-16 02:42:10.866  6085  6085 F DEBUG   :       #00 pc 0000000000062fb0  /vendor/lib64/hw/com.qti.chi.override.so (ExtensionModule::HandleProcessRequestErrorAllPCRs(camera3_capture_request*, unsigned int)+192) (BuildId: 332542669faf5ed26e7c0d6eadeb3948)
10-16 02:42:10.866  6085  6085 F DEBUG   :       #01 pc 000000000005b5fc  /vendor/lib64/hw/com.qti.chi.override.so (chi_override_process_request(camera3_device const*, camera3_capture_request*, void*)+6124) (BuildId: 332542669faf5ed26e7c0d6eadeb3948)
10-16 02:42:10.866  6085  6085 F DEBUG   :       #02 pc 000000000021c0bc  /vendor/lib64/hw/camera.qcom.so (CamX::HAL3Module::SubmitRequestForTorch(unsigned int, CamX::TorchModeStatus)+196) (BuildId: 0e5d055f805285bd8324dfff00283d3f)
10-16 02:42:10.866  6085  6085 F DEBUG   :       #03 pc 000000000021bf00  /vendor/lib64/hw/camera.qcom.so (CamX::HAL3Module::SetTorchModeInternal(unsigned int, unsigned int, CamX::TorchModeStatus, int)+2488) (BuildId: 0e5d055f805285bd8324dfff00283d3f)
10-16 02:42:10.866  6085  6085 F DEBUG   :       #04 pc 0000000000211a18  /vendor/lib64/hw/camera.qcom.so (CamX::set_torch_mode(char const*, bool)+680) (BuildId: 0e5d055f805285bd8324dfff00283d3f)
10-16 02:42:10.866  6085  6085 F DEBUG   :       #05 pc 000000000002a280  /vendor/lib64/camera.device@3.2-impl.so (android::hardware::camera::device::V3_2::implementation::CameraDevice::setTorchMode(android::hardware::camera::common::V1_0::TorchMode)+360) (BuildId: 87985c7b4eeb0aa743ef3e9cbb21832f)
10-16 02:42:10.866  6085  6085 F DEBUG   :       #06 pc 00000000000183bc  /apex/com.android.vndk.v30/lib64/android.hardware.camera.device@3.2.so (android::hardware::camera::device::V3_2::BnHwCameraDevice::_hidl_setTorchMode(android::hidl::base::V1_0::BnHwBase*, android::hardware::Parcel const&, android::hardware::Parcel*, std::__1::function<void (android::hardware::Parcel&)>)+156) (BuildId: 7ad0626be8b5665647af37d2961dc889)
10-16 02:42:10.866  6085  6085 F DEBUG   :       #07 pc 0000000000018c84  /apex/com.android.vndk.v30/lib64/android.hardware.camera.device@3.2.so (android::hardware::camera::device::V3_2::BnHwCameraDevice::onTransact(unsigned int, android::hardware::Parcel const&, android::hardware::Parcel*, unsigned int, std::__1::function<void (android::hardware::Parcel&)>)+476) (BuildId: 7ad0626be8b5665647af37d2961dc889)
10-16 02:42:10.866  6085  6085 F DEBUG   :       #08 pc 00000000000828fc  /apex/com.android.vndk.v30/lib64/libhidlbase.so (android::hardware::BHwBinder::transact(unsigned int, android::hardware::Parcel const&, android::hardware::Parcel*, unsigned int, std::__1::function<void (android::hardware::Parcel&)>)+68) (BuildId: 2e76a139e7435867c6a93f5d7ab66657)
10-16 02:42:10.866  6085  6085 F DEBUG   :       #09 pc 0000000000086894  /apex/com.android.vndk.v30/lib64/libhidlbase.so (android::hardware::IPCThreadState::getAndExecuteCommand()+1076) (BuildId: 2e76a139e7435867c6a93f5d7ab66657)
10-16 02:42:10.866  6085  6085 F DEBUG   :       #10 pc 0000000000087adc  /apex/com.android.vndk.v30/lib64/libhidlbase.so (android::hardware::IPCThreadState::joinThreadPool(bool)+96) (BuildId: 2e76a139e7435867c6a93f5d7ab66657)
10-16 02:42:10.866  6085  6085 F DEBUG   :       #11 pc 0000000000096d00  /apex/com.android.vndk.v30/lib64/libhidlbase.so (android::hardware::PoolThread::threadLoop()+24) (BuildId: 2e76a139e7435867c6a93f5d7ab66657)
10-16 02:42:10.866  6085  6085 F DEBUG   :       #12 pc 00000000000154cc  /apex/com.android.vndk.v30/lib64/libutils.so (android::Thread::_threadLoop(void*)+260) (BuildId: 9ba073aa67c63fc79585ed41e25e487c)
10-16 02:42:10.866  6085  6085 F DEBUG   :       #13 pc 0000000000014d90  /apex/com.android.vndk.v30/lib64/libutils.so (thread_data_t::trampoline(thread_data_t const*)+412) (BuildId: 9ba073aa67c63fc79585ed41e25e487c)
10-16 02:42:10.866  6085  6085 F DEBUG   :       #14 pc 00000000000b0048  /apex/com.android.runtime/lib64/bionic/libc.so (__pthread_start(void*)+64) (BuildId: 07fbaeed7b7a19203975f06be6f1d5ef)
10-16 02:42:10.866  6085  6085 F DEBUG   :       #15 pc 00000000000503c8  /apex/com.android.runtime/lib64/bionic/libc.so (__start_thread+64) (BuildId: 07fbaeed7b7a19203975f06be6f1d5ef)
10-16 02:42:20.192  1652  1806 I 300     : 823
10-16 02:43:00.055  1652  1806 I 300     : 60
10-16 02:43:26.188  1652  1806 I 300     : 115
10-16 02:43:26.298  1652  2392 I 106     : System spent 139.9ms processing the last key event: KeyEvent#134
10-16 02:44:01.400  2585  3032 I 110     :  OptJank - total:140 frameGap:147 delta#99#36#3#29#0#4
10-16 02:44:11.548  6775  6775 I 100     : Open /data/app/~~28xMrISn7qo0fz1FDsuhOg==/com.google.android.apps.docs-RKzn5Jx5BfjCdUxpS3jW0w==/base.apk took:75ms
10-16 02:44:12.864  6970  6970 I 100     : Open /data/app/~~gtgxhpITGw3eHQDtlhdWNg==/com.google.android.apps.photos-lYaZhijrQZ788RQXZhZxsQ==/base.apk took:100ms
10-16 02:44:13.925  7100  7100 I 100     : Open /data/app/~~Mfs2uVuCCAUTVe0dU0dTHA==/com.google.android.apps.walletnfcrel-EWEEmryEkczwo9DnI-DPtA==/base.apk took:56ms
10-16 02:44:14.502  7148  7148 I 100     : Open /data/app/~~q7GPwYBt9jnEiLdnYvXO0g==/com.google.android.apps.wellbeing-rJI28woGBZcI5Pn-htZ3EA==/base.apk took:51ms
10-16 02:44:14.921  7199  7199 I 100     : Open /data/app/~~Z7axqFSOW96XVfBxZbKYQg==/com.google.android.apps.youtube.music-WXnKjkqnx0GQlacDpmX3lQ==/base.apk took:68ms
10-16 02:44:15.235  7199  7243 I 100     : Open /system/framework/com.android.media.remotedisplay.jar took:54ms
10-16 02:44:15.314  7291  7291 I 100     : Open /data/app/~~9BhZSFC2D2sQ9LHsC2LtxA==/com.google.android.calendar-NAV-GJs3eyjDxYg26-61qg==/base.apk took:64ms
10-16 02:44:15.336  7199  7243 I 100     : Open /system/framework/com.android.location.provider.jar took:94ms
10-16 02:44:16.238  7471  7471 I 100     : Open /data/app/~~lSdH2MRD0aLKtoj9W9seUg==/com.google.android.videos-79DXfg2ZMcwVif5l4rlQaw==/base.apk took:58ms
10-16 02:44:18.133  7700  7700 I 100     : Open /data/app/~~z-lG07TybIgdWXLpzUadiw==/com.google.android.apps.dynamite--sjTziB_My89uSW_VXOObg==/base.apk took:59ms
10-16 02:45:17.594  8447  8577 I 100     : Open /data/user_de/0/com.google.android.gms/app_chimera/m/0000021f/MeasurementDynamite.apk took:58ms
10-16 02:52:11.479 30502  4194 I 111     :  OptJank - continuously drops frames:4
10-16 02:53:24.774 30502  4194 I 111     :  OptJank - continuously drops frames:4
10-16 02:55:49.543  1652  1799 I 322     : org.mozilla.firefox#50#677
10-16 02:55:53.392  9924  9924 I 100     : Open /system/reserve/OPNote/OPNote.apk took:51ms
10-16 02:55:53.638  1652  2392 I 106     : System spent 189.3ms processing the last motion event: MotionEvent#MOVE
10-16 02:55:53.640  1652  2392 I 106     : System spent 183.3ms processing the last motion event: MotionEvent#MOVE
10-16 02:55:53.648  1652  2392 I 106     : System spent 184.2ms processing the last motion event: MotionEvent#MOVE
10-16 02:55:53.648  1652  2392 I 106     : System spent 177.1ms processing the last motion event: MotionEvent#MOVE
10-16 02:55:53.649  1652  2392 I 106     : System spent 170.6ms processing the last motion event: MotionEvent#MOVE
10-16 02:55:53.649  1652  2392 I 106     : System spent 164.1ms processing the last motion event: MotionEvent#MOVE
10-16 02:55:53.650  1652  2392 I 106     : System spent 157.4ms processing the last motion event: MotionEvent#MOVE
10-16 02:55:53.650  1652  2392 I 106     : System spent 150.8ms processing the last motion event: MotionEvent#MOVE
10-16 02:55:53.658  1652  2392 I 106     : System spent 144.6ms processing the last motion event: MotionEvent#UP
10-16 02:55:54.699  1652  2392 I 106     : System spent 101.9ms processing the last motion event: MotionEvent#DOWN
10-16 02:55:54.906  1652  1799 I 322     : org.mozilla.focus#-1#196
10-16 02:59:22.504  1652  2392 I 106     : System spent 169.7ms processing the last motion event: MotionEvent#POINTER_DOWN
10-16 02:59:22.504  1652  2392 I 106     : System spent 163.1ms processing the last motion event: MotionEvent#POINTER_UP
10-16 02:59:22.514  1652  2392 I 106     : System spent 122.0ms processing the last motion event: MotionEvent#UP
10-16 02:59:25.536  1652  2392 I 106     : System spent 130.7ms processing the last motion event: MotionEvent#DOWN
10-16 02:59:28.525  1652  2392 I 106     : System spent 150.3ms processing the last motion event: MotionEvent#DOWN
10-16 02:59:37.604  1652  2392 I 106     : System spent 197.1ms processing the last motion event: MotionEvent#MOVE
10-16 02:59:37.604  1652  2392 I 106     : System spent 190.9ms processing the last motion event: MotionEvent#MOVE
10-16 02:59:37.605  1652  2392 I 106     : System spent 184.2ms processing the last motion event: MotionEvent#MOVE
10-16 02:59:37.605  1652  2392 I 106     : System spent 177.4ms processing the last motion event: MotionEvent#MOVE
10-16 02:59:37.606  1652  2392 I 106     : System spent 170.6ms processing the last motion event: MotionEvent#MOVE
10-16 02:59:37.607  1652  2392 I 106     : System spent 163.7ms processing the last motion event: MotionEvent#MOVE
10-16 02:59:37.607  1652  2392 I 106     : System spent 156.8ms processing the last motion event: MotionEvent#MOVE
10-16 02:59:37.607  1652  2392 I 106     : System spent 149.7ms processing the last motion event: MotionEvent#MOVE
10-16 02:59:37.607  1652  2392 I 106     : System spent 142.7ms processing the last motion event: MotionEvent#MOVE
10-16 02:59:37.607  1652  2392 I 106     : System spent 135.7ms processing the last motion event: MotionEvent#MOVE
10-16 02:59:37.608  1652  2392 I 106     : System spent 128.9ms processing the last motion event: MotionEvent#MOVE
10-16 02:59:37.608  1652  2392 I 106     : System spent 121.6ms processing the last motion event: MotionEvent#MOVE
10-16 02:59:37.608  1652  2392 I 106     : System spent 114.8ms processing the last motion event: MotionEvent#MOVE
10-16 02:59:37.609  1652  2392 I 106     : System spent 107.7ms processing the last motion event: MotionEvent#MOVE
10-16 02:59:37.618  1652  2392 I 106     : System spent 101.1ms processing the last motion event: MotionEvent#UP
10-16 02:59:52.289  1652  1799 I 322     : org.mozilla.focus#-1#119
10-16 03:01:00.174  1652  2392 I 106     : System spent 174.6ms processing the last motion event: MotionEvent#MOVE
10-16 03:01:00.178  1652  2392 I 106     : System spent 163.0ms processing the last motion event: MotionEvent#MOVE
10-16 03:01:00.183  1652  2392 I 106     : System spent 161.2ms processing the last motion event: MotionEvent#MOVE
10-16 03:01:00.183  1652  2392 I 106     : System spent 154.5ms processing the last motion event: MotionEvent#MOVE
10-16 03:01:00.184  1652  2392 I 106     : System spent 147.4ms processing the last motion event: MotionEvent#MOVE
10-16 03:01:00.186  1652  2392 I 106     : System spent 134.9ms processing the last motion event: MotionEvent#MOVE
10-16 03:01:00.186  1652  2392 I 106     : System spent 121.2ms processing the last motion event: MotionEvent#MOVE
10-16 03:01:00.186  1652  2392 I 106     : System spent 106.9ms processing the last motion event: MotionEvent#MOVE
10-16 03:01:59.912 18444 18569 I 110     :  OptJank - total:115 frameGap:145 delta#99#13#10#3#0#1
10-16 03:07:57.185  1652  2392 I 106     : System spent 228.0ms processing the last motion event: MotionEvent#MOVE
10-16 03:07:57.187  1652  2392 I 106     : System spent 222.1ms processing the last motion event: MotionEvent#MOVE
10-16 03:07:57.187  1652  2392 I 106     : System spent 214.9ms processing the last motion event: MotionEvent#MOVE
10-16 03:07:57.187  1652  2392 I 106     : System spent 208.2ms processing the last motion event: MotionEvent#MOVE
10-16 03:07:57.188  1652  2392 I 106     : System spent 201.5ms processing the last motion event: MotionEvent#MOVE
10-16 03:07:57.188  1652  2392 I 106     : System spent 194.4ms processing the last motion event: MotionEvent#MOVE
10-16 03:07:57.190  1652  2392 I 106     : System spent 187.2ms processing the last motion event: MotionEvent#MOVE
10-16 03:07:57.190  1652  2392 I 106     : System spent 179.9ms processing the last motion event: MotionEvent#MOVE
10-16 03:07:57.190  1652  2392 I 106     : System spent 173.1ms processing the last motion event: MotionEvent#MOVE
10-16 03:07:57.190  1652  2392 I 106     : System spent 166.0ms processing the last motion event: MotionEvent#MOVE
10-16 03:07:57.193  1652  2392 I 106     : System spent 163.3ms processing the last motion event: MotionEvent#MOVE
10-16 03:07:57.193  1652  2392 I 106     : System spent 156.6ms processing the last motion event: MotionEvent#MOVE
10-16 03:07:57.196  1652  2392 I 106     : System spent 150.0ms processing the last motion event: MotionEvent#MOVE
10-16 03:07:57.196  1652  2392 I 106     : System spent 143.5ms processing the last motion event: MotionEvent#MOVE
10-16 03:07:57.196  1652  2392 I 106     : System spent 136.3ms processing the last motion event: MotionEvent#MOVE
10-16 03:07:57.196  1652  2392 I 106     : System spent 122.2ms processing the last motion event: MotionEvent#MOVE
10-16 03:07:57.198  1652  2392 I 106     : System spent 116.7ms processing the last motion event: MotionEvent#MOVE
10-16 03:07:57.198  1652  2392 I 106     : System spent 110.1ms processing the last motion event: MotionEvent#MOVE
10-16 03:11:35.208  1652  2392 I 106     : System spent 115.3ms processing the last motion event: MotionEvent#MOVE
10-16 03:11:35.209  1652  2392 I 106     : System spent 108.7ms processing the last motion event: MotionEvent#MOVE
10-16 03:11:35.209  1652  2392 I 106     : System spent 102.7ms processing the last motion event: MotionEvent#MOVE
10-16 03:11:35.348  1652  2392 I 106     : System spent 233.3ms processing the last motion event: MotionEvent#MOVE
10-16 03:11:35.348  1652  2392 I 106     : System spent 226.4ms processing the last motion event: MotionEvent#MOVE
10-16 03:11:35.367  1652  2392 I 106     : System spent 220.4ms processing the last motion event: MotionEvent#MOVE
10-16 03:11:35.367  1652  2392 I 106     : System spent 213.7ms processing the last motion event: MotionEvent#MOVE
10-16 03:11:35.367  1652  2392 I 106     : System spent 206.7ms processing the last motion event: MotionEvent#MOVE
10-16 03:11:35.367  1652  2392 I 106     : System spent 199.5ms processing the last motion event: MotionEvent#MOVE
10-16 03:11:35.367  1652  2392 I 106     : System spent 192.3ms processing the last motion event: MotionEvent#MOVE
10-16 03:11:35.367  1652  2392 I 106     : System spent 190.5ms processing the last motion event: MotionEvent#MOVE
10-16 03:11:35.367  1652  2392 I 106     : System spent 184.0ms processing the last motion event: MotionEvent#MOVE
10-16 03:11:35.367  1652  2392 I 106     : System spent 177.6ms processing the last motion event: MotionEvent#MOVE
10-16 03:11:35.367  1652  2392 I 106     : System spent 170.8ms processing the last motion event: MotionEvent#MOVE
10-16 03:11:35.367  1652  2392 I 106     : System spent 163.7ms processing the last motion event: MotionEvent#MOVE
10-16 03:11:35.367  1652  2392 I 106     : System spent 156.7ms processing the last motion event: MotionEvent#MOVE
10-16 03:11:35.367  1652  2392 I 106     : System spent 149.6ms processing the last motion event: MotionEvent#MOVE
10-16 03:11:35.367  1652  2392 I 106     : System spent 142.7ms processing the last motion event: MotionEvent#MOVE
10-16 03:11:35.367  1652  2392 I 106     : System spent 135.7ms processing the last motion event: MotionEvent#MOVE
10-16 03:11:35.367  1652  2392 I 106     : System spent 128.7ms processing the last motion event: MotionEvent#MOVE
10-16 03:11:35.368  1652  2392 I 106     : System spent 121.5ms processing the last motion event: MotionEvent#MOVE
10-16 03:11:35.368  1652  2392 I 106     : System spent 114.4ms processing the last motion event: MotionEvent#MOVE
10-16 03:11:35.368  1652  2392 I 106     : System spent 107.6ms processing the last motion event: MotionEvent#MOVE
10-16 03:11:35.368  1652  2392 I 106     : System spent 100.5ms processing the last motion event: MotionEvent#MOVE
10-16 03:16:50.777  1652  1799 I 322     : org.mozilla.focus#-1#183
10-16 03:21:50.448  1652  2392 I 106     : System spent 175.6ms processing the last motion event: MotionEvent#MOVE
10-16 03:21:50.449  1652  2392 I 106     : System spent 169.4ms processing the last motion event: MotionEvent#MOVE
10-16 03:21:50.450  1652  2392 I 106     : System spent 163.1ms processing the last motion event: MotionEvent#MOVE
10-16 03:21:50.450  1652  2392 I 106     : System spent 156.4ms processing the last motion event: MotionEvent#MOVE
10-16 03:21:50.451  1652  2392 I 106     : System spent 149.9ms processing the last motion event: MotionEvent#MOVE
10-16 03:21:50.451  1652  2392 I 106     : System spent 142.8ms processing the last motion event: MotionEvent#MOVE
10-16 03:21:50.451  1652  2392 I 106     : System spent 135.7ms processing the last motion event: MotionEvent#MOVE
10-16 03:21:50.452  1652  2392 I 106     : System spent 128.8ms processing the last motion event: MotionEvent#MOVE
10-16 03:21:50.452  1652  2392 I 106     : System spent 122.0ms processing the last motion event: MotionEvent#MOVE
10-16 03:21:50.454  1652  2392 I 106     : System spent 116.7ms processing the last motion event: MotionEvent#MOVE
10-16 03:21:50.455  1652  2392 I 106     : System spent 109.9ms processing the last motion event: MotionEvent#MOVE
10-16 03:21:50.455  1652  2392 I 106     : System spent 102.9ms processing the last motion event: MotionEvent#MOVE
10-16 03:29:02.006  1652  1806 I 300     : 824
10-16 03:29:02.698  1652  2392 I 106     : System spent 150.1ms processing the last motion event: MotionEvent#MOVE
10-16 03:29:02.702  1652  2392 I 106     : System spent 145.8ms processing the last motion event: MotionEvent#MOVE
10-16 03:29:02.702  1652  2392 I 106     : System spent 139.2ms processing the last motion event: MotionEvent#MOVE
10-16 03:29:02.703  1652  2392 I 106     : System spent 132.5ms processing the last motion event: MotionEvent#MOVE
10-16 03:29:02.706  1652  2392 I 106     : System spent 128.3ms processing the last motion event: MotionEvent#MOVE
10-16 03:29:02.707  1652  2392 I 106     : System spent 122.0ms processing the last motion event: MotionEvent#MOVE
10-16 03:29:02.707  1652  2392 I 106     : System spent 115.1ms processing the last motion event: MotionEvent#MOVE
10-16 03:29:02.708  1652  2392 I 106     : System spent 108.7ms processing the last motion event: MotionEvent#MOVE
10-16 03:29:02.708  1652  2392 I 106     : System spent 101.8ms processing the last motion event: MotionEvent#MOVE
10-16 03:29:04.287  1652  2392 I 106     : System spent 102.7ms processing the last motion event: MotionEvent#MOVE
10-16 03:30:00.333  1652  2392 I 106     : System spent 167.6ms processing the last motion event: MotionEvent#MOVE
10-16 03:30:00.333  1652  2392 I 106     : System spent 160.6ms processing the last motion event: MotionEvent#MOVE
10-16 03:30:00.336  1652  2392 I 106     : System spent 156.3ms processing the last motion event: MotionEvent#MOVE
10-16 03:30:00.336  1652  2392 I 106     : System spent 149.2ms processing the last motion event: MotionEvent#MOVE
10-16 03:30:00.336  1652  2392 I 106     : System spent 142.0ms processing the last motion event: MotionEvent#MOVE
10-16 03:30:00.336  1652  2392 I 106     : System spent 135.0ms processing the last motion event: MotionEvent#MOVE
10-16 03:30:00.336  1652  2392 I 106     : System spent 127.8ms processing the last motion event: MotionEvent#MOVE
10-16 03:30:00.336  1652  2392 I 106     : System spent 120.8ms processing the last motion event: MotionEvent#MOVE
10-16 03:30:00.337  1652  2392 I 106     : System spent 113.8ms processing the last motion event: MotionEvent#MOVE
10-16 03:30:00.337  1652  2392 I 106     : System spent 106.6ms processing the last motion event: MotionEvent#MOVE
10-16 03:30:06.588 30502  4194 I 111     :  OptJank - continuously drops frames:4
10-16 03:33:08.448  1652  2392 I 106     : System spent 107.9ms processing the last motion event: MotionEvent#DOWN
10-16 03:33:38.296 30502  4194 I 111     :  OptJank - continuously drops frames:4
10-16 03:36:49.532 30502  4194 I 111     :  OptJank - continuously drops frames:4
10-16 03:39:19.007  1652  1799 I 322     : org.mozilla.focus#-1#163
10-16 03:42:25.828  1652  2392 I 106     : System spent 163.2ms processing the last motion event: MotionEvent#MOVE
10-16 03:42:25.835  1652  2392 I 106     : System spent 143.3ms processing the last motion event: MotionEvent#UP
10-16 03:43:48.499 30502  4194 I 110     :  OptJank - total:84 frameGap:1919 delta#0#82#0#82#0#1
10-16 03:44:12.945 30502  4194 I 110     :  OptJank - total:10 frameGap:10 delta#0#158#0#157#0#3
10-16 03:46:34.901 30502  4194 I 111     :  OptJank - continuously drops frames:4
10-16 03:46:52.524  1652  2392 I 106     : System spent 119.3ms processing the last motion event: MotionEvent#MOVE
10-16 03:46:52.610  1652  2392 I 106     : System spent 176.5ms processing the last motion event: MotionEvent#MOVE
10-16 03:46:52.614  1652  2392 I 106     : System spent 156.1ms processing the last motion event: MotionEvent#MOVE
10-16 03:46:52.614  1652  2392 I 106     : System spent 134.7ms processing the last motion event: MotionEvent#MOVE
10-16 03:46:52.615  1652  2392 I 106     : System spent 106.0ms processing the last motion event: MotionEvent#MOVE
10-16 03:53:02.360 16420 16420 I 100     : Open /data/app/~~8DX007H2MroIuqKEtwwWig==/com.android.vending-PUSYY70f5dM0Cr1xYcjUIQ==/base.apk took:66ms
10-16 03:53:43.739 16513 16528 I 101     : #252
10-16 03:54:59.518 16644 16644 I 100     : Open /data/app/~~oCYetYKDzHAVzV1oxf7ZrA==/whitecastle.ordering-9kUSDPJLbLZXjRAC89nH7g==/base.apk took:57ms
10-16 03:55:00.427 16644 16644 I 309     : package:whitecastle.ordering took:1002 calssname:android.app.ActivityThread$H callback:null what:110
10-16 04:28:02.332 17234 17234 I 100     : Open /data/app/~~szWNaASBI6_xnwwX9igpLg==/com.instagram.android-Kf_FuCwo765_Ak3yBvelXQ==/base.apk took:57ms
10-16 04:28:04.062 17234 17234 I 309     : package:com.instagram.android took:1812 calssname:android.app.ActivityThread$H callback:null what:110
10-16 04:48:07.390 18164 18164 I 100     : Open /data/app/~~28xMrISn7qo0fz1FDsuhOg==/com.google.android.apps.docs-RKzn5Jx5BfjCdUxpS3jW0w==/base.apk took:93ms
10-16 04:48:08.075 18259 18259 I 100     : Open /data/app/~~gtgxhpITGw3eHQDtlhdWNg==/com.google.android.apps.photos-lYaZhijrQZ788RQXZhZxsQ==/base.apk took:98ms
10-16 04:48:08.889 18372 18372 I 100     : Open /data/app/~~CYGjFjNyEYt4v9RqEIg82A==/com.google.android.apps.tachyon-jJcRyNDDYNF9MEded7PE9Q==/base.apk took:60ms
10-16 04:48:10.803 18671 18671 I 100     : Open /data/app/~~9BhZSFC2D2sQ9LHsC2LtxA==/com.google.android.calendar-NAV-GJs3eyjDxYg26-61qg==/base.apk took:62ms
10-16 04:48:10.863 18583 18631 I 100     : Open /system/framework/com.android.media.remotedisplay.jar took:74ms
10-16 04:48:10.931 18583 18631 I 100     : Open /system/framework/com.android.location.provider.jar took:60ms
10-16 04:48:12.462 18942 18942 I 100     : Open /data/app/~~UK5PcHvt2YZ73u1y-927LQ==/com.oneplus.brickmode-4OL_ylbjelgJmpNp_XYOgw==/base.apk took:51ms
10-16 04:48:13.601 19083 19083 I 100     : Open /data/app/~~z-lG07TybIgdWXLpzUadiw==/com.google.android.apps.dynamite--sjTziB_My89uSW_VXOObg==/base.apk took:58ms
10-16 04:48:13.985 19083 19171 I 100     : Open /system/framework/org.apache.http.legacy.jar took:59ms
10-16 04:48:14.056 19083 19171 I 100     : Open /system/framework/com.android.media.remotedisplay.jar took:52ms
10-16 04:48:15.522 19448 19448 I 100     : Open /data/app/~~kRBvbFMFFRfEhxUzml5wjw==/com.google.android.play.games-hym-Jnb8eYZ9nLQ75eE-gQ==/base.apk took:53ms
10-16 06:50:24.478 25349 25414 I 101     : #159
10-16 08:29:12.958 21790 21790 I 100     : Open /data/app/~~kZVGQ0ufKxT5LiAXBzZEPg==/com.google.android.apps.maps-FBSs59aHrr_GjctqlL39Uw==/base.apk took:87ms
10-16 08:29:13.676 21796 21881 I 100     : Open /data/app/~~bmCnN4E0zRyd7vlkoHmz6A==/com.google.android.webview-F1f62tnwXmUbCtyxDcY3qQ==/base.apk took:315ms
10-16 08:29:13.832 21796 22013 I 100     : Open /data/user_de/0/com.google.android.gms/app_chimera/m/0000021a/DynamiteLoader.apk took:65ms
10-16 08:29:14.814 21790 21790 I 309     : package:com.google.android.apps.maps took:1284 calssname:android.app.ActivityThread$H callback:null what:114
10-16 08:29:15.998 21790 22185 I 101     : #544
10-16 08:29:16.662 12545 12565 I 101     : #1625
10-16 08:29:16.787 22216 22362 I 100     : Open /data/app/~~MWcyAkrp8K_gtI2_LRurCA==/com.google.android.trichromelibrary_460608534-qgEKQeh5R29dD-J_hsjN2g==/base.apk took:58ms
10-16 08:29:16.798 22216 22216 I 309     : package:com.zhiliaoapp.musically took:1036 calssname:android.app.ActivityThread$H callback:null what:110
10-16 08:29:18.639  1652  1806 I 300     : 378
10-16 08:29:18.818 21941 21972 I 101     : #280
10-16 08:29:20.698 22630 22630 I 309     : package:whitecastle.ordering took:1027 calssname:android.app.ActivityThread$H callback:null what:110
10-16 08:29:23.284 22922 22922 I 100     : Open /data/app/~~Z7axqFSOW96XVfBxZbKYQg==/com.google.android.apps.youtube.music-WXnKjkqnx0GQlacDpmX3lQ==/base.apk took:52ms
10-16 08:29:23.763 22922 22962 I 100     : Open /system/framework/com.android.media.remotedisplay.jar took:116ms
10-16 08:29:25.949 23297 23363 I 100     : Open /system/framework/org.apache.http.legacy.jar took:89ms
10-16 08:29:25.991 23297 23342 I 100     : Open /data/user_de/0/com.google.android.gms/app_chimera/m/0000021a/DynamiteLoader.apk took:95ms
10-16 08:29:29.668 23894 23894 I 100     : Open /data/app/~~fJ0S83xywFiHkirKJN9U4w==/com.google.android.googlequicksearchbox-VsEIGJ2kSvoDFH9cAmhozQ==/base.apk took:94ms
