10-16 08:29:39.151 24088 24088 I 309     : package:com.instagram.android took:1590 calssname:android.app.ActivityThread$H callback:null what:110
10-16 08:29:39.315 24228 24228 I 100     : Open /data/app/~~PmYeYUJd3DQ97Ut73FNU0A==/org.thoughtcrime.securesms-e3icRkn2ToLVrsDWRXnXCQ==/base.apk took:59ms
10-16 08:39:14.367  1652  3004 I 300     : 183
10-16 08:39:17.572  1652  2392 I 106     : System spent 174.8ms processing the last motion event: MotionEvent#MOVE
10-16 08:39:17.573  1652  2392 I 106     : System spent 161.3ms processing the last motion event: MotionEvent#UP
10-16 08:39:18.345  2585  3032 I 111     :  OptJank - continuously drops frames:4
10-16 08:39:18.446  2585  3032 I 111     :  OptJank - continuously drops frames:4
10-16 08:39:18.464  2585  3032 I 111     :  OptJank - high percentage:0.65
10-16 08:39:33.401  2585  3032 I 110     :  OptJank - total:94 frameGap:94 delta#244#74#9#61#1#16
10-16 08:39:38.598  1652  1806 I 300     : 136
10-16 08:39:39.958  1652  2392 I 106     : System spent 224.7ms processing the last motion event: MotionEvent#MOVE
10-16 08:39:39.961  1652  2392 I 106     : System spent 198.7ms processing the last motion event: MotionEvent#MOVE
10-16 08:39:39.967  1652  2392 I 106     : System spent 177.9ms processing the last motion event: MotionEvent#MOVE
10-16 08:39:39.967  1652  2392 I 106     : System spent 138.2ms processing the last motion event: MotionEvent#MOVE
10-16 08:39:39.967  1652  2392 I 106     : System spent 124.5ms processing the last motion event: MotionEvent#MOVE
10-16 08:39:39.967  1652  2392 I 106     : System spent 117.9ms processing the last motion event: MotionEvent#MOVE
10-16 08:39:39.967  1652  2392 I 106     : System spent 110.7ms processing the last motion event: MotionEvent#MOVE
10-16 08:39:45.284  1652  2392 I 106     : System spent 130.5ms processing the last motion event: MotionEvent#DOWN
10-16 08:44:06.661  1652  1806 I 300     : 100
10-16 08:44:08.972  1652  1806 I 300     : 793
10-16 08:44:10.320  2585  3032 I 110     :  OptJank - total:96 frameGap:110 delta#44#50#5#45#0#1
10-16 08:44:10.417  2585  3032 I 110     :  OptJank - total:93 frameGap:93 delta#133#10#7#1#0#1
10-16 08:44:16.940  2585  3032 I 110     :  OptJank - total:79 frameGap:253 delta#44#33#1#31#0#1
10-16 08:49:01.293  1652  1806 I 300     : 271
10-16 08:49:01.590 25330 25330 I 309     : package:com.spotify.music took:1011 calssname:android.app.ActivityThread$H callback:null what:110
10-16 08:49:12.285  1652  2392 I 106     : System spent 153.7ms processing the last motion event: MotionEvent#MOVE
10-16 08:49:12.285  1652  2392 I 106     : System spent 146.9ms processing the last motion event: MotionEvent#MOVE
10-16 08:49:12.285  1652  2392 I 106     : System spent 140.3ms processing the last motion event: MotionEvent#MOVE
10-16 08:49:12.285  1652  2392 I 106     : System spent 133.1ms processing the last motion event: MotionEvent#MOVE
10-16 08:49:12.285  1652  2392 I 106     : System spent 137.9ms processing the last motion event: MotionEvent#MOVE
10-16 08:49:12.285  1652  2392 I 106     : System spent 132.7ms processing the last motion event: MotionEvent#MOVE
10-16 08:49:12.285  1652  2392 I 106     : System spent 125.9ms processing the last motion event: MotionEvent#MOVE
10-16 08:49:12.285  1652  2392 I 106     : System spent 122.4ms processing the last motion event: MotionEvent#MOVE
10-16 08:49:12.285  1652  2392 I 106     : System spent 102.3ms processing the last motion event: MotionEvent#UP
10-16 08:49:21.679 16170 16556 I 111     :  OptJank - continuously drops frames:4
10-16 08:49:21.848 16170 16556 I 111     :  OptJank - high percentage:0.45
10-16 08:49:33.348  2585  3032 I 111     :  OptJank - continuously drops frames:4
10-16 08:49:33.438  2585  3032 I 111     :  OptJank - continuously drops frames:4
10-16 08:49:33.464  2585  3032 I 111     :  OptJank - high percentage:0.45
10-16 08:49:34.031  1652  1799 I 322     : com.Slack#-1#221
10-16 08:49:34.317 27913 31022 I 110     :  OptJank - total:165 frameGap:165 delta#22#160#6#154#1#2
10-16 08:49:34.713 27913 31022 I 110     :  OptJank - total:119 frameGap:119 delta#11#138#7#27#0#6
10-16 08:50:51.642  1652  1806 I 300     : 878
10-16 08:50:52.100  2585  3032 I 110     :  OptJank - total:99 frameGap:99 delta#44#53#7#46#0#1
10-16 08:50:52.276  1652  2392 I 106     : System spent 136.9ms processing the last motion event: MotionEvent#MOVE
10-16 08:50:52.276  1652  2392 I 106     : System spent 129.8ms processing the last motion event: MotionEvent#MOVE
10-16 08:50:52.282  1652  2392 I 106     : System spent 130.9ms processing the last motion event: MotionEvent#MOVE
10-16 08:50:52.282  1652  2392 I 106     : System spent 124.0ms processing the last motion event: MotionEvent#MOVE
10-16 08:50:52.282  1652  2392 I 106     : System spent 116.7ms processing the last motion event: MotionEvent#MOVE
10-16 08:50:52.283  1652  2392 I 106     : System spent 109.8ms processing the last motion event: MotionEvent#MOVE
10-16 08:50:52.283  1652  2392 I 106     : System spent 102.8ms processing the last motion event: MotionEvent#MOVE
10-16 08:50:52.453  1652  2392 I 106     : System spent 254.4ms processing the last motion event: MotionEvent#MOVE
10-16 08:50:52.542  1652  2392 I 106     : System spent 339.9ms processing the last motion event: MotionEvent#MOVE
10-16 08:50:52.547  1652  2392 I 106     : System spent 325.9ms processing the last motion event: MotionEvent#UP
10-16 08:50:57.203  1652  2392 I 106     : System spent 210.7ms processing the last motion event: MotionEvent#DOWN
10-16 08:50:57.204  1652  2392 I 106     : System spent 189.6ms processing the last motion event: MotionEvent#MOVE
10-16 08:50:57.204  1652  2392 I 106     : System spent 183.4ms processing the last motion event: MotionEvent#MOVE
10-16 08:50:57.204  1652  2392 I 106     : System spent 176.3ms processing the last motion event: MotionEvent#MOVE
10-16 08:50:57.204  1652  2392 I 106     : System spent 169.3ms processing the last motion event: MotionEvent#MOVE
10-16 08:50:57.204  1652  2392 I 106     : System spent 162.3ms processing the last motion event: MotionEvent#MOVE
10-16 08:50:57.205  1652  2392 I 106     : System spent 154.9ms processing the last motion event: MotionEvent#MOVE
10-16 08:50:57.206  1652  2392 I 106     : System spent 150.0ms processing the last motion event: MotionEvent#MOVE
10-16 08:50:57.207  1652  2392 I 106     : System spent 144.2ms processing the last motion event: MotionEvent#MOVE
10-16 08:50:57.208  1652  2392 I 106     : System spent 137.7ms processing the last motion event: MotionEvent#MOVE
10-16 08:50:57.209  1652  2392 I 106     : System spent 131.2ms processing the last motion event: MotionEvent#MOVE
10-16 08:50:57.209  1652  2392 I 106     : System spent 124.9ms processing the last motion event: MotionEvent#MOVE
10-16 08:50:57.210  1652  2392 I 106     : System spent 118.4ms processing the last motion event: MotionEvent#MOVE
10-16 08:50:57.211  1652  2392 I 106     : System spent 112.4ms processing the last motion event: MotionEvent#MOVE
10-16 08:50:57.213  1652  2392 I 106     : System spent 105.6ms processing the last motion event: MotionEvent#MOVE
10-16 08:50:57.728 30519 29402 I 110     :  OptJank - total:84 frameGap:450 delta#77#3#3#0#0#2
10-16 08:50:58.103  1652  1799 I 322     : com.discord#-1#449
10-16 08:51:16.269  1652  1799 I 322     : com.discord#-1#137
10-16 08:51:25.245  2585  3032 I 111     :  OptJank - continuously drops frames:4
10-16 08:51:25.358  2585  3032 I 111     :  OptJank - continuously drops frames:4
10-16 08:51:25.465  2585  3032 I 111     :  OptJank - high percentage:0.75
10-16 08:51:25.477  2585  3032 I 111     :  OptJank - continuously drops frames:4
10-16 08:51:25.631  2585  3032 I 111     :  OptJank - continuously drops frames:4
10-16 08:51:25.675  2585  3032 I 111     :  OptJank - high percentage:0.5
10-16 08:51:26.314  1652  1799 I 322     : com.snapchat.android#-1#544
10-16 08:51:26.612 26035 26435 I 110     :  OptJank - total:117 frameGap:124 delta#11#65#1#64#0#40
10-16 08:51:26.865 26035 26435 I 110     :  OptJank - total:117 frameGap:131 delta#0#116#0#14#0#1
10-16 08:51:30.797 26035 26435 I 110     :  OptJank - total:68 frameGap:68 delta#0#7#3#3#0#67
10-16 08:51:38.187 26035 26435 I 111     :  OptJank - continuously drops frames:4
10-16 08:51:38.359  1652  2392 I 106     : System spent 104.6ms processing the last motion event: MotionEvent#MOVE
10-16 08:51:40.736  1652  2392 I 106     : System spent 183.8ms processing the last motion event: MotionEvent#DOWN
10-16 08:51:40.779  1652  2392 I 106     : System spent 199.0ms processing the last motion event: MotionEvent#MOVE
10-16 08:51:40.779  1652  2392 I 106     : System spent 192.0ms processing the last motion event: MotionEvent#MOVE
10-16 08:51:40.782  1652  2392 I 106     : System spent 187.9ms processing the last motion event: MotionEvent#MOVE
10-16 08:51:40.782  1652  2392 I 106     : System spent 181.2ms processing the last motion event: MotionEvent#MOVE
10-16 08:51:40.782  1652  2392 I 106     : System spent 176.9ms processing the last motion event: MotionEvent#MOVE
10-16 08:51:40.782  1652  2392 I 106     : System spent 170.5ms processing the last motion event: MotionEvent#MOVE
10-16 08:51:40.783  1652  2392 I 106     : System spent 166.9ms processing the last motion event: MotionEvent#MOVE
10-16 08:51:40.783  1652  2392 I 106     : System spent 160.0ms processing the last motion event: MotionEvent#MOVE
10-16 08:51:40.796  1652  2392 I 106     : System spent 146.4ms processing the last motion event: MotionEvent#UP
10-16 08:51:43.790  1652  1799 I 322     : com.discord#-1#106
10-16 08:57:13.350  1652  3241 I 300     : 215
10-16 08:57:57.206  1652  1806 I 300     : 676
10-16 08:57:58.992 27381 27381 I 100     : Open /system_ext/priv-app/OPAppCategoryProvider/OPAppCategoryProvider.apk took:69ms
10-16 08:58:02.072  1652  2392 I 106     : System spent 141.5ms processing the last motion event: MotionEvent#DOWN
10-16 08:58:02.072  1652  2392 I 106     : System spent 128.8ms processing the last motion event: MotionEvent#MOVE
10-16 08:58:02.072  1652  2392 I 106     : System spent 122.4ms processing the last motion event: MotionEvent#MOVE
10-16 08:58:02.078  1652  2392 I 106     : System spent 115.5ms processing the last motion event: MotionEvent#MOVE
10-16 08:58:02.078  1652  2392 I 106     : System spent 109.1ms processing the last motion event: MotionEvent#MOVE
10-16 08:58:02.078  1652  2392 I 106     : System spent 102.2ms processing the last motion event: MotionEvent#MOVE
10-16 08:58:19.762  1652  2392 I 106     : System spent 122.7ms processing the last motion event: MotionEvent#DOWN
10-16 08:58:19.767  1652  2392 I 106     : System spent 104.5ms processing the last motion event: MotionEvent#MOVE
10-16 08:58:22.014  1652  1799 I 322     : org.uhh.myapp#336#663
10-16 08:58:26.496  1652  1799 I 322     : org.uhh.myapp#63#227
10-16 09:01:04.768  1652  1806 I 300     : 182
10-16 09:01:06.135  2585  3032 I 110     :  OptJank - total:122 frameGap:122 delta#99#23#0#18#0#1
10-16 09:01:12.549 27913 31022 I 111     :  OptJank - continuously drops frames:4
10-16 09:01:41.061  2585  3032 I 110     :  OptJank - total:136 frameGap:136 delta#99#72#1#71#0#1
10-16 09:01:41.061  2585  3032 I 111     : OptJank - big and big
10-16 09:01:41.207  2585  3032 I 111     :  OptJank - continuously drops frames:4
10-16 09:01:42.980  1652  1806 I 300     : 166
10-16 09:02:05.271  1652  1799 I 322     : org.uhh.myapp#50#229
10-16 09:04:23.078  1652  1799 I 322     : com.google.android.googlequicksearchbox#-1#285
10-16 09:04:27.489  1652  1799 I 322     : org.uhh.myapp#55#216
10-16 09:05:10.098 27913 31022 I 111     :  OptJank - continuously drops frames:4
10-16 09:08:32.493  1652  1806 I 300     : 328
10-16 09:08:33.669  1652  2392 I 106     : System spent 147.6ms processing the last motion event: MotionEvent#UP
10-16 09:08:33.819  2585  3032 I 110     :  OptJank - total:82 frameGap:82 delta#33#42#8#23#0#8
10-16 09:08:42.655  2585  3032 I 111     :  OptJank - continuously drops frames:4
10-16 09:08:42.724  2585  3032 I 111     :  OptJank - continuously drops frames:4
10-16 09:08:42.778  2585  3032 I 111     :  OptJank - high percentage:0.6
10-16 09:08:42.812  2585  3032 I 111     :  OptJank - continuously drops frames:4
10-16 09:08:43.316  1652  1799 I 322     : com.google.android.googlequicksearchbox#-1#200
10-16 09:08:44.175 12545 27130 I 110     :  OptJank - total:88 frameGap:91 delta#0#84#10#2#0#3
10-16 09:08:47.677  1652  1799 I 322     : com.android.chrome#-1#200
10-16 09:09:08.417  1652  1806 I 300     : 189
10-16 09:09:10.001  1652  2392 I 106     : System spent 336.6ms processing the last motion event: MotionEvent#MOVE
10-16 09:09:10.011  1652  2392 I 106     : System spent 340.0ms processing the last motion event: MotionEvent#MOVE
10-16 09:09:10.019  1652  2392 I 106     : System spent 337.3ms processing the last motion event: MotionEvent#MOVE
10-16 09:09:10.019  1652  2392 I 106     : System spent 330.3ms processing the last motion event: MotionEvent#MOVE
10-16 09:09:10.019  1652  2392 I 106     : System spent 323.0ms processing the last motion event: MotionEvent#MOVE
10-16 09:09:10.019  1652  2392 I 106     : System spent 315.9ms processing the last motion event: MotionEvent#MOVE
10-16 09:09:10.019  1652  2392 I 106     : System spent 308.4ms processing the last motion event: MotionEvent#MOVE
10-16 09:09:10.019  1652  2392 I 106     : System spent 301.6ms processing the last motion event: MotionEvent#MOVE
10-16 09:09:10.019  1652  2392 I 106     : System spent 287.2ms processing the last motion event: MotionEvent#MOVE
10-16 09:09:10.019  1652  2392 I 106     : System spent 279.9ms processing the last motion event: MotionEvent#MOVE
10-16 09:09:10.019  1652  2392 I 106     : System spent 265.5ms processing the last motion event: MotionEvent#MOVE
10-16 09:09:10.019  1652  2392 I 106     : System spent 251.2ms processing the last motion event: MotionEvent#MOVE
10-16 09:09:10.019  1652  2392 I 106     : System spent 236.9ms processing the last motion event: MotionEvent#MOVE
10-16 09:09:10.019  1652  2392 I 106     : System spent 215.1ms processing the last motion event: MotionEvent#MOVE
10-16 09:09:10.019  1652  2392 I 106     : System spent 186.4ms processing the last motion event: MotionEvent#MOVE
10-16 09:09:10.019  1652  2392 I 106     : System spent 164.9ms processing the last motion event: MotionEvent#MOVE
10-16 09:09:11.548  2585  3032 I 110     :  OptJank - total:146 frameGap:146 delta#133#11#8#3#0#1
10-16 09:09:11.701  2585  3032 I 110     :  OptJank - total:98 frameGap:152 delta#55#41#5#35#0#1
10-16 09:09:17.268  1652  1799 I 322     : org.uhh.myapp#73#255
10-16 09:09:22.849  1652  1799 I 322     : org.uhh.myapp#65#231
10-16 09:09:28.308 29696 29696 I 100     : Open /data/app/~~szWNaASBI6_xnwwX9igpLg==/com.instagram.android-Kf_FuCwo765_Ak3yBvelXQ==/base.apk took:75ms
10-16 09:09:29.303 29928 30031 I 100     : Open /system/framework/org.apache.http.legacy.jar took:69ms
10-16 09:09:29.374 29928 30031 I 100     : Open /system/framework/com.android.media.remotedisplay.jar took:67ms
10-16 09:09:29.445 29928 30031 I 100     : Open /system/framework/com.android.location.provider.jar took:68ms
10-16 09:09:29.510 27792 30048 I 100     : Open /system/framework/com.android.location.provider.jar took:65ms
10-16 09:09:30.127 30130 30130 I 100     : Open /data/app/~~kZVGQ0ufKxT5LiAXBzZEPg==/com.google.android.apps.maps-FBSs59aHrr_GjctqlL39Uw==/base.apk took:116ms
10-16 09:09:30.796 30153 30191 I 100     : Open /system/framework/com.android.location.provider.jar took:73ms
10-16 09:09:31.077 30153 30191 I 100     : Open /data/app/~~ZgjZRsAJg1XtcymANok5kA==/com.google.android.gms-JKUwZB7j-pTHkzyl55NTDg==/base.apk took:210ms
10-16 09:09:31.446 29696 29696 I 309     : package:com.instagram.android took:3266 calssname:android.app.ActivityThread$H callback:null what:110
10-16 09:09:33.707 29696 29793 I 101     : #329
10-16 09:09:33.846 29724 29767 I 101     : #528
10-16 09:09:33.898 29768 29803 I 101     : #458
10-16 09:09:34.096 29928 29967 I 101     : #187
10-16 09:09:34.170 29904 29946 I 101     : #260
10-16 09:09:34.468 30673 31258 I 100     : Open /data/user_de/0/com.google.android.gms/app_chimera/m/0000021a/DynamiteLoader.apk took:261ms
10-16 09:09:34.947 31401 31472 I 100     : Open /system/framework/com.android.media.remotedisplay.jar took:144ms
10-16 09:09:35.289 31401 31472 I 100     : Open /system/framework/com.android.location.provider.jar took:221ms
10-16 09:09:35.710 30130 30186 I 101     : #485
10-16 09:09:35.735 31401 31472 I 100     : Open /data/app/~~ZgjZRsAJg1XtcymANok5kA==/com.google.android.gms-JKUwZB7j-pTHkzyl55NTDg==/base.apk took:354ms
10-16 09:09:35.805 30153 30174 I 101     : #665
10-16 09:09:36.729 31401 31472 I 100     : Open /data/user_de/0/com.google.android.gms/app_chimera/m/00000221/dl-AdsFdrDynamite.integ_213806100100000.apk took:68ms
10-16 09:09:36.952 31401 31472 I 101     : #163
10-16 09:09:37.326 30598 30632 I 101     : #163
10-16 09:09:37.836 30673 30737 I 101     : #233
10-16 09:09:39.565 31959 31959 I 100     : Open /data/app/~~0lNnoWkmTic23UMNGHwRdA==/com.vanced.android.youtube-B89HBI2Jr6btM9VZ5F6zmg==/base.apk took:58ms
10-16 09:09:53.283 32620 32620 I 100     : Open /data/app/~~9BhZSFC2D2sQ9LHsC2LtxA==/com.google.android.calendar-NAV-GJs3eyjDxYg26-61qg==/base.apk took:63ms
10-16 09:14:35.699  1823  1823 I 309     : package:com.instagram.android took:1362 calssname:android.app.ActivityThread$H callback:null what:110
10-16 09:16:31.945  1652  1799 I 322     : org.uhh.myapp#301#631
10-16 09:16:35.198  1652  1799 I 322     : org.uhh.myapp#64#259
10-16 09:16:43.380  1652  1799 I 322     : org.uhh.myapp#66#247
10-16 09:21:29.862  1652  1806 I 300     : 1358
10-16 09:21:30.027  1652  2392 I 106     : System spent 123.6ms processing the last motion event: MotionEvent#MOVE
10-16 09:21:30.027  1652  2392 I 106     : System spent 109.6ms processing the last motion event: MotionEvent#MOVE
10-16 09:21:30.027  1652  2392 I 106     : System spent 102.4ms processing the last motion event: MotionEvent#MOVE
10-16 09:21:30.202  1652  2392 I 106     : System spent 108.5ms processing the last motion event: MotionEvent#UP
10-16 09:21:32.143  1652  2392 I 106     : System spent 363.1ms processing the last motion event: MotionEvent#DOWN
10-16 09:21:32.144  1652  2392 I 106     : System spent 352.1ms processing the last motion event: MotionEvent#MOVE
10-16 09:21:32.144  1652  2392 I 106     : System spent 345.7ms processing the last motion event: MotionEvent#MOVE
10-16 09:21:32.154  1652  2392 I 106     : System spent 338.8ms processing the last motion event: MotionEvent#MOVE
10-16 09:21:32.154  1652  2392 I 106     : System spent 331.9ms processing the last motion event: MotionEvent#MOVE
10-16 09:21:32.154  1652  2392 I 106     : System spent 324.7ms processing the last motion event: MotionEvent#MOVE
10-16 09:21:32.154  1652  2392 I 106     : System spent 317.9ms processing the last motion event: MotionEvent#MOVE
10-16 09:21:32.154  1652  2392 I 106     : System spent 310.7ms processing the last motion event: MotionEvent#MOVE
10-16 09:21:32.154  1652  2392 I 106     : System spent 303.5ms processing the last motion event: MotionEvent#MOVE
10-16 09:21:32.154  1652  2392 I 106     : System spent 296.4ms processing the last motion event: MotionEvent#MOVE
10-16 09:21:32.154  1652  2392 I 106     : System spent 289.5ms processing the last motion event: MotionEvent#MOVE
10-16 09:21:32.157  1652  2392 I 106     : System spent 282.5ms processing the last motion event: MotionEvent#UP
10-16 09:21:34.118  1652  1799 I 322     : org.uhh.myapp#75#274
10-16 09:21:37.691  1652  1799 I 322     : org.uhh.myapp#69#276
10-16 09:21:47.556  1652  1799 I 322     : org.uhh.myapp#78#272
10-16 09:24:45.185  5174  5250 I 100     : Open /system/framework/com.android.media.remotedisplay.jar took:73ms
10-16 09:24:45.658  1652  1806 I 300     : 280
10-16 09:24:46.948  1652  2392 I 106     : System spent 398.6ms processing the last motion event: MotionEvent#DOWN
10-16 09:24:46.956  1652  2392 I 106     : System spent 191.9ms processing the last motion event: MotionEvent#MOVE
10-16 09:24:48.456 16420 16439 I 101     : #264
10-16 09:24:59.922  1652  1799 I 322     : org.uhh.myapp#63#283
10-16 09:25:48.679 26035 26055 I 101     : #164
10-16 09:27:57.710  1652  1806 I 300     : 214
10-16 09:27:59.198  1652  2392 I 106     : System spent 334.3ms processing the last motion event: MotionEvent#MOVE
10-16 09:27:59.201  1652  2392 I 106     : System spent 251.5ms processing the last motion event: MotionEvent#MOVE
10-16 09:27:59.201  1652  2392 I 106     : System spent 230.2ms processing the last motion event: MotionEvent#MOVE
10-16 09:27:59.201  1652  2392 I 106     : System spent 165.5ms processing the last motion event: MotionEvent#MOVE
10-16 09:27:59.203  1652  2392 I 106     : System spent 152.0ms processing the last motion event: MotionEvent#MOVE
10-16 09:27:59.203  1652  2392 I 106     : System spent 130.5ms processing the last motion event: MotionEvent#MOVE
10-16 09:27:59.221  1652  2392 I 106     : System spent 132.9ms processing the last motion event: MotionEvent#MOVE
10-16 09:27:59.223  1652  2392 I 106     : System spent 121.7ms processing the last motion event: MotionEvent#MOVE
10-16 09:27:59.223  1652  2392 I 106     : System spent 107.6ms processing the last motion event: MotionEvent#MOVE
10-16 09:27:59.223  1652  2392 I 106     : System spent 100.4ms processing the last motion event: MotionEvent#MOVE
10-16 09:28:08.989  1652  1799 I 322     : org.uhh.myapp#73#267
10-16 09:33:27.632  1652  5872 I 300     : 339
10-16 09:33:28.495 32620  6832 I 100     : Open /data/app/~~ZgjZRsAJg1XtcymANok5kA==/com.google.android.gms-JKUwZB7j-pTHkzyl55NTDg==/base.apk took:56ms
10-16 09:33:28.923  1652  2392 I 106     : System spent 299.4ms processing the last motion event: MotionEvent#MOVE
10-16 09:33:28.926  1652  2392 I 106     : System spent 286.4ms processing the last motion event: MotionEvent#MOVE
10-16 09:33:28.927  1652  2392 I 106     : System spent 273.1ms processing the last motion event: MotionEvent#MOVE
10-16 09:33:28.954  1652  2392 I 106     : System spent 285.2ms processing the last motion event: MotionEvent#MOVE
10-16 09:33:28.954  1652  2392 I 106     : System spent 279.0ms processing the last motion event: MotionEvent#MOVE
10-16 09:33:28.954  1652  2392 I 106     : System spent 265.0ms processing the last motion event: MotionEvent#MOVE
10-16 09:33:28.954  1652  2392 I 106     : System spent 236.7ms processing the last motion event: MotionEvent#MOVE
10-16 09:33:28.954  1652  2392 I 106     : System spent 200.8ms processing the last motion event: MotionEvent#MOVE
10-16 09:33:28.954  1652  2392 I 106     : System spent 143.3ms processing the last motion event: MotionEvent#MOVE
10-16 09:33:28.954  1652  2392 I 106     : System spent 122.1ms processing the last motion event: MotionEvent#MOVE
10-16 09:33:28.954  1652  2392 I 106     : System spent 108.1ms processing the last motion event: MotionEvent#MOVE
10-16 09:33:28.955  1652  2392 I 106     : System spent 102.4ms processing the last motion event: MotionEvent#MOVE
10-16 09:33:29.215  2585  3032 I 110     :  OptJank - total:101 frameGap:111 delta#55#42#4#37#0#3
10-16 09:33:29.276  1652  2392 I 106     : System spent 138.5ms processing the last motion event: MotionEvent#MOVE
10-16 09:33:29.276  1652  2392 I 106     : System spent 131.8ms processing the last motion event: MotionEvent#MOVE
10-16 09:33:29.278  1652  2392 I 106     : System spent 129.5ms processing the last motion event: MotionEvent#MOVE
10-16 09:33:29.282  1652  2392 I 106     : System spent 122.9ms processing the last motion event: MotionEvent#MOVE
10-16 09:33:29.282  1652  2392 I 106     : System spent 116.0ms processing the last motion event: MotionEvent#MOVE
10-16 09:33:29.282  1652  2392 I 106     : System spent 110.5ms processing the last motion event: MotionEvent#MOVE
10-16 09:33:29.301  1652  2392 I 106     : System spent 103.3ms processing the last motion event: MotionEvent#MOVE
10-16 09:41:51.469  1652  1806 I 300     : 184
10-16 09:41:52.862  1652  2392 I 106     : System spent 153.5ms processing the last motion event: MotionEvent#MOVE
10-16 09:42:16.677  1652  1799 I 322     : com.google.android.apps.messaging#-1#205
10-16 09:42:53.668  1652  1799 I 322     : com.google.android.apps.messaging#-1#165
10-16 09:42:56.400  1652  2392 I 106     : System spent 300.7ms processing the last motion event: MotionEvent#UP
10-16 09:43:09.643  8409  8409 I 100     : Open /data/app/~~kZVGQ0ufKxT5LiAXBzZEPg==/com.google.android.apps.maps-FBSs59aHrr_GjctqlL39Uw==/base.apk took:66ms
10-16 09:43:09.647  8420  8420 I 100     : Open /data/app/~~gtgxhpITGw3eHQDtlhdWNg==/com.google.android.apps.photos-lYaZhijrQZ788RQXZhZxsQ==/base.apk took:63ms
10-16 09:43:10.231  8409  8473 I 100     : Open /data/user_de/0/com.google.android.gms/app_chimera/m/00000219/CronetDynamite.apk took:62ms
10-16 09:43:14.043  2585  3032 I 111     :  OptJank - continuously drops frames:4
10-16 09:54:24.002  1652  2393 I 300     : 31
10-16 09:54:25.389  1652  2392 I 106     : System spent 169.2ms processing the last motion event: MotionEvent#MOVE
10-16 09:54:25.389  1652  2392 I 106     : System spent 162.5ms processing the last motion event: MotionEvent#MOVE
10-16 09:54:25.390  1652  2392 I 106     : System spent 155.6ms processing the last motion event: MotionEvent#MOVE
10-16 09:54:25.391  1652  2392 I 106     : System spent 149.0ms processing the last motion event: MotionEvent#MOVE
10-16 09:54:25.391  1652  2392 I 106     : System spent 142.4ms processing the last motion event: MotionEvent#MOVE
10-16 09:54:25.391  1652  2392 I 106     : System spent 135.5ms processing the last motion event: MotionEvent#MOVE
10-16 09:54:25.393  1652  2392 I 106     : System spent 128.8ms processing the last motion event: MotionEvent#MOVE
10-16 09:54:25.393  1652  2392 I 106     : System spent 122.6ms processing the last motion event: MotionEvent#MOVE
10-16 09:54:25.393  1652  2392 I 106     : System spent 115.1ms processing the last motion event: MotionEvent#MOVE
10-16 09:54:25.394  1652  2392 I 106     : System spent 101.9ms processing the last motion event: MotionEvent#MOVE
10-16 09:54:26.071  1652  2392 I 106     : System spent 131.2ms processing the last motion event: MotionEvent#MOVE
10-16 09:54:26.071  1652  2392 I 106     : System spent 125.1ms processing the last motion event: MotionEvent#MOVE
10-16 09:54:26.071  1652  2392 I 106     : System spent 118.6ms processing the last motion event: MotionEvent#MOVE
10-16 09:54:26.078  1652  2392 I 106     : System spent 150.5ms processing the last motion event: MotionEvent#UP
10-16 09:54:46.662  9836  9869 I 100     : Open /system/framework/com.android.media.remotedisplay.jar took:76ms
10-16 09:59:18.059 10377 10490 I 100     : Open /system/framework/com.android.location.provider.jar took:71ms
10-16 09:59:19.540 10572 10572 I 100     : Open /data/app/~~28xMrISn7qo0fz1FDsuhOg==/com.google.android.apps.docs-RKzn5Jx5BfjCdUxpS3jW0w==/base.apk took:75ms
10-16 09:59:20.305 10685 10685 I 100     : Open /data/app/~~CYGjFjNyEYt4v9RqEIg82A==/com.google.android.apps.tachyon-jJcRyNDDYNF9MEded7PE9Q==/base.apk took:60ms
10-16 09:59:20.890 10850 10850 I 100     : Open /data/app/~~Mfs2uVuCCAUTVe0dU0dTHA==/com.google.android.apps.walletnfcrel-EWEEmryEkczwo9DnI-DPtA==/base.apk took:62ms
10-16 09:59:23.235 11091 11091 I 100     : Open /data/app/~~UK5PcHvt2YZ73u1y-927LQ==/com.oneplus.brickmode-4OL_ylbjelgJmpNp_XYOgw==/base.apk took:66ms
10-16 09:59:24.599 11247 11247 I 100     : Open /data/app/~~z-lG07TybIgdWXLpzUadiw==/com.google.android.apps.dynamite--sjTziB_My89uSW_VXOObg==/base.apk took:64ms
10-16 09:59:25.191 11247 11301 I 100     : Open /system/framework/org.apache.http.legacy.jar took:89ms
10-16 09:59:25.199 11247 11284 I 100     : Open /data/user_de/0/com.google.android.gms/app_chimera/m/0000021a/DynamiteLoader.apk took:76ms
10-16 09:59:27.088 11616 11616 I 100     : Open /data/app/~~e8W0bg0_MJazJQkaGM-SMg==/com.microsoft.office.officelens-Ggjoc5Ov-31N9a3-dvxNAw==/base.apk took:60ms
10-16 10:02:50.822  1652 12150 I 300     : 53
10-16 10:05:14.423  1652  1806 I 300     : 156
10-16 10:05:16.213  1652  2392 I 106     : System spent 517.3ms processing the last motion event: MotionEvent#MOVE
10-16 10:05:16.213  1652  2392 I 106     : System spent 504.8ms processing the last motion event: MotionEvent#MOVE
10-16 10:05:16.213  1652  2392 I 106     : System spent 490.3ms processing the last motion event: MotionEvent#MOVE
10-16 10:05:16.213  1652  2392 I 106     : System spent 468.6ms processing the last motion event: MotionEvent#MOVE
10-16 10:05:16.213  1652  2392 I 106     : System spent 461.3ms processing the last motion event: MotionEvent#MOVE
10-16 10:05:16.213  1652  2392 I 106     : System spent 446.9ms processing the last motion event: MotionEvent#MOVE
10-16 10:05:16.213  1652  2392 I 106     : System spent 432.1ms processing the last motion event: MotionEvent#MOVE
10-16 10:05:16.213  1652  2392 I 106     : System spent 417.8ms processing the last motion event: MotionEvent#MOVE
10-16 10:05:16.213  1652  2392 I 106     : System spent 403.1ms processing the last motion event: MotionEvent#MOVE
10-16 10:05:16.213  1652  2392 I 106     : System spent 395.9ms processing the last motion event: MotionEvent#MOVE
10-16 10:05:16.213  1652  2392 I 106     : System spent 360.1ms processing the last motion event: MotionEvent#UP
10-16 10:05:24.955  1652  2392 I 106     : System spent 111.8ms processing the last motion event: MotionEvent#MOVE
10-16 10:05:24.955  1652  2392 I 106     : System spent 104.9ms processing the last motion event: MotionEvent#MOVE
10-16 10:05:25.079  1652  2392 I 106     : System spent 229.4ms processing the last motion event: MotionEvent#MOVE
10-16 10:05:25.081  1652  2392 I 106     : System spent 223.7ms processing the last motion event: MotionEvent#MOVE
10-16 10:05:25.081  1652  2392 I 106     : System spent 216.6ms processing the last motion event: MotionEvent#MOVE
10-16 10:05:25.083  1652  2392 I 106     : System spent 210.3ms processing the last motion event: MotionEvent#MOVE
10-16 10:05:25.083  1652  2392 I 106     : System spent 203.3ms processing the last motion event: MotionEvent#MOVE
10-16 10:05:25.083  1652  2392 I 106     : System spent 196.2ms processing the last motion event: MotionEvent#MOVE
10-16 10:05:25.083  1652  2392 I 106     : System spent 189.1ms processing the last motion event: MotionEvent#MOVE
10-16 10:05:25.083  1652  2392 I 106     : System spent 182.1ms processing the last motion event: MotionEvent#MOVE
10-16 10:05:25.083  1652  2392 I 106     : System spent 175.0ms processing the last motion event: MotionEvent#MOVE
10-16 10:05:25.084  1652  2392 I 106     : System spent 168.6ms processing the last motion event: MotionEvent#MOVE
10-16 10:05:25.084  1652  2392 I 106     : System spent 161.6ms processing the last motion event: MotionEvent#MOVE
10-16 10:05:25.084  1652  2392 I 106     : System spent 154.6ms processing the last motion event: MotionEvent#MOVE
10-16 10:05:25.084  1652  2392 I 106     : System spent 147.5ms processing the last motion event: MotionEvent#MOVE
10-16 10:05:25.084  1652  2392 I 106     : System spent 140.3ms processing the last motion event: MotionEvent#MOVE
10-16 10:05:25.089  1652  2392 I 106     : System spent 133.3ms processing the last motion event: MotionEvent#MOVE
10-16 10:05:25.089  1652  2392 I 106     : System spent 126.7ms processing the last motion event: MotionEvent#MOVE
10-16 10:05:25.089  1652  2392 I 106     : System spent 120.0ms processing the last motion event: MotionEvent#MOVE
10-16 10:05:25.089  1652  2392 I 106     : System spent 112.9ms processing the last motion event: MotionEvent#MOVE
10-16 10:05:25.089  1652  2392 I 106     : System spent 105.9ms processing the last motion event: MotionEvent#MOVE
10-16 10:06:02.215  1652  2392 I 106     : System spent 188.6ms processing the last motion event: MotionEvent#DOWN
10-16 10:06:02.220  1652  2392 I 106     : System spent 102.4ms processing the last motion event: MotionEvent#UP
10-16 10:06:05.145  1652  1799 I 322     : com.google.android.apps.messaging#-1#225
10-16 10:06:05.236 16170 16556 I 110     :  OptJank - total:16 frameGap:16 delta#22#69#3#11#0#7
10-16 10:06:05.236 16170 16556 I 111     : OptJank - big and big
10-16 10:07:03.553 12967 13045 I 100     : Open /data/app/~~MWcyAkrp8K_gtI2_LRurCA==/com.google.android.trichromelibrary_460608534-qgEKQeh5R29dD-J_hsjN2g==/base.apk took:185ms
10-16 10:07:03.789 12967 13111 I 100     : Open /data/user_de/0/com.google.android.gms/app_chimera/m/0000021a/DynamiteLoader.apk took:99ms
10-16 10:10:21.745 13797 13849 I 100     : Open /system/framework/com.android.media.remotedisplay.jar took:53ms
10-16 10:10:22.234 13797 13849 I 100     : Open /data/user_de/0/com.google.android.gms/app_chimera/m/00000221/dl-AdsFdrDynamite.integ_213806100100000.apk took:82ms
10-16 10:10:41.316  1652  1806 I 300     : 281
10-16 10:10:41.986 12967 12997 I 101     : #223
10-16 10:10:51.090  1652  1806 I 300     : 23
10-16 10:13:50.703  1652  1806 I 300     : 39
10-16 10:13:51.111 14741 14741 I 100     : Open /data/app/~~qtsE1yyM-Mk7FSzj6KcsOQ==/com.oneplus.gallery-wHbrfIEiD6SlVinc3_XIpg==/base.apk took:92ms
10-16 10:13:51.407  1652  2392 I 106     : System spent 103.9ms processing the last motion event: MotionEvent#MOVE
10-16 10:13:51.761  1652  2392 I 106     : System spent 115.9ms processing the last motion event: MotionEvent#MOVE
10-16 10:13:53.026  1652  2392 I 106     : System spent 560.3ms processing the last motion event: MotionEvent#DOWN
10-16 10:13:53.026  1652  2392 I 106     : System spent 549.6ms processing the last motion event: MotionEvent#MOVE
10-16 10:13:53.026  1652  2392 I 106     : System spent 542.5ms processing the last motion event: MotionEvent#MOVE
10-16 10:13:53.026  1652  2392 I 106     : System spent 535.6ms processing the last motion event: MotionEvent#MOVE
10-16 10:13:53.026  1652  2392 I 106     : System spent 528.5ms processing the last motion event: MotionEvent#MOVE
10-16 10:13:53.026  1652  2392 I 106     : System spent 521.5ms processing the last motion event: MotionEvent#MOVE
10-16 10:13:53.026 14741 14741 I 309     : package:com.oneplus.gallery took:2073 calssname:android.app.ActivityThread$H callback:null what:110
10-16 10:13:53.032  1652  2392 I 106     : System spent 519.4ms processing the last motion event: MotionEvent#MOVE
10-16 10:13:53.032  1652  2392 I 106     : System spent 512.6ms processing the last motion event: MotionEvent#MOVE
10-16 10:13:53.032  1652  2392 I 106     : System spent 505.2ms processing the last motion event: MotionEvent#MOVE
10-16 10:13:53.032  1652  2392 I 106     : System spent 498.2ms processing the last motion event: MotionEvent#MOVE
10-16 10:13:53.032  1652  2392 I 106     : System spent 491.2ms processing the last motion event: MotionEvent#MOVE
10-16 10:13:53.042  1652  2392 I 106     : System spent 484.0ms processing the last motion event: MotionEvent#MOVE
10-16 10:13:53.042  1652  2392 I 106     : System spent 482.2ms processing the last motion event: MotionEvent#MOVE
10-16 10:13:53.042  1652  2392 I 106     : System spent 475.3ms processing the last motion event: MotionEvent#MOVE
10-16 10:13:53.042  1652  2392 I 106     : System spent 473.9ms processing the last motion event: MotionEvent#MOVE
10-16 10:13:53.042  1652  2392 I 106     : System spent 467.0ms processing the last motion event: MotionEvent#MOVE
10-16 10:13:53.042  1652  2392 I 106     : System spent 459.8ms processing the last motion event: MotionEvent#MOVE
10-16 10:13:53.044  1652  2392 I 106     : System spent 453.1ms processing the last motion event: MotionEvent#UP
10-16 10:13:53.721 15056 15056 I 100     : Open /system_ext/priv-app/OPAppCategoryProvider/OPAppCategoryProvider.apk took:56ms
10-16 10:13:58.912  1652  1799 I 322     : org.uhh.myapp#155#564
10-16 10:15:30.084  1652  1799 I 322     : org.uhh.myapp#80#287
10-16 10:20:05.662  1652  1806 I 300     : 118
10-16 10:20:07.141  1652  2392 I 106     : System spent 244.4ms processing the last motion event: MotionEvent#MOVE
10-16 10:20:07.152  1652  2392 I 106     : System spent 224.9ms processing the last motion event: MotionEvent#UP
10-16 10:20:07.152  1652  2392 I 106     : System spent 173.6ms processing the last motion event: MotionEvent#DOWN
10-16 10:20:07.153  1652  2392 I 106     : System spent 152.3ms processing the last motion event: MotionEvent#MOVE
10-16 10:20:07.153  1652  2392 I 106     : System spent 145.1ms processing the last motion event: MotionEvent#MOVE
10-16 10:20:07.153  1652  2392 I 106     : System spent 138.0ms processing the last motion event: MotionEvent#MOVE
10-16 10:20:07.153  1652  2392 I 106     : System spent 130.9ms processing the last motion event: MotionEvent#MOVE
10-16 10:20:07.153  1652  2392 I 106     : System spent 123.7ms processing the last motion event: MotionEvent#MOVE
10-16 10:20:07.153  1652  2392 I 106     : System spent 116.6ms processing the last motion event: MotionEvent#MOVE
10-16 10:20:07.153  1652  2392 I 106     : System spent 109.5ms processing the last motion event: MotionEvent#MOVE
10-16 10:20:07.153  1652  2392 I 106     : System spent 102.4ms processing the last motion event: MotionEvent#MOVE
10-16 10:20:07.177  1652  2392 I 106     : System spent 110.8ms processing the last motion event: MotionEvent#MOVE
10-16 10:20:07.177  1652  2392 I 106     : System spent 104.5ms processing the last motion event: MotionEvent#MOVE
10-16 10:20:07.178  1652  2392 I 106     : System spent 101.4ms processing the last motion event: MotionEvent#MOVE
10-16 10:20:07.506  2585  3032 I 110     :  OptJank - total:105 frameGap:107 delta#44#56#11#45#0#3
10-16 10:20:07.642  1652  2392 I 106     : System spent 182.7ms processing the last motion event: MotionEvent#MOVE
10-16 10:20:07.656  1652  2392 I 106     : System spent 169.2ms processing the last motion event: MotionEvent#UP
10-16 10:20:40.326  1652  2392 I 106     : System spent 199.5ms processing the last motion event: MotionEvent#UP
10-16 10:20:40.329  1652  2392 I 106     : System spent 105.8ms processing the last motion event: MotionEvent#DOWN
10-16 10:22:44.252  1652  1806 I 300     : 331
10-16 10:22:45.011  2585  3032 I 110     :  OptJank - total:83 frameGap:93 delta#44#37#6#30#0#1
10-16 10:22:45.331  2585  3032 I 110     :  OptJank - total:115 frameGap:116 delta#99#12#10#0#0#3
10-16 10:22:45.333  2585  3032 I 111     :  OptJank - continuously drops frames:4
10-16 10:22:55.290 17002 17002 I 100     : Open /data/app/~~kZVGQ0ufKxT5LiAXBzZEPg==/com.google.android.apps.maps-FBSs59aHrr_GjctqlL39Uw==/base.apk took:87ms
10-16 10:33:38.581  1652  3667 I 300     : 207
10-16 10:33:49.523 26035 26435 I 110     :  OptJank - total:164 frameGap:165 delta#0#12#0#11#0#150
10-16 10:34:01.651 26035 26435 I 110     :  OptJank - total:403 frameGap:411 delta#388#11#9#2#0#2
10-16 10:36:35.024  1652  1806 I 300     : 704
10-16 10:38:06.440 12967 12997 I 101     : #165
10-16 10:40:46.363  1652  1806 I 300     : 281
10-16 10:41:47.877  1652  1806 I 300     : 808
10-16 10:41:51.841  2585  3032 I 110     :  OptJank - total:94 frameGap:98 delta#88#2#2#0#0#2
10-16 10:41:56.428  1652  1799 I 322     : org.uhh.myapp#68#229
10-16 10:42:01.963  1652  1799 I 322     : org.uhh.myapp#66#269
10-16 10:43:32.655  1652  1799 I 322     : org.uhh.myapp#65#212
10-16 10:45:37.911  2585  3032 I 110     :  OptJank - total:79 frameGap:80 delta#66#7#7#0#0#5
10-16 10:53:36.700  1652  1806 I 300     : 160
10-16 10:53:37.877  2585  3032 I 111     :  OptJank - continuously drops frames:4
10-16 10:53:38.017  2585  3032 I 110     :  OptJank - total:114 frameGap:116 delta#111#1#0#0#0#2
10-16 10:53:44.011  1652  1799 I 322     : org.uhh.myapp#70#222
10-16 10:53:55.874 21243 21312 I 100     : Open /system/framework/com.android.media.remotedisplay.jar took:112ms
10-16 10:53:55.934 21243 21312 I 100     : Open /system/framework/com.android.location.provider.jar took:51ms
10-16 10:53:56.163 21243 21312 I 100     : Open /data/app/~~ZgjZRsAJg1XtcymANok5kA==/com.google.android.gms-JKUwZB7j-pTHkzyl55NTDg==/base.apk took:180ms
10-16 10:53:56.613 21243 21312 I 100     : Open /data/user_de/0/com.google.android.gms/app_chimera/m/00000221/dl-AdsFdrDynamite.integ_213806100100000.apk took:56ms
10-16 10:54:05.672 16420 16439 I 101     : #180
10-16 10:54:06.251  1652  1799 I 322     : org.uhh.myapp#78#253
10-16 10:54:16.220  1652  1799 I 322     : org.uhh.myapp#75#221
10-16 11:11:13.814  1652  1806 I 300     : 188
10-16 11:11:48.856  1652  3090 I 300     : 49
10-16 11:14:28.705  1652  1806 I 300     : 43
10-16 11:14:30.010 23910 23910 I 100     : Open /data/app/~~szWNaASBI6_xnwwX9igpLg==/com.instagram.android-Kf_FuCwo765_Ak3yBvelXQ==/base.apk took:106ms
10-16 11:16:08.437  1652  1652 I 300     : 150
10-16 11:16:17.343  1652  1799 I 322     : org.uhh.myapp#63#266
10-16 11:19:33.395  1652  1806 I 300     : 190
10-16 11:19:39.636  1652  1799 I 322     : com.oneplus.dialer#55#502
10-16 11:19:52.268 10265 25247 I 110     :  OptJank - total:24 frameGap:24 delta#0#80#7#73#3#13
10-16 11:20:48.866  1652  1652 I 300     : 160
10-16 11:20:59.414  1652  1799 I 322     : org.uhh.myapp#70#244
10-16 11:21:04.099  1652  1799 I 322     : org.uhh.myapp#63#233
10-16 11:22:41.569  1652  1799 I 322     : org.uhh.myapp#72#264
10-16 11:22:54.846  1652  1799 I 322     : org.uhh.myapp#60#242
10-16 11:22:56.110 19505 19505 F libc    : Fatal signal 11 (SIGSEGV), code 1 (SEGV_MAPERR), fault addr 0x0 in tid 19505 (org.uhh.myapp), pid 19505 (org.uhh.myapp)
10-16 11:23:34.557 26581 26581 I 100     : Open /data/app/~~z-lG07TybIgdWXLpzUadiw==/com.google.android.apps.dynamite--sjTziB_My89uSW_VXOObg==/base.apk took:54ms
10-16 11:23:36.778 26816 26816 I 100     : Open /data/app/~~fJ0S83xywFiHkirKJN9U4w==/com.google.android.googlequicksearchbox-VsEIGJ2kSvoDFH9cAmhozQ==/base.apk took:88ms
10-16 11:23:38.971 26993 26993 I 100     : Open /data/app/~~iYgYNh9pybhkDpMqts6PKg==/com.google.android.marvin.talkback-Ppf7qYKb6nbcHbijRJd8WQ==/base.apk took:160ms
10-16 11:23:41.089 27187 27187 I 100     : Open /data/app/~~qnWO0SCIdgN2Par5R6VUIA==/com.google.android.apps.docs.editors.docs-tLGRYIDHUjaYlaaZKQIjlA==/base.apk took:69ms
10-16 11:23:42.018 27329 27329 I 100     : Open /data/app/~~8DX007H2MroIuqKEtwwWig==/com.android.vending-PUSYY70f5dM0Cr1xYcjUIQ==/base.apk took:152ms
10-16 11:23:42.375 27223 27223 I 309     : package:com.zhiliaoapp.musically took:1099 calssname:android.app.ActivityThread$H callback:null what:110
10-16 11:23:42.508 27433 27433 I 100     : Open /data/app/~~g3CeO65SI7CAABZMUXHnmQ==/com.google.android.apps.docs.editors.slides-XgHhsn62ivbRTKtdiowPUA==/base.apk took:69ms
10-16 11:23:42.628 27223 27389 I 100     : Open /data/app/~~MWcyAkrp8K_gtI2_LRurCA==/com.google.android.trichromelibrary_460608534-qgEKQeh5R29dD-J_hsjN2g==/base.apk took:285ms
10-16 11:23:43.252 27223 27540 I 100     : Open /data/user_de/0/com.google.android.gms/app_chimera/m/0000021a/DynamiteLoader.apk took:97ms
10-16 11:23:43.505 27568 27568 I 100     : Open /data/app/~~gtgxhpITGw3eHQDtlhdWNg==/com.google.android.apps.photos-lYaZhijrQZ788RQXZhZxsQ==/base.apk took:155ms
10-16 11:23:44.272 27666 27666 I 100     : Open /data/app/~~drT_LXvLfC1qj-6ZO-OvDQ==/com.google.android.apps.docs.editors.sheets-ds9FVrG1ZHY753Aj8vQX9Q==/base.apk took:71ms
10-16 11:23:45.189 27187 27255 I 100     : Open /data/app/~~ZgjZRsAJg1XtcymANok5kA==/com.google.android.gms-JKUwZB7j-pTHkzyl55NTDg==/base.apk took:99ms
10-16 11:23:45.629 27816 27816 I 100     : Open /data/app/~~28xMrISn7qo0fz1FDsuhOg==/com.google.android.apps.docs-RKzn5Jx5BfjCdUxpS3jW0w==/base.apk took:61ms
10-16 11:24:23.745  1652  1799 I 322     : org.uhh.myapp#67#293
10-16 11:24:25.969 19506 19506 F libc    : Fatal signal 11 (SIGSEGV), code 1 (SEGV_MAPERR), fault addr 0x0 in tid 19506 (org.uhh.myapp), pid 19506 (org.uhh.myapp)
10-16 11:24:35.223  1652  1799 I 322     : org.uhh.myapp#61#227
10-16 11:24:56.240 29171 29171 I 309     : package:com.instagram.android took:1445 calssname:android.app.ActivityThread$H callback:null what:110
10-16 11:25:38.776  1652  1799 I 322     : org.uhh.myapp#77#265
10-16 11:27:21.936 16420 16439 I 101     : #304
10-16 11:27:26.214  1652  1799 I 322     : org.uhh.myapp#76#272
10-16 11:27:35.875  1652  1799 I 322     : org.uhh.myapp#54#219
10-16 11:29:19.071 30745 30864 I 100     : Open /data/app/~~ZgjZRsAJg1XtcymANok5kA==/com.google.android.gms-JKUwZB7j-pTHkzyl55NTDg==/base.apk took:63ms
10-16 11:31:36.710  1652  3090 I 300     : 163
10-16 11:31:38.686  1652  1799 I 322     : org.uhh.myapp#65#227
10-16 11:35:06.587  1652  1806 I 300     : 285
10-16 11:35:18.684  1652  1806 I 300     : 276
10-16 11:35:37.242  1652  1806 I 300     : 345
10-16 11:48:58.239  1652  5873 I 300     : 175
10-16 11:53:33.400  1652  1806 I 300     : 143
10-16 11:53:44.447  1652  1799 I 322     : org.uhh.myapp#63#234
10-16 11:53:56.225  1652  1799 I 322     : org.uhh.myapp#66#253
10-16 11:58:15.856  1652  3090 I 300     : 157
10-16 11:58:18.772  2585  3032 I 111     :  OptJank - continuously drops frames:4
10-16 11:59:18.000  1652  1806 I 300     : 693
10-16 11:59:19.379 27223 27263 I 101     : #272
10-16 11:59:22.398  1652  1799 I 322     : org.uhh.myapp#70#243
10-16 11:59:25.529  2585  3032 I 110     :  OptJank - total:78 frameGap:593 delta#66#7#7#0#0#3
10-16 11:59:57.440  1652  1799 I 322     : org.uhh.myapp#74#262
10-16 12:00:04.820  1652  1799 I 322     : org.uhh.myapp#64#228
10-16 12:01:16.278  1652  1799 I 322     : org.uhh.myapp#72#255
10-16 12:01:20.621  1652  1799 I 322     : org.uhh.myapp#65#226
10-16 12:34:39.416  8049  8049 I 100     : Open /data/app/~~mihDKwD8jHQRRu-tvRrLhw==/com.google.android.inputmethod.latin-V3ASv3NW4y_XPGxQcox_FQ==/base.apk took:64ms
10-16 12:34:41.185  8253  8253 I 100     : Open /data/app/~~QF5BEJK6JodctAOFW7n8ig==/com.google.android.apps.messaging-PczUydJXad372fpwdZQ1Rw==/base.apk took:95ms
10-16 12:34:41.827  7688  7714 I 101     : #161
10-16 12:34:51.576  8517  8517 I 100     : Open /data/app/~~8DX007H2MroIuqKEtwwWig==/com.android.vending-PUSYY70f5dM0Cr1xYcjUIQ==/base.apk took:71ms
10-16 12:34:53.877  8566  8566 I 100     : Open /data/app/~~Mfs2uVuCCAUTVe0dU0dTHA==/com.google.android.apps.walletnfcrel-EWEEmryEkczwo9DnI-DPtA==/base.apk took:124ms
10-16 12:34:54.020  8416  8439 I 101     : #246
10-16 12:34:54.687  8566  8566 I 309     : package:com.google.android.apps.walletnfcrel took:1025 calssname:android.app.ActivityThread$H callback:null what:110
10-16 12:35:20.356  9316  9316 I 100     : Open /data/app/~~drT_LXvLfC1qj-6ZO-OvDQ==/com.google.android.apps.docs.editors.sheets-ds9FVrG1ZHY753Aj8vQX9Q==/base.apk took:79ms
10-16 12:35:36.032  9675  9675 I 309     : package:com.ovz.carscanner took:2061 calssname:android.app.ActivityThread$H callback:null what:110
10-16 12:35:37.604  6302  6302 I 100     : Open /data/user_de/0/com.google.android.gms/app_chimera/m/00000206/pgs_release.apk took:91ms
10-16 12:35:38.714  9778  9778 I 309     : package:com.android.vending took:1046 calssname:android.app.ActivityThread$H callback:null what:110
10-16 12:35:41.757 10077 10180 I 100     : Open /data/app/~~MWcyAkrp8K_gtI2_LRurCA==/com.google.android.trichromelibrary_460608534-qgEKQeh5R29dD-J_hsjN2g==/base.apk took:114ms
10-16 12:35:41.981 10077 10180 I 100     : Open /data/app/~~bmCnN4E0zRyd7vlkoHmz6A==/com.google.android.webview-F1f62tnwXmUbCtyxDcY3qQ==/base.apk took:121ms
10-16 12:35:42.281 10077 10302 I 100     : Open /data/user_de/0/com.google.android.gms/app_chimera/m/0000021a/DynamiteLoader.apk took:216ms
10-16 12:36:01.702  9778  9778 I 309     : package:com.android.vending took:6257 calssname:android.os.AsyncTask$InternalHandler callback:null what:1
10-16 12:36:20.539  1652  1806 I 300     : 158
10-16 12:36:21.285 11181 11181 I 100     : Open /data/app/~~KtmcFq6GQPn_rWE46YRNpQ==/com.mgoogle.android.gms-9lyyQ3UYX2sBpK9wxk_btA==/base.apk took:78ms
10-16 12:36:22.757 30519 30519 I 309     : package:net.oneplus.launcher took:1089 calssname:android.app.job.JobServiceEngine$JobHandler callback:null what:2
10-16 12:36:24.275  1652  1799 I 322     : org.uhh.myapp#71#402
10-16 12:36:35.721  1652  1799 I 322     : org.uhh.myapp#58#213
10-16 12:36:41.829  1652  1799 I 322     : org.uhh.myapp#64#263
10-16 12:39:05.050 11873 11873 I 100     : Open /data/app/~~szWNaASBI6_xnwwX9igpLg==/com.instagram.android-Kf_FuCwo765_Ak3yBvelXQ==/base.apk took:52ms
10-16 12:39:06.926 11873 11873 I 309     : package:com.instagram.android took:1952 calssname:android.app.ActivityThread$H callback:null what:110
10-16 12:45:31.215 11890 11911 I 101     : #158
10-16 12:50:23.050 13719 13719 I 100     : Open /data/app/~~28xMrISn7qo0fz1FDsuhOg==/com.google.android.apps.docs-RKzn5Jx5BfjCdUxpS3jW0w==/base.apk took:81ms
10-16 12:50:23.880 13817 13817 I 100     : Open /data/app/~~kZVGQ0ufKxT5LiAXBzZEPg==/com.google.android.apps.maps-FBSs59aHrr_GjctqlL39Uw==/base.apk took:74ms
10-16 12:50:27.035 14196 14196 I 100     : Open /data/app/~~9BhZSFC2D2sQ9LHsC2LtxA==/com.google.android.calendar-NAV-GJs3eyjDxYg26-61qg==/base.apk took:74ms
10-16 12:50:28.542 14385 14385 I 100     : Open /data/app/~~UK5PcHvt2YZ73u1y-927LQ==/com.oneplus.brickmode-4OL_ylbjelgJmpNp_XYOgw==/base.apk took:74ms
10-16 12:50:29.742 14547 14547 I 100     : Open /data/app/~~z-lG07TybIgdWXLpzUadiw==/com.google.android.apps.dynamite--sjTziB_My89uSW_VXOObg==/base.apk took:51ms
10-16 12:50:30.330 14547 14580 I 100     : Open /data/user_de/0/com.google.android.gms/app_chimera/m/0000021a/DynamiteLoader.apk took:65ms
10-16 12:50:30.384 14547 14609 I 100     : Open /system/framework/org.apache.http.legacy.jar took:99ms
10-16 12:50:32.570 14920 14920 I 100     : Open /data/app/~~e8W0bg0_MJazJQkaGM-SMg==/com.microsoft.office.officelens-Ggjoc5Ov-31N9a3-dvxNAw==/base.apk took:53ms
10-16 12:50:33.030 14961 14961 I 100     : Open /system/reserve/OPForum/OPForum.apk took:58ms
