10-16 12:50:35.065 15017 15017 I 309     : package:com.instagram.android took:1555 calssname:android.app.ActivityThread$H callback:null what:110
10-16 12:52:12.898 15486 15524 I 100     : Open /data/app/~~MWcyAkrp8K_gtI2_LRurCA==/com.google.android.trichromelibrary_460608534-qgEKQeh5R29dD-J_hsjN2g==/base.apk took:175ms
10-16 12:52:13.096 15486 15633 I 100     : Open /data/user_de/0/com.google.android.gms/app_chimera/m/0000021a/DynamiteLoader.apk took:71ms
10-16 12:58:57.180 16612 16667 I 100     : Open /system/framework/com.android.media.remotedisplay.jar took:70ms
10-16 12:58:57.284 16612 16667 I 100     : Open /data/app/~~ZgjZRsAJg1XtcymANok5kA==/com.google.android.gms-JKUwZB7j-pTHkzyl55NTDg==/base.apk took:54ms
10-16 13:14:03.691 18400 18432 I 100     : Open /system/framework/com.android.media.remotedisplay.jar took:69ms
10-16 13:18:40.410 18816 18816 I 100     : Open /data/app/~~QF5BEJK6JodctAOFW7n8ig==/com.google.android.apps.messaging-PczUydJXad372fpwdZQ1Rw==/base.apk took:57ms
10-16 13:28:43.939  1652  3240 I 300     : 65
10-16 13:28:44.253 15486 15517 I 101     : #222
10-16 13:50:04.579  1652  3090 I 300     : 195
10-16 13:50:07.340  1652  1799 I 322     : org.mozilla.focus#-1#194
10-16 13:53:11.583  1652  1806 I 300     : 68
10-16 13:53:13.434  1652  1806 I 300     : 263
10-16 14:14:09.349 22542 22542 I 100     : Open /data/app/~~fJ0S83xywFiHkirKJN9U4w==/com.google.android.googlequicksearchbox-VsEIGJ2kSvoDFH9cAmhozQ==/base.apk took:128ms
10-16 14:14:12.266 22622 22894 I 100     : Open /data/app/~~ZgjZRsAJg1XtcymANok5kA==/com.google.android.gms-JKUwZB7j-pTHkzyl55NTDg==/base.apk took:59ms
10-16 14:14:12.508 22642 22767 I 100     : Open /data/user_de/0/com.google.android.gms/app_chimera/m/0000021a/DynamiteLoader.apk took:56ms
10-16 14:14:12.673 22622 22894 I 100     : Open /data/user_de/0/com.google.android.gms/app_chimera/m/0000021f/MeasurementDynamite.apk took:119ms
10-16 14:31:00.470 23277 23277 I 309     : package:com.instagram.android took:1365 calssname:android.app.ActivityThread$H callback:null what:110
10-16 14:35:00.635  1652  1806 I 300     : 31
10-16 14:35:05.274 24230 24327 I 100     : Open /system/framework/com.android.location.provider.jar took:127ms
10-16 14:35:05.830 24230 24327 I 100     : Open /data/app/~~ZgjZRsAJg1XtcymANok5kA==/com.google.android.gms-JKUwZB7j-pTHkzyl55NTDg==/base.apk took:385ms
10-16 14:35:06.761 24230 24327 I 100     : Open /data/user_de/0/com.google.android.gms/app_chimera/m/00000221/dl-AdsFdrDynamite.integ_213806100100000.apk took:96ms
10-16 14:35:07.295 23666 23698 I 101     : #153
10-16 14:35:07.588 24230 24602 I 101     : #418
10-16 14:35:07.588 24230 24609 I 101     : #413
10-16 14:35:07.588 24230 24613 I 101     : #413
10-16 14:35:07.589 24230 24608 I 101     : #412
10-16 14:35:07.589 24230 24601 I 101     : #419
10-16 14:35:07.589 24230 24610 I 101     : #412
10-16 14:35:07.589 24230 24612 I 101     : #412
10-16 14:35:07.590 24230 24607 I 101     : #412
10-16 14:35:07.590 24230 24614 I 101     : #410
10-16 14:35:07.591 24230 24615 I 101     : #409
10-16 14:35:07.591 24230 24616 I 101     : #409
10-16 14:35:07.591 24230 24617 I 101     : #409
10-16 14:35:07.592 24230 24618 I 101     : #409
10-16 14:35:07.592 24230 24622 I 101     : #403
10-16 14:35:07.593 24230 24621 I 101     : #402
10-16 14:35:07.593 24230 24623 I 101     : #401
10-16 14:35:07.593 24230 24624 I 101     : #399
10-16 14:35:07.594 24230 24625 I 101     : #399
10-16 14:35:07.594 24230 24628 I 101     : #398
10-16 14:35:07.595 24230 24627 I 101     : #398
10-16 14:35:07.595 24230 24626 I 101     : #398
10-16 14:35:07.595 24230 24629 I 101     : #397
10-16 14:35:07.596 24230 24630 I 101     : #397
10-16 14:35:07.596 24230 24631 I 101     : #396
10-16 14:35:07.597 24230 24632 I 101     : #396
10-16 14:35:07.599 24230 24633 I 101     : #405
10-16 14:35:07.865 23737 23758 I 101     : #251
10-16 14:35:08.131 22642 22709 I 101     : #361
10-16 14:35:08.338 22642 22772 I 100     : Open /system/framework/com.android.location.provider.jar took:76ms
10-16 14:35:08.453 22642 22772 I 100     : Open /data/app/~~ZgjZRsAJg1XtcymANok5kA==/com.google.android.gms-JKUwZB7j-pTHkzyl55NTDg==/base.apk took:84ms
10-16 14:35:09.363 23815 23847 I 101     : #179
10-16 14:35:09.526 23779 23842 I 101     : #427
10-16 14:35:09.559 23897 23926 I 101     : #236
10-16 14:35:09.621 24732 24732 I 100     : Open /data/app/~~28xMrISn7qo0fz1FDsuhOg==/com.google.android.apps.docs-RKzn5Jx5BfjCdUxpS3jW0w==/base.apk took:83ms
10-16 14:35:09.626 23947 23986 I 101     : #195
10-16 14:35:09.813 24021 24070 I 101     : #202
10-16 14:35:09.858 23994 24034 I 101     : #287
10-16 14:35:10.055 24101 24165 I 101     : #285
10-16 14:35:10.315 24819 24819 I 100     : Open /data/app/~~Mfs2uVuCCAUTVe0dU0dTHA==/com.google.android.apps.walletnfcrel-EWEEmryEkczwo9DnI-DPtA==/base.apk took:80ms
10-16 14:35:10.340 24230 24295 I 101     : #357
10-16 14:35:11.014 24881 24881 I 100     : Open /data/app/~~q7GPwYBt9jnEiLdnYvXO0g==/com.google.android.apps.wellbeing-rJI28woGBZcI5Pn-htZ3EA==/base.apk took:65ms
10-16 14:35:12.089 25034 25034 I 100     : Open /data/app/~~lSdH2MRD0aLKtoj9W9seUg==/com.google.android.videos-79DXfg2ZMcwVif5l4rlQaw==/base.apk took:65ms
10-16 14:35:13.650 25207 25207 I 100     : Open /data/app/~~z-lG07TybIgdWXLpzUadiw==/com.google.android.apps.dynamite--sjTziB_My89uSW_VXOObg==/base.apk took:62ms
10-16 14:35:14.096 25207 25241 I 100     : Open /data/user_de/0/com.google.android.gms/app_chimera/m/0000021a/DynamiteLoader.apk took:108ms
10-16 14:35:15.715 25516 25516 I 100     : Open /data/app/~~e8W0bg0_MJazJQkaGM-SMg==/com.microsoft.office.officelens-Ggjoc5Ov-31N9a3-dvxNAw==/base.apk took:52ms
10-16 14:35:17.681  1652  1806 I 300     : 161
10-16 14:35:18.693  1652  1799 I 322     : com.android.systemui#-1#120
10-16 14:35:32.154  1652  1799 I 322     : com.google.android.packageinstaller#63#240
10-16 14:35:32.517 25865 26031 I 100     : Open /data/user_de/0/com.google.android.gms/app_chimera/m/0000021a/DynamiteLoader.apk took:182ms
10-16 14:35:41.517  1652  1799 I 322     : org.uhh.myapp#120#335
10-16 14:35:43.663  1652  1799 I 322     : com.google.android.permissioncontroller#-1#151
10-16 14:36:09.087 27078 27078 I 309     : package:com.instagram.android took:1298 calssname:android.app.ActivityThread$H callback:null what:110
10-16 14:36:39.598 30519 29402 I 110     :  OptJank - total:81 frameGap:88 delta#0#75#0#0#0#5
10-16 14:37:13.309  1652  1806 I 300     : 296
10-16 14:52:25.602  1652  1806 I 300     : 321
10-16 14:52:27.172 10668 13418 I 110     :  OptJank - total:146 frameGap:154 delta#133#11#10#0#0#1
10-16 14:55:03.152  1652  1806 I 300     : 229
10-16 14:55:04.143 29255 29435 I 100     : Open /system/framework/com.android.media.remotedisplay.jar took:92ms
10-16 15:01:41.222 26035 26055 I 101     : #282
10-16 15:23:39.022  1652  1806 I 300     : 698
10-16 15:23:39.995  2585  3032 I 110     :  OptJank - total:188 frameGap:188 delta#255#9#6#1#0#1
10-16 15:23:40.095  2585  3032 I 110     :  OptJank - total:85 frameGap:97 delta#44#37#4#32#0#3
10-16 15:25:05.517 31981 32007 I 100     : Open /data/user_de/0/com.google.android.gms/app_chimera/m/0000021a/DynamiteLoader.apk took:57ms
10-16 15:25:52.116  1652  1799 I 322     : com.google.android.apps.maps#99#746
10-16 15:25:52.284 19729 32396 I 110     :  OptJank - total:139 frameGap:139 delta#33#56#6#49#0#53
10-16 15:26:05.739  1652  1799 I 322     : org.mozilla.firefox#54#745
10-16 15:26:24.343 19729 32396 I 110     :  OptJank - total:42 frameGap:42 delta#33#103#10#92#0#27
10-16 15:28:14.819  3518  3518 I 100     : Open /data/app/~~x1ZBD893nUFU-jx-UBg8CA==/com.amazon.dee.app-6H-CHWyysjBXUe5d3lThdw==/base.apk took:132ms
10-16 15:28:15.662  3518  3518 I 309     : package:com.amazon.dee.app took:1002 calssname:android.app.ActivityThread$H callback:null what:110
10-16 15:28:20.755  3832  3832 I 100     : Open /data/app/~~x1ZBD893nUFU-jx-UBg8CA==/com.amazon.dee.app-6H-CHWyysjBXUe5d3lThdw==/base.apk took:52ms
10-16 15:31:15.669  1652  1806 I 300     : 172
10-16 15:31:17.149  2585  3032 I 110     :  OptJank - total:213 frameGap:224 delta#199#10#7#1#0#3
10-16 15:31:36.003  5404  5404 I 100     : Open /data/app/~~szWNaASBI6_xnwwX9igpLg==/com.instagram.android-Kf_FuCwo765_Ak3yBvelXQ==/base.apk took:73ms
10-16 15:31:37.690  5404  5404 I 309     : package:com.instagram.android took:1786 calssname:android.app.ActivityThread$H callback:null what:110
10-16 15:33:22.346  1652  1678 I 300     : 214
10-16 15:33:27.988  2585  3032 I 110     :  OptJank - total:85 frameGap:91 delta#0#1#0#1#0#83
10-16 15:33:27.988  2585  3032 I 111     : OptJank - big and big
10-16 15:34:54.246  1652  1806 I 300     : 118
10-16 15:36:04.272  1652  1806 I 300     : 77
10-16 15:36:04.822  6300  6300 I 100     : Open /data/app/~~0lNnoWkmTic23UMNGHwRdA==/com.vanced.android.youtube-B89HBI2Jr6btM9VZ5F6zmg==/base.apk took:78ms
10-16 15:36:05.804  6300  6550 I 100     : Open /data/user_de/0/com.google.android.gms/app_chimera/m/0000021f/MeasurementDynamite.apk took:148ms
10-16 15:36:09.536 10268 10268 I 100     : Open /data/app/~~KrBG6QzLwu7Yk9Ve-wuIIg==/com.android.vending-RtE9AZ1DxQ-xEtHZgNmEcg==/base.apk took:61ms
10-16 15:36:15.595  1652  1806 I 300     : 134
10-16 15:36:16.962  2585  3032 I 110     :  OptJank - total:132 frameGap:144 delta#122#8#8#0#0#1
10-16 15:36:37.627  1652  1799 I 322     : org.uhh.myapp#146#368
10-16 15:36:39.812  1652  1799 I 322     : com.google.android.permissioncontroller#-1#112
10-16 15:36:41.181  7180  7180 I 309     : package:com.instagram.android took:1262 calssname:android.app.ActivityThread$H callback:null what:110
10-16 15:37:02.384 30519 29402 I 110     :  OptJank - total:214 frameGap:957 delta#211#0#0#0#0#2
10-16 15:37:03.130  1652  1799 I 322     : com.android.settings#-1#945
10-16 15:37:04.000  7542  7586 I 100     : Open /data/app/~~MWcyAkrp8K_gtI2_LRurCA==/com.google.android.trichromelibrary_460608534-qgEKQeh5R29dD-J_hsjN2g==/base.apk took:226ms
10-16 15:37:04.168  7542  7586 I 100     : Open /data/app/~~bmCnN4E0zRyd7vlkoHmz6A==/com.google.android.webview-F1f62tnwXmUbCtyxDcY3qQ==/base.apk took:59ms
10-16 15:37:04.183  7542  7735 I 100     : Open /data/user_de/0/com.google.android.gms/app_chimera/m/0000021a/DynamiteLoader.apk took:61ms
10-16 15:37:07.891  1652  1799 I 322     : com.google.android.permissioncontroller#-1#146
10-16 15:37:16.612  1652  1799 I 322     : org.uhh.myapp#66#217
10-16 15:40:23.313  1652  1799 I 322     : org.uhh.myapp#71#237
10-16 15:40:36.467  9019  9060 I 100     : Open /data/app/~~ZgjZRsAJg1XtcymANok5kA==/com.google.android.gms-JKUwZB7j-pTHkzyl55NTDg==/base.apk took:52ms
10-16 15:43:14.583  1652  1806 I 300     : 152
10-16 15:43:35.882  1652  1799 I 322     : org.uhh.myapp#82#258
10-16 15:44:00.632  1652  1806 I 300     : 202
10-16 15:44:14.807  1652  1799 I 322     : com.github.android#55#391
10-16 15:44:15.489 19732 10404 I 110     :  OptJank - total:291 frameGap:298 delta#0#282#0#281#0#9
10-16 15:44:17.772  1652  1799 I 322     : com.github.android#-1#104
10-16 15:44:23.743  1652  1799 I 322     : com.github.android#-1#74
10-16 15:44:27.312  1652  1799 I 322     : com.github.android#-1#61
10-16 15:45:20.948  1652  1799 I 322     : com.andrewshu.android.redditdonation#56#394
10-16 15:46:25.846  1652  1806 I 300     : 690
10-16 15:46:26.511  2585  3032 I 110     :  OptJank - total:117 frameGap:117 delta#122#9#8#0#0#2
10-16 15:46:47.489  1652  1806 I 300     : 648
10-16 15:46:48.190  2585  3032 I 110     :  OptJank - total:79 frameGap:83 delta#66#11#8#2#0#0
10-16 15:46:50.157  2585  3032 I 111     :  OptJank - continuously drops frames:4
10-16 15:46:50.178  2585  3032 I 111     :  OptJank - high percentage:0.45
10-16 15:46:50.200  2585  3032 I 111     :  OptJank - continuously drops frames:4
10-16 15:46:50.245  2585  3032 I 111     :  OptJank - continuously drops frames:4
10-16 15:46:50.397  2585  3032 I 111     :  OptJank - high percentage:0.75
10-16 15:46:51.103  2585  3032 I 110     :  OptJank - total:85 frameGap:85 delta#0#83#9#73#0#2
10-16 15:46:51.132 26035 26435 I 110     :  OptJank - total:80 frameGap:85 delta#0#77#0#76#0#3
10-16 15:46:51.364  2585  3032 I 110     :  OptJank - total:255 frameGap:258 delta#177#75#10#64#0#1
10-16 15:46:51.474  2585  3032 I 110     :  OptJank - total:97 frameGap:100 delta#22#73#4#68#0#2
10-16 15:46:51.687  2585  3032 I 110     :  OptJank - total:131 frameGap:137 delta#44#85#6#78#0#1
10-16 15:47:04.677  1652  1799 I 322     : org.uhh.myapp#73#291
10-16 15:47:37.374  1652  1806 I 300     : 142
10-16 15:48:39.043  1652  1806 I 300     : 268
10-16 15:48:44.540  2585  3032 I 111     :  OptJank - continuously drops frames:4
10-16 15:48:47.556  1652  1799 I 322     : com.oneplus.dialer#-1#306
10-16 15:48:59.883  1652  1806 I 300     : 348
10-16 15:49:25.608  2585  3032 I 110     :  OptJank - total:85 frameGap:87 delta#77#6#5#0#0#1
10-16 15:49:29.024  1652  1799 I 322     : com.oneplus.dialer#-1#224
10-16 15:52:43.616  1652  1806 I 300     : 259
10-16 15:53:19.889 13512 13512 I 100     : Open /data/app/~~qtsE1yyM-Mk7FSzj6KcsOQ==/com.oneplus.gallery-wHbrfIEiD6SlVinc3_XIpg==/base.apk took:293ms
10-16 16:37:50.484 14070 14070 I 309     : package:com.instagram.android took:1702 calssname:android.app.ActivityThread$H callback:null what:110
10-16 16:37:51.791 14283 14283 I 100     : Open /data/app/~~Z7axqFSOW96XVfBxZbKYQg==/com.google.android.apps.youtube.music-WXnKjkqnx0GQlacDpmX3lQ==/base.apk took:56ms
10-16 16:37:51.809 14252 14252 I 100     : Open /data/app/~~0lNnoWkmTic23UMNGHwRdA==/com.vanced.android.youtube-B89HBI2Jr6btM9VZ5F6zmg==/base.apk took:93ms
10-16 16:37:52.424 14252 14663 I 100     : Open /system/framework/com.android.location.provider.jar took:62ms
10-16 16:37:52.496 14252 14663 I 100     : Open /data/app/~~ZgjZRsAJg1XtcymANok5kA==/com.google.android.gms-JKUwZB7j-pTHkzyl55NTDg==/base.apk took:64ms
10-16 16:37:53.008 14252 14663 I 100     : Open /data/user_de/0/com.google.android.gms/app_chimera/m/0000021f/MeasurementDynamite.apk took:114ms
10-16 16:37:54.163 14070 14092 I 101     : #252
10-16 16:37:55.875 14903 14903 I 100     : Open /data/app/~~gtgxhpITGw3eHQDtlhdWNg==/com.google.android.apps.photos-lYaZhijrQZ788RQXZhZxsQ==/base.apk took:113ms
10-16 16:37:56.536 14951 14951 I 100     : Open /data/app/~~CYGjFjNyEYt4v9RqEIg82A==/com.google.android.apps.tachyon-jJcRyNDDYNF9MEded7PE9Q==/base.apk took:60ms
10-16 16:37:57.005 14283 14350 I 101     : #207
10-16 16:37:57.168 15007 15007 I 100     : Open /data/app/~~Mfs2uVuCCAUTVe0dU0dTHA==/com.google.android.apps.walletnfcrel-EWEEmryEkczwo9DnI-DPtA==/base.apk took:53ms
10-16 16:37:57.387 15035 15035 I 100     : Open /data/app/~~KrBG6QzLwu7Yk9Ve-wuIIg==/com.android.vending-RtE9AZ1DxQ-xEtHZgNmEcg==/base.apk took:77ms
10-16 16:37:58.524 15164 15164 I 100     : Open /data/app/~~9BhZSFC2D2sQ9LHsC2LtxA==/com.google.android.calendar-NAV-GJs3eyjDxYg26-61qg==/base.apk took:60ms
10-16 16:38:01.359 15481 15481 I 100     : Open /data/app/~~z-lG07TybIgdWXLpzUadiw==/com.google.android.apps.dynamite--sjTziB_My89uSW_VXOObg==/base.apk took:65ms
10-16 16:38:02.583 15703 15703 I 100     : Open /data/app/~~B2rFAznCk2X2wyqs9CNLjQ==/com.google.android.apps.tasks-_O3R0FkNQAHVrIeP6XVTSg==/base.apk took:58ms
10-16 16:38:03.063 15791 15791 I 100     : Open /data/app/~~KNs7FwGzDc8SD87MKfcGhQ==/com.google.android.keep-X1y0hRFxCWf27yhV-VAf3A==/base.apk took:54ms
10-16 16:38:03.766 15921 15921 I 100     : Open /data/app/~~kRBvbFMFFRfEhxUzml5wjw==/com.google.android.play.games-hym-Jnb8eYZ9nLQ75eE-gQ==/base.apk took:52ms
10-16 16:38:04.136 15808 15808 I 309     : package:com.zhiliaoapp.musically took:1155 calssname:android.app.ActivityThread$H callback:null what:110
10-16 16:38:04.353 15808 15878 I 100     : Open /data/app/~~MWcyAkrp8K_gtI2_LRurCA==/com.google.android.trichromelibrary_460608534-qgEKQeh5R29dD-J_hsjN2g==/base.apk took:222ms
10-16 16:38:04.857 16073 16073 I 100     : Open /data/app/~~e8W0bg0_MJazJQkaGM-SMg==/com.microsoft.office.officelens-Ggjoc5Ov-31N9a3-dvxNAw==/base.apk took:88ms
10-16 16:38:05.021 15808 16071 I 100     : Open /data/user_de/0/com.google.android.gms/app_chimera/m/0000021a/DynamiteLoader.apk took:229ms
10-16 16:38:07.326 16365 16424 I 100     : Open /system/framework/com.android.media.remotedisplay.jar took:78ms
10-16 16:38:07.714 16365 16424 I 100     : Open /data/user_de/0/com.google.android.gms/app_chimera/m/00000221/dl-AdsFdrDynamite.integ_213806100100000.apk took:64ms
10-16 16:38:34.841 16911 16944 I 100     : Open /data/app/~~MWcyAkrp8K_gtI2_LRurCA==/com.google.android.trichromelibrary_460608534-qgEKQeh5R29dD-J_hsjN2g==/base.apk took:120ms
10-16 16:38:35.028 16911 16944 I 100     : Open /data/app/~~bmCnN4E0zRyd7vlkoHmz6A==/com.google.android.webview-F1f62tnwXmUbCtyxDcY3qQ==/base.apk took:63ms
10-16 16:38:35.038 16911 17020 I 100     : Open /data/user_de/0/com.google.android.gms/app_chimera/m/0000021a/DynamiteLoader.apk took:73ms
10-16 16:39:29.302  1652  1806 I 300     : 93
10-16 17:22:50.951 16170 16209 I 101     : #302
10-16 17:44:56.224 16911 16931 I 101     : #304
10-16 17:44:57.324 19259 19259 I 100     : Open /data/app/~~0lNnoWkmTic23UMNGHwRdA==/com.vanced.android.youtube-B89HBI2Jr6btM9VZ5F6zmg==/base.apk took:58ms
10-16 17:44:57.898 19259 19407 I 100     : Open /system/framework/com.android.location.provider.jar took:58ms
10-16 17:45:26.254 20377 20403 I 100     : Open /data/app/~~MWcyAkrp8K_gtI2_LRurCA==/com.google.android.trichromelibrary_460608534-qgEKQeh5R29dD-J_hsjN2g==/base.apk took:69ms
10-16 17:46:49.466 20596 20596 I 309     : package:com.instagram.android took:1754 calssname:android.app.ActivityThread$H callback:null what:110
10-16 17:50:34.516  1652  1806 I 300     : 125
10-16 17:50:35.438  2585  3032 I 110     :  OptJank - total:126 frameGap:201 delta#88#33#9#24#0#3
10-16 17:50:42.056  2585  3032 I 110     :  OptJank - total:102 frameGap:106 delta#33#65#6#58#0#4
10-16 17:50:45.061 21859 21908 I 100     : Open /system/framework/com.android.media.remotedisplay.jar took:231ms
10-16 17:50:45.624 21859 21908 I 100     : Open /data/user_de/0/com.google.android.gms/app_chimera/m/00000221/dl-AdsFdrDynamite.integ_213806100100000.apk took:106ms
10-16 17:50:46.232 21110 21141 I 101     : #331
10-16 17:50:48.046 21572 21620 I 101     : #316
10-16 17:50:48.174 21681 21710 I 101     : #185
10-16 17:50:51.283  1652  1799 I 322     : org.uhh.myapp#315#758
10-16 17:51:51.009 23273 23273 I 309     : package:com.instagram.android took:1436 calssname:android.app.ActivityThread$H callback:null what:110
10-16 17:52:53.657  1652  1799 I 322     : org.uhh.myapp#59#200
10-16 17:59:28.557  2585  3032 I 111     :  OptJank - continuously drops frames:4
10-16 17:59:31.343  2585  3032 I 110     :  OptJank - total:110 frameGap:110 delta#66#45#10#34#0#6
10-16 17:59:48.620 24249 24249 I 100     : Open /data/app/~~_LgvIoUBj1c9j9TddCV1MA==/tv.twitch.android.app-M3ZoO9GeePrty10YOSnEMA==/base.apk took:65ms
10-16 18:00:09.553  1652  1806 I 300     : 701
10-16 18:00:10.168  2585  3032 I 110     :  OptJank - total:92 frameGap:95 delta#55#34#0#33#0#3
10-16 18:00:10.348  2585  3032 I 110     :  OptJank - total:171 frameGap:171 delta#199#6#3#1#0#3
10-16 18:00:13.241  1652  1799 I 322     : org.uhh.myapp#113#346
10-16 18:00:44.918 11487 11487 F libc    : Fatal signal 11 (SIGSEGV), code 1 (SEGV_MAPERR), fault addr 0x0 in tid 11487 (org.uhh.myapp), pid 11487 (org.uhh.myapp)
10-16 18:00:45.036 24721 24721 F DEBUG   : *** *** *** *** *** *** *** *** *** *** *** *** *** *** *** ***
10-16 18:00:45.036 24721 24721 F DEBUG   : Build fingerprint: 'OnePlus/OnePlus7T/OnePlus7T:11/RKQ1.201022.002/2108181508:user/release-keys'
10-16 18:00:45.036 24721 24721 F DEBUG   : Revision: '0'
10-16 18:00:45.036 24721 24721 F DEBUG   : ABI: 'arm'
10-16 18:00:45.037 24721 24721 F DEBUG   : Timestamp: 2021-10-16 18:00:45-0500
10-16 18:00:45.037 24721 24721 F DEBUG   : pid: 11487, tid: 11487, name: org.uhh.myapp  >>> org.uhh.myapp <<<
10-16 18:00:45.037 24721 24721 F DEBUG   : uid: 10467
10-16 18:00:45.037 24721 24721 F DEBUG   : signal 11 (SIGSEGV), code 1 (SEGV_MAPERR), fault addr 0x0
10-16 18:00:45.037 24721 24721 F DEBUG   : Cause: null pointer dereference
10-16 18:00:45.037 24721 24721 F DEBUG   :     r0  00000000  r1  5a1cac07  r2  ffffffff  r3  ffffffff
10-16 18:00:45.037 24721 24721 F DEBUG   :     r4  00000000  r5  ffffffff  r6  00000000  r7  ed971488
10-16 18:00:45.037 24721 24721 F DEBUG   :     r8  ffbd11dc  r9  00000000  r10 00000000  r11 ffbd1200
10-16 18:00:45.037 24721 24721 F DEBUG   :     ip  ed962314  sp  ffbd11b0  lr  ed847bd8  pc  e6a0c282
10-16 18:00:45.039 24721 24721 F DEBUG   : backtrace:
10-16 18:00:45.039 24721 24721 F DEBUG   :       #00 pc 00042282  /apex/com.android.runtime/lib/bionic/libc.so (sem_wait+8) (BuildId: 874b389553085fd9899c55432f97d751)
10-16 18:00:45.039 24721 24721 F DEBUG   :       #01 pc 001a3bd4  /data/app/~~kMMV7dsAteo4RQr0gFqVUg==/org.uhh.myapp-nfJCWV2IqwMLFWbr-txkkQ==/lib/arm/libpython3.8.so (PyThread_acquire_lock_timed+464)
10-16 18:00:56.505  1652  1799 I 322     : org.uhh.myapp#66#251
10-16 18:02:30.852  1652  1799 I 322     : org.uhh.myapp#71#265
10-16 18:05:10.524  1652  3304 I 300     : 50
10-16 18:05:25.666  1652  1799 I 322     : org.uhh.myapp#73#248
10-16 18:05:47.424 25452 25553 I 100     : Open /data/app/~~ZgjZRsAJg1XtcymANok5kA==/com.google.android.gms-JKUwZB7j-pTHkzyl55NTDg==/base.apk took:86ms
10-16 18:07:03.589 25874 25916 I 100     : Open /data/app/~~MWcyAkrp8K_gtI2_LRurCA==/com.google.android.trichromelibrary_460608534-qgEKQeh5R29dD-J_hsjN2g==/base.apk took:72ms
10-16 18:07:03.971 25874 26037 I 100     : Open /data/user_de/0/com.google.android.gms/app_chimera/m/0000021a/DynamiteLoader.apk took:73ms
10-16 18:08:31.542  2585  3032 I 111     :  OptJank - continuously drops frames:4
10-16 18:10:39.176  1652  1806 I 300     : 220
10-16 18:11:52.827  1652  3090 I 300     : 50
10-16 18:12:05.516  1652  1799 I 322     : org.uhh.myapp#78#241
10-16 18:15:14.274  1652  1806 I 300     : 196
10-16 18:27:48.012  1652  3090 I 300     : 107
10-16 18:28:54.968 26468 26509 I 101     : #475
10-16 18:37:48.705  1652  1806 I 300     : 191
10-16 18:37:50.348 10668 13418 I 110     :  OptJank - total:419 frameGap:426 delta#411#6#5#1#0#1
10-16 18:37:54.426  1652  1799 I 322     : com.sand.airdroid#79#910
10-16 18:37:55.998  1652  1799 I 322     : com.sand.airdroid#-1#649
10-16 18:38:08.981  1652  1799 I 322     : com.sand.airdroid#-1#98
10-16 18:38:12.447  1652  1799 I 322     : com.sand.airdroid#-1#217
10-16 18:38:14.694  1652  1799 I 322     : com.sand.airdroid#-1#136
10-16 18:38:29.645  1652  1799 I 322     : com.sand.airdroid#-1#205
10-16 18:38:47.124  1652  1799 I 322     : com.android.systemui#-1#189
10-16 18:39:45.859  1652  1799 I 322     : com.sand.airdroid#-1#96
10-16 18:40:03.350  1652  1799 I 322     : com.zorinos.zorin_connect#-1#243
10-16 18:40:47.849  1652  1799 I 322     : com.sand.airdroid#-1#233
10-16 18:40:49.097  1652  1799 I 322     : com.sand.airdroid#-1#301
10-16 18:47:19.745  1652  1806 I 300     : 208
10-16 18:47:22.131 16798 16798 I 100     : Open /data/app/~~Z6aadjCDKv-1BVa6H4nVJA==/com.audible.application-v4CqnDdhsX-hd19x8eWNzA==/base.apk took:62ms
10-16 18:47:23.446  1652  1799 I 322     : com.audible.application#66#1472
10-16 18:47:26.202 16800 16800 I 100     : Open /data/app/~~QLtDv88_vmlg95SLkGoKew==/com.amazon.mShop.android.shopping-i8jIFeS8lwOnz7t-fAkR4Q==/base.apk took:88ms
10-16 18:47:27.186 32638 32638 I 100     : Open /data/app/~~hCk2xPci4pFWu13sNt1wcA==/com.amazon.avod.thirdpartyclient-aZ8F-NaVrGYdMuALU6-itg==/base.apk took:59ms
10-16 18:47:27.420  1652  1799 I 322     : com.amazon.mShop.android.shopping#94#1407
10-16 18:47:28.626 16800 32453 I 110     :  OptJank - total:343 frameGap:361 delta#333#3#1#0#0#6
10-16 18:51:43.736  1652  1806 I 300     : 84
10-16 18:51:44.497  6302 18785 I 101     : #204
10-16 18:51:46.019  2585  3032 I 110     :  OptJank - total:138 frameGap:154 delta#66#69#9#60#0#1
10-16 18:51:49.748  2585  3032 I 110     :  OptJank - total:127 frameGap:132 delta#122#3#2#0#0#2
10-16 18:56:00.769  1652  1806 I 300     : 259
10-16 18:56:03.896  2585  3032 I 110     :  OptJank - total:105 frameGap:116 delta#55#46#4#42#0#3
10-16 18:56:12.713 19731 10946 I 110     :  OptJank - total:123 frameGap:131 delta#16#103#4#98#0#2
10-16 18:56:16.475 30519 29402 I 110     :  OptJank - total:90 frameGap:425 delta#77#9#9#0#0#2
10-16 18:56:17.709  1652  1799 I 322     : com.discord#121#1331
10-16 18:56:24.452 16799  4065 I 110     :  OptJank - total:90 frameGap:91 delta#0#87#0#1#0#2
10-16 18:56:40.434  4324  4349 I 100     : Open /data/app/~~MWcyAkrp8K_gtI2_LRurCA==/com.google.android.trichromelibrary_460608534-qgEKQeh5R29dD-J_hsjN2g==/base.apk took:65ms
10-16 18:56:40.637  4324  4349 I 100     : Open /data/app/~~bmCnN4E0zRyd7vlkoHmz6A==/com.google.android.webview-F1f62tnwXmUbCtyxDcY3qQ==/base.apk took:164ms
10-16 18:57:45.293  1652  1806 I 300     : 60
10-16 18:59:19.969  1652  1806 I 300     : 743
10-16 18:59:46.635  1652  1679 I 300     : 251
10-16 19:03:46.231  5946  5946 I 100     : Open /data/app/~~szWNaASBI6_xnwwX9igpLg==/com.instagram.android-Kf_FuCwo765_Ak3yBvelXQ==/base.apk took:66ms
10-16 19:03:47.914  5946  5946 I 309     : package:com.instagram.android took:1773 calssname:android.app.ActivityThread$H callback:null what:110
10-16 19:03:54.134  1652  1806 I 300     : 659
10-16 19:03:55.157  2585  3032 I 110     :  OptJank - total:124 frameGap:150 delta#77#42#5#36#0#3
10-16 19:04:56.761  6597  6597 I 100     : Open /data/app/~~_LgvIoUBj1c9j9TddCV1MA==/tv.twitch.android.app-M3ZoO9GeePrty10YOSnEMA==/base.apk took:76ms
10-16 19:08:32.719  1652  1806 I 300     : 636
10-16 19:08:35.412  1652  1799 I 322     : org.uhh.myapp#96#325
10-16 19:15:15.968  1652  1806 I 300     : 683
10-16 19:29:56.122  8177  8427 I 100     : Open /data/app/~~ZgjZRsAJg1XtcymANok5kA==/com.google.android.gms-JKUwZB7j-pTHkzyl55NTDg==/base.apk took:146ms
10-16 19:49:11.281  1652  1806 I 300     : 219
10-16 19:58:34.068  1652  1806 I 300     : 264
10-16 20:00:37.494 10996 10996 I 309     : package:com.instagram.android took:1432 calssname:android.app.ActivityThread$H callback:null what:110
10-16 20:07:57.753  1652  1806 I 300     : 397
10-16 20:08:37.285  1652  1806 I 300     : 446
10-16 20:08:50.481  1652  1806 I 300     : 458
10-16 20:09:39.640  1652  1806 I 300     : 401
10-16 20:09:56.820  1652  1806 I 300     : 423
10-16 20:10:41.526  1652  1806 I 300     : 317
10-16 20:10:46.978  2585  3032 I 110     :  OptJank - total:86 frameGap:86 delta#44#43#5#36#0#1
10-16 20:10:46.978  2585  3032 I 111     : OptJank - big and big
10-16 20:11:35.398  1652  1806 I 300     : 342
10-16 20:11:50.648  2585  3032 I 110     :  OptJank - total:95 frameGap:193 delta#55#32#1#30#0#6
10-16 20:12:00.222 12553 12553 I 100     : Open /data/app/~~gtgxhpITGw3eHQDtlhdWNg==/com.google.android.apps.photos-lYaZhijrQZ788RQXZhZxsQ==/base.apk took:69ms
10-16 20:12:01.658 12735 12735 I 100     : Open /data/app/~~Z7axqFSOW96XVfBxZbKYQg==/com.google.android.apps.youtube.music-WXnKjkqnx0GQlacDpmX3lQ==/base.apk took:56ms
10-16 20:12:01.998 12810 12810 I 100     : Open /data/app/~~9BhZSFC2D2sQ9LHsC2LtxA==/com.google.android.calendar-NAV-GJs3eyjDxYg26-61qg==/base.apk took:63ms
10-16 20:12:02.034 12735 12767 I 100     : Open /system/framework/com.android.media.remotedisplay.jar took:98ms
10-16 20:12:03.705 13052 13052 I 100     : Open /data/app/~~UK5PcHvt2YZ73u1y-927LQ==/com.oneplus.brickmode-4OL_ylbjelgJmpNp_XYOgw==/base.apk took:70ms
10-16 20:12:04.897 13187 13187 I 100     : Open /data/app/~~z-lG07TybIgdWXLpzUadiw==/com.google.android.apps.dynamite--sjTziB_My89uSW_VXOObg==/base.apk took:67ms
10-16 20:12:05.468 13187 13232 I 100     : Open /system/framework/com.android.location.provider.jar took:53ms
10-16 20:12:07.679 13567 13567 I 100     : Open /data/app/~~e8W0bg0_MJazJQkaGM-SMg==/com.microsoft.office.officelens-Ggjoc5Ov-31N9a3-dvxNAw==/base.apk took:70ms
10-16 20:14:23.971  1652  1806 I 300     : 251
10-16 20:14:28.040 30519 29402 I 110     :  OptJank - total:89 frameGap:93 delta#66#10#10#0#0#12
10-16 20:14:36.310 19728   336 I 110     :  OptJank - total:108 frameGap:606 delta#0#3#2#0#0#104
10-16 20:14:42.752  1652  1806 I 300     : 252
10-16 20:15:40.718  1652  1806 I 300     : 97
10-16 20:15:43.526  2585  3032 I 111     :  OptJank - continuously drops frames:4
10-16 20:15:43.647  2585  3032 I 111     :  OptJank - continuously drops frames:4
10-16 20:15:43.781  2585  3032 I 111     :  OptJank - high percentage:0.55
10-16 20:15:43.805  2585  3032 I 111     :  OptJank - continuously drops frames:4
10-16 20:15:44.332 26035 26435 I 110     :  OptJank - total:80 frameGap:83 delta#55#11#0#11#0#13
10-16 20:15:44.503 26035 26435 I 111     :  OptJank - continuously drops frames:4
10-16 20:15:44.525  2585  3032 I 111     :  OptJank - continuously drops frames:4
10-16 20:15:44.627  2585  3032 I 110     :  OptJank - total:102 frameGap:102 delta#11#99#6#93#0#5
10-16 20:15:44.627  2585  3032 I 111     : OptJank - big and big
10-16 20:15:44.678 26035 26435 I 111     :  OptJank - continuously drops frames:4
10-16 20:15:44.709 26035 26435 I 111     :  OptJank - high percentage:0.65
10-16 20:15:45.154  2585  3032 I 110     :  OptJank - total:175 frameGap:186 delta#111#62#6#55#0#1
10-16 20:15:45.310  2585  3032 I 110     :  OptJank - total:96 frameGap:102 delta#44#49#10#33#0#2
10-16 20:15:54.779 26035 26435 I 111     :  OptJank - continuously drops frames:4
10-16 20:15:54.847 26035 26435 I 111     :  OptJank - continuously drops frames:4
10-16 20:15:54.906 26035 26435 I 111     :  OptJank - continuously drops frames:4
10-16 20:15:54.955 26035 26435 I 111     :  OptJank - continuously drops frames:4
10-16 20:15:55.002 26035 26435 I 111     :  OptJank - continuously drops frames:4
10-16 20:15:55.025 26035 26435 I 111     :  OptJank - high percentage:1
10-16 20:15:55.080 26035 26435 I 111     :  OptJank - continuously drops frames:4
10-16 20:15:55.236 26035 26435 I 111     :  OptJank - continuously drops frames:4
10-16 20:15:55.246 26035 26435 I 111     :  OptJank - high percentage:0.5
10-16 20:16:44.601  1652  1806 I 300     : 808
10-16 20:16:45.090  2585  3032 I 110     :  OptJank - total:107 frameGap:130 delta#55#50#0#49#0#1
10-16 20:17:07.448 15022 15022 I 100     : Open /system_ext/priv-app/OPAppCategoryProvider/OPAppCategoryProvider.apk took:61ms
10-16 20:17:11.503  1652  1799 I 322     : org.uhh.myapp#126#509
10-16 20:17:32.492  1652  1799 I 322     : org.uhh.myapp#65#223
10-16 20:18:43.938  1652  1799 I 322     : org.uhh.myapp#68#213
10-16 20:19:51.456  1652  1806 I 300     : 437
10-16 20:20:36.659  1652  1806 I 300     : 323
10-16 20:20:38.098  2585  3032 I 110     :  OptJank - total:147 frameGap:156 delta#144#1#0#0#0#2
10-16 20:20:39.275 15825 15825 I 100     : Open /data/app/~~hCk2xPci4pFWu13sNt1wcA==/com.amazon.avod.thirdpartyclient-aZ8F-NaVrGYdMuALU6-itg==/base.apk took:70ms
10-16 20:20:40.152  1652  1799 I 322     : com.google.android.calculator#78#486
10-16 20:21:31.886  1652  1806 I 300     : 953
10-16 20:22:09.844  1652  1806 I 300     : 664
10-16 20:22:28.319 16440 16440 I 309     : package:com.instagram.android took:1728 calssname:android.app.ActivityThread$H callback:null what:110
10-16 20:29:27.213  2585  3032 I 110     :  OptJank - total:180 frameGap:180 delta#211#4#0#3#0#1
10-16 20:29:27.311  2585  3032 I 110     :  OptJank - total:90 frameGap:94 delta#55#24#9#14#0#9
10-16 20:29:27.466  2585  3032 I 110     :  OptJank - total:132 frameGap:136 delta#122#7#3#0#0#2
10-16 20:30:21.874  1652  1806 I 300     : 681
10-16 20:38:45.660 17509 17578 I 100     : Open /data/app/~~MWcyAkrp8K_gtI2_LRurCA==/com.google.android.trichromelibrary_460608534-qgEKQeh5R29dD-J_hsjN2g==/base.apk took:139ms
10-16 20:38:45.971 17509 17578 I 100     : Open /data/app/~~bmCnN4E0zRyd7vlkoHmz6A==/com.google.android.webview-F1f62tnwXmUbCtyxDcY3qQ==/base.apk took:285ms
10-16 20:38:46.053 17509 17624 I 100     : Open /data/user_de/0/com.google.android.gms/app_chimera/m/0000021a/DynamiteLoader.apk took:230ms
10-16 20:38:47.933 17742 17769 I 100     : Open /data/app/~~bmCnN4E0zRyd7vlkoHmz6A==/com.google.android.webview-F1f62tnwXmUbCtyxDcY3qQ==/base.apk took:135ms
10-16 20:51:21.915  1652  1806 I 300     : 447
10-16 20:51:32.491  2585  3032 I 110     :  OptJank - total:119 frameGap:120 delta#88#27#7#18#0#2
10-16 20:53:13.634  1652  1806 I 300     : 347
10-16 20:55:52.571  1652  1806 I 300     : 299
10-16 20:57:48.980  1652  1806 I 300     : 416
10-16 20:57:49.173  1652  1799 I 322     : com.snapchat.android#-1#110
10-16 20:58:05.588  1652  1806 I 300     : 460
10-16 20:58:46.249  1652  3090 I 300     : 213
10-16 20:58:47.267 16799 16799 I 309     : package:com.discord took:1253 calssname:android.hardware.display.DisplayManagerGlobal$DisplayListenerDelegate callback:null what:2
10-16 20:58:49.492  2585  3032 I 111     :  OptJank - continuously drops frames:4
10-16 20:58:49.616  2585  3032 I 111     :  OptJank - continuously drops frames:4
10-16 20:58:49.658  2585  3032 I 111     :  OptJank - high percentage:0.7
10-16 20:58:53.138  2585  3032 I 111     :  OptJank - continuously drops frames:4
10-16 20:58:53.632  2585  3032 I 110     :  OptJank - total:79 frameGap:86 delta#0#77#0#46#0#2
10-16 20:58:54.105 26035 26435 I 111     :  OptJank - continuously drops frames:4
10-16 20:58:54.387  2585  3032 I 110     :  OptJank - total:96 frameGap:96 delta#88#1#1#0#0#11
10-16 20:59:07.318 26035 26435 I 110     :  OptJank - total:89 frameGap:131 delta#0#20#6#13#43#24
10-16 20:59:13.148 26035 26435 I 110     :  OptJank - total:101 frameGap:106 delta#77#21#10#10#0#2
10-16 21:00:17.869  1652  1806 I 300     : 465
10-16 21:00:20.685  2585  3032 I 111     :  OptJank - continuously drops frames:4
10-16 21:05:36.302 20679 20679 I 100     : Open /data/app/~~gtgxhpITGw3eHQDtlhdWNg==/com.google.android.apps.photos-lYaZhijrQZ788RQXZhZxsQ==/base.apk took:72ms
10-16 21:09:42.540 20821 20821 I 100     : Open /data/app/~~PmYeYUJd3DQ97Ut73FNU0A==/org.thoughtcrime.securesms-e3icRkn2ToLVrsDWRXnXCQ==/base.apk took:53ms
10-16 21:12:52.352  1652  1806 I 300     : 884
10-16 21:12:53.935  2585  3032 I 111     :  OptJank - continuously drops frames:4
10-16 21:12:54.224  1652  1799 I 322     : org.mozilla.focus#-1#272
10-16 21:14:37.648 21846 21846 I 100     : Open /data/app/~~hCk2xPci4pFWu13sNt1wcA==/com.amazon.avod.thirdpartyclient-aZ8F-NaVrGYdMuALU6-itg==/base.apk took:81ms
10-16 21:16:26.155  1652  1806 I 300     : 274
10-16 21:16:27.552  2585  3032 I 111     :  OptJank - continuously drops frames:4
10-16 21:16:36.688  1652  1806 I 300     : 301
10-16 21:16:44.501  2585  3032 I 110     :  OptJank - total:95 frameGap:1369 delta#88#4#1#2#0#2
10-16 21:37:18.188  2585  3032 I 110     :  OptJank - total:81 frameGap:3977 delta#55#18#7#10#0#6
10-16 21:38:30.177  1652  1806 I 300     : 219
10-16 21:38:36.177 23995 23995 I 100     : Open /data/app/~~q7GPwYBt9jnEiLdnYvXO0g==/com.google.android.apps.wellbeing-rJI28woGBZcI5Pn-htZ3EA==/base.apk took:75ms
10-16 21:39:45.823  1652  1799 I 322     : com.google.android.apps.maps#-1#268
10-16 21:54:22.271  2585  3032 I 110     :  OptJank - total:127 frameGap:1358 delta#77#46#10#35#0#2
10-16 21:54:22.271  2585  3032 I 111     : OptJank - big and big
10-16 21:54:48.157  1652  1806 I 300     : 829
10-16 21:54:48.812  2585  3032 I 110     :  OptJank - total:85 frameGap:91 delta#33#48#10#37#0#3
10-16 21:54:48.980  2585  3032 I 111     :  OptJank - continuously drops frames:4
10-16 21:55:02.388  2585  3032 I 110     :  OptJank - total:107 frameGap:1176 delta#55#41#1#39#1#9
10-16 22:00:37.957 27421 27421 I 309     : package:com.instagram.android took:1864 calssname:android.app.ActivityThread$H callback:null what:110
10-16 22:02:45.984  1652  1806 I 300     : 63
10-16 22:03:06.848 19729 32396 I 110     :  OptJank - total:115 frameGap:126 delta#11#92#6#86#1#9
10-16 22:03:18.309  2585  3032 I 110     :  OptJank - total:73 frameGap:77 delta#0#71#0#10#0#1
10-16 22:03:20.827  1652  1799 I 322     : com.oneplus.dialer#-1#179
10-16 22:03:21.272  6911 28418 I 110     :  OptJank - total:376 frameGap:376 delta#388#33#10#23#0#4
10-16 22:03:21.272  6911 28418 I 111     : OptJank - big and big
10-16 22:03:28.736 28629 28629 I 100     : Open /data/app/~~fJ0S83xywFiHkirKJN9U4w==/com.google.android.googlequicksearchbox-VsEIGJ2kSvoDFH9cAmhozQ==/base.apk took:62ms
10-16 22:03:28.814 19729 32396 I 110     :  OptJank - total:222 frameGap:222 delta#133#62#3#59#11#38
10-16 22:03:54.569  2585  3032 I 111     :  OptJank - continuously drops frames:4
10-16 22:03:59.111  2585  3032 I 111     :  OptJank - continuously drops frames:4
10-16 22:04:08.193  2585  3032 I 111     :  OptJank - continuously drops frames:4
10-16 22:04:17.884  1652  1806 I 300     : 119
10-16 22:07:20.704  2585  3032 I 111     :  OptJank - continuously drops frames:4
10-16 22:07:20.819  2585  3032 I 111     :  OptJank - high percentage:0.45
10-16 22:08:04.505  1652  1806 I 300     : 266
10-16 22:08:13.391  1652  1806 I 300     : 212
10-16 22:35:40.816  1652  1806 I 300     : 171
10-16 22:50:29.323  1652  1799 I 322     : com.Slack#-1#228
10-16 22:50:35.412 27913 31022 I 110     :  OptJank - total:99 frameGap:405 delta#0#96#0#95#0#2
10-16 22:50:44.114 27913 31022 I 111     :  OptJank - continuously drops frames:4
10-16 22:51:10.070  1652  1799 I 322     : com.Slack#-1#167
10-16 22:51:11.838 27913 31022 I 111     :  OptJank - continuously drops frames:4
10-16 22:51:14.168  1652  1799 I 322     : com.Slack#-1#158
10-16 22:51:26.332 27913 31022 I 111     :  OptJank - continuously drops frames:4
10-16 22:56:29.814 19731 10946 I 111     :  OptJank - continuously drops frames:4
10-16 22:57:35.753  1652  1799 I 322     : com.andrewshu.android.redditdonation#-1#110
10-16 22:57:47.588  1652  1799 I 322     : org.mozilla.focus#-1#253
10-16 22:57:49.867  6430  6430 I 100     : Open /data/app/~~hCk2xPci4pFWu13sNt1wcA==/com.amazon.avod.thirdpartyclient-aZ8F-NaVrGYdMuALU6-itg==/base.apk took:70ms
10-16 23:00:41.627  2585  3032 I 110     :  OptJank - total:90 frameGap:1698 delta#44#42#9#32#0#3
10-16 23:00:55.267  2585  3032 I 111     :  OptJank - continuously drops frames:4
10-16 23:00:55.355  2585  3032 I 111     :  OptJank - high percentage:0.55
10-16 23:01:37.790 26035 26435 I 110     :  OptJank - total:136 frameGap:145 delta#111#22#4#16#0#2
10-16 23:01:38.238 26035 26435 I 110     :  OptJank - total:83 frameGap:108 delta#44#36#9#27#0#2
10-16 23:01:38.280 26035  7503 I 101     : #203
10-16 23:01:38.664 26035 26435 I 110     :  OptJank - total:86 frameGap:86 delta#66#21#10#10#1#11
10-16 23:01:38.664 26035 26435 I 111     : OptJank - big and big
10-16 23:01:38.759 26035 26435 I 110     :  OptJank - total:94 frameGap:94 delta#77#34#5#28#0#5
10-16 23:07:16.949 19731 10946 I 111     :  OptJank - continuously drops frames:4
10-16 23:09:39.471 19731 10946 I 111     :  OptJank - continuously drops frames:4
10-16 23:09:48.328 19731 10946 I 111     :  OptJank - continuously drops frames:4
10-16 23:09:49.720 19731 10946 I 111     :  OptJank - continuously drops frames:4
10-16 23:14:59.213 19731 10946 I 111     :  OptJank - continuously drops frames:4
10-16 23:16:36.770 16799  4065 I 110     :  OptJank - total:87 frameGap:96 delta#0#82#0#81#0#5
10-16 23:17:28.360  1652  1799 I 322     : com.discord#-1#149
10-16 23:19:21.542 18444 18569 I 110     :  OptJank - total:90 frameGap:771 delta#77#9#5#3#0#2
10-16 23:20:33.443 18444 18569 I 110     :  OptJank - total:118 frameGap:697 delta#99#12#5#7#1#4
10-16 23:20:33.743 16799  4065 I 110     :  OptJank - total:69 frameGap:71 delta#0#64#0#1#0#4
10-16 23:20:43.376  1652  1799 I 322     : com.discord#-1#96
--------- beginning of system
10-16 23:22:51.117  1652  2421 I Nat464Xlat: Android Xlat enabled is doXlat = true
10-16 23:22:51.173  1652  1652 I Telecom : CallsManager: onServiceStateChanged networkType: 13
10-16 23:22:51.173  1652  1652 I Telecom : CallsManager: onServiceStateChanged networkType: 13
10-16 23:22:51.193  1652  1652 I Telecom : LocationDetector: onReceive() - The switch button is closed which for countrycode adding function.
10-16 23:22:51.207  1652  2421 D OpWifiServiceImpl: handleLinkPropertiesChanged gatewayIp : 100.73.253.21 , ifname : rmnet_data1
10-16 23:22:51.215 10305 10305 W ContextImpl: Calling a method in the system process without a qualified user: android.app.ContextImpl.sendBroadcast:1122 android.content.ContextWrapper.sendBroadcast:468 com.oneplus.security.SecureService$NetworkChangeReceive.onReceive:257 android.app.LoadedApk$ReceiverDispatcher$Args.lambda$getRunnable$0$LoadedApk$ReceiverDispatcher$Args:1566 android.app.-$$Lambda$LoadedApk$ReceiverDispatcher$Args$_BumDX2UKsnxLVrE6UJsJZkotuA.run:2 
10-16 23:22:51.217 10305 10305 W ContextImpl: Calling a method in the system process without a qualified user: android.app.ContextImpl.sendBroadcast:1122 android.content.ContextWrapper.sendBroadcast:468 com.oneplus.security.SecureService$NetworkChangeReceive.onReceive:257 android.app.LoadedApk$ReceiverDispatcher$Args.lambda$getRunnable$0$LoadedApk$ReceiverDispatcher$Args:1566 android.app.-$$Lambda$LoadedApk$ReceiverDispatcher$Args$_BumDX2UKsnxLVrE6UJsJZkotuA.run:2 
10-16 23:22:51.471  2585  2585 D ViewRootImpl: support adaptive color gamut feature!
10-16 23:22:52.031  1652  5988 D VibratorService: vibrate from 'android', reason = null, token = android.os.Binder@865d730, attrs = VibrationAttributes: Usage=TOUCH Flags=0
10-16 23:22:52.047  1652  5988 D OpVibratorService: linearmotorVibratorOff
10-16 23:22:52.050  1652 11275 D OpVibratorService: linearmotorVibratorOn
10-16 23:22:52.079  1652  2392 I OPPerf  : setInterceptKeyBeforeDispatchingToUxInternal true
10-16 23:22:52.087  1652  2392 I OPPerf  : setInterceptKeyBeforeDispatchingToUxInternal true
10-16 23:22:52.090  1652 11275 D OpVibratorService: linearmotorVibratorOff
10-16 23:22:52.590  1652  1793 I OPPerf  : setInterceptKeyBeforeDispatchingToUxInternal false
10-16 23:22:53.480  1652  2535 W NotificationService: Toast already killed. pkg=com.andrewshu.android.redditdonation token=android.os.BinderProxy@76dfdb
10-16 23:22:54.979  1652  1759 W WindowManager: Unable to start animation, surface is null or no children.
10-16 23:22:58.277  1652  5864 D VibratorService: vibrate from 'android', reason = null, token = android.os.Binder@865d730, attrs = VibrationAttributes: Usage=TOUCH Flags=0
10-16 23:22:58.292  1652  5864 D OpVibratorService: linearmotorVibratorOff
10-16 23:22:58.298  1652 11296 D OpVibratorService: linearmotorVibratorOn
10-16 23:22:58.306  1652  2392 I OPPerf  : setInterceptKeyBeforeDispatchingToUxInternal true
10-16 23:22:58.311  1652  2392 I OPPerf  : setInterceptKeyBeforeDispatchingToUxInternal true
10-16 23:22:58.330  1652 11296 D OpVibratorService: linearmotorVibratorOff
10-16 23:22:58.812  1652  1793 I OPPerf  : setInterceptKeyBeforeDispatchingToUxInternal false
10-16 23:23:00.001  1652  2029 V AlarmManager: Triggering alarm #0: 3 when =201380978 package =android operation = null listenTag =TIME_TICK flags =0x1
10-16 23:23:00.623  1652  5985 E OpScreenModeService: getAppToken ActivityRecord{c5a1386 u0 com.andrewshu.android.redditdonation/com.andrewshu.android.reddit.MainActivity t6410}
10-16 23:23:00.623  1652  5985 E OpScreenModeService: setRefreshRate token ActivityRecord{c5a1386 u0 com.andrewshu.android.redditdonation/com.andrewshu.android.reddit.MainActivity t6410} request refresh rate=1 tmpRate 1
10-16 23:23:00.623  1652  5985 E OpScreenModeService: setRefreshRate token ActivityRecord{c5a1386 u0 com.andrewshu.android.redditdonation/com.andrewshu.android.reddit.MainActivity t6410} app request rateid=2 fps=60.0
10-16 23:23:00.989  1652  5985 I StatusBarManagerService: onVideoChanged: using= true
10-16 23:23:01.034  1652  5985 I StatusBarManagerService: onVideoChanged: using= true
10-16 23:23:01.124  1652  1759 D OpScreenModeService: updateRefreshRate token ActivityRecord{c5a1386 u0 com.andrewshu.android.redditdonation/com.andrewshu.android.reddit.MainActivity t6410} rate=2
10-16 23:23:01.126  1652  1760 E OpScreenModeService: updateGlobalModeId  new mode={id=1, width=1080, height=2400, fps=60.0} new ModeId=1 old ModeId=2
10-16 23:23:01.127  1652  1760 I DisplayModeDirector: updateVoteLocked(displayId=0, priority=PRIORITY_APP_REQUEST_REFRESH_RATE, vote=Vote{width=-1, height=-1, minRefreshRate=60.0, maxRefreshRate=60.0})
10-16 23:23:01.127  1652  1760 I DisplayModeDirector: updateVoteLocked(displayId=0, priority=PRIORITY_APP_REQUEST_SIZE, vote=Vote{width=1080, height=2400, minRefreshRate=0.0, maxRefreshRate=Infinity})
10-16 23:23:01.127  1652  1759 W DisplayModeDirector: Discarding mode 2, outside refresh rate bounds: minRefreshRate=60.0, maxRefreshRate=60.0, modeRefreshRate=90.0
10-16 23:23:01.127  1652  1759 W DisplayModeDirector: Found available modes=[1] with lowest priority considered PRIORITY_DEFAULT_REFRESH_RATE and constraints: width=1080, height=2400, minRefreshRate=60.0, maxRefreshRate=60.0
10-16 23:23:01.127  1652  1759 I DisplayModeDirector: App request range: [60 60]
10-16 23:23:01.127  1652  1759 D OpDisplayModeDirectorInjector:  setBaseModeId modeId: 1
10-16 23:23:01.127  1652  1759 D DisplayManagerService: notifyBeforeDisplayModeSpecChange baseModeId: 1
10-16 23:23:01.128  1652  1759 W DisplayModeDirector: Discarding mode 2, outside refresh rate bounds: minRefreshRate=60.0, maxRefreshRate=60.0, modeRefreshRate=90.0
10-16 23:23:01.128  1652  1759 W DisplayModeDirector: Found available modes=[1] with lowest priority considered PRIORITY_DEFAULT_REFRESH_RATE and constraints: width=1080, height=2400, minRefreshRate=60.0, maxRefreshRate=60.0
10-16 23:23:01.128  1652  1759 I DisplayModeDirector: App request range: [60 60]
10-16 23:23:01.128  1652  1759 D OpDisplayModeDirectorInjector:  setBaseModeId modeId: 1
10-16 23:23:01.133  1652  1759 W LocalDisplayAdapter: setDesiredDisplayModeSpecsAsync displayToken android.os.BinderProxy@f43ebb7 defaultConfig=0 primaryRefreshRateMin=60.0 primaryRefreshRateMax=60.0 appRequestRefreshRateMin=60.0 appRequestRefreshRateMax=60.0
10-16 23:23:01.177  1652  1759 I DisplayManagerService: Display device changed: DisplayDeviceInfo{"Built-in Screen": uniqueId="local:19260865398887809", 1080 x 2400, modeId 1, defaultModeId 1, supportedModes [{id=1, width=1080, height=2400, fps=60.0}, {id=2, width=1080, height=2400, fps=90.0}], colorMode 0, supportedColorModes [0, 7, 9], HdrCapabilities HdrCapabilities{mSupportedHdrTypes=[2, 3, 4], mMaxLuminance=680.0, mMaxAverageLuminance=340.1, mMinLuminance=0.2}, allmSupported false, gameContentTypeSupported false, density 450, 403.411 x 420.413 dpi, appVsyncOff 1000000, presDeadline 16666666, cutout DisplayCutout{insets=Rect(0, 68 - 0, 0) waterfall=Insets{left=0, top=0, right=0, bottom=0} boundingRect={Bounds=[Rect(0, 0 - 0, 0), Rect(110, 0 - 970, 68), Rect(0, 0 - 0, 0), Rect(0, 0 - 0, 0)]}}, touch INTERNAL, rotation 0, type INTERNAL, address {port=129, model=0x446da7b02ad5}, deviceProductInfo DeviceProductInfo{name=, manufacturerPnpId=QCM, productId=1, modelYear=null, manufactureDate=ManufactureDate{week=27, year=2006}, relativeAddress=null}, state ON, FLAG_DEFAULT_DISPLAY, FLAG_ROTATES_WITH_CONTENT, FLAG_SECURE, FLAG_SUPPORTS_PROTECTED_BUFFERS}
10-16 23:23:01.177  1652  1759 D DisplayManagerService: notifyAfterDisplayModeSpecChange modeId: 1
10-16 23:23:01.538  1652  5985 E OpScreenModeService: getAppToken ActivityRecord{c5a1386 u0 com.andrewshu.android.redditdonation/com.andrewshu.android.reddit.MainActivity t6410}
10-16 23:23:01.538  1652  5985 E OpScreenModeService: setRefreshRate token ActivityRecord{c5a1386 u0 com.andrewshu.android.redditdonation/com.andrewshu.android.reddit.MainActivity t6410} request refresh rate=0 tmpRate 0
10-16 23:23:01.538  1652  5985 E OpScreenModeService: setRefreshRate token ActivityRecord{c5a1386 u0 com.andrewshu.android.redditdonation/com.andrewshu.android.reddit.MainActivity t6410} app request rateid=1 fps=90.0
10-16 23:23:01.539  1652  1759 D OpScreenModeService: updateRefreshRate token ActivityRecord{c5a1386 u0 com.andrewshu.android.redditdonation/com.andrewshu.android.reddit.MainActivity t6410} rate=1
10-16 23:23:01.540  1652  1760 E OpScreenModeService: updateGlobalModeId  new mode={id=2, width=1080, height=2400, fps=90.0} new ModeId=2 old ModeId=1
10-16 23:23:01.541  1652  1760 I DisplayModeDirector: updateVoteLocked(displayId=0, priority=PRIORITY_APP_REQUEST_REFRESH_RATE, vote=Vote{width=-1, height=-1, minRefreshRate=90.0, maxRefreshRate=90.0})
10-16 23:23:01.541  1652  1760 I DisplayModeDirector: updateVoteLocked(displayId=0, priority=PRIORITY_APP_REQUEST_SIZE, vote=Vote{width=1080, height=2400, minRefreshRate=0.0, maxRefreshRate=Infinity})
10-16 23:23:01.541  1652  1759 W DisplayModeDirector: Discarding mode 1, outside refresh rate bounds: minRefreshRate=90.0, maxRefreshRate=90.0, modeRefreshRate=60.0
10-16 23:23:01.541  1652  1759 W DisplayModeDirector: Found available modes=[2] with lowest priority considered PRIORITY_DEFAULT_REFRESH_RATE and constraints: width=1080, height=2400, minRefreshRate=90.0, maxRefreshRate=90.0
10-16 23:23:01.541  1652  1759 I DisplayModeDirector: App request range: [90 90]
10-16 23:23:01.541  1652  1759 D OpDisplayModeDirectorInjector:  setBaseModeId modeId: 2
10-16 23:23:01.541  1652  1759 D DisplayManagerService: notifyBeforeDisplayModeSpecChange baseModeId: 2
10-16 23:23:01.549  1652  1759 W LocalDisplayAdapter: setDesiredDisplayModeSpecsAsync displayToken android.os.BinderProxy@f43ebb7 defaultConfig=1 primaryRefreshRateMin=90.0 primaryRefreshRateMax=90.0 appRequestRefreshRateMin=90.0 appRequestRefreshRateMax=90.0
