10-16 01:08:01.058  1652  1652 I Telecom : DefaultDialerCache: Refreshing default dialer for user 0: now com.oneplus.dialer: DDC.oR@J1s
10-16 01:08:01.058  1652  1652 W Looper  : Drained
10-16 01:08:01.095  1652  1756 W Looper  : Slow delivery took 206ms android.fg h=android.os.Handler c=<recycled PooledLambda@3b306dd> m=0
10-16 01:08:01.602  1652  2029 V AlarmManager: Triggering alarm #0: 2 when =121282581 package =android operation = null listenTag =WifiConnectivityManager Schedule Periodic Scan Timer flags =0x8
10-16 01:08:01.602  1652  2029 V AlarmManager: Triggering alarm #1: 3 when =121278832 package =com.google.android.gms operation =*alarm*:com.google.android.gms.auth.authzen.cryptauth.DEVICE_STATE_CHECK_DELAY_COMPLETE flags =0x0
10-16 01:08:01.638  1652  1679 I StatusBarManagerService: onVideoChanged: using= false
10-16 01:08:01.758  1652  3170 I FastCharge: read mChargeType = 0
10-16 01:08:01.760  1652  1756 W Looper  : Drained
10-16 01:08:01.763  2513  2513 W ContextImpl: Calling a method in the system process without a qualified user: android.app.ContextImpl.sendBroadcast:1122 android.content.ContextWrapper.sendBroadcast:468 com.oneplus.coreservice.BroadcastDispatch.xne$mab.onReceive:122 android.app.LoadedApk$ReceiverDispatcher$Args.lambda$getRunnable$0$LoadedApk$ReceiverDispatcher$Args:1566 android.app.-$$Lambda$LoadedApk$ReceiverDispatcher$Args$_BumDX2UKsnxLVrE6UJsJZkotuA.run:2 
10-16 01:08:03.025 18444 18444 D ActivityThread: pid:18444 tid:18444 doframe Callback
10-16 01:08:03.052  1652  5880 I ActivityManager: Killing 15487:com.instagram.android/u0a22 (adj 999): empty #31
10-16 01:08:03.055  1652  5880 I ActivityManager: Killing 13355:com.google.android.cellbroadcastreceiver/u0a459 (adj 999): empty #32
10-16 01:08:03.167  1652  3004 W ProcessStats: setState index out of bounds. index: -1 length: 20
10-16 01:08:03.167  1652  3004 W ProcessStats: setState index out of bounds. index: -1 length: 20
10-16 01:08:03.240  1652  5873 W ProcessStats: setState index out of bounds. index: -1 length: 20
10-16 01:08:03.240  1652  5873 W ProcessStats: setState index out of bounds. index: -1 length: 20
10-16 01:08:05.570  1652  3004 I ActivityTaskManager: START u0 {act=android.intent.action.MAIN cat=[android.intent.category.LAUNCHER] flg=0x10200000 cmp=org.uhh.myapp/org.kivy.android.PythonActivity bnds=[236,336][439,701]} from uid 10142 pid 30519
10-16 01:08:05.581  1652  3004 V ActivityTaskManager: checkAndUpdateLocalList list: [com.android.chrome, com.autonavi.minimap, com.shuqiyuedu823.google, com.snapchat.android, com.google.android.youtube, com.amazon.avod.thirdpartyclient, com.google.android.apps.maps, com.tencent.qqlive, com.youku.phone, com.qiyi.video, com.duowan.kiwi, tv.danmaku.bili, com.google.android.calendar, com.lingdian.activity, local.pivot.pingmeter, com.whatsapp, com.netflix.mediaclient] UpdateDay: 7
10-16 01:08:05.586  1652  3004 D ActivityTaskManager: Updating New task bounds Rect(0, 0 - 0, 0)
10-16 01:08:05.601  1652  1652 V SettingsProvider: Notifying for 0: content://settings/secure/reminder_exp_learning_time_elapsed
10-16 01:08:05.602  1652  1759 D CompatibilityChangeReporter: Compat change id reported: 135634846; UID 10041; state: DISABLED
10-16 01:08:05.602  1652  1773 D CompatibilityChangeReporter: Compat change id reported: 143937733; UID 10041; state: DISABLED
10-16 01:08:05.613  1652  1759 D OpRestartProcessManager: updateSelf :  org.uhh.myapp, size : 30
10-16 01:08:05.686  1652  1773 W ActivityManager: Slow operation: 85ms so far, now at startProcess: returned from zygote!
10-16 01:08:05.686  1652  1773 W ActivityManager: Slow operation: 85ms so far, now at startProcess: done updating battery stats
10-16 01:08:05.686  1652  1773 W ActivityManager: Slow operation: 85ms so far, now at startProcess: building log message
10-16 01:08:05.686  1652  1773 I ActivityManager: Start proc 8829:org.uhh.myapp/u0a41 for pre-top-activity {org.uhh.myapp/org.kivy.android.PythonActivity}
10-16 01:08:05.686  1652  1773 W ActivityManager: Slow operation: 85ms so far, now at startProcess: starting to update pids map
10-16 01:08:05.686  1652  1773 W ActivityManager: Slow operation: 85ms so far, now at startProcess: done updating pids map
10-16 01:08:05.975  1652  1806 I DisplayPowerController: useProximityForceSuspend = false
10-16 01:08:05.975  1652  1806 I DisplayPowerController: brightnessState(m):1.0
10-16 01:08:05.975  1652  1806 I RampAnimator: target:1.0 rate:0.7058823 mCurrentValue:1.0 mTargetValue:1.0
10-16 01:08:05.975  1652  3304 D OpProximityController: noteFrontPackageChanged pkg:org.uhh.myapp uid:10041 lpkg:net.oneplus.launcher luid:10142
10-16 01:08:05.976  1652  3304 D OemSceneModeActivityStack: [scene] evaluateGameModes :  gameMsg.arg1=0 gameMsg.arg2=1
10-16 01:08:05.976  1652  3304 E OpScreenModeService: getAppToken ActivityRecord{7878ae7 u0 org.uhh.myapp/org.kivy.android.PythonActivity t6316}
10-16 01:08:05.976  1652  3304 E OpScreenModeService: setRefreshRate token ActivityRecord{7878ae7 u0 org.uhh.myapp/org.kivy.android.PythonActivity t6316} request refresh rate=-1 tmpRate -1
10-16 01:08:05.976  1652  3304 E OpScreenModeService: setRefreshRate token ActivityRecord{7878ae7 u0 org.uhh.myapp/org.kivy.android.PythonActivity t6316} app request rateid=1 fps=90.0
10-16 01:08:05.976  1652  3304 D OpQuickReply: setQuickReplyResumed focusedApp ActivityRecord{7878ae7 u0 org.uhh.myapp/org.kivy.android.PythonActivity t6316} pkgName org.uhh.myapp
10-16 01:08:05.981  1652  1760 E ActivityTaskManager: createRemoteAnimationTarget Task{d759e21 #1 visible=false type=home mode=fullscreen translucent=true I=net.oneplus.launcher/.Launcher U=0 StackId=1 sz=2} top most activity ActivityRecord{71c0fc3 u0 net.oneplus.launcher/.Launcher t6221}
10-16 01:08:05.981  1652  1760 E ActivityTaskManager: createRemoteAnimationTarget Task{b2b8ecf #6316 visible=true type=standard mode=fullscreen translucent=false A=10041:org.uhh.myapp U=0 StackId=6316 sz=1} top most activity ActivityRecord{7878ae7 u0 org.uhh.myapp/org.kivy.android.PythonActivity t6316}
10-16 01:08:05.995  1652  1759 D OpScreenModeService: updateRefreshRate token ActivityRecord{7878ae7 u0 org.uhh.myapp/org.kivy.android.PythonActivity t6316} rate=1
10-16 01:08:06.102  1652  1787 D ExtBatteryStatsService: @@@@ awaitUninterruptibly in 99 ms
10-16 01:08:06.197  8829  8829 D ViewRootImpl: support adaptive color gamut feature!
10-16 01:08:06.367  1652  1799 I 322     : org.uhh.myapp#404#796
10-16 01:08:06.476  1652  1759 D OemSceneModeActivityStack: [scene] handleEvaluateGameMode enabled: false
10-16 01:08:06.477  1652  1652 V SettingsProvider: Notifying for 0: content://settings/system/rading_mode_status_auto
10-16 01:08:06.478  2513 17241 I OIMC    : notified , mode ColorReadMode changeTo 2
10-16 01:08:06.478  2513  2574 I OIMC_CORE: handleMessage:   MODE_EXIT, arg1: 0, arg2: 0, obj: com.oneplus.server.oimc.gwy@376e037
10-16 01:08:06.478  2513  2574 I OIMC_CORE: The mode: ColorReadMode is not entered
10-16 01:08:06.479  2513  3313 I OIMC    : notified , mode ReadMode changeTo 2
10-16 01:08:06.479  2513  2574 I OIMC_CORE: handleMessage:   MODE_EXIT, arg1: 0, arg2: 0, obj: com.oneplus.server.oimc.gwy@37869a4
10-16 01:08:06.479  2513  2574 I OIMC_CORE: The mode: ReadMode is not entered
10-16 01:08:06.480  1652  1652 V SettingsProvider: Notifying for 0: content://settings/system/rading_mode_status_auto
10-16 01:08:06.922  1652  5812 E OpScreenModeService: getAppToken ActivityRecord{7878ae7 u0 org.uhh.myapp/org.kivy.android.PythonActivity t6316}
10-16 01:08:06.922  1652  5812 E OpScreenModeService: setRefreshRate token ActivityRecord{7878ae7 u0 org.uhh.myapp/org.kivy.android.PythonActivity t6316} request refresh rate=1 tmpRate 2
10-16 01:08:06.922  1652  5812 E OpScreenModeService: setRefreshRate token ActivityRecord{7878ae7 u0 org.uhh.myapp/org.kivy.android.PythonActivity t6316} app request rateid=2 fps=60.0
10-16 01:08:07.422  1652  1759 D OpScreenModeService: updateRefreshRate token ActivityRecord{7878ae7 u0 org.uhh.myapp/org.kivy.android.PythonActivity t6316} rate=2
10-16 01:08:07.424  1652  1760 E OpScreenModeService: updateGlobalModeId  new mode={id=1, width=1080, height=2400, fps=60.0} new ModeId=1 old ModeId=2
10-16 01:08:07.424  1652  1760 I DisplayModeDirector: updateVoteLocked(displayId=0, priority=PRIORITY_APP_REQUEST_REFRESH_RATE, vote=Vote{width=-1, height=-1, minRefreshRate=60.0, maxRefreshRate=60.0})
10-16 01:08:07.424  1652  1760 I DisplayModeDirector: updateVoteLocked(displayId=0, priority=PRIORITY_APP_REQUEST_SIZE, vote=Vote{width=1080, height=2400, minRefreshRate=0.0, maxRefreshRate=Infinity})
10-16 01:08:07.424  1652  1759 W DisplayModeDirector: Discarding mode 2, outside refresh rate bounds: minRefreshRate=60.0, maxRefreshRate=60.0, modeRefreshRate=90.0
10-16 01:08:07.424  1652  1759 W DisplayModeDirector: Found available modes=[1] with lowest priority considered PRIORITY_DEFAULT_REFRESH_RATE and constraints: width=1080, height=2400, minRefreshRate=60.0, maxRefreshRate=60.0
10-16 01:08:07.424  1652  1759 I DisplayModeDirector: App request range: [60 60]
10-16 01:08:07.424  1652  1759 D OpDisplayModeDirectorInjector:  setBaseModeId modeId: 1
10-16 01:08:07.424  1652  1759 D DisplayManagerService: notifyBeforeDisplayModeSpecChange baseModeId: 1
10-16 01:08:07.426  1652  1759 W LocalDisplayAdapter: setDesiredDisplayModeSpecsAsync displayToken android.os.BinderProxy@f43ebb7 defaultConfig=0 primaryRefreshRateMin=60.0 primaryRefreshRateMax=60.0 appRequestRefreshRateMin=60.0 appRequestRefreshRateMax=60.0
10-16 01:08:07.471  1652  1759 I DisplayManagerService: Display device changed: DisplayDeviceInfo{"Built-in Screen": uniqueId="local:19260865398887809", 1080 x 2400, modeId 1, defaultModeId 1, supportedModes [{id=1, width=1080, height=2400, fps=60.0}, {id=2, width=1080, height=2400, fps=90.0}], colorMode 0, supportedColorModes [0, 7, 9], HdrCapabilities HdrCapabilities{mSupportedHdrTypes=[2, 3, 4], mMaxLuminance=680.0, mMaxAverageLuminance=340.1, mMinLuminance=0.2}, allmSupported false, gameContentTypeSupported false, density 450, 403.411 x 420.413 dpi, appVsyncOff 1000000, presDeadline 16666666, cutout DisplayCutout{insets=Rect(0, 68 - 0, 0) waterfall=Insets{left=0, top=0, right=0, bottom=0} boundingRect={Bounds=[Rect(0, 0 - 0, 0), Rect(110, 0 - 970, 68), Rect(0, 0 - 0, 0), Rect(0, 0 - 0, 0)]}}, touch INTERNAL, rotation 0, type INTERNAL, address {port=129, model=0x446da7b02ad5}, deviceProductInfo DeviceProductInfo{name=, manufacturerPnpId=QCM, productId=1, modelYear=null, manufactureDate=ManufactureDate{week=27, year=2006}, relativeAddress=null}, state ON, FLAG_DEFAULT_DISPLAY, FLAG_ROTATES_WITH_CONTENT, FLAG_SECURE, FLAG_SUPPORTS_PROTECTED_BUFFERS}
10-16 01:08:07.471  1652  1759 D DisplayManagerService: notifyAfterDisplayModeSpecChange modeId: 1
10-16 01:08:08.153  1652  3170 I FastCharge: read mChargeType = 0
10-16 01:08:08.156  2513  2513 W ContextImpl: Calling a method in the system process without a qualified user: android.app.ContextImpl.sendBroadcast:1122 android.content.ContextWrapper.sendBroadcast:468 com.oneplus.coreservice.BroadcastDispatch.xne$mab.onReceive:122 android.app.LoadedApk$ReceiverDispatcher$Args.lambda$getRunnable$0$LoadedApk$ReceiverDispatcher$Args:1566 android.app.-$$Lambda$LoadedApk$ReceiverDispatcher$Args$_BumDX2UKsnxLVrE6UJsJZkotuA.run:2 
10-16 01:08:08.855  1652  3170 I FastCharge: read mChargeType = 0
10-16 01:08:08.857  2513  2513 W ContextImpl: Calling a method in the system process without a qualified user: android.app.ContextImpl.sendBroadcast:1122 android.content.ContextWrapper.sendBroadcast:468 com.oneplus.coreservice.BroadcastDispatch.xne$mab.onReceive:122 android.app.LoadedApk$ReceiverDispatcher$Args.lambda$getRunnable$0$LoadedApk$ReceiverDispatcher$Args:1566 android.app.-$$Lambda$LoadedApk$ReceiverDispatcher$Args$_BumDX2UKsnxLVrE6UJsJZkotuA.run:2 
10-16 01:08:10.187  1652  2385 E ActivityThread: Failed to find provider info for com.oneplus.account.personalize.provider.open
10-16 01:08:10.187  1652  2385 W OpSystemGestures: recordSwipe failed due to total=0.45913274388294667
10-16 01:08:10.187  1652  2385 W OpSystemGestures: java.lang.IllegalArgumentException: Unknown URL content://com.oneplus.account.personalize.provider.open
10-16 01:08:10.187  1652  2385 W OpSystemGestures: 	at android.content.ContentResolver.insert(ContentResolver.java:2172)
10-16 01:08:10.187  1652  2385 W OpSystemGestures: 	at android.content.ContentResolver.insert(ContentResolver.java:2130)
10-16 01:08:10.187  1652  2385 W OpSystemGestures: 	at com.android.server.wm.OpSystemGesturesPointerEventListenerInjector.lambda$saveDistance$0$OpSystemGesturesPointerEventListenerInjector(OpSystemGesturesPointerEventListenerInjector.java:159)
10-16 01:08:10.187  1652  2385 W OpSystemGestures: 	at com.android.server.wm.-$$Lambda$OpSystemGesturesPointerEventListenerInjector$neC_mfZQiJ4FpMKCb3FZMJ-lO-g.run(Unknown Source:4)
10-16 01:08:10.187  1652  2385 W OpSystemGestures: 	at android.os.Handler.handleCallback(Handler.java:938)
10-16 01:08:10.187  1652  2385 W OpSystemGestures: 	at android.os.Handler.dispatchMessage(Handler.java:99)
10-16 01:08:10.187  1652  2385 W OpSystemGestures: 	at android.os.Looper.loop(Looper.java:233)
10-16 01:08:10.187  1652  2385 W OpSystemGestures: 	at android.os.HandlerThread.run(HandlerThread.java:67)
10-16 01:08:10.187  1652  2385 W OpSystemGestures: 	at com.android.server.ServiceThread.run(ServiceThread.java:44)
10-16 01:08:10.952  1652  1787 D ExtBatteryStatsService: @@@@ awaitUninterruptibly in 129 ms
10-16 01:08:11.486  1652  1652 W WindowManager: removeWindowToken: Attempted to remove non-existing token: android.os.Binder@f44dd60
10-16 01:08:12.472  1652  3113 D OPBF    : setCGroupState():tofreeze=true, uid:10356 pkg:com.oneplus.twspods --->>> ok reason:serviceDoneExecuting = com.oneplus.twspods/com.oos.onepluspods.scan.ScanService
10-16 01:08:12.599  1652  1678 I ActivityManager: Killing 15829:io.keybase.ossifrage/u0a381 (adj 999): empty #31
10-16 01:08:12.663  1652  1678 W ProcessStats: setState index out of bounds. index: -1 length: 20
10-16 01:08:12.663  1652  1678 W ProcessStats: setState index out of bounds. index: -1 length: 20
10-16 01:08:12.666  1652  3113 D OPBF    : setCGroupState():tofreeze=false, uid:10381 pkg:io.keybase.ossifrage --->>> ok reason:app died cause by pid 15829
10-16 01:08:12.684  1652  2029 V AlarmManager: Triggering alarm #0: 2 when =121293663 package =com.mgoogle.android.gms operation =*walarm*:org.microg.gms.gcm.mcs.RECONNECT flags =0x9
10-16 01:08:12.782  1652  3113 D OPBF    : setCGroupState():tofreeze=true, uid:10275 pkg:com.discord --->>> ok reason:start perform not hasTimeout broadcast for action = android.intent.action.USER_PRESENT
10-16 01:08:12.883  1652  1787 D ExtBatteryStatsService: ext-flush too soon, skip
10-16 01:08:13.829  1652  1787 D ExtBatteryStatsService: ext-flush too soon, skip
10-16 01:08:14.560  1652  3170 I FastCharge: read mChargeType = 0
10-16 01:08:14.565  2513  2513 W ContextImpl: Calling a method in the system process without a qualified user: android.app.ContextImpl.sendBroadcast:1122 android.content.ContextWrapper.sendBroadcast:468 com.oneplus.coreservice.BroadcastDispatch.xne$mab.onReceive:122 android.app.LoadedApk$ReceiverDispatcher$Args.lambda$getRunnable$0$LoadedApk$ReceiverDispatcher$Args:1566 android.app.-$$Lambda$LoadedApk$ReceiverDispatcher$Args$_BumDX2UKsnxLVrE6UJsJZkotuA.run:2 
10-16 01:08:17.031  1652  2393 V OpScreenshotImprovement: AOD screenshot wakeUpFromPowerKey for power up
10-16 01:08:17.031  1652  2393 D WindowManager: powerPress: eventTime=81163924 interactive=true count=1 beganFromNonInteractive=false mShortPressOnPowerBehavior=1
10-16 01:08:17.031  1652  2393 I PowerManagerService: Going to sleep due to power_button (uid 1000)...
10-16 01:08:17.035  1652  1806 I DisplayPowerController: useProximityForceSuspend = false
10-16 01:08:17.064  1652  1652 V SettingsProvider: Notifying for 0: content://settings/secure/reminder_exp_learning_time_elapsed
10-16 01:08:17.070  2585  3016 D ViewRootImpl: support adaptive color gamut feature!
10-16 01:08:17.100  1652  1806 I DisplayPowerController: brightnessState(m):1.0
10-16 01:08:17.140  1652  1806 I DisplayPowerController: useProximityForceSuspend = false
10-16 01:08:17.140  1652  1806 D OpColorDisplayService: screenStateChange
10-16 01:08:17.140  1652  1806 I DisplayPowerController: Blocking screen off
10-16 01:08:17.140  1652  1791 D OpColorDisplayService: processScreenOn   false
10-16 01:08:17.141  1652  1806 I DisplayPowerController: Unblocked screen off after 2 ms
10-16 01:08:17.146  1652  1772 I ActivityManager: Killing 16020:com.google.android.apps.walletnfcrel/u0a236 (adj 999): empty #31
10-16 01:08:17.160  1652  1760 E OpScreenModeService: updateGlobalModeId  new mode={id=2, width=1080, height=2400, fps=90.0} new ModeId=2 old ModeId=1
10-16 01:08:17.160  1652  1760 I DisplayModeDirector: updateVoteLocked(displayId=0, priority=PRIORITY_APP_REQUEST_REFRESH_RATE, vote=Vote{width=-1, height=-1, minRefreshRate=90.0, maxRefreshRate=90.0})
10-16 01:08:17.160  1652  1760 I DisplayModeDirector: updateVoteLocked(displayId=0, priority=PRIORITY_APP_REQUEST_SIZE, vote=Vote{width=1080, height=2400, minRefreshRate=0.0, maxRefreshRate=Infinity})
10-16 01:08:17.160  1652  1759 W DisplayModeDirector: Discarding mode 1, outside refresh rate bounds: minRefreshRate=90.0, maxRefreshRate=90.0, modeRefreshRate=60.0
10-16 01:08:17.160  1652  1759 W DisplayModeDirector: Found available modes=[2] with lowest priority considered PRIORITY_DEFAULT_REFRESH_RATE and constraints: width=1080, height=2400, minRefreshRate=90.0, maxRefreshRate=90.0
10-16 01:08:17.160  1652  1759 I DisplayModeDirector: App request range: [90 90]
10-16 01:08:17.160  1652  1759 D OpDisplayModeDirectorInjector:  setBaseModeId modeId: 2
10-16 01:08:17.160  1652  1759 D DisplayManagerService: notifyBeforeDisplayModeSpecChange baseModeId: 2
10-16 01:08:17.161  1652  1806 D ActivityTaskManager: Top Process State changed to PROCESS_STATE_TOP_SLEEPING
10-16 01:08:17.216  1652  1806 I RampAnimator: POLICY CHANGING!
10-16 01:08:17.217  1652  1806 I RampAnimator: target:0.0 rate:0.0 mCurrentValue:1.0 mTargetValue:1.0
10-16 01:08:17.220  1652  1806 W OpBatteryStats: updateScreenBrightnessLevel: 0
10-16 01:08:17.220  1652  1806 V DisplayPowerController: Brightness [-1.0] reason changing to: 'screen_off', previous reason: 'manual'.
10-16 01:08:17.220  1652  1806 I DisplayPowerController: useProximityForceSuspend = false
10-16 01:08:17.220  1652  1806 I RampAnimator: target:0.0 rate:0.0 mCurrentValue:0.0 mTargetValue:0.0
10-16 01:08:17.224  1652  1759 W ProcessStats: Tracking association SourceState{43669a org.uhh.myapp/10041 Top #332681} whose proc state 1 is better than process ProcessState{7259f86 com.oneplus.config/1000 pkg=com.oneplus.config} proc state 2 (18 skipped)
10-16 01:08:17.224  1652  1759 W LocalDisplayAdapter: setDesiredDisplayModeSpecsAsync displayToken android.os.BinderProxy@f43ebb7 defaultConfig=1 primaryRefreshRateMin=90.0 primaryRefreshRateMax=90.0 appRequestRefreshRateMin=90.0 appRequestRefreshRateMax=90.0
10-16 01:08:17.236  1652  3221 D ConnectivityService: ConnectivityService NetworkRequestInfo binderDied(NetworkRequest [ TRACK_DEFAULT id=1974, [ Capabilities: INTERNET&NOT_RESTRICTED&TRUSTED Uid: 10236 AdministratorUids: [] RequestorUid: 10236 RequestorPackageName: com.google.android.apps.walletnfcrel] ], android.os.BinderProxy@62451fd)
10-16 01:08:17.236  1652  2421 D ConnectivityService: releasing NetworkRequest [ TRACK_DEFAULT id=1974, [ Capabilities: INTERNET&NOT_RESTRICTED&TRUSTED Uid: 10236 AdministratorUids: [] RequestorUid: 10236 RequestorPackageName: com.google.android.apps.walletnfcrel] ] (release request)
10-16 01:08:17.236  1652  3304 W ProcessStats: setState index out of bounds. index: -1 length: 20
10-16 01:08:17.237  1652  3304 W ProcessStats: setState index out of bounds. index: -1 length: 20
10-16 01:08:17.404  1652  1806 I DisplayPowerController: useProximityForceSuspend = false
10-16 01:08:17.404  1652  1806 I RampAnimator: target:0.0 rate:0.0 mCurrentValue:0.0 mTargetValue:0.0
10-16 01:08:17.405  1652  1806 I DreamManagerService: Entering dreamland.
10-16 01:08:17.406  1652  1806 I PowerManagerService: Dozing...
10-16 01:08:17.408  1652  1756 I DreamController: Starting dream: name=ComponentInfo{com.android.systemui/com.android.systemui.doze.DozeService}, isTest=false, canDoze=true, userId=0
10-16 01:08:17.409  1652  1759 I DisplayManagerService: Display device changed state: "Built-in Screen", OFF
10-16 01:08:17.435  1652  1759 I DisplayManagerService: Display device changed: DisplayDeviceInfo{"Built-in Screen": uniqueId="local:19260865398887809", 1080 x 2400, modeId 2, defaultModeId 1, supportedModes [{id=1, width=1080, height=2400, fps=60.0}, {id=2, width=1080, height=2400, fps=90.0}], colorMode 0, supportedColorModes [0, 7, 9], HdrCapabilities HdrCapabilities{mSupportedHdrTypes=[2, 3, 4], mMaxLuminance=680.0, mMaxAverageLuminance=340.1, mMinLuminance=0.2}, allmSupported false, gameContentTypeSupported false, density 450, 403.411 x 420.413 dpi, appVsyncOff 2000000, presDeadline 11111111, cutout DisplayCutout{insets=Rect(0, 68 - 0, 0) waterfall=Insets{left=0, top=0, right=0, bottom=0} boundingRect={Bounds=[Rect(0, 0 - 0, 0), Rect(110, 0 - 970, 68), Rect(0, 0 - 0, 0), Rect(0, 0 - 0, 0)]}}, touch INTERNAL, rotation 0, type INTERNAL, address {port=129, model=0x446da7b02ad5}, deviceProductInfo DeviceProductInfo{name=, manufacturerPnpId=QCM, productId=1, modelYear=null, manufactureDate=ManufactureDate{week=27, year=2006}, relativeAddress=null}, state OFF, FLAG_DEFAULT_DISPLAY, FLAG_ROTATES_WITH_CONTENT, FLAG_SECURE, FLAG_SUPPORTS_PROTECTED_BUFFERS}
10-16 01:08:17.435  1652  1759 D DisplayManagerService: notifyAfterDisplayModeSpecChange modeId: 2
10-16 01:08:17.498  2585  3133 D ViewRootImpl: support adaptive color gamut feature!
10-16 01:08:17.501  1652  5872 I OemSceneModeAmHelper: [scene] handleShowOrOccludedChanged showing false, occluded false
10-16 01:08:17.502  1652  1759 V UsbDeviceManager: onKeyguardStateChanged: isShowing:false secure:true user:0
10-16 01:08:17.505  1652  1806 I DisplayPowerController: useProximityForceSuspend = false
10-16 01:08:17.506  1652  1806 I RampAnimator: POLICY CHANGING!
10-16 01:08:17.506  1652  1806 I RampAnimator: target:0.0 rate:0.0 mCurrentValue:0.0 mTargetValue:0.0
10-16 01:08:17.513  1652  1807 D OpPowerControllerService: SCREEN is OFF
10-16 01:08:17.513  1652  5988 I OpAppLocker: setKeyguardDone false
10-16 01:08:17.513  1652  1807 D OpPowerControllerService: SCREEN is OFF
10-16 01:08:17.513  1652  1807 D OpPowerControllerService: mScreenOffStart=2021-10-16 01:08:17
10-16 01:08:17.516  1652  1807 W ContextImpl: Calling a method in the system process without a qualified user: android.app.ContextImpl.sendBroadcast:1122 com.android.server.power.Notifier.sendGoToSleepBroadcast:850 com.android.server.power.Notifier.sendNextBroadcast:797 com.android.server.power.Notifier.access$500:96 com.android.server.power.Notifier$NotifierHandler.handleMessage:956 
10-16 01:08:17.521  1652  1806 I DisplayPowerController: useProximityForceSuspend = false
10-16 01:08:17.521  1652  5988 D OpProximityController: noteFrontPackageChanged pkg:SCREEN OFF uid:0 lpkg:org.uhh.myapp luid:10041
10-16 01:08:17.521  1652  1806 I RampAnimator: target:0.0 rate:0.0 mCurrentValue:0.0 mTargetValue:0.0
10-16 01:08:17.523  1652  1802 D ExtBatteryStatsService: ==MSG_SCREEN_OFF== at 121298502
10-16 01:08:17.541  1652  5988 I OemSceneModeAmHelper: [scene] handleShowOrOccludedChanged showing true, occluded false
10-16 01:08:17.545  1652  1759 V UsbDeviceManager: onKeyguardStateChanged: isShowing:true secure:true user:0
10-16 01:08:17.561  1652  1652 V SettingsProvider: Notifying for 0: content://settings/secure/reminder_exp_learning_time_elapsed
10-16 01:08:17.566  1652  1759 V WindowManager: Orientation start waiting for draw, mDrawState=DRAW_PENDING in Window{27536c8 u0 OpAodQ}, surfaceController Surface(name=OpAodQ)/@0x3ff8c3
10-16 01:08:17.566  1652  1759 V WindowManager: Orientation start waiting for draw, mDrawState=DRAW_PENDING in Window{64eb5f4 u0 OpWakingUpScrim}, surfaceController Surface(name=OpWakingUpScrim)/@0x2da8540
10-16 01:08:17.566  1652  1759 V WindowManager: Orientation start waiting for draw, mDrawState=DRAW_PENDING in Window{5c0cbd8 u0 GestureButtonRegion}, surfaceController Surface(name=GestureButtonRegion)/@0xdb7d536
10-16 01:08:17.567  1652  1759 V WindowManager: Orientation start waiting for draw, mDrawState=DRAW_PENDING in Window{725ac01 u0 ScreenDecorOverlayBottom}, surfaceController Surface(name=ScreenDecorOverlayBottom)/@0xc8076bc
10-16 01:08:17.567  1652  1759 V WindowManager: Orientation start waiting for draw, mDrawState=DRAW_PENDING in Window{e986f39 u0 org.uhh.myapp/org.kivy.android.PythonActivity}, surfaceController Surface(name=org.uhh.myapp/org.kivy.android.PythonActivity)/@0xb246c79
10-16 01:08:17.587  1652  1652 D OPBF    : # eventChangeReceiver # onReceive # action=android.intent.action.SCREEN_OFF
10-16 01:08:17.601  1652  3004 V WindowManager: Orientation start waiting for draw, mDrawState=DRAW_PENDING in Window{5c0cbd8 u0 GestureButtonRegion}, surfaceController Surface(name=GestureButtonRegion)/@0xdb7d536
10-16 01:08:17.666  2585  2585 V KeyguardStatusView: refresh statusview showing:true
10-16 01:08:17.673  2585  3281 D ViewRootImpl: support adaptive color gamut feature!
10-16 01:08:17.694  2585  3281 I chatty  : uid=10200(com.android.systemui) FingerprintDial identical 1 line
10-16 01:08:17.703  2585  3281 D ViewRootImpl: support adaptive color gamut feature!
10-16 01:08:17.733  1652  3221 V WindowManager: Orientation start waiting for draw, mDrawState=DRAW_PENDING in Window{9add87e u0 OPFingerprintView}, surfaceController Surface(name=OPFingerprintView)/@0x9ea0dd7
10-16 01:08:17.753  1652  2605 V WindowManager: Orientation start waiting for draw, mDrawState=DRAW_PENDING in Window{f70c0f5 u0 OPFingerprintVDpressed}, surfaceController Surface(name=OPFingerprintVDpressed)/@0x42996c4
10-16 01:08:17.770  1652  1760 V WindowManager: Orientation start waiting for draw, mDrawState=DRAW_PENDING in Window{8597771 u0 FingerprintTransparentIcon}, surfaceController Surface(name=FingerprintTransparentIcon)/@0xb3ea3a9
10-16 01:08:17.827  1652  2605 V WindowManager: Orientation start waiting for draw, mDrawState=DRAW_PENDING in Window{1582425 u0 NotificationShade}, surfaceController Surface(name=NotificationShade)/@0x48d9c63
10-16 01:08:17.871  1652  1760 V WindowManager: Orientation start waiting for draw, mDrawState=DRAW_PENDING in Window{fde0bb2 u0 com.android.systemui.ImageWallpaper}, surfaceController Surface(name=com.android.systemui.ImageWallpaper)/@0x66f2a50
10-16 01:08:17.877  1652  1652 V SettingsProvider: Notifying for 0: content://settings/secure/reminder_exp_learning_time_elapsed
10-16 01:08:18.017  1652  1806 I DisplayPowerController: useProximityForceSuspend = false
10-16 01:08:18.018  2513 17241 I OIMC    : notified , mode FingerPrintMode changeTo 1
10-16 01:08:18.018  2513  2574 I OIMC_CORE: handleMessage:   MODE_ENTER, arg1: 0, arg2: 0, obj: com.oneplus.server.oimc.gwy@34d230d
10-16 01:08:18.018  2513  2574 I OIMC_CORE: Entering mode FingerPrintMode
10-16 01:08:18.018  2513  2574 I OIMC_CORE: starting ONESHOT function ColorDisable
10-16 01:08:18.019  1652  1806 I DisplayPowerController: Blocking screen on until initial contents have been drawn.
10-16 01:08:18.021  1652  2434 I OpOIMCColorManager: ColorDisable start... mCurrentActivated = 0
10-16 01:08:18.021  1652  2434 D OpColorDisplayService: DisableColor state: 0
10-16 01:08:18.022  1652  2434 D ColorDisplayService: cancelAnimation
10-16 01:08:18.022  2513  2573 I OIMC_CORE: ColorDisable action 1 spent 3 ms
10-16 01:08:18.022  1652  1791 D OpColorDisplayService: resetStatus: 0
10-16 01:08:18.043  1652  1791 D OpColorTintManager: disableColor
10-16 01:08:18.043  1652  1806 I DisplayPowerController: brightnessState(m):1.0
10-16 01:08:18.043  1652  1806 I RampAnimator: target:1.0 rate:0.0 mCurrentValue:0.0 mTargetValue:0.0
10-16 01:08:18.044  1652  1791 D OpColorTintManager: recoverColorSaturation
10-16 01:08:18.069  1652  1806 W OpBatteryStats: updateScreenBrightnessLevel: 4
10-16 01:08:18.069  1652  1806 V DisplayPowerController: Brightness [1.0] reason changing to: 'manual', previous reason: 'screen_off'.
10-16 01:08:18.070  1652  1806 I DisplayPowerController: useProximityForceSuspend = false
10-16 01:08:18.070  1652  1806 I DisplayPowerController: brightnessState(m):1.0
10-16 01:08:18.070  1652  1806 I RampAnimator: target:1.0 rate:0.0 mCurrentValue:1.0 mTargetValue:1.0
10-16 01:08:18.070  1652  1806 I DisplayPowerController: Unblocked screen on after 51 ms
10-16 01:08:18.070  1652  1759 I DisplayManagerService: Display device changed state: "Built-in Screen", DOZE
10-16 01:08:18.071  1652  1806 I DisplayPowerController: useProximityForceSuspend = false
10-16 01:08:18.074  1652  1806 I DisplayPowerController: brightnessState(m):1.0
10-16 01:08:18.074  1652  1806 I RampAnimator: target:1.0 rate:0.7058823 mCurrentValue:1.0 mTargetValue:1.0
10-16 01:08:18.110  1652  3667 D FP_DEBUG: start authenticate: com.android.systemui, groupId= 0
10-16 01:08:18.113  1652  3667 D FP_DEBUG: go authenticateInternal
10-16 01:08:18.113  1652  3667 D FP_DEBUG: authenticateInternal: callingUserId= 0
10-16 01:08:18.114  1652  1652 V FingerprintService: startAuthentication(com.android.systemui)
10-16 01:08:18.114  1652  1652 V FingerprintService: starting client AuthenticationClientImpl(com.android.systemui) targetUserId: 0 currentUserId: 0 cookie: 0/0
10-16 01:08:18.115  2513 17241 I OIMC    : notified , mode FingerPrintMode changeTo 1
10-16 01:08:18.115  2513  2574 I OIMC_CORE: handleMessage:   MODE_ENTER, arg1: 0, arg2: 0, obj: com.oneplus.server.oimc.gwy@19412c2
10-16 01:08:18.115  2513  2574 I OIMC_CORE: The mode: FingerPrintMode is already entered
10-16 01:08:18.116  1652  1652 E FingerprintService: Exception notifySurfaceFlingerUpdate
10-16 01:08:18.140  1652  1652 D OpFingerprintService: updateStatus , 3
10-16 01:08:18.242  1652  1806 I DisplayPowerController: useProximityForceSuspend = false
10-16 01:08:18.242  1652  1806 I DisplayPowerController: brightnessState(m):1.0
10-16 01:08:18.244  1652  1806 I RampAnimator: target:1.0 rate:0.7058823 mCurrentValue:1.0 mTargetValue:1.0
10-16 01:08:18.288  1652  3113 D OPBF    : setCGroupState():tofreeze=false, uid:10356 pkg:com.oneplus.twspods --->>> ok reason:start perform hasTimeout broadcast for action = android.intent.action.SCREEN_OFF
10-16 01:08:18.318  1652  3113 D OPBF    : setCGroupState():tofreeze=false, uid:10275 pkg:com.discord --->>> ok reason:start perform hasTimeout broadcast for action = android.intent.action.SCREEN_OFF
10-16 01:08:18.525  1652  2392 I OPPerf  : setInterceptKeyBeforeDispatchingToUxInternal true
10-16 01:08:19.026  1652  1793 I OPPerf  : setInterceptKeyBeforeDispatchingToUxInternal false
10-16 01:08:20.259  1652  2605 I ActivityManager: Killing 13994:com.google.process.gapps/u0a208 (adj 999): empty #31
10-16 01:08:20.293  1652  5870 W ProcessStats: setState index out of bounds. index: -1 length: 20
10-16 01:08:20.293  1652  5870 W ProcessStats: setState index out of bounds. index: -1 length: 20
10-16 01:08:20.544  1652  1806 I DisplayPowerController: useProximityForceSuspend = false
10-16 01:08:20.544  1652  1806 I DisplayPowerController: brightnessState(m):1.0
10-16 01:08:20.544  1652  1806 I RampAnimator: target:1.0 rate:0.7058823 mCurrentValue:1.0 mTargetValue:1.0
10-16 01:08:21.513  1652  1787 D ExtBatteryStatsService: @@@@ awaitUninterruptibly in 137 ms
10-16 01:08:21.514  1652  1787 D ExtBatteryStatsService: ext-flush too soon, skip
10-16 01:08:21.515  1652  1787 D ExtBatteryStatsService: ext-flush too soon, skip
10-16 01:08:21.604  1652  3170 I FastCharge: read mChargeType = 0
10-16 01:08:21.609  2513  2513 W ContextImpl: Calling a method in the system process without a qualified user: android.app.ContextImpl.sendBroadcast:1122 android.content.ContextWrapper.sendBroadcast:468 com.oneplus.coreservice.BroadcastDispatch.xne$mab.onReceive:122 android.app.LoadedApk$ReceiverDispatcher$Args.lambda$getRunnable$0$LoadedApk$ReceiverDispatcher$Args:1566 android.app.-$$Lambda$LoadedApk$ReceiverDispatcher$Args$_BumDX2UKsnxLVrE6UJsJZkotuA.run:2 
10-16 01:08:21.789  1652  1806 I DisplayPowerController: useProximityForceSuspend = false
10-16 01:08:21.789  1652  1806 I DisplayPowerController: brightnessState(m):1.0
10-16 01:08:21.791  1652  1806 I DisplayPowerController: useProximityForceSuspend = false
10-16 01:08:21.791  1652  1806 D OpColorDisplayService: screenStateChange
10-16 01:08:21.791  1652  1806 I DisplayPowerController: Blocking screen off
10-16 01:08:21.791  1652  1791 D OpColorDisplayService: processScreenOn   false
10-16 01:08:21.791  1652  1806 I DisplayPowerController: Unblocked screen off after 0 ms
10-16 01:08:21.797  1652  1806 I RampAnimator: target:0.0 rate:0.0 mCurrentValue:1.0 mTargetValue:1.0
10-16 01:08:21.814  1652  1806 W OpBatteryStats: updateScreenBrightnessLevel: 0
10-16 01:08:21.815  1652  1806 V DisplayPowerController: Brightness [-1.0] reason changing to: 'screen_off', previous reason: 'manual'.
10-16 01:08:21.815  1652  1806 I DisplayPowerController: useProximityForceSuspend = false
10-16 01:08:21.815  1652  1806 I RampAnimator: target:0.0 rate:0.0 mCurrentValue:0.0 mTargetValue:0.0
10-16 01:08:21.819  1652  1759 I DisplayManagerService: Display device changed state: "Built-in Screen", OFF
10-16 01:08:21.843  1652  1679 V FingerprintService: cancelAuthentication(com.android.systemui)
10-16 01:08:21.844  1652  1652 V FingerprintService: Stopping client com.android.systemui, fromClient: true
10-16 01:08:21.844  2513 17241 I OIMC    : notified , mode FingerPrintMode changeTo 2
10-16 01:08:21.844  2513  2574 I OIMC_CORE: handleMessage:   MODE_EXIT, arg1: 0, arg2: 0, obj: com.oneplus.server.oimc.gwy@dcf48d3
10-16 01:08:21.844  2513  2574 I OIMC_CORE: Exiting mode FingerPrintMode
10-16 01:08:21.844  2513  2574 I OIMC_CORE: stoping ONESHOT function ColorDisable
10-16 01:08:21.846  1652  3170 D FingerprintService: onError, -5476376637520028272, 5, 0
10-16 01:08:21.853  1652  2434 I OpOIMCColorManager: ColorDisable stop... mGCActivated = false  mCBActivated = false  mPCActivated = false  mGMActivated = false mCurrentActivated = 0
10-16 01:08:21.853  1652  2434 D OpColorDisplayService: DisableColor state: 2
10-16 01:08:21.853  1652  1791 D OpColorDisplayService: resetStatus: 2
10-16 01:08:21.853  1652  1791 D OpColorDisplayService: reverStatus needMatrixInit = false
10-16 01:08:21.853  2513  2573 I OIMC_CORE: ColorDisable action 2 spent 9 ms
10-16 01:08:21.868  1652  1652 V FingerprintService: handleError(client=com.android.systemui, error = 5)
10-16 01:08:21.868  1652  1652 V BiometricStats: Error latency: -1
10-16 01:08:21.868  1652  1652 W BiometricStats: found a negative latency : -1
10-16 01:08:21.869  1652  1652 V FingerprintService: Done with client: com.android.systemui
10-16 01:08:21.885  2585  2585 D FingerprintManager: sendErrorResult: 5, 5, 0
10-16 01:08:21.885  1652  2434 D KeyguardStateMonitor: onFingerprintStateChange , false, false, authType:1, result:5
10-16 01:08:22.013  1652  1806 I DisplayPowerController: useProximityForceSuspend = false
10-16 01:08:22.013  1652  1806 I RampAnimator: target:0.0 rate:0.0 mCurrentValue:0.0 mTargetValue:0.0
10-16 01:08:22.017  1652  1791 D OpColorTintManager: colorTempearture: 74
10-16 01:08:22.017  1652  1791 D OpColorTintManager: start applyTint
10-16 01:08:25.029  1652  3170 I FastCharge: read mChargeType = 0
10-16 01:08:25.034  2513  2513 W ContextImpl: Calling a method in the system process without a qualified user: android.app.ContextImpl.sendBroadcast:1122 android.content.ContextWrapper.sendBroadcast:468 com.oneplus.coreservice.BroadcastDispatch.xne$mab.onReceive:122 android.app.LoadedApk$ReceiverDispatcher$Args.lambda$getRunnable$0$LoadedApk$ReceiverDispatcher$Args:1566 android.app.-$$Lambda$LoadedApk$ReceiverDispatcher$Args$_BumDX2UKsnxLVrE6UJsJZkotuA.run:2 
10-16 01:08:28.636  1652  3170 I FastCharge: read mChargeType = 0
10-16 01:08:28.639  2513  2513 W ContextImpl: Calling a method in the system process without a qualified user: android.app.ContextImpl.sendBroadcast:1122 android.content.ContextWrapper.sendBroadcast:468 com.oneplus.coreservice.BroadcastDispatch.xne$mab.onReceive:122 android.app.LoadedApk$ReceiverDispatcher$Args.lambda$getRunnable$0$LoadedApk$ReceiverDispatcher$Args:1566 android.app.-$$Lambda$LoadedApk$ReceiverDispatcher$Args$_BumDX2UKsnxLVrE6UJsJZkotuA.run:2 
10-16 01:08:32.383  1652  1787 D ExtBatteryStatsService: @@@@ awaitUninterruptibly in 130 ms
10-16 01:08:32.553  1652  1787 D ExtBatteryStatsService: ext-flush too soon, skip
10-16 01:08:33.193  1652  3304 W ProcessStats: Tracking association SourceState{43669a org.uhh.myapp/10041 Top #332915} whose proc state 1 is better than process ProcessState{7259f86 com.oneplus.config/1000 pkg=com.oneplus.config} proc state 2 (33 skipped)
10-16 01:08:33.251  1652  3113 D OPBF    : setCGroupState():tofreeze=true, uid:10022 pkg:com.instagram.android --->>> ok reason:process died cause by uid/pid:15487
10-16 01:08:35.685  1652  3170 I FastCharge: read mChargeType = 0
10-16 01:08:35.689  2513  2513 W ContextImpl: Calling a method in the system process without a qualified user: android.app.ContextImpl.sendBroadcast:1122 android.content.ContextWrapper.sendBroadcast:468 com.oneplus.coreservice.BroadcastDispatch.xne$mab.onReceive:122 android.app.LoadedApk$ReceiverDispatcher$Args.lambda$getRunnable$0$LoadedApk$ReceiverDispatcher$Args:1566 android.app.-$$Lambda$LoadedApk$ReceiverDispatcher$Args$_BumDX2UKsnxLVrE6UJsJZkotuA.run:2 
10-16 01:08:42.722  1652  3170 I FastCharge: read mChargeType = 0
10-16 01:08:42.725  2513  2513 W ContextImpl: Calling a method in the system process without a qualified user: android.app.ContextImpl.sendBroadcast:1122 android.content.ContextWrapper.sendBroadcast:468 com.oneplus.coreservice.BroadcastDispatch.xne$mab.onReceive:122 android.app.LoadedApk$ReceiverDispatcher$Args.lambda$getRunnable$0$LoadedApk$ReceiverDispatcher$Args:1566 android.app.-$$Lambda$LoadedApk$ReceiverDispatcher$Args$_BumDX2UKsnxLVrE6UJsJZkotuA.run:2 
10-16 01:08:47.264  1652  3304 I ActivityManager: Killing 13818:com.oneplus.security/1000 (adj 999): empty #31
10-16 01:08:47.268  1652  3304 W ProcessStats: Tracking association SourceState{43669a org.uhh.myapp/10041 Top #332975} whose proc state 1 is better than process ProcessState{7259f86 com.oneplus.config/1000 pkg=com.oneplus.config} proc state 2 (3 skipped)
10-16 01:08:47.297  1652  2605 W ProcessStats: setState index out of bounds. index: -1 length: 20
10-16 01:08:47.298  1652  2605 W ProcessStats: setState index out of bounds. index: -1 length: 20
10-16 01:08:47.299 13783 13783 I ActivityThread: Removing dead content provider:android.content.ContentProviderProxy@a35337c
10-16 01:08:48.309  1652  3113 D OPBF    : setCGroupState():tofreeze=true, uid:10356 pkg:com.oneplus.twspods --->>> ok reason:serviceDoneExecuting = com.oneplus.twspods/com.oos.onepluspods.scan.ScanService
10-16 01:08:48.366  1652  3113 D OPBF    : setCGroupState():tofreeze=true, uid:10275 pkg:com.discord --->>> ok reason:finish perform hasTimeout broadcast for action = android.intent.action.SCREEN_OFF
10-16 01:08:48.372  1652  3113 D OPBF    : setCGroupState():tofreeze=true, uid:10370 pkg:com.vanced.android.youtube --->>> ok reason:finish perform hasTimeout broadcast for action = android.intent.action.SCREEN_OFF
10-16 01:08:49.770  1652  3170 I FastCharge: read mChargeType = 0
10-16 01:08:49.774  2513  2513 W ContextImpl: Calling a method in the system process without a qualified user: android.app.ContextImpl.sendBroadcast:1122 android.content.ContextWrapper.sendBroadcast:468 com.oneplus.coreservice.BroadcastDispatch.xne$mab.onReceive:122 android.app.LoadedApk$ReceiverDispatcher$Args.lambda$getRunnable$0$LoadedApk$ReceiverDispatcher$Args:1566 android.app.-$$Lambda$LoadedApk$ReceiverDispatcher$Args$_BumDX2UKsnxLVrE6UJsJZkotuA.run:2 
10-16 01:08:53.041  1652  3170 I FastCharge: read mChargeType = 0
10-16 01:08:53.045  2513  2513 W ContextImpl: Calling a method in the system process without a qualified user: android.app.ContextImpl.sendBroadcast:1122 android.content.ContextWrapper.sendBroadcast:468 com.oneplus.coreservice.BroadcastDispatch.xne$mab.onReceive:122 android.app.LoadedApk$ReceiverDispatcher$Args.lambda$getRunnable$0$LoadedApk$ReceiverDispatcher$Args:1566 android.app.-$$Lambda$LoadedApk$ReceiverDispatcher$Args$_BumDX2UKsnxLVrE6UJsJZkotuA.run:2 
10-16 01:08:56.186  1652  3170 I FastCharge: read mChargeType = 0
10-16 01:08:56.189  2513  2513 W ContextImpl: Calling a method in the system process without a qualified user: android.app.ContextImpl.sendBroadcast:1122 android.content.ContextWrapper.sendBroadcast:468 com.oneplus.coreservice.BroadcastDispatch.xne$mab.onReceive:122 android.app.LoadedApk$ReceiverDispatcher$Args.lambda$getRunnable$0$LoadedApk$ReceiverDispatcher$Args:1566 android.app.-$$Lambda$LoadedApk$ReceiverDispatcher$Args$_BumDX2UKsnxLVrE6UJsJZkotuA.run:2 
10-16 01:09:00.000  1652  2029 V AlarmManager: Triggering alarm #0: 3 when =121340979 package =android operation = null listenTag =TIME_TICK flags =0x1
10-16 01:09:02.558  1652  3170 I FastCharge: read mChargeType = 0
10-16 01:09:02.561  2513  2513 W ContextImpl: Calling a method in the system process without a qualified user: android.app.ContextImpl.sendBroadcast:1122 android.content.ContextWrapper.sendBroadcast:468 com.oneplus.coreservice.BroadcastDispatch.xne$mab.onReceive:122 android.app.LoadedApk$ReceiverDispatcher$Args.lambda$getRunnable$0$LoadedApk$ReceiverDispatcher$Args:1566 android.app.-$$Lambda$LoadedApk$ReceiverDispatcher$Args$_BumDX2UKsnxLVrE6UJsJZkotuA.run:2 
10-16 01:09:03.724  1652  5872 I StatusBarManagerService: onVideoChanged: using= false
10-16 01:09:05.431  1652  3221 I StatusBarManagerService: onVideoChanged: using= false
10-16 01:09:08.860  1652  3170 I FastCharge: read mChargeType = 0
10-16 01:09:08.863  2513  2513 W ContextImpl: Calling a method in the system process without a qualified user: android.app.ContextImpl.sendBroadcast:1122 android.content.ContextWrapper.sendBroadcast:468 com.oneplus.coreservice.BroadcastDispatch.xne$mab.onReceive:122 android.app.LoadedApk$ReceiverDispatcher$Args.lambda$getRunnable$0$LoadedApk$ReceiverDispatcher$Args:1566 android.app.-$$Lambda$LoadedApk$ReceiverDispatcher$Args$_BumDX2UKsnxLVrE6UJsJZkotuA.run:2 
10-16 01:09:09.597  1652  3170 I FastCharge: read mChargeType = 0
10-16 01:09:09.600  2513  2513 W ContextImpl: Calling a method in the system process without a qualified user: android.app.ContextImpl.sendBroadcast:1122 android.content.ContextWrapper.sendBroadcast:468 com.oneplus.coreservice.BroadcastDispatch.xne$mab.onReceive:122 android.app.LoadedApk$ReceiverDispatcher$Args.lambda$getRunnable$0$LoadedApk$ReceiverDispatcher$Args:1566 android.app.-$$Lambda$LoadedApk$ReceiverDispatcher$Args$_BumDX2UKsnxLVrE6UJsJZkotuA.run:2 
10-16 01:09:10.521  1652  1679 I StatusBarManagerService: onVideoChanged: using= false
10-16 01:09:13.177  1652  3221 I StatusBarManagerService: onVideoChanged: using= false
10-16 01:09:14.406  1652  2029 V AlarmManager: Triggering alarm #0: 0 when =1634364554406 package =com.google.android.apps.messaging operation =*walarm*:RCS.keep_alive_manager.keep_alive_sender flags =0x9
10-16 01:09:14.433  1652  3221 W ProcessStats: Tracking association SourceState{43669a org.uhh.myapp/10041 Top #333086} whose proc state 1 is better than process ProcessState{7259f86 com.oneplus.config/1000 pkg=com.oneplus.config} proc state 2 (5 skipped)
10-16 01:09:16.639  1652  3170 I FastCharge: read mChargeType = 0
10-16 01:09:16.642  2513  2513 W ContextImpl: Calling a method in the system process without a qualified user: android.app.ContextImpl.sendBroadcast:1122 android.content.ContextWrapper.sendBroadcast:468 com.oneplus.coreservice.BroadcastDispatch.xne$mab.onReceive:122 android.app.LoadedApk$ReceiverDispatcher$Args.lambda$getRunnable$0$LoadedApk$ReceiverDispatcher$Args:1566 android.app.-$$Lambda$LoadedApk$ReceiverDispatcher$Args$_BumDX2UKsnxLVrE6UJsJZkotuA.run:2 
10-16 01:09:22.057  1652  3170 I FastCharge: read mChargeType = 0
10-16 01:09:22.061  2513  2513 W ContextImpl: Calling a method in the system process without a qualified user: android.app.ContextImpl.sendBroadcast:1122 android.content.ContextWrapper.sendBroadcast:468 com.oneplus.coreservice.BroadcastDispatch.xne$mab.onReceive:122 android.app.LoadedApk$ReceiverDispatcher$Args.lambda$getRunnable$0$LoadedApk$ReceiverDispatcher$Args:1566 android.app.-$$Lambda$LoadedApk$ReceiverDispatcher$Args$_BumDX2UKsnxLVrE6UJsJZkotuA.run:2 
10-16 01:09:23.675  1652  3170 I FastCharge: read mChargeType = 0
10-16 01:09:23.678  2513  2513 W ContextImpl: Calling a method in the system process without a qualified user: android.app.ContextImpl.sendBroadcast:1122 android.content.ContextWrapper.sendBroadcast:468 com.oneplus.coreservice.BroadcastDispatch.xne$mab.onReceive:122 android.app.LoadedApk$ReceiverDispatcher$Args.lambda$getRunnable$0$LoadedApk$ReceiverDispatcher$Args:1566 android.app.-$$Lambda$LoadedApk$ReceiverDispatcher$Args$_BumDX2UKsnxLVrE6UJsJZkotuA.run:2 
10-16 01:09:26.975  1652  3113 D OPBF    : setCGroupState():tofreeze=true, uid:10238 pkg:net.oneplus.weather --->>> ok reason:uid active tActive:false
10-16 01:09:30.727  1652  3170 I FastCharge: read mChargeType = 0
10-16 01:09:30.731  2513  2513 W ContextImpl: Calling a method in the system process without a qualified user: android.app.ContextImpl.sendBroadcast:1122 android.content.ContextWrapper.sendBroadcast:468 com.oneplus.coreservice.BroadcastDispatch.xne$mab.onReceive:122 android.app.LoadedApk$ReceiverDispatcher$Args.lambda$getRunnable$0$LoadedApk$ReceiverDispatcher$Args:1566 android.app.-$$Lambda$LoadedApk$ReceiverDispatcher$Args$_BumDX2UKsnxLVrE6UJsJZkotuA.run:2 
10-16 01:09:31.954  1652  2029 V AlarmManager: Triggering alarm #0: 0 when =1634364522808 package =net.oneplus.launcher operation =*walarm*:net.oneplus.launcher/.datacollection.RegularDataCollectionReceiver flags =0x0
10-16 01:09:31.954  1652  2029 V AlarmManager: Triggering alarm #1: 2 when =121371932 package =com.google.android.gms operation =*walarm*:com.google.android.location.ALARM_WAKEUP_LOCATOR flags =0x0
10-16 01:09:31.954  1652  2029 V AlarmManager: Triggering alarm #2: 2 when =121372932 package =com.google.android.gms operation =*walarm*:com.google.android.location.ALARM_WAKEUP_ACTIVITY_DETECTION flags =0x0
10-16 01:09:31.972  1652  5872 W ProcessStats: Tracking association SourceState{43669a org.uhh.myapp/10041 Top #333100} whose proc state 1 is better than process ProcessState{7259f86 com.oneplus.config/1000 pkg=com.oneplus.config} proc state 2 (5 skipped)
10-16 01:09:32.143  1652  1679 W AppOps  : Noting op not finished: uid 10208 pkg com.google.android.gms code 79 startTime of in progress event=1634363845286
10-16 01:09:32.151  1652  3667 W AppOps  : Noting op not finished: uid 10208 pkg com.google.android.gms code 79 startTime of in progress event=1634364330923
10-16 01:09:32.159  1652  5872 W AppOps  : Noting op not finished: uid 10208 pkg com.google.android.gms code 79 startTime of in progress event=1634364330923
10-16 01:09:32.161  1652  5872 W AppOps  : Noting op not finished: uid 10208 pkg com.google.android.gms code 79 startTime of in progress event=1634364330923
10-16 01:09:32.164  1652  3667 W AppOps  : Noting op not finished: uid 10208 pkg com.google.android.gms code 79 startTime of in progress event=1634364330923
10-16 01:09:34.511  1652  1679 I StatusBarManagerService: onVideoChanged: using= false
10-16 01:09:37.759  1652  3170 I FastCharge: read mChargeType = 0
10-16 01:09:37.764  2513  2513 W ContextImpl: Calling a method in the system process without a qualified user: android.app.ContextImpl.sendBroadcast:1122 android.content.ContextWrapper.sendBroadcast:468 com.oneplus.coreservice.BroadcastDispatch.xne$mab.onReceive:122 android.app.LoadedApk$ReceiverDispatcher$Args.lambda$getRunnable$0$LoadedApk$ReceiverDispatcher$Args:1566 android.app.-$$Lambda$LoadedApk$ReceiverDispatcher$Args$_BumDX2UKsnxLVrE6UJsJZkotuA.run:2 
10-16 01:09:39.195  1652  2029 V AlarmManager: Triggering alarm #0: 2 when =121378648 package =com.google.android.gms operation =*walarm*:com.google.android.location.ALARM_WAKEUP_ACTIVITY_DETECTION flags =0x1
10-16 01:09:42.706  1652  2605 W AppOps  : Noting op not finished: uid 10208 pkg com.google.android.gms code 79 startTime of in progress event=1634363845286
10-16 01:09:44.155  1652  3170 I FastCharge: read mChargeType = 0
10-16 01:09:44.158  2513  2513 W ContextImpl: Calling a method in the system process without a qualified user: android.app.ContextImpl.sendBroadcast:1122 android.content.ContextWrapper.sendBroadcast:468 com.oneplus.coreservice.BroadcastDispatch.xne$mab.onReceive:122 android.app.LoadedApk$ReceiverDispatcher$Args.lambda$getRunnable$0$LoadedApk$ReceiverDispatcher$Args:1566 android.app.-$$Lambda$LoadedApk$ReceiverDispatcher$Args$_BumDX2UKsnxLVrE6UJsJZkotuA.run:2 
10-16 01:09:47.228  1652  3113 D OPBF    : setCGroupState():tofreeze=true, uid:10041 pkg:org.uhh.myapp --->>> ok reason:uid active tActive:false
10-16 01:09:50.555  1652  3170 I FastCharge: read mChargeType = 0
10-16 01:09:50.557  2513  2513 W ContextImpl: Calling a method in the system process without a qualified user: android.app.ContextImpl.sendBroadcast:1122 android.content.ContextWrapper.sendBroadcast:468 com.oneplus.coreservice.BroadcastDispatch.xne$mab.onReceive:122 android.app.LoadedApk$ReceiverDispatcher$Args.lambda$getRunnable$0$LoadedApk$ReceiverDispatcher$Args:1566 android.app.-$$Lambda$LoadedApk$ReceiverDispatcher$Args$_BumDX2UKsnxLVrE6UJsJZkotuA.run:2 
