10-16 01:05:33.473  1652  5812 D OpProximityController: noteFrontPackageChanged pkg:com.vanced.android.youtube uid:10370 lpkg:SCREEN OFF luid:0
10-16 01:05:33.473  1652  1759 D OpRestartProcessManager: updateSelf :  com.vanced.android.youtube, size : 30
10-16 01:05:33.474  1652  1806 I DisplayPowerController: useProximityForceSuspend = false
10-16 01:05:33.474  1652  1806 I DisplayPowerController: brightnessState(m):1.0
10-16 01:05:33.474  1652  1806 I RampAnimator: target:1.0 rate:0.7058823 mCurrentValue:1.0 mTargetValue:1.0
10-16 01:05:33.474  1652  5812 E OpScreenModeService: getAppToken ActivityRecord{d2384a4 u0 com.vanced.android.youtube/com.google.android.apps.youtube.app.watchwhile.WatchWhileActivity t6313}
10-16 01:05:33.474  1652  5812 E OpScreenModeService: setRefreshRate token ActivityRecord{d2384a4 u0 com.vanced.android.youtube/com.google.android.apps.youtube.app.watchwhile.WatchWhileActivity t6313} request refresh rate=-1 tmpRate -1
10-16 01:05:33.474  1652  5812 E OpScreenModeService: setRefreshRate token ActivityRecord{d2384a4 u0 com.vanced.android.youtube/com.google.android.apps.youtube.app.watchwhile.WatchWhileActivity t6313} app request rateid=1 fps=90.0
10-16 01:05:33.477  1652  5812 D OpQuickReply: setQuickReplyResumed focusedApp ActivityRecord{d2384a4 u0 com.vanced.android.youtube/com.google.android.apps.youtube.app.watchwhile.WatchWhileActivity t6313} pkgName com.vanced.android.youtube
10-16 01:05:33.493  1652  3170 D FingerprintService: onAcquired, 6, code:1, lockout:false
10-16 01:05:33.507  1652  3017 W ActivityManager: Slow operation: 93ms so far, now at getContentProviderImpl: after updateOomAdj
10-16 01:05:33.507  1652  3017 W ActivityManager: Slow operation: 93ms so far, now at getContentProviderImpl: done!
10-16 01:05:33.514  1652  1759 D OpScreenModeService: updateRefreshRate token ActivityRecord{d2384a4 u0 com.vanced.android.youtube/com.google.android.apps.youtube.app.watchwhile.WatchWhileActivity t6313} rate=1
10-16 01:05:33.533  1652  3221 I OemSceneModeAmHelper: [scene] handleShowOrOccludedChanged showing false, occluded false
10-16 01:05:33.539  1652  1806 I DisplayPowerController: useProximityForceSuspend = false
10-16 01:05:33.539  1652  1806 I DisplayPowerController: brightnessState(m):1.0
10-16 01:05:33.539  1652  1806 I RampAnimator: target:1.0 rate:0.7058823 mCurrentValue:1.0 mTargetValue:1.0
10-16 01:05:33.546  1652  1652 V SettingsProvider: Notifying for 0: content://settings/secure/reminder_exp_learning_time_elapsed
10-16 01:05:33.560  1652  1759 V UsbDeviceManager: onKeyguardStateChanged: isShowing:false secure:true user:0
10-16 01:05:33.583  1652  3170 I UsbPortManager: ClientCallback V1_0: otg_default
10-16 01:05:33.637  2513  2513 W ContextImpl: Calling a method in the system process without a qualified user: android.app.ContextImpl.sendBroadcast:1122 android.content.ContextWrapper.sendBroadcast:468 com.oneplus.coreservice.BroadcastDispatch.xne$mab.onReceive:122 android.app.LoadedApk$ReceiverDispatcher$Args.lambda$getRunnable$0$LoadedApk$ReceiverDispatcher$Args:1566 android.app.-$$Lambda$LoadedApk$ReceiverDispatcher$Args$_BumDX2UKsnxLVrE6UJsJZkotuA.run:2 
10-16 01:05:33.652  1652  1772 W BroadcastQueue: Background execution not allowed: receiving Intent { act=android.intent.action.USER_PRESENT flg=0x24200010 } to com.oneplus.camera.service/.CameraBroadcastReceiver
10-16 01:05:33.664  1652  1652 W Looper  : Slow dispatch took 110ms main h=com.android.server.job.JobSchedulerService$JobHandler c=null m=3
10-16 01:05:33.665  2513 17241 I OIMC    : notified , mode ColorReadMode changeTo 2
10-16 01:05:33.665  2513  2574 I OIMC_CORE: handleMessage:   MODE_EXIT, arg1: 0, arg2: 0, obj: com.oneplus.server.oimc.gwy@63d12b9
10-16 01:05:33.665  2513  2574 I OIMC_CORE: The mode: ColorReadMode is not entered
10-16 01:05:33.665  2513 20552 I OIMC    : notified , mode ReadMode changeTo 2
10-16 01:05:33.665  2513  3313 I OIMC    : notified , mode GameMode changeTo 2
10-16 01:05:33.666  2513  2574 I OIMC_CORE: handleMessage:   MODE_EXIT, arg1: 0, arg2: 0, obj: com.oneplus.server.oimc.gwy@7cb86fe
10-16 01:05:33.669  1652  1787 D ExtBatteryStatsService: ext-flush too soon, skip
10-16 01:05:33.672  2513  2574 I OIMC_CORE: The mode: ReadMode is not entered
10-16 01:05:33.672  2513  2574 I OIMC_CORE: handleMessage:   MODE_EXIT, arg1: 0, arg2: 0, obj: com.oneplus.server.oimc.gwy@b3e0e5f
10-16 01:05:33.672  2513  2574 I OIMC_CORE: The mode: GameMode is not entered
10-16 01:05:33.698  1652  3304 E SparseMappingTable: can't store negative values key=0x4eb0118 index=0 value=-430471 -- SparseMappingTable.Table{mSequence=10 mParent.mSequence=10 mParent.mLongs.size()=2 mSize=10 mTable=[0x0/0x1/0x9b, 0x2/0x1/0x9a, 0x4/0x1/0x9c, 0x5/0x1/0x42a, 0x7/0x1/0x429, 0x9/0x1/0x42b, 0x14/0x1/0x46, 0x16/0x1/0x45, 0x17/0x1/0x44, 0x18/0x1/0x4eb, 0x0/0x0/0x0, 0x0/0x0/0x0, 0x0/0x0/0x0, 0x0/0x0/0x0, 0x0/0x0/0x0, 0x0/0x0/0x0, 0x0/0x0/0x0, 0x0/0x0/0x0, 0x0/0x0/0x0] clazz=com.android.internal.app.procstats.DurationsTable}
10-16 01:05:33.698  1652  3304 E SparseMappingTable: java.lang.RuntimeException: Stack trace
10-16 01:05:33.698  1652  3304 E SparseMappingTable: 	at com.android.internal.app.procstats.SparseMappingTable.logOrThrow(SparseMappingTable.java:657)
10-16 01:05:33.698  1652  3304 E SparseMappingTable: 	at com.android.internal.app.procstats.SparseMappingTable.access$400(SparseMappingTable.java:46)
10-16 01:05:33.698  1652  3304 E SparseMappingTable: 	at com.android.internal.app.procstats.SparseMappingTable$Table.setValue(SparseMappingTable.java:286)
10-16 01:05:33.698  1652  3304 E SparseMappingTable: 	at com.android.internal.app.procstats.SparseMappingTable$Table.setValue(SparseMappingTable.java:271)
10-16 01:05:33.698  1652  3304 E SparseMappingTable: 	at com.android.internal.app.procstats.DurationsTable.addDuration(DurationsTable.java:49)
10-16 01:05:33.698  1652  3304 E SparseMappingTable: 	at com.android.internal.app.procstats.ServiceState.setForeground(ServiceState.java:380)
10-16 01:05:33.698  1652  3304 E SparseMappingTable: 	at com.android.server.am.ActiveServices.setServiceForegroundInnerLocked(ActiveServices.java:1725)
10-16 01:05:33.698  1652  3304 E SparseMappingTable: 	at com.android.server.am.ActiveServices.setServiceForegroundLocked(ActiveServices.java:1194)
10-16 01:05:33.698  1652  3304 E SparseMappingTable: 	at com.android.server.am.ActivityManagerService.setServiceForeground(ActivityManagerService.java:16862)
10-16 01:05:33.698  1652  3304 E SparseMappingTable: 	at android.app.IActivityManager$Stub.onTransact(IActivityManager.java:3198)
10-16 01:05:33.698  1652  3304 E SparseMappingTable: 	at com.android.server.am.ActivityManagerService.onTransact(ActivityManagerService.java:3300)
10-16 01:05:33.698  1652  3304 E SparseMappingTable: 	at android.os.Binder.execTransactInternal(Binder.java:1165)
10-16 01:05:33.698  1652  3304 E SparseMappingTable: 	at android.os.Binder.execTransact(Binder.java:1134)
10-16 01:05:33.701  1652  1772 W BroadcastQueue: Background execution not allowed: receiving Intent { act=android.intent.action.USER_PRESENT flg=0x24200010 } to com.google.android.gms/.auth.setup.devicesignals.LockScreenReceiver
10-16 01:05:33.702  1652  5880 W ActivityManager: Background start not allowed: service Intent { act=Orca.START cmp=com.instagram.android/com.facebook.rti.push.service.FbnsService (has extras) } to com.instagram.android/com.facebook.rti.push.service.FbnsService from pid=15487 uid=10022 pkg=com.instagram.android startFg?=false
10-16 01:05:33.745  1652  1757 W Looper  : Slow dispatch took 191ms android.ui h=com.android.server.am.ActivityManagerService$UiHandler c=null m=53
10-16 01:05:33.788  1652  1772 W BroadcastQueue: Background execution not allowed: receiving Intent { act=android.intent.action.USER_PRESENT flg=0x24200010 } to com.google.android.gms/.chimera.GmsIntentOperationService$PersistentTrustedReceiver
10-16 01:05:33.788  1652  1772 W BroadcastQueue: Background execution not allowed: receiving Intent { act=android.intent.action.USER_PRESENT flg=0x24200010 } to com.android.chrome/org.chromium.chrome.browser.sharing.click_to_call.ClickToCallMessageHandler$PhoneUnlockedReceiver
10-16 01:05:33.788  1652  1772 W BroadcastQueue: Background execution not allowed: receiving Intent { act=android.intent.action.USER_PRESENT flg=0x24200010 } to com.instagram.android/com.instagram.push.FbnsInitBroadcastReceiver
10-16 01:05:33.788  1652  1772 W BroadcastQueue: Background execution not allowed: receiving Intent { act=android.intent.action.USER_PRESENT flg=0x24200010 } to com.zhiliaoapp.musically/com.ss.android.push.window.oppo.ScreenReceiver
10-16 01:05:33.909  1652  1757 W Looper  : Slow dispatch took 120ms android.ui h=com.android.server.am.ActivityManagerService$UiHandler c=null m=31
10-16 01:05:33.915  1652  3303 D ActivityTaskManager: setRequestedOrientation() to -1 for ActivityRecord{d2384a4 u0 com.vanced.android.youtube/com.google.android.apps.youtube.app.watchwhile.WatchWhileActivity t6313} from pid=8770, uid=10370
10-16 01:05:33.934  1652  1787 D ExtBatteryStatsService: ext-flush too soon, skip
10-16 01:05:33.946  1652  3303 W BluetoothManagerService: registerAdapter, callback: android.bluetooth.IBluetoothManagerCallback$Stub$Proxy@2145bd9
10-16 01:05:33.972  1652  3241 D ConnectivityService: Returning UNBLOCKED NetworkInfo to uid=10022
10-16 01:05:33.992  1652  1787 D ExtBatteryStatsService: ext-flush too soon, skip
10-16 01:05:34.008  1652  1652 W Looper  : Slow dispatch took 257ms main h=com.android.server.job.JobSchedulerService$JobHandler c=null m=4
10-16 01:05:34.008  1652  1652 W Looper  : Slow delivery took 348ms main h=com.android.server.job.JobSchedulerService$JobHandler c=null m=4
10-16 01:05:34.032  1652  1756 W Looper  : Slow dispatch took 262ms android.fg h=com.android.server.AppStateTracker$MyHandler c=null m=0
10-16 01:05:34.032  1652  1756 W Looper  : Slow delivery took 262ms android.fg h=com.android.server.AppStateTracker$MyHandler c=null m=1
10-16 01:05:34.032  1652  1756 W Looper  : Drained
10-16 01:05:34.033  1652  1652 V SettingsProvider: Notifying for 0: content://settings/system/rading_mode_status_auto
10-16 01:05:34.035  1652  1652 W Looper  : Drained
10-16 01:05:34.039  1652  2424 D NsdService: New client listening to asynchronous messages
10-16 01:05:34.039  1652  2424 D NsdService: New client, channel: com.android.internal.util.AsyncChannel@efbcf61 messenger: android.os.Messenger@6d0a86
10-16 01:05:34.102  1652  2388 V UsbDeviceManager: USB UEVENT: {SUBSYSTEM=android_usb, SEQNUM=85417, ACTION=change, USB_STATE=CONNECTED, DEVPATH=/devices/virtual/android_usb/android0}
10-16 01:05:34.107  1652  2388 V UsbDeviceManager: USB UEVENT: {SUBSYSTEM=android_usb, SEQNUM=85418, ACTION=change, USB_STATE=DISCONNECTED, DEVPATH=/devices/virtual/android_usb/android0}
10-16 01:05:34.165  1652  1756 D UsbDeviceManager: push notification:Charging this device via USB
10-16 01:05:34.168  1652  1756 D UsbDeviceManager: broadcasting Intent { act=android.hardware.usb.action.USB_STATE flg=0x31000000 (has extras) } extras: Bundle[{host_connected=false, connected=true, unlocked=false, mass_storage=true, configured=false}]
10-16 01:05:34.253  1652  2388 V UsbDeviceManager: USB UEVENT: {SUBSYSTEM=android_usb, SEQNUM=85419, ACTION=change, USB_STATE=CONNECTED, DEVPATH=/devices/virtual/android_usb/android0}
10-16 01:05:34.253  1652  1756 D UsbDeviceManager: skip broadcasting Intent { act=android.hardware.usb.action.USB_STATE flg=0x31000000 (has extras) } extras: Bundle[{host_connected=false, connected=true, unlocked=false, mass_storage=true, configured=false}]
10-16 01:05:34.259  1652  2388 V UsbDeviceManager: USB UEVENT: {SUBSYSTEM=android_usb, SEQNUM=85420, ACTION=change, USB_STATE=CONFIGURED, DEVPATH=/devices/virtual/android_usb/android0}
10-16 01:05:34.260  1652  1756 D UsbDeviceManager: broadcasting Intent { act=android.hardware.usb.action.USB_STATE flg=0x31000000 (has extras) } extras: Bundle[{host_connected=false, connected=true, unlocked=false, mass_storage=true, configured=true}]
10-16 01:05:34.311  1652  2421 D ConnectivityService: NetReassign [no changes]
10-16 01:05:34.353  1652  3314 E AppOps  : Operation not started: uid=10139 pkg=com.oneplus.faceunlock(null) op=CAMERA
10-16 01:05:34.367  1652  1652 W NotificationHistory: Attempted to add notif for locked/gone/disabled user 0
10-16 01:05:34.430  1652  1678 D CompatibilityChangeReporter: Compat change id reported: 135634846; UID 10210; state: DISABLED
10-16 01:05:34.431  1652  1678 D CompatibilityChangeReporter: Compat change id reported: 135754954; UID 10210; state: ENABLED
10-16 01:05:34.431  1652  1773 D CompatibilityChangeReporter: Compat change id reported: 143937733; UID 10210; state: ENABLED
10-16 01:05:34.476  1652  1773 I ActivityManager: Start proc 16466:com.google.android.projection.gearhead:shared/u0a210 for broadcast {com.google.android.projection.gearhead/com.google.android.apps.auto.components.connectivity.impl.ConnectivityEventHandlerImpl$ConnectivityEventBroadcastReceiver}
10-16 01:05:34.606 16466 16466 I 100     : Open /data/app/~~AjSgL4V30f-EPqxczt-IMw==/com.google.android.projection.gearhead-oH6WOqJzUz1yoMBcbRJ9ig==/base.apk took:52ms
10-16 01:05:34.742  1652  2385 E ActivityThread: Failed to find provider info for com.oneplus.account.personalize.provider.open
10-16 01:05:34.744  1652  2385 W OpSystemGestures: recordSwipe failed due to total=1.0937721896916628
10-16 01:05:34.744  1652  2385 W OpSystemGestures: java.lang.IllegalArgumentException: Unknown URL content://com.oneplus.account.personalize.provider.open
10-16 01:05:34.744  1652  2385 W OpSystemGestures: 	at android.content.ContentResolver.insert(ContentResolver.java:2172)
10-16 01:05:34.744  1652  2385 W OpSystemGestures: 	at android.content.ContentResolver.insert(ContentResolver.java:2130)
10-16 01:05:34.744  1652  2385 W OpSystemGestures: 	at com.android.server.wm.OpSystemGesturesPointerEventListenerInjector.lambda$saveDistance$0$OpSystemGesturesPointerEventListenerInjector(OpSystemGesturesPointerEventListenerInjector.java:159)
10-16 01:05:34.744  1652  2385 W OpSystemGestures: 	at com.android.server.wm.-$$Lambda$OpSystemGesturesPointerEventListenerInjector$neC_mfZQiJ4FpMKCb3FZMJ-lO-g.run(Unknown Source:4)
10-16 01:05:34.744  1652  2385 W OpSystemGestures: 	at android.os.Handler.handleCallback(Handler.java:938)
10-16 01:05:34.744  1652  2385 W OpSystemGestures: 	at android.os.Handler.dispatchMessage(Handler.java:99)
10-16 01:05:34.744  1652  2385 W OpSystemGestures: 	at android.os.Looper.loop(Looper.java:233)
10-16 01:05:34.744  1652  2385 W OpSystemGestures: 	at android.os.HandlerThread.run(HandlerThread.java:67)
10-16 01:05:34.744  1652  2385 W OpSystemGestures: 	at com.android.server.ServiceThread.run(ServiceThread.java:44)
10-16 01:05:34.769  1652  3170 I UsbPortManager: ClientCallback V1_0: otg_default
10-16 01:05:34.772  1652  1806 I DisplayPowerController: useProximityForceSuspend = false
10-16 01:05:34.772  1652  1806 I DisplayPowerController: brightnessState(m):1.0
10-16 01:05:34.772  1652  1806 I RampAnimator: target:1.0 rate:0.7058823 mCurrentValue:1.0 mTargetValue:1.0
10-16 01:05:34.871  1652  5880 W BluetoothManagerService: registerAdapter, callback: android.bluetooth.IBluetoothManagerCallback$Stub$Proxy@fcaec36
10-16 01:05:34.931  1652  5880 D CompatibilityChangeReporter: Compat change id reported: 135634846; UID 10210; state: DISABLED
10-16 01:05:34.931  1652  5880 D CompatibilityChangeReporter: Compat change id reported: 135754954; UID 10210; state: ENABLED
10-16 01:05:34.931  1652  1773 D CompatibilityChangeReporter: Compat change id reported: 143937733; UID 10210; state: ENABLED
10-16 01:05:34.958  1652  1773 I ActivityManager: Start proc 16514:com.google.android.projection.gearhead:car/u0a210 for broadcast {com.google.android.projection.gearhead/com.google.android.apps.auto.carservice.gmscorecompat.CarUsbReceiver}
10-16 01:05:35.365  1652  3668 I ActivityTaskManager: START u0 {act=android.intent.action.MAIN cat=[android.intent.category.LAUNCHER] flg=0x1000c000 cmp=com.google.android.apps.messaging/.home.HomeActivity} from uid 10274 pid -1
10-16 01:05:35.371  1652  3668 E OpScreenModeService: getAppToken ActivityRecord{44e8cb6 u0 com.google.android.apps.messaging/.conversation.screen.ConversationActivity t6266}
10-16 01:05:35.371  1652  3668 E OpScreenModeService: setRefreshRate token ActivityRecord{44e8cb6 u0 com.google.android.apps.messaging/.conversation.screen.ConversationActivity t6266} request refresh rate=-1 tmpRate -1
10-16 01:05:35.371  1652  3668 E OpScreenModeService: setRefreshRate token ActivityRecord{44e8cb6 u0 com.google.android.apps.messaging/.conversation.screen.ConversationActivity t6266} app request rateid=1 fps=90.0
10-16 01:05:35.371  1652  3668 D OpQuickReply: setQuickReplyResumed focusedApp ActivityRecord{44e8cb6 u0 com.google.android.apps.messaging/.conversation.screen.ConversationActivity t6266} pkgName com.google.android.apps.messaging
10-16 01:05:35.375  1652  3668 E OpScreenModeService: getAppToken ActivityRecord{71c0fc3 u0 net.oneplus.launcher/.Launcher t6221}
10-16 01:05:35.375  1652  3668 E OpScreenModeService: setRefreshRate token ActivityRecord{71c0fc3 u0 net.oneplus.launcher/.Launcher t6221} request refresh rate=-1 tmpRate -1
10-16 01:05:35.375  1652  3668 E OpScreenModeService: setRefreshRate token ActivityRecord{71c0fc3 u0 net.oneplus.launcher/.Launcher t6221} app request rateid=1 fps=90.0
10-16 01:05:35.375  1652  3668 D OpQuickReply: setQuickReplyResumed focusedApp ActivityRecord{71c0fc3 u0 net.oneplus.launcher/.Launcher t6221} pkgName net.oneplus.launcher
10-16 01:05:35.382  1652  3668 I ActivityTaskManager: START u0 {dat=content://com.google.android.apps.messaging.shared.datamodel.BugleContentProviderInternal/conversations/1 flg=0x14000001 cmp=com.google.android.apps.messaging/.conversation.screen.ConversationActivity (has extras)} from uid 10274 pid -1
10-16 01:05:35.387  1652  1759 D OpScreenModeService: updateRefreshRate token ActivityRecord{44e8cb6 u0 com.google.android.apps.messaging/.conversation.screen.ConversationActivity t6266 f}} rate=1
10-16 01:05:35.398  1652  3314 I ActivityTaskManager: The Process com.google.android.apps.messaging Already Exists in BG. So sending its PID: 16170
10-16 01:05:35.402  1652  3314 D OpProximityController: noteFrontPackageChanged pkg:com.google.android.apps.messaging uid:10274 lpkg:com.vanced.android.youtube luid:10370
10-16 01:05:35.403  1652  1806 I DisplayPowerController: useProximityForceSuspend = false
10-16 01:05:35.403  1652  1806 I DisplayPowerController: brightnessState(m):1.0
10-16 01:05:35.403  1652  1806 I RampAnimator: target:1.0 rate:0.7058823 mCurrentValue:1.0 mTargetValue:1.0
10-16 01:05:35.403  1652  3314 D OemSceneModeActivityStack: [scene] evaluateGameModes :  gameMsg.arg1=0 gameMsg.arg2=1
10-16 01:05:35.404  1652  3314 E OpScreenModeService: getAppToken ActivityRecord{fa085ab u0 com.google.android.apps.messaging/.conversation.screen.ConversationActivity t6266}
10-16 01:05:35.404  1652  3314 E OpScreenModeService: setRefreshRate token ActivityRecord{fa085ab u0 com.google.android.apps.messaging/.conversation.screen.ConversationActivity t6266} request refresh rate=-1 tmpRate -1
10-16 01:05:35.404  1652  3314 E OpScreenModeService: setRefreshRate token ActivityRecord{fa085ab u0 com.google.android.apps.messaging/.conversation.screen.ConversationActivity t6266} app request rateid=1 fps=90.0
10-16 01:05:35.404  1652  3314 D OpQuickReply: setQuickReplyResumed focusedApp ActivityRecord{fa085ab u0 com.google.android.apps.messaging/.conversation.screen.ConversationActivity t6266} pkgName com.google.android.apps.messaging
10-16 01:05:35.408  1652  1759 D OpScreenModeService: updateRefreshRate token ActivityRecord{71c0fc3 u0 net.oneplus.launcher/.Launcher t6221} rate=1
10-16 01:05:35.424  1652  1759 D OpRestartProcessManager: updateSelf :  com.google.android.apps.messaging, size : 30
10-16 01:05:35.424  1652  1787 D ExtBatteryStatsService: ext-flush too soon, skip
10-16 01:05:35.427  1652  1759 D OpScreenModeService: updateRefreshRate token ActivityRecord{fa085ab u0 com.google.android.apps.messaging/.conversation.screen.ConversationActivity t6266} rate=1
10-16 01:05:35.434  1652  1652 V SettingsProvider: Notifying for 0: content://settings/secure/reminder_exp_learning_time_elapsed
10-16 01:05:35.435  1652  1760 V WindowManager: set resID as default. resId=0x10302fe
10-16 01:05:35.437  1652  1760 I chatty  : uid=1000(system) android.anim identical 1 line
10-16 01:05:35.438  1652  1760 V WindowManager: set resID as default. resId=0x10302fe
10-16 01:05:35.454  1652  2605 D CompatibilityChangeReporter: Compat change id reported: 136274596; UID 10274; state: ENABLED
10-16 01:05:35.553  1343  1343 W wificond: Scan is not started. Ignore abort request
10-16 01:05:35.593  1652  1787 D ExtBatteryStatsService: ext-flush too soon, skip
10-16 01:05:35.904  1652  1759 D OemSceneModeActivityStack: [scene] handleEvaluateGameMode enabled: false
10-16 01:05:35.906  1652  1652 V SettingsProvider: Notifying for 0: content://settings/system/rading_mode_status_auto
10-16 01:05:35.913  2513 20552 I OIMC    : notified , mode ColorReadMode changeTo 2
10-16 01:05:35.913  2513  2574 I OIMC_CORE: handleMessage:   MODE_EXIT, arg1: 0, arg2: 0, obj: com.oneplus.server.oimc.gwy@e4740ac
10-16 01:05:35.913  2513  2574 I OIMC_CORE: The mode: ColorReadMode is not entered
10-16 01:05:35.913  2513 20552 I OIMC    : notified , mode ReadMode changeTo 2
10-16 01:05:35.914 16170 16170 D ViewRootImpl: support adaptive color gamut feature!
10-16 01:05:35.914  1652  1652 V SettingsProvider: Notifying for 0: content://settings/system/rading_mode_status_auto
10-16 01:05:35.917  2513  2574 I OIMC_CORE: handleMessage:   MODE_EXIT, arg1: 0, arg2: 0, obj: com.oneplus.server.oimc.gwy@b132175
10-16 01:05:35.917  2513  2574 I OIMC_CORE: The mode: ReadMode is not entered
10-16 01:05:35.958  1652  2398 I UsbPortManager: ClientCallback V1_0: otg_default
10-16 01:05:35.978  1652  2417 D ConnectivityService: registerNetworkAgent NetworkAgentInfo{ ni{[type: WIFI[], state: UNKNOWN/IDLE, reason: (unspecified), extra: , failover: false, available: true, roaming: false]}  network{124}  nethandle{535981641741}  lp{{InterfaceName: wlan0 LinkAddresses: [ ] DnsAddresses: [ ] Domains: null MTU: 0 Routes: [ ]}}  nc{[ Transports: WIFI Capabilities: NOT_METERED&INTERNET&NOT_RESTRICTED&TRUSTED&NOT_VPN&NOT_ROAMING&FOREGROUND&NOT_CONGESTED&NOT_SUSPENDED LinkUpBandwidth>=400000Kbps LinkDnBandwidth>=400000Kbps OwnerUid: 10367 SSID: "eduroam" RequestorUid: -1 RequestorPackageName: null]}  Score{20}  everValidated{false}  lastValidated{false}  created{false} lingering{false} explicitlySelected{true} acceptUnvalidated{false} everCaptivePortalDetected{false} lastCaptivePortalDetected{false} partialConnectivity{false} acceptPartialConnectivity{false} clat{mBaseIface: null, mIface: null, mState: IDLE} }
10-16 01:05:35.991  1652  2421 D ConnectivityService: [124 WIFI] EVENT_NETWORK_INFO_CHANGED, going from UNKNOWN to UNKNOWN
10-16 01:05:36.031  1652  2421 D ConnectivityService: NetReassign [no changes]
10-16 01:05:36.062  1652  2421 I Nat464Xlat: Android Xlat enabled is doXlat = true
10-16 01:05:36.062  1652  2421 I Nat464Xlat: Android Xlat enabled is doXlat = true
10-16 01:05:36.149  1652  5873 W ActivityManager: Unable to start service Intent { act=com.google.android.gms.droidguard.service.START pkg=com.mgoogle.android.gms } U=0: not found
10-16 01:05:36.149  1652  5873 W ActivityManager: Unbind failed: could not find connection for android.os.BinderProxy@70734c7
10-16 01:05:36.152  1652  5873 D CompatibilityChangeReporter: Compat change id reported: 149924527; UID 10274; state: ENABLED
10-16 01:05:36.154  1652  5873 D CompatibilityChangeReporter: Compat change id reported: 132649864; UID 10274; state: DISABLED
10-16 01:05:36.158  1652  2029 V AlarmManager: Triggering alarm #0: 2 when =121137137 package =com.mgoogle.android.gms operation =*walarm*:org.microg.gms.gcm.mcs.RECONNECT flags =0x9
10-16 01:05:36.180  1652  5873 D CompatibilityChangeReporter: Compat change id reported: 135634846; UID 10233; state: DISABLED
10-16 01:05:36.180  1652  5873 D CompatibilityChangeReporter: Compat change id reported: 135754954; UID 10233; state: DISABLED
10-16 01:05:36.180  1652  1773 D CompatibilityChangeReporter: Compat change id reported: 143937733; UID 10233; state: DISABLED
10-16 01:05:36.231  1652  1773 W ActivityManager: Slow operation: 52ms so far, now at startProcess: returned from zygote!
10-16 01:05:36.289 16170 16556 I 110     :  OptJank - total:117 frameGap:117 delta#33#119#7#14#0#4
10-16 01:05:36.343  1652  3302 W ActivityManager: Slow operation: 164ms so far, now at startProcess: done updating battery stats
10-16 01:05:36.343  1652  3302 W ActivityManager: Slow operation: 165ms so far, now at startProcess: building log message
10-16 01:05:36.343  1652  3302 I ActivityManager: Start proc 16583:com.google.android.apps.tachyon/u0a233 for service {com.google.android.apps.tachyon/com.google.android.apps.tachyon.clientapi.ClientApiService}
10-16 01:05:36.343  1652  3302 W ActivityManager: Slow operation: 165ms so far, now at startProcess: starting to update pids map
10-16 01:05:36.345  1652  3302 W ActivityManager: Slow operation: 166ms so far, now at startProcess: done updating pids map
10-16 01:05:36.356  1652  1757 W Looper  : Slow dispatch took 133ms android.ui h=com.android.server.am.ActivityManagerService$UiHandler c=null m=31
10-16 01:05:36.365  1652  1787 D ExtBatteryStatsService: @@@@ awaitUninterruptibly in 263 ms
10-16 01:05:36.377  1652  1787 D ExtBatteryStatsService: ext-flush too soon, skip
10-16 01:05:36.464 16170 16556 I 110     :  OptJank - total:174 frameGap:174 delta#199#80#6#56#0#7
10-16 01:05:36.472  1652  1772 I OHPD    : mCurrentGpsUidList:[], currentIME:com.google.android.inputmethod.latin
10-16 01:05:36.474  1652  5814 D ConnectivityService: requestNetwork for uid/pid:10274/16170 NetworkRequest [ TRACK_DEFAULT id=1977, [ Capabilities: INTERNET&NOT_RESTRICTED&TRUSTED Uid: 10274 AdministratorUids: [] RequestorUid: 10274 RequestorPackageName: com.google.android.apps.messaging] ]
10-16 01:05:36.474  1652  2421 D ConnectivityService: NetReassign [1977 : null  123]
10-16 01:05:36.476  1652  1772 I OHPD    : [BgDetect] Batt drain triggered, curr temp 26, thold 40
10-16 01:05:36.476  1652  1772 I OHPD    : [BgDetect]chkExcessCpu level: 0 doKills: true critical true uptime: 300033
10-16 01:05:36.481  1652  1772 I OHPD    : isIsolated process: app.uid:99086,app.info.uid:10208, app.processName:com.google.android.webview:sandboxed_process0:org.chromium.content.app.SandboxedProcessService0:0
10-16 01:05:36.482  1652  1772 I OHPD    : [BgDetect] skip proc com.zorinos.zorin_connect(uid 10027), reason= small adj 100
10-16 01:05:36.483  1652  1772 I OHPD    : [BgDetect]native process dpmQmiMgr HighCpuUsedCount reduce 1, now HighCpuUsedCount = 0
10-16 01:05:36.484  1652  1772 I OHPD    : [BgDetect]native process dpmd HighCpuUsedCount reduce 1, now HighCpuUsedCount = 0
10-16 01:05:36.484  1652  1772 I OHPD    : [BgDetect]native process dpmd HighCpuUsedCount reduce 1, now HighCpuUsedCount = 0
10-16 01:05:36.484  1652  1772 I OHPD    : [BgDetect]detect excessive cpu on native process logd(pid : 661) level 0 usage 81 monitor=true round=1 doKill=false
10-16 01:05:36.484  1652  1772 I OHPD    : [BgDetect]native process media.extractor HighCpuUsedCount reduce 1, now HighCpuUsedCount = 0
10-16 01:05:36.484  1652  1772 I OHPD    : [BgDetect][PD] found PD is caused by skipped uid 10027 usg 39
10-16 01:05:36.486  1652  1787 D ExtBatteryStatsService: ext-flush too soon, skip
10-16 01:05:36.503  1652  3004 D ConnectivityService: requestNetwork for uid/pid:10274/16170 NetworkRequest [ TRACK_DEFAULT id=1978, [ Capabilities: INTERNET&NOT_RESTRICTED&TRUSTED Uid: 10274 AdministratorUids: [] RequestorUid: 10274 RequestorPackageName: com.google.android.apps.messaging] ]
10-16 01:05:36.503  1652  2421 D ConnectivityService: NetReassign [1978 : null  123]
10-16 01:05:36.509  1652  2421 D ConnectivityService: NetReassign [no changes]
10-16 01:05:36.515  1652  1772 I OHPD    : [BGC] checkAbnBgKillLocked, doExecution: false
10-16 01:05:36.519  1652  2398 I FastCharge: read mChargeType = 0
10-16 01:05:36.534  2513  2513 W ContextImpl: Calling a method in the system process without a qualified user: android.app.ContextImpl.sendBroadcast:1122 android.content.ContextWrapper.sendBroadcast:468 com.oneplus.coreservice.BroadcastDispatch.xne$mab.onReceive:122 android.app.LoadedApk$ReceiverDispatcher$Args.lambda$getRunnable$0$LoadedApk$ReceiverDispatcher$Args:1566 android.app.-$$Lambda$LoadedApk$ReceiverDispatcher$Args$_BumDX2UKsnxLVrE6UJsJZkotuA.run:2 
10-16 01:05:36.580 18444 18444 D ActivityThread: pid:18444 tid:18444 doframe Callback
10-16 01:05:36.914  1652  2421 D OpWifiServiceImpl: handleLinkPropertiesChanged gatewayIp : 134.124.168.1 , ifname : wlan0
10-16 01:05:36.915  1652  2421 E ConnectivityService: Exception in networkAddRouteParcel for non-gateway: android.os.ServiceSpecificException: Machine is not on the network (code 64)
10-16 01:05:36.915  1652  2421 E ConnectivityService: Exception in networkAddRouteParcel for gateway: android.os.ServiceSpecificException: Machine is not on the network (code 64)
10-16 01:05:36.915  1652  2421 D ConnectivityService: Setting DNS servers for network 124 to []
10-16 01:05:36.922  1652  2421 I Nat464Xlat: Android Xlat enabled is doXlat = true
10-16 01:05:36.922  1652  2421 I Nat464Xlat: Android Xlat enabled is doXlat = true
10-16 01:05:36.947  1652  2421 D OpWifiServiceImpl: handleLinkPropertiesChanged gatewayIp : 134.124.168.1 , ifname : wlan0
10-16 01:05:36.947  1652  2421 I Nat464Xlat: Android Xlat enabled is doXlat = true
10-16 01:05:36.947  1652  2421 I Nat464Xlat: Android Xlat enabled is doXlat = true
10-16 01:05:36.972  1652  2421 D OpWifiServiceImpl: handleLinkPropertiesChanged gatewayIp : 134.124.168.1 , ifname : wlan0
10-16 01:05:36.972  1652  2421 D ConnectivityService: Setting DNS servers for network 124 to [/134.124.2.1, /134.124.2.2, /134.124.15.13]
10-16 01:05:36.978  1652  2421 I Nat464Xlat: Android Xlat enabled is doXlat = true
10-16 01:05:36.978  1652  2421 I Nat464Xlat: Android Xlat enabled is doXlat = true
10-16 01:05:36.993  1652  2421 D ConnectivityService: [124 WIFI] EVENT_NETWORK_INFO_CHANGED, going from UNKNOWN to CONNECTED
10-16 01:05:37.003  1652  2421 D DnsManager: sendDnsConfigurationForNetwork(124, [134.124.2.1, 134.124.2.2, 134.124.15.13], [dhcp.umsl.edu], 1800, 25, 8, 64, 0, 0, , [])
10-16 01:05:37.005  1652  2421 D OpWifiServiceImpl: handleNetworkConntected netId : 124 , ifname : wlan0
10-16 01:05:37.039  1652  2421 W DnsManager: updatePrivateDns(124, PrivateDnsConfig{false:/[]})
10-16 01:05:37.039  1652  2421 D ConnectivityService: Setting DNS servers for network 124 to [/134.124.2.1, /134.124.2.2, /134.124.15.13]
10-16 01:05:37.039  1652  2421 D DnsManager: sendDnsConfigurationForNetwork(124, [134.124.2.1, 134.124.2.2, 134.124.15.13], [dhcp.umsl.edu], 1800, 25, 8, 64, 0, 0, , [])
10-16 01:05:37.058  1652  2421 D OpWifiServiceImpl: handleLinkPropertiesChanged gatewayIp : 134.124.168.1 , ifname : wlan0
10-16 01:05:37.058  1652  2421 D ConnectivityService: Adding iface wlan0 to network 124
10-16 01:05:37.066  1652  2421 D ConnectivityService: Setting DNS servers for network 124 to [/134.124.2.1, /134.124.2.2, /134.124.15.13]
10-16 01:05:37.067  1652  2421 D DnsManager: sendDnsConfigurationForNetwork(124, [134.124.2.1, 134.124.2.2, 134.124.15.13], [dhcp.umsl.edu], 1800, 25, 8, 64, 0, 0, , [])
10-16 01:05:37.071  1652  1652 V SettingsProvider: Notifying for 0: content://settings/system/gateway_conflict_status
10-16 01:05:37.073  1652  2421 I Nat464Xlat: Android Xlat enabled is doXlat = true
10-16 01:05:37.073  1652  2421 I Nat464Xlat: Android Xlat enabled is doXlat = true
10-16 01:05:37.190  1652  2421 D ConnectivityService: NetReassign [1971 : 123  124, 1978 : 123  124, 1959 : 123  124, 1787 : 123  124, 1 : 123  124, 1962 : 123  124, 803 : 123  124, 13 : 123  124, 1297 : 123  124, 1936 : 123  124, 1226 : 123  124, 22 : 123  124, 760 : 123  124, 1315 : 123  124, 735 : 123  124, 16 : 123  124, 1937 : 123  124, 15 : 123  124, 738 : 123  124, 1786 : 123  124, 736 : 123  124, 1809 : 123  124, 1974 : 123  124, 1314 : 123  124, 11 : 123  124, 1704 : 123  124, 748 : 123  124, 12 : 123  124, 1526 : 123  124, 1795 : 123  124, 1977 : 123  124, 57 : 123  124, 778 : 123  124, 10 : 123  124, 742 : 123  124, 1788 : 123  124]
10-16 01:05:37.201   840   898 E NetlinkEvent: NetlinkEvent::FindParam(): Parameter 'INTERFACE' not found
10-16 01:05:37.201   840   898 E NetlinkEvent: NetlinkEvent::FindParam(): Parameter 'STATE' not found
10-16 01:05:37.201   840   898 E NetlinkEvent: NetlinkEvent::FindParam(): Parameter 'TIME_NS' not found
10-16 01:05:37.201   840   898 E NetlinkEvent: NetlinkEvent::FindParam(): Parameter 'UID' not found
10-16 01:05:37.210  1652  2421 D ConnectivityService: Switching to new default network: NetworkAgentInfo{ ni{[type: WIFI[], state: CONNECTED/CONNECTED, reason: (unspecified), extra: , failover: false, available: true, roaming: false]}  network{124}  nethandle{535981641741}  lp{{InterfaceName: wlan0 LinkAddresses: [ fe80::44b6:66ff:fec2:ecb8/64,134.124.170.209/22 ] DnsAddresses: [ /134.124.2.1,/134.124.2.2,/134.124.15.13 ] Domains: dhcp.umsl.edu MTU: 0 ServerAddress: /134.124.2.1 TcpBufferSizes: 524288,1048576,4194304,524288,1048576,4194304 Routes: [ fe80::/64 -> :: wlan0 mtu 0,134.124.168.0/22 -> 0.0.0.0 wlan0 mtu 0,0.0.0.0/0 -> 134.124.168.1 wlan0 mtu 0 ]}}  nc{[ Transports: WIFI Capabilities: NOT_METERED&INTERNET&NOT_RESTRICTED&TRUSTED&NOT_VPN&NOT_ROAMING&FOREGROUND&NOT_CONGESTED&NOT_SUSPENDED LinkUpBandwidth>=352000Kbps LinkDnBandwidth>=352000Kbps SignalStrength: -57 OwnerUid: 10367 SSID: "eduroam" RequestorUid: -1 RequestorPackageName: null]}  Score{100}  everValidated{false}  lastValidated{false}  created{true} lingering{false} explicitlySelected{true} acceptUnvalidated{true} everCaptivePortalDetected{false} lastCaptivePortalDetected{false} partialConnectivity{false} acceptPartialConnectivity{false} clat{mBaseIface: null, mIface: null, mState: IDLE} }
10-16 01:05:37.302  1652  2421 D ConnectivityService: Lingering [123 CELLULAR] for 5000ms
10-16 01:05:37.309  1652  5864 D ConnectivityService: Returning UNBLOCKED NetworkInfo to uid=10001
10-16 01:05:37.323  1652  2421 D ConnectivityService: Sending DISCONNECTED broadcast for type 0 [123 CELLULAR] isDefaultNetwork=true
10-16 01:05:37.323  1652  2421 I OpBatteryStats: finalStepMode: 5
10-16 01:05:37.340  2585  2585 E ActivityThread: Failed to find provider info for com.bitstrips.imoji.provider
10-16 01:05:37.343  1652  2421 D ConnectivityService: Sending CONNECTED broadcast for type 1 [124 WIFI] isDefaultNetwork=true
10-16 01:05:37.343  1652  2481 D OPSA    : ==MSG_CONNECTIVITY_CHANGE== OPBackgroundThread
10-16 01:05:37.343  1652  1802 D ExtBatteryStatsService: ==MSG_CONNECTIVITY_CHANGE==
10-16 01:05:37.344  1652  1652 D OnePlusDuallteManager: # mGeneralReceiver # onReceive # action=android.net.conn.CONNECTIVITY_CHANGE
10-16 01:05:37.354  1652  3240 D ConnectivityService: Returning UNBLOCKED NetworkInfo to uid=10306
10-16 01:05:37.356  1652  5880 D ConnectivityService: Returning UNBLOCKED NetworkInfo to uid=10288
10-16 01:05:37.358  1652  2605 D ConnectivityService: Returning UNBLOCKED NetworkInfo to uid=10234
10-16 01:05:37.359  1652  5880 D ConnectivityService: Returning UNBLOCKED NetworkInfo to uid=10275
10-16 01:05:37.360  1652  2605 D ConnectivityService: Returning UNBLOCKED NetworkInfo to uid=10199
10-16 01:05:37.366  1652  3240 D ConnectivityService: Returning UNBLOCKED NetworkInfo to uid=10227
10-16 01:05:37.394  1652  5814 W ActivityManager: Background start not allowed: service Intent { act=Orca.START cmp=com.instagram.android/com.facebook.rti.push.service.FbnsService (has extras) } to com.instagram.android/com.facebook.rti.push.service.FbnsService from pid=15487 uid=10022 pkg=com.instagram.android startFg?=false
10-16 01:05:37.411 10113 10113 E ActivityThread: Failed to find provider info for com.oneplus.retailmode.provider
10-16 01:05:37.412 10113 10113 W ContextImpl: Calling a method in the system process without a qualified user: android.app.ContextImpl.startService:1690 android.content.ContextWrapper.startService:720 com.oneplus.opbackup.service.BackupService.a:57 com.oneplus.opbackup.receiver.CheckUpdateReceiver.a:232 com.oneplus.opbackup.receiver.NetworkListenerService$a.onReceive:50 
10-16 01:05:37.453  1652  2421 D ConnectivityService: NetReassign [no changes]
10-16 01:05:37.455  1652  2421 D ConnectivityService: [124 WIFI] validation passed
10-16 01:05:37.519  1652  3241 W ActivityManager: Background start not allowed: service Intent { act=Orca.START cmp=com.instagram.android/com.facebook.rti.push.service.FbnsService (has extras) } to com.instagram.android/com.facebook.rti.push.service.FbnsService from pid=15487 uid=10022 pkg=com.instagram.android startFg?=false
10-16 01:05:37.523  1652  1652 W Looper  : Slow dispatch took 121ms main h=com.android.server.job.JobSchedulerService$JobHandler c=null m=1
10-16 01:05:37.524  1652  2481 D OPSA    : ==MSG_CONNECTIVITY_CHANGE== OPBackgroundThread
10-16 01:05:37.524  1652  1802 D ExtBatteryStatsService: ==MSG_CONNECTIVITY_CHANGE==
10-16 01:05:37.524  1652  1652 D OnePlusDuallteManager: # mGeneralReceiver # onReceive # action=android.net.conn.CONNECTIVITY_CHANGE
10-16 01:05:37.530 10113 10113 E ActivityThread: Failed to find provider info for com.oneplus.retailmode.provider
10-16 01:05:37.536 10113 10113 W ContextImpl: Calling a method in the system process without a qualified user: android.app.ContextImpl.startService:1690 android.content.ContextWrapper.startService:720 com.oneplus.opbackup.service.BackupService.a:57 com.oneplus.opbackup.receiver.CheckUpdateReceiver.a:232 com.oneplus.opbackup.receiver.NetworkListenerService$a.onReceive:50 
10-16 01:05:37.547  1652  1652 V SettingsProvider: Notifying for 0: content://settings/system/last_wifi_validation_time
10-16 01:05:37.586 10305 10305 W ContextImpl: Calling a method in the system process without a qualified user: android.app.ContextImpl.sendBroadcast:1122 android.content.ContextWrapper.sendBroadcast:468 com.oneplus.security.SecureService$NetworkChangeReceive.onReceive:257 android.app.LoadedApk$ReceiverDispatcher$Args.lambda$getRunnable$0$LoadedApk$ReceiverDispatcher$Args:1566 android.app.-$$Lambda$LoadedApk$ReceiverDispatcher$Args$_BumDX2UKsnxLVrE6UJsJZkotuA.run:2 
10-16 01:05:37.595  1652  2421 D OpWifiServiceImpl: handleLinkPropertiesChanged gatewayIp : 100.73.218.109 , ifname : rmnet_data3
10-16 01:05:37.653  1652  1652 V SettingsProvider: Notifying for 0: content://settings/system/gateway_conflict_status
10-16 01:05:37.774  1652  2398 I FastCharge: read mChargeType = 0
10-16 01:05:37.781  2513  2513 W ContextImpl: Calling a method in the system process without a qualified user: android.app.ContextImpl.sendBroadcast:1122 android.content.ContextWrapper.sendBroadcast:468 com.oneplus.coreservice.BroadcastDispatch.xne$mab.onReceive:122 android.app.LoadedApk$ReceiverDispatcher$Args.lambda$getRunnable$0$LoadedApk$ReceiverDispatcher$Args:1566 android.app.-$$Lambda$LoadedApk$ReceiverDispatcher$Args$_BumDX2UKsnxLVrE6UJsJZkotuA.run:2 
10-16 01:05:38.445 10305 10332 W ContextImpl: Calling a method in the system process without a qualified user: android.app.ContextImpl.startService:1690 android.content.ContextWrapper.startService:720 com.oneplus.security.firewall.NetworkRestrictService.applyRules:157 com.oneplus.security.receiver.NetworkStateUtils.onReceiveNetWorkStateChanged:127 com.oneplus.security.SecureService$AsynHandler.handleMessage:123 
10-16 01:05:38.488 10305 10332 W ContextImpl: Calling a method in the system process without a qualified user: android.app.ContextImpl.startService:1690 android.content.ContextWrapper.startService:720 com.oneplus.security.network.trafficalarm.TrafficUsageAlarmIntentService.startService:81 com.oneplus.security.SecureService.initDataUsageAlertSettings:329 com.oneplus.security.SecureService.initDataUsageAlertSettings:266 
10-16 01:05:38.592  1652  5814 I OpAudioMonitor: MDM,start.
10-16 01:05:38.592  1652  5814 I OpAudioMonitor: MDM,music is not active, clear
10-16 01:05:38.592  1652  5814 I OpAudioMonitor: MDM,start put pk:com.google.android.apps.messaging startTime:1634364338
10-16 01:05:39.047  1652  1787 D ExtBatteryStatsService: ext-flush too soon, skip
10-16 01:05:39.329  1652  2388 V UsbDeviceManager: USB UEVENT: {SUBSYSTEM=android_usb, SEQNUM=85431, ACTION=change, USB_STATE=DISCONNECTED, DEVPATH=/devices/virtual/android_usb/android0}
10-16 01:05:39.451  1652  2388 V UsbDeviceManager: USB UEVENT: {SUBSYSTEM=android_usb, SEQNUM=85432, ACTION=change, USB_STATE=CONNECTED, DEVPATH=/devices/virtual/android_usb/android0}
10-16 01:05:39.451  1652  1756 D UsbDeviceManager: broadcasting Intent { act=android.hardware.usb.action.USB_STATE flg=0x31000000 (has extras) } extras: Bundle[{host_connected=false, connected=true, unlocked=false, mass_storage=true, configured=false}]
10-16 01:05:39.457  1652  2388 V UsbDeviceManager: USB UEVENT: {SUBSYSTEM=android_usb, SEQNUM=85433, ACTION=change, USB_STATE=DISCONNECTED, DEVPATH=/devices/virtual/android_usb/android0}
10-16 01:05:39.488  1652  2421 D ConnectivityService: NetReassign [no changes]
10-16 01:05:39.493  1652  3314 E OpScreenModeService: getAppToken ActivityRecord{71c0fc3 u0 net.oneplus.launcher/.Launcher t6221}
10-16 01:05:39.493  1652  3314 E OpScreenModeService: setRefreshRate token ActivityRecord{71c0fc3 u0 net.oneplus.launcher/.Launcher t6221} request refresh rate=-1 tmpRate -1
10-16 01:05:39.493  1652  3314 E OpScreenModeService: setRefreshRate token ActivityRecord{71c0fc3 u0 net.oneplus.launcher/.Launcher t6221} app request rateid=1 fps=90.0
10-16 01:05:39.493  1652  3314 D OpQuickReply: setQuickReplyResumed focusedApp ActivityRecord{71c0fc3 u0 net.oneplus.launcher/.Launcher t6221} pkgName net.oneplus.launcher
10-16 01:05:39.498  1652  3314 D OpProximityController: noteFrontPackageChanged pkg:net.oneplus.launcher uid:10142 lpkg:com.google.android.apps.messaging luid:10274
10-16 01:05:39.499  1652  3314 D OemSceneModeActivityStack: [scene] evaluateGameModes :  gameMsg.arg1=0 gameMsg.arg2=1
10-16 01:05:39.499  1652  1806 I DisplayPowerController: useProximityForceSuspend = false
10-16 01:05:39.499  1652  3314 E OpScreenModeService: getAppToken ActivityRecord{71c0fc3 u0 net.oneplus.launcher/.Launcher t6221}
10-16 01:05:39.499  1652  3314 E OpScreenModeService: setRefreshRate token ActivityRecord{71c0fc3 u0 net.oneplus.launcher/.Launcher t6221} request refresh rate=-1 tmpRate -1
10-16 01:05:39.499  1652  3314 E OpScreenModeService: setRefreshRate token ActivityRecord{71c0fc3 u0 net.oneplus.launcher/.Launcher t6221} app request rateid=1 fps=90.0
10-16 01:05:39.499  1652  3314 D OpQuickReply: setQuickReplyResumed focusedApp ActivityRecord{71c0fc3 u0 net.oneplus.launcher/.Launcher t6221} pkgName net.oneplus.launcher
10-16 01:05:39.499  1652  1806 I DisplayPowerController: brightnessState(m):1.0
10-16 01:05:39.499  1652  1787 W OpBacklightController: animateScreenBrightness: percent=1.0, minNits=120.0, maxBrightness=0.99, adjustBrightnessIntervalNits=80.0
10-16 01:05:39.499  1652  1806 I RampAnimator: target:1.0 rate:0.7058823 mCurrentValue:1.0 mTargetValue:1.0
10-16 01:05:39.500  1652  1806 I DisplayPowerController: useProximityForceSuspend = false
10-16 01:05:39.500  1652  1806 I DisplayPowerController: brightnessState(m):1.0
10-16 01:05:39.500  1652  1806 I DisplayPowerController: rate:0.0
10-16 01:05:39.500  1652  1806 I RampAnimator: target:1.0 rate:0.0 mCurrentValue:1.0 mTargetValue:1.0
10-16 01:05:39.599  1652  2388 V UsbDeviceManager: USB UEVENT: {SUBSYSTEM=android_usb, SEQNUM=85434, ACTION=change, USB_STATE=CONNECTED, DEVPATH=/devices/virtual/android_usb/android0}
10-16 01:05:39.599  1652  1756 D UsbDeviceManager: skip broadcasting Intent { act=android.hardware.usb.action.USB_STATE flg=0x31000000 (has extras) } extras: Bundle[{host_connected=false, connected=true, unlocked=false, mass_storage=true, configured=false}]
10-16 01:05:39.608  1652  2388 V UsbDeviceManager: USB UEVENT: {SUBSYSTEM=android_usb, SEQNUM=85435, ACTION=change, USB_STATE=CONFIGURED, DEVPATH=/devices/virtual/android_usb/android0}
10-16 01:05:39.608  1652  1756 D UsbDeviceManager: broadcasting Intent { act=android.hardware.usb.action.USB_STATE flg=0x31000000 (has extras) } extras: Bundle[{host_connected=false, connected=true, unlocked=false, mass_storage=true, configured=true}]
10-16 01:05:39.649  1652  1757 W Looper  : Slow dispatch took 110ms android.ui h=com.android.server.am.ActivityManagerService$UiHandler c=null m=53
10-16 01:05:39.656  1652  1759 D OpScreenModeService: updateRefreshRate token ActivityRecord{71c0fc3 u0 net.oneplus.launcher/.Launcher t6221} rate=1
10-16 01:05:39.656  1652  1652 W Looper  : Slow dispatch took 164ms main h=com.android.server.job.JobSchedulerService$JobHandler c=null m=3
10-16 01:05:39.705  1652  2392 I 106     : System spent 152.8ms processing the last motion event: MotionEvent#MOVE
10-16 01:05:39.705  1652  2392 I 106     : System spent 146.2ms processing the last motion event: MotionEvent#MOVE
10-16 01:05:39.705  1652  2392 I 106     : System spent 139.1ms processing the last motion event: MotionEvent#MOVE
10-16 01:05:39.705  1652  2392 I 106     : System spent 131.9ms processing the last motion event: MotionEvent#MOVE
10-16 01:05:39.705  1652  2392 I 106     : System spent 124.8ms processing the last motion event: MotionEvent#MOVE
10-16 01:05:39.705  1652  2392 I 106     : System spent 117.8ms processing the last motion event: MotionEvent#MOVE
10-16 01:05:39.705  1652  2392 I 106     : System spent 121.3ms processing the last motion event: MotionEvent#MOVE
10-16 01:05:39.705  1652  2392 I 106     : System spent 116.4ms processing the last motion event: MotionEvent#MOVE
10-16 01:05:39.705  1652  2392 I 106     : System spent 110.6ms processing the last motion event: MotionEvent#MOVE
10-16 01:05:39.705  1652  2392 I 106     : System spent 103.7ms processing the last motion event: MotionEvent#MOVE
10-16 01:05:39.705  1652  2392 I 106     : System spent 102.1ms processing the last motion event: MotionEvent#MOVE
10-16 01:05:39.715  1652  2421 D ConnectivityService: releasing NetworkRequest [ TRACK_DEFAULT id=1977, [ Capabilities: INTERNET&NOT_RESTRICTED&TRUSTED Uid: 10274 AdministratorUids: [] RequestorUid: 10274 RequestorPackageName: com.google.android.apps.messaging] ] (release request)
10-16 01:05:39.742  1652  1652 V SettingsProvider: Notifying for 0: content://settings/secure/reminder_exp_learning_time_elapsed
10-16 01:05:39.765  1652  3305 I OpAudioMonitor: MDM,stop.
10-16 01:05:39.765  1652  5814 D ConnectivityService: requestNetwork for uid/pid:10142/30519 NetworkRequest [ TRACK_DEFAULT id=1981, [ Capabilities: INTERNET&NOT_RESTRICTED&TRUSTED Uid: 10142 AdministratorUids: [] RequestorUid: 10142 RequestorPackageName: net.oneplus.launcher] ]
10-16 01:05:39.765  1652  3305 I OpAudioMonitor: MDM,music is not active, clear
10-16 01:05:39.766  1652  2421 D ConnectivityService: NetReassign [1981 : null  124]
10-16 01:05:39.768  1652  3305 I OpAudioMonitor: MDM,stop.
10-16 01:05:39.768  1652  3305 I OpAudioMonitor: MDM,music is not active, clear
10-16 01:05:39.772  1652  3305 I OpAudioMonitor: MDM,stop.
10-16 01:05:39.772  1652  3305 I OpAudioMonitor: MDM,music is not active, clear
10-16 01:05:39.794  1652  3113 D OPBF    : setCGroupState():tofreeze=false, uid:10238 pkg:net.oneplus.weather --->>> ok reason:important uid change tImportant:true
10-16 01:05:39.910  1652  1787 D ExtBatteryStatsService: @@@@ awaitUninterruptibly in 126 ms
10-16 01:05:39.999  1652  1759 D OemSceneModeActivityStack: [scene] handleEvaluateGameMode enabled: false
10-16 01:05:40.004  1652  1652 V SettingsProvider: Notifying for 0: content://settings/system/rading_mode_status_auto
10-16 01:05:40.010  2513 20552 I OIMC    : notified , mode ColorReadMode changeTo 2
10-16 01:05:40.010  2513  2574 I OIMC_CORE: handleMessage:   MODE_EXIT, arg1: 0, arg2: 0, obj: com.oneplus.server.oimc.gwy@d5150a
10-16 01:05:40.010  2513  2574 I OIMC_CORE: The mode: ColorReadMode is not entered
10-16 01:05:40.010  2513 17241 I OIMC    : notified , mode ReadMode changeTo 2
10-16 01:05:40.011  2513  2574 I OIMC_CORE: handleMessage:   MODE_EXIT, arg1: 0, arg2: 0, obj: com.oneplus.server.oimc.gwy@6df317b
10-16 01:05:40.011  2513  2574 I OIMC_CORE: The mode: ReadMode is not entered
10-16 01:05:40.012  1652  1652 V SettingsProvider: Notifying for 0: content://settings/system/rading_mode_status_auto
10-16 01:05:40.123  1652  2421 D ConnectivityService: releasing NetworkRequest [ TRACK_DEFAULT id=1981, [ Capabilities: INTERNET&NOT_RESTRICTED&TRUSTED Uid: 10142 AdministratorUids: [] RequestorUid: 10142 RequestorPackageName: net.oneplus.launcher] ] (release request)
10-16 01:05:40.776  1652  1756 W Looper  : Slow dispatch took 110ms android.fg h=android.os.Handler c=<recycled PooledLambda@7338cca> m=0
10-16 01:05:40.791  1652  1679 W BluetoothManagerService: registerAdapter, callback: android.bluetooth.IBluetoothManagerCallback$Stub$Proxy@6ac5e9c
10-16 01:05:40.936  1652  1756 W Looper  : Slow delivery took 241ms android.fg h=android.os.Handler c=<recycled PooledLambda@561db02> m=0
10-16 01:05:41.007  1652  1652 W Looper  : Slow dispatch took 360ms main h=android.app.ActivityThread$H c=android.app.-$$Lambda$LoadedApk$ReceiverDispatcher$Args$_BumDX2UKsnxLVrE6UJsJZkotuA@ca9aa74 m=0
10-16 01:05:41.007  1652  1652 W Looper  : Slow delivery took 359ms main h=android.app.ActivityThread$H c=android.app.-$$Lambda$LoadedApk$ReceiverDispatcher$Args$_BumDX2UKsnxLVrE6UJsJZkotuA@fe51b9d m=0
10-16 01:05:41.030  1652  2398 I FastCharge: read mChargeType = 0
