10-16 23:25:30.445  1652  3090 E OPCS    : [Cap] [End] use mLastCapRemaining: 2538 instead.
10-16 23:25:30.445  1652  3090 E OPCS    : [Cap] [Start] remainCap is abnormal: 0
10-16 23:25:30.445  1652  3090 E OPCS    : [Cap] [Start] use mLastCapRemaining: 2538 instead.
10-16 23:25:30.453  1652  1806 I DisplayPowerController: useProximityForceSuspend = false
10-16 23:25:30.453  1652  1806 I RampAnimator: POLICY CHANGING!
10-16 23:25:30.453  1652  1806 I RampAnimator: target:0.0 rate:0.0 mCurrentValue:0.0 mTargetValue:0.0
10-16 23:25:30.460  1652  1807 D OpPowerControllerService: SCREEN is OFF
10-16 23:25:30.461  1652  1807 D OpPowerControllerService: SCREEN is OFF
10-16 23:25:30.461  1652  1807 D OpPowerControllerService: mScreenOffStart=2021-10-16 23:25:30
10-16 23:25:30.461  1652  3090 E OPCS    : [Cap] [End] use mLastCapRemaining: 2538 instead.
10-16 23:25:30.462  1652  3090 E OPCS    : AccurateCounter getCurAccurateLevel error, err:16 23:25:30 curPower:0.0 fullCharge:0.0 powerLevel:59
10-16 23:25:30.462  1652  3090 I OPCS    : AccurateCounter startCount err, tag:ScreenOffDischarge mLastAccurateLevel:78.69767441860465
10-16 23:25:30.462  1652  1679 I OpAppLocker: setKeyguardDone false
10-16 23:25:30.463  1652  1806 I DisplayPowerController: useProximityForceSuspend = false
10-16 23:25:30.463  1652  1679 D OpProximityController: noteFrontPackageChanged pkg:SCREEN OFF uid:0 lpkg:com.andrewshu.android.redditdonation luid:10288
10-16 23:25:30.464  1652  1806 I RampAnimator: target:0.0 rate:0.0 mCurrentValue:0.0 mTargetValue:0.0
10-16 23:25:30.465  1652  1807 W ContextImpl: Calling a method in the system process without a qualified user: android.app.ContextImpl.sendBroadcast:1122 com.android.server.power.Notifier.sendGoToSleepBroadcast:850 com.android.server.power.Notifier.sendNextBroadcast:797 com.android.server.power.Notifier.access$500:96 com.android.server.power.Notifier$NotifierHandler.handleMessage:956 
10-16 23:25:30.469  1652  1802 D ExtBatteryStatsService: ==MSG_SCREEN_OFF== at 201531447
10-16 23:25:30.469  1652  3090 E OPCS    : AccurateCounter getCurAccurateLevel error, err:16 23:25:30 curPower:0.0 fullCharge:0.0 powerLevel:59
10-16 23:25:30.469  1652  3090 I OPCS    : AccurateCounter stopCount err, tag:ScreenOnDischarge cur:-1.0 lastLevel:78.69767441860465 mLastAccurateLevel:78.69767441860465
10-16 23:25:30.493  1652  5985 I OemSceneModeAmHelper: [scene] handleShowOrOccludedChanged showing true, occluded false
10-16 23:25:30.521  1652  1652 V SettingsProvider: Notifying for 0: content://settings/secure/reminder_exp_learning_time_elapsed
10-16 23:25:30.521  1652  1759 V UsbDeviceManager: onKeyguardStateChanged: isShowing:true secure:true user:0
10-16 23:25:30.521  1652  1756 D UsbDeviceManager: setEnabledFunctions functions=0, forceRestart=false, usbDataUnlocked=false
10-16 23:25:30.521  1652  1756 I UsbDeviceManager: Func=adb Cur_Func=0 Oem=adb Cur_Oem=adb Applied=true force=false
10-16 23:25:30.523  1652  1759 V WindowManager: Orientation start waiting for draw, mDrawState=DRAW_PENDING in Window{39d6105 u0 OpAodQ}, surfaceController Surface(name=OpAodQ)/@0xe9dcc9d
10-16 23:25:30.523  1652  1759 V WindowManager: Orientation start waiting for draw, mDrawState=DRAW_PENDING in Window{87b6c84 u0 OpWakingUpScrim}, surfaceController Surface(name=OpWakingUpScrim)/@0xbf62512
10-16 23:25:30.523  1652  1759 V WindowManager: Orientation start waiting for draw, mDrawState=DRAW_PENDING in Window{5c0cbd8 u0 GestureButtonRegion}, surfaceController Surface(name=GestureButtonRegion)/@0xdb7d536
10-16 23:25:30.523  1652  1759 V WindowManager: Orientation start waiting for draw, mDrawState=DRAW_PENDING in Window{725ac01 u0 ScreenDecorOverlayBottom}, surfaceController Surface(name=ScreenDecorOverlayBottom)/@0xc8076bc
10-16 23:25:30.523  1652  1759 V WindowManager: Orientation start waiting for draw, mDrawState=DRAW_PENDING in Window{1f3b7b3 u0 com.andrewshu.android.redditdonation/com.andrewshu.android.reddit.MainActivity}, surfaceController Surface(name=com.andrewshu.android.redditdonation/com.andrewshu.android.reddit.MainActivity)/@0x50574e3
10-16 23:25:30.534  1652  3667 V WindowManager: Orientation start waiting for draw, mDrawState=DRAW_PENDING in Window{5c0cbd8 u0 GestureButtonRegion}, surfaceController Surface(name=GestureButtonRegion)/@0xdb7d536
10-16 23:25:30.540  2585  2585 V KeyguardStatusView: refresh statusview showing:true
10-16 23:25:30.552  2585  3281 D ViewRootImpl: support adaptive color gamut feature!
10-16 23:25:30.563  2585  3281 D ViewRootImpl: support adaptive color gamut feature!
10-16 23:25:30.569  1652  1652 D OPBF    : # eventChangeReceiver # onReceive # action=android.intent.action.SCREEN_OFF
10-16 23:25:30.574  2585  3281 D ViewRootImpl: support adaptive color gamut feature!
10-16 23:25:30.616  1652  1760 V WindowManager: Orientation start waiting for draw, mDrawState=DRAW_PENDING in Window{730170d u0 OPFingerprintView}, surfaceController Surface(name=OPFingerprintView)/@0x133d479
10-16 23:25:30.646  1652  3301 V WindowManager: Orientation start waiting for draw, mDrawState=DRAW_PENDING in Window{8c8bd0e u0 OPFingerprintVDpressed}, surfaceController Surface(name=OPFingerprintVDpressed)/@0xccad99c
10-16 23:25:30.661  1652  1760 V WindowManager: Orientation start waiting for draw, mDrawState=DRAW_PENDING in Window{5559472 u0 FingerprintTransparentIcon}, surfaceController Surface(name=FingerprintTransparentIcon)/@0xb545fa5
10-16 23:25:30.774  1652  3667 V WindowManager: Orientation start waiting for draw, mDrawState=DRAW_PENDING in Window{1582425 u0 NotificationShade}, surfaceController Surface(name=NotificationShade)/@0xb6a932b
10-16 23:25:30.806  1652  1760 V WindowManager: Orientation start waiting for draw, mDrawState=DRAW_PENDING in Window{fde0bb2 u0 com.android.systemui.ImageWallpaper}, surfaceController Surface(name=com.android.systemui.ImageWallpaper)/@0x66f2a50
10-16 23:25:30.810  1652  1652 V SettingsProvider: Notifying for 0: content://settings/secure/reminder_exp_learning_time_elapsed
10-16 23:25:31.080  1652  3113 D OPBF    : setCGroupState():tofreeze=false, uid:10356 pkg:com.oneplus.twspods --->>> ok reason:start perform hasTimeout broadcast for action = android.intent.action.SCREEN_OFF
10-16 23:25:31.097  1652  3113 D OPBF    : setCGroupState():tofreeze=false, uid:10275 pkg:com.discord --->>> ok reason:start perform hasTimeout broadcast for action = android.intent.action.SCREEN_OFF
10-16 23:25:31.147  1652  3113 D OPBF    : setCGroupState():tofreeze=false, uid:10349 pkg:com.amazon.avod.thirdpartyclient --->>> ok reason:start perform hasTimeout broadcast for action = android.intent.action.SCREEN_OFF
10-16 23:25:31.154  1652  3113 D OPBF    : setCGroupState():tofreeze=false, uid:10306 pkg:com.snapchat.android --->>> ok reason:start perform hasTimeout broadcast for action = android.intent.action.SCREEN_OFF
10-16 23:25:31.194  1652  3113 D OPBF    : setCGroupState():tofreeze=false, uid:10022 pkg:com.instagram.android --->>> ok reason:start perform hasTimeout broadcast for action = android.intent.action.SCREEN_OFF
10-16 23:25:33.853  1652  2029 V AlarmManager: Triggering alarm #0: 3 when =201534832 package =android operation = null listenTag =*job.delay* flags =0x0
10-16 23:25:35.221  1652  3113 D OPBF    : setCGroupState():tofreeze=true, uid:10217 pkg:com.audible.application --->>> ok reason:operateNode reconfirm lastOperation:false lastOperatedReason:AsyncBinder
10-16 23:25:35.586  1652 11685 I ActivityManager: pid= 661 st.name = logd cpuPercent = 86 st.rel_utime =4370 st.rel_stime =150
10-16 23:25:35.587  1652 11685 I ActivityManager: pid= 1652 st.name = Binder:1652_3 cpuPercent = 40 st.rel_utime =830 st.rel_stime =1310
10-16 23:25:35.587  1652 11685 I ActivityManager: pid= 2585 st.name = ndroid.systemui cpuPercent = 24 st.rel_utime =840 st.rel_stime =430
10-16 23:25:38.038  1652  2029 V AlarmManager: Triggering alarm #0: 2 when =201539016 package =com.mgoogle.android.gms operation =*walarm*:org.microg.gms.gcm.mcs.HEARTBEAT flags =0x9
10-16 23:25:41.433  1652  5872 W ProcessStats: Tracking association SourceState{7b71b2d com.andrewshu.android.redditdonation/10288 Top #661768} whose proc state 1 is better than process ProcessState{7259f86 com.oneplus.config/1000 pkg=com.oneplus.config} proc state 2 (26 skipped)
10-16 23:25:43.211  1652 11698 I ActivityManager: pid= 661 st.name = logd cpuPercent = 84 st.rel_utime =6270 st.rel_stime =170
10-16 23:25:43.212  1652 11698 I ActivityManager: pid= 2585 st.name = ndroid.systemui cpuPercent = 10 st.rel_utime =510 st.rel_stime =310
10-16 23:25:45.350  1652  1787 D ExtBatteryStatsService: @@@@ awaitUninterruptibly in 106 ms
10-16 23:25:45.558  1652  1787 D ExtBatteryStatsService: ext-flush too soon, skip
10-16 23:25:46.445  1652  3113 D OPBF    : setCGroupState():tofreeze=true, uid:10068 pkg:com.amazon.mShop.android.shopping --->>> ok reason:operateNode reconfirm lastOperation:false lastOperatedReason:AsyncBinder
10-16 23:25:50.427  1652 11714 I ActivityManager: pid= 661 st.name = logd cpuPercent = 90 st.rel_utime =6490 st.rel_stime =70
10-16 23:25:56.415  1652  5985 W ProcessStats: Tracking association SourceState{7b71b2d com.andrewshu.android.redditdonation/10288 Top #661789} whose proc state 1 is better than process ProcessState{7259f86 com.oneplus.config/1000 pkg=com.oneplus.config} proc state 2 (4 skipped)
10-16 23:26:00.000  1652  2029 V AlarmManager: Triggering alarm #0: 3 when =201560979 package =android operation = null listenTag =TIME_TICK flags =0x1
10-16 23:26:01.007  1652  1652 I JobServiceContext: Client timed out while executing (no jobFinished received), sending onStop: aba05cd #u0a1/131 com.Slack/androidx.work.impl.background.systemjob.SystemJobService
10-16 23:26:01.088  1652  3113 D OPBF    : setCGroupState():tofreeze=true, uid:10356 pkg:com.oneplus.twspods --->>> ok reason:serviceDoneExecuting = com.oneplus.twspods/com.oos.onepluspods.scan.ScanService
10-16 23:26:01.153  1652  3113 D OPBF    : setCGroupState():tofreeze=true, uid:10349 pkg:com.amazon.avod.thirdpartyclient --->>> ok reason:finish perform hasTimeout broadcast for action = android.intent.action.SCREEN_OFF
10-16 23:26:01.179  1652  3113 D OPBF    : setCGroupState():tofreeze=true, uid:10306 pkg:com.snapchat.android --->>> ok reason:finish perform hasTimeout broadcast for action = android.intent.action.SCREEN_OFF
10-16 23:26:01.201  1652  3113 D OPBF    : setCGroupState():tofreeze=true, uid:10022 pkg:com.instagram.android --->>> ok reason:finish perform hasTimeout broadcast for action = android.intent.action.SCREEN_OFF
10-16 23:26:01.205  1652  3113 D OPBF    : setCGroupState():tofreeze=true, uid:10275 pkg:com.discord --->>> ok reason:finish perform hasTimeout broadcast for action = android.intent.action.SCREEN_OFF
10-16 23:26:05.227  1652  3113 D OPBF    : setCGroupState():tofreeze=true, uid:99140 pkg:com.audible.application --->>> ok reason:notifyIsolatedUids boundUid freeze cause by uid/pid:10217
10-16 23:26:06.078  1652 11732 I ActivityManager: pid= 661 st.name = logd cpuPercent = 93 st.rel_utime =14420 st.rel_stime =230
10-16 23:26:06.078  1652 11732 I ActivityManager: pid= 2585 st.name = ndroid.systemui cpuPercent = 10 st.rel_utime =1170 st.rel_stime =450
10-16 23:26:16.457  1652  3113 D OPBF    : setCGroupState():tofreeze=true, uid:99142 pkg:com.amazon.mShop.android.shopping --->>> ok reason:notifyIsolatedUids boundUid freeze cause by uid/pid:10068
10-16 23:26:17.031  1652  5985 W ProcessStats: Tracking association SourceState{7b71b2d com.andrewshu.android.redditdonation/10288 Top #661802} whose proc state 1 is better than process ProcessState{7259f86 com.oneplus.config/1000 pkg=com.oneplus.config} proc state 2 (3 skipped)
10-16 23:26:17.242  1652  1772 I ActivityManager: pid= 661 st.name = logd cpuPercent = 96 st.rel_utime =10680 st.rel_stime =170
10-16 23:26:17.245  1652  1772 I OHPD    : mCurrentGpsUidList:[], currentIME:com.google.android.inputmethod.latin
10-16 23:26:17.245  1652  1772 I OHPD    : [BgDetect]chkExcessCpu level: 1 doKills: true critical false uptime: 300087
10-16 23:26:17.246  1652  1772 I OHPD    : isIsolated process: app.uid:99100,app.info.uid:10306, app.processName:com.google.android.webview:sandboxed_process0:org.chromium.content.app.SandboxedProcessService0:0
10-16 23:26:17.247  1652  1772 I OHPD    : isIsolated process: app.uid:99140,app.info.uid:10217, app.processName:com.google.android.webview:sandboxed_process0:org.chromium.content.app.SandboxedProcessService0:0
10-16 23:26:17.248  1652  1772 I OHPD    : isIsolated process: app.uid:99142,app.info.uid:10068, app.processName:com.google.android.webview:sandboxed_process0:org.chromium.content.app.SandboxedProcessService0:0
10-16 23:26:17.249  1652  1772 I OHPD    : isIsolated process: app.uid:99138,app.info.uid:10208, app.processName:com.google.android.webview:sandboxed_process0:org.chromium.content.app.SandboxedProcessService0:0
10-16 23:26:27.494  1652  2393 I PowerManagerService: Waking up from Dozing (uid=1000, reason=WAKE_REASON_POWER_BUTTON, details=android.policy:POWER)...
10-16 23:26:27.498  1652  1807 D OpPowerControllerService: SCREEN is OFF
10-16 23:26:27.498  1652  1806 I DisplayPowerController: useProximityForceSuspend = false
10-16 23:26:27.498  1652  1806 D OpColorDisplayService: screenStateChange
10-16 23:26:27.499  1652  1791 D OpColorDisplayService: processScreenOn   true
10-16 23:26:27.500  1652  3090 E OPCS    : [Cap] [Start] remainCap is abnormal: 0
10-16 23:26:27.500  1652  3090 E OPCS    : [Cap] [Start] use mLastCapRemaining: 2538 instead.
10-16 23:26:27.501  1652  3090 E OPCS    : AccurateCounter getCurAccurateLevel error, err:16 23:26:27 curPower:0.0 fullCharge:0.0 powerLevel:59
10-16 23:26:27.501  1652  3090 I OPCS    : AccurateCounter stopCount err, tag:ScreenOffDischarge cur:-1.0 lastLevel:78.69767441860465 mLastAccurateLevel:78.69767441860465
10-16 23:26:27.501  1652  3090 E OPCS    : AccurateCounter getCurAccurateLevel error, err:16 23:26:27 curPower:0.0 fullCharge:0.0 powerLevel:59
10-16 23:26:27.501  1652  3090 I OPCS    : AccurateCounter startCount err, tag:ScreenOnDischarge mLastAccurateLevel:78.69767441860465
10-16 23:26:27.503  1652  1807 D OpPowerControllerService: SCREEN is ON
10-16 23:26:27.505  1652  1807 D OpPowerControllerService: screen off duration: 57042
10-16 23:26:27.506  1652  1807 W ContextImpl: Calling a method in the system process without a qualified user: android.app.ContextImpl.sendBroadcast:1122 com.android.server.power.Notifier.sendWakeUpBroadcast:817 com.android.server.power.Notifier.sendNextBroadcast:795 com.android.server.power.Notifier.access$500:96 com.android.server.power.Notifier$NotifierHandler.handleMessage:956 
10-16 23:26:27.506  1652  2535 D FP_DEBUG: start authenticate: com.android.systemui, groupId= 0
10-16 23:26:27.508  1652  5985 D KeyguardStateMonitor: onFingerprintStateChange , true, false, authType:2, result:1
10-16 23:26:27.508  1652  5985 D WindowManager: onKeyguardFingerprintChanged, 2, 1, 0
10-16 23:26:27.508  1652  1757 D WindowManager: handleAuthStateChange, authenticating:true, authType:2, result:1, sf:false
10-16 23:26:27.513  1652  2535 D FP_DEBUG: go authenticateInternal
10-16 23:26:27.513  1652  2535 D FP_DEBUG: authenticateInternal: callingUserId= 0
10-16 23:26:27.552  1652  1806 I DisplayPowerController: Blocking screen on until initial contents have been drawn.
10-16 23:26:27.570  1652  2394 I FastCharge: read mChargeType = 0
10-16 23:26:27.610  1652  1772 W ProcessStats: Tracking association SourceState{7b71b2d com.andrewshu.android.redditdonation/10288 Top #661809} whose proc state 1 is better than process ProcessState{7259f86 com.oneplus.config/1000 pkg=com.oneplus.config} proc state 2 (1 skipped)
10-16 23:26:27.612  1652  1652 W Looper  : Slow dispatch took 103ms main h=android.app.ActivityThread$H c=android.app.-$$Lambda$LoadedApk$ReceiverDispatcher$Args$_BumDX2UKsnxLVrE6UJsJZkotuA@423afd0 m=0
10-16 23:26:27.613  1652  1652 V FingerprintService: startAuthentication(com.android.systemui)
10-16 23:26:27.621  1652  1806 I DisplayPowerController: brightnessState(m):0.95831037
10-16 23:26:27.621  1652  1806 I DisplayPowerController: smtbrn:0.92 0.95831037 (421.57526) --> 0.8679117(385.72937)
10-16 23:26:27.621  1652  1806 I RampAnimator: POLICY CHANGING!
10-16 23:26:27.621  1652  1806 I RampAnimator: target:0.8679117 rate:0.0 mCurrentValue:0.0 mTargetValue:0.0
10-16 23:26:27.626  1652  1806 W OpBatteryStats: updateScreenBrightnessLevel: 4
10-16 23:26:27.626  1652  1806 V DisplayPowerController: Brightness [0.95831037] reason changing to: 'manual', previous reason: 'screen_off'.
10-16 23:26:27.628  1652  1806 I DisplayPowerController: useProximityForceSuspend = false
10-16 23:26:27.628  1652  1806 I DisplayPowerController: brightnessState(m):0.95831037
10-16 23:26:27.628  1652  1806 I DisplayPowerController: smtbrn:0.92 0.95831037 (421.57526) --> 0.8679117(385.72937)
10-16 23:26:27.628  1652  1806 I RampAnimator: target:0.8679117 rate:0.0 mCurrentValue:0.8679117 mTargetValue:0.8679117
10-16 23:26:27.629  1652  1759 I DisplayManagerService: Display device changed state: "Built-in Screen", ON
10-16 23:26:27.631  1652  2393 V OpScreenshotImprovement: AOD screenshot wakeUpFromPowerKey for power up
10-16 23:26:27.637  1652  1652 V FingerprintService: starting client AuthenticationClientImpl(com.android.systemui) targetUserId: 0 currentUserId: 0 cookie: 0/0
10-16 23:26:27.655  2513  4860 I OIMC    : notified , mode FingerPrintMode changeTo 1
10-16 23:26:27.657  2513  2574 I OIMC_CORE: handleMessage:   MODE_ENTER, arg1: 0, arg2: 0, obj: com.oneplus.server.oimc.gwy@2abdc8e
10-16 23:26:27.657  2513  2574 I OIMC_CORE: Entering mode FingerPrintMode
10-16 23:26:27.657  2513  2574 I OIMC_CORE: starting ONESHOT function ColorDisable
10-16 23:26:27.657  1652  5880 I OpOIMCColorManager: ColorDisable start... mCurrentActivated = 0
10-16 23:26:27.657  1652  5880 D OpColorDisplayService: DisableColor state: 0
10-16 23:26:27.657  1652  5880 D ColorDisplayService: cancelAnimation
10-16 23:26:27.657  2513  2573 I OIMC_CORE: ColorDisable action 1 spent 0 ms
10-16 23:26:27.662  1652  1652 E FingerprintService: Exception notifySurfaceFlingerUpdate
10-16 23:26:27.678  1652  1652 D OpFingerprintService: updateStatus , 3
10-16 23:26:27.680  2513  2513 W ContextImpl: Calling a method in the system process without a qualified user: android.app.ContextImpl.sendBroadcast:1122 android.content.ContextWrapper.sendBroadcast:468 com.oneplus.coreservice.BroadcastDispatch.xne$mab.onReceive:122 android.app.LoadedApk$ReceiverDispatcher$Args.lambda$getRunnable$0$LoadedApk$ReceiverDispatcher$Args:1566 android.app.-$$Lambda$LoadedApk$ReceiverDispatcher$Args$_BumDX2UKsnxLVrE6UJsJZkotuA.run:2 
10-16 23:26:27.685  1652  5872 I OemSceneModeAmHelper: [scene] handleShowOrOccludedChanged showing true, occluded false
10-16 23:26:27.686  1652  3090 E OPCS    : [Cap] [End] use mLastCapRemaining: 2538 instead.
10-16 23:26:27.686  1652  3090 E OPCS    : [Cap] [Start] remainCap is abnormal: 0
10-16 23:26:27.686  1652  3090 E OPCS    : [Cap] [Start] use mLastCapRemaining: 2538 instead.
10-16 23:26:27.690  1652  5988 I DreamManagerService: Leaving dreamland.
10-16 23:26:27.691  1652  1759 V UsbDeviceManager: onKeyguardStateChanged: isShowing:true secure:true user:0
10-16 23:26:27.694  1652  1756 I DreamManagerService: Performing gentle wake from dream.
10-16 23:26:27.694  1652  1756 I DreamController: Stopping dream: name=ComponentInfo{com.android.systemui/com.android.systemui.doze.DozeService}, isTest=false, canDoze=true, userId=0, reason='finished self'
10-16 23:26:27.698  1652  1652 V SettingsProvider: Notifying for 0: content://settings/secure/reminder_exp_learning_time_elapsed
10-16 23:26:27.706  1652  1787 D ExtBatteryStatsService: @@@@ awaitUninterruptibly in 95 ms
10-16 23:26:27.714  1652  1652 D OPSA    : ======BE_IMFORMED_SCREEN_ON======
10-16 23:26:27.719  2513  2513 I TWSReceiver: onReceive: android.intent.action.SCREEN_ON
10-16 23:26:27.719  2513  2513 I TWSReceiver: bind service
10-16 23:26:27.720  2513  3619 W ContextImpl: Calling a method in the system process without a qualified user: android.app.ContextImpl.startService:1690 android.content.ContextWrapper.startService:720 xne.xne.xne.xne.xne$mab.run:35 java.util.concurrent.ThreadPoolExecutor.runWorker:1167 java.util.concurrent.ThreadPoolExecutor$Worker.run:641 
10-16 23:26:27.724  1652  3113 D OPBF    : setCGroupState():tofreeze=false, uid:10356 pkg:com.oneplus.twspods --->>> ok reason:bumpServiceExecutingLocked = com.oneplus.twspods/com.oos.onepluspods.scan.ScanService
10-16 23:26:27.725  1652  1652 D OPBF    : # eventChangeReceiver # onReceive # action=android.intent.action.SCREEN_ON
10-16 23:26:27.947  1652  2421 D OpWifiServiceImpl: handleLinkPropertiesChanged gatewayIp : 100.73.253.21 , ifname : rmnet_data1
10-16 23:26:27.973 10305 10305 W ContextImpl: Calling a method in the system process without a qualified user: android.app.ContextImpl.sendBroadcast:1122 android.content.ContextWrapper.sendBroadcast:468 com.oneplus.security.SecureService$NetworkChangeReceive.onReceive:257 android.app.LoadedApk$ReceiverDispatcher$Args.lambda$getRunnable$0$LoadedApk$ReceiverDispatcher$Args:1566 android.app.-$$Lambda$LoadedApk$ReceiverDispatcher$Args$_BumDX2UKsnxLVrE6UJsJZkotuA.run:2 
10-16 23:26:27.982 10305 10305 W ContextImpl: Calling a method in the system process without a qualified user: android.app.ContextImpl.sendBroadcast:1122 android.content.ContextWrapper.sendBroadcast:468 com.oneplus.security.SecureService$NetworkChangeReceive.onReceive:257 android.app.LoadedApk$ReceiverDispatcher$Args.lambda$getRunnable$0$LoadedApk$ReceiverDispatcher$Args:1566 android.app.-$$Lambda$LoadedApk$ReceiverDispatcher$Args$_BumDX2UKsnxLVrE6UJsJZkotuA.run:2 
10-16 23:26:28.058  1652  2421 D OpWifiServiceImpl: handleLinkPropertiesChanged gatewayIp : 100.73.253.21 , ifname : rmnet_data1
10-16 23:26:28.128  1652  3221 D KeyguardStateMonitor: onFingerprintStateChange , false, true, authType:2, result:4
10-16 23:26:28.128  1652  3221 D WindowManager: onKeyguardFingerprintChanged, 2, 4, 0
10-16 23:26:28.141  1652  3113 D OPBF    : setCGroupState():tofreeze=false, uid:10349 pkg:com.amazon.avod.thirdpartyclient --->>> ok reason:start perform hasTimeout broadcast for action = android.intent.action.SCREEN_ON
10-16 23:26:28.141  1652  1757 D WindowManager: handleAuthStateChange, authenticating:false, authType:2, result:4, sf:false
10-16 23:26:28.150  1652  1806 I DisplayPowerController: useProximityForceSuspend = false
10-16 23:26:28.540  1652  2421 I Nat464Xlat: Android Xlat enabled is doXlat = true
10-16 23:26:28.540  1652  2421 I Nat464Xlat: Android Xlat enabled is doXlat = true
10-16 23:26:28.603  1652  1652 I Telecom : CallsManager: onServiceStateChanged networkType: 13
10-16 23:26:28.604  1652  1652 I Telecom : CallsManager: onServiceStateChanged networkType: 13
10-16 23:26:28.611  1652  1652 I Telecom : LocationDetector: onReceive() - The switch button is closed which for countrycode adding function.
10-16 23:26:28.638 10305 10305 W ContextImpl: Calling a method in the system process without a qualified user: android.app.ContextImpl.sendBroadcast:1122 android.content.ContextWrapper.sendBroadcast:468 com.oneplus.security.SecureService$NetworkChangeReceive.onReceive:257 android.app.LoadedApk$ReceiverDispatcher$Args.lambda$getRunnable$0$LoadedApk$ReceiverDispatcher$Args:1566 android.app.-$$Lambda$LoadedApk$ReceiverDispatcher$Args$_BumDX2UKsnxLVrE6UJsJZkotuA.run:2 
10-16 23:26:28.643  1652  2421 D OpWifiServiceImpl: handleLinkPropertiesChanged gatewayIp : 100.73.253.21 , ifname : rmnet_data1
10-16 23:26:28.662 10305 10305 W ContextImpl: Calling a method in the system process without a qualified user: android.app.ContextImpl.sendBroadcast:1122 android.content.ContextWrapper.sendBroadcast:468 com.oneplus.security.SecureService$NetworkChangeReceive.onReceive:257 android.app.LoadedApk$ReceiverDispatcher$Args.lambda$getRunnable$0$LoadedApk$ReceiverDispatcher$Args:1566 android.app.-$$Lambda$LoadedApk$ReceiverDispatcher$Args$_BumDX2UKsnxLVrE6UJsJZkotuA.run:2 
10-16 23:26:29.061  1652  2394 D FingerprintService: onAcquired, 6, code:1, lockout:false
10-16 23:26:29.062  1652  1652 D BiometricStats: acquiredInfo = 6
10-16 23:26:29.063  1652  1652 V FingerprintService: Acquired: 6 1
10-16 23:26:29.066  2585  2585 D FingerprintManager: sendAcquiredResult: 6, 1
10-16 23:26:29.066  2585  2585 W FingerprintManager: Invalid acquired message: 6, 1
10-16 23:26:29.181  1652  2394 D FingerprintService: onAuthenticated, -5476376637520028272, 0, 0
10-16 23:26:29.181  1652  1652 D FingerprintService: handleAuthenticated: false
10-16 23:26:29.181  1652  1652 V BiometricStats: Authentication latency: -1
10-16 23:26:29.181  1652  1652 W BiometricStats: found a negative latency : -1
10-16 23:26:29.182  1652  1652 D VibratorService: vibrate from 'android', reason = null, token = android.os.Binder@865d730, attrs = VibrationAttributes: Usage=TOUCH Flags=0
10-16 23:26:29.199  1652  1652 D OpVibratorService: linearmotorVibratorOff
10-16 23:26:29.204  1652 11833 D OpVibratorService: linearmotorVibratorOn
10-16 23:26:29.215  1652  5872 D KeyguardStateMonitor: onFingerprintStateChange , false, false, authType:1, result:5
10-16 23:26:29.278  1652 11833 D OpVibratorService: linearmotorVibratorOn
10-16 23:26:29.350  1652 11833 D OpVibratorService: linearmotorVibratorOn
10-16 23:26:29.386  1652 11833 D OpVibratorService: linearmotorVibratorOff
10-16 23:26:29.434  1652  2394 D FingerprintService: onAcquired, 6, code:0, lockout:false
10-16 23:26:29.435  1652  1652 D BiometricStats: acquiredInfo = 6
10-16 23:26:29.435  1652  1652 V FingerprintService: Acquired: 6 0
10-16 23:26:29.439  2585  2585 D FingerprintManager: sendAcquiredResult: 6, 0
10-16 23:26:29.439  2585  2585 W FingerprintManager: Invalid acquired message: 6, 0
10-16 23:26:29.641  1652  2394 D FingerprintService: onAcquired, 0, code:0, lockout:false
10-16 23:26:29.642  1652  2394 D FingerprintService: onAuthenticated, -5476376637520028272, 1406117591, 0
10-16 23:26:29.642  1652  1652 D BiometricStats: acquiredInfo = 0
10-16 23:26:29.642  1652  1652 V FingerprintService: Acquired: 0 0
10-16 23:26:29.642  1652  1652 D FingerprintService: handleAuthenticated: true
10-16 23:26:29.642  1652  1652 V BiometricStats: Authentication latency: -1
10-16 23:26:29.642  1652  1652 W BiometricStats: found a negative latency : -1
10-16 23:26:29.643  1652  1652 D VibratorService: vibrate from 'android', reason = null, token = android.os.Binder@865d730, attrs = VibrationAttributes: Usage=TOUCH Flags=0
10-16 23:26:29.647  1652  3087 D FingerprintService: onAcquired, 6, code:12, lockout:false
10-16 23:26:29.651  2585  2585 D FingerprintManager: sendAcquiredResult: 0, 0
10-16 23:26:29.664  1652  1652 D OpVibratorService: linearmotorVibratorOff
10-16 23:26:29.669  1652  1652 D OpColorDisplayService: mExitFingerPrintModeReason = true
10-16 23:26:29.669  1652 11840 D OpVibratorService: linearmotorVibratorOn
10-16 23:26:29.670  2513  4860 I OIMC    : notified , mode FingerPrintMode changeTo 2
10-16 23:26:29.670  2513  2574 I OIMC_CORE: handleMessage:   MODE_EXIT, arg1: 0, arg2: 0, obj: com.oneplus.server.oimc.gwy@ce2f8bc
10-16 23:26:29.670  2513  2574 I OIMC_CORE: Exiting mode FingerPrintMode
10-16 23:26:29.670  2513  2574 I OIMC_CORE: stoping ONESHOT function ColorDisable
10-16 23:26:29.671  1652  3301 I OpOIMCColorManager: ColorDisable stop... mGCActivated = false  mCBActivated = false  mPCActivated = false  mGMActivated = false mCurrentActivated = 0
10-16 23:26:29.671  1652  3301 D OpColorDisplayService: DisableColor state: 2
10-16 23:26:29.671  2513  2573 I OIMC_CORE: ColorDisable action 2 spent 1 ms
10-16 23:26:29.673  1652  1652 D FingerprintService: onAuthenticationSucceeded: send result
10-16 23:26:29.673  1652  1652 V FingerprintService: Done with client: com.android.systemui
10-16 23:26:29.675  1652  1791 I OpColorDisplayService: notifyIrisFingerprintStatus fingerprint_status = false
10-16 23:26:29.684  1652  1791 D OpColorDisplayService: reverStatus needMatrixInit = false
10-16 23:26:29.688  1652  5880 D KeyguardStateMonitor: onFingerprintStateChange , false, false, authType:1, result:3
10-16 23:26:29.692  2513  4860 I OIMC    : notified , mode FingerPrintMode changeTo 2
10-16 23:26:29.692  2513  2574 I OIMC_CORE: handleMessage:   MODE_EXIT, arg1: 0, arg2: 0, obj: com.oneplus.server.oimc.gwy@1d56045
10-16 23:26:29.692  2513  2574 I OIMC_CORE: The mode: FingerPrintMode is not entered
10-16 23:26:29.712  1652  1791 D OpColorTintManager: colorTempearture: 74
10-16 23:26:29.712  1652  1791 D OpColorTintManager: start applyTint
10-16 23:26:29.715  2513  4860 I OIMC    : notified , mode FingerPrintMode changeTo 2
10-16 23:26:29.716  2513  2574 I OIMC_CORE: handleMessage:   MODE_EXIT, arg1: 0, arg2: 0, obj: com.oneplus.server.oimc.gwy@58d339a
10-16 23:26:29.716  1652 11840 D OpVibratorService: linearmotorVibratorOff
10-16 23:26:29.716  1652  1791 D OpColorDisplayService: KeyguardDone is finish by  set ExitFingerPrintModeByUnlockSuccess
10-16 23:26:29.716  2513  2574 I OIMC_CORE: The mode: FingerPrintMode is not entered
10-16 23:26:29.716  1652  1791 D OpColorDisplayService: resetStatus: 2
10-16 23:26:29.716  1652  1791 D OpColorDisplayService: reverStatus needMatrixInit = false
10-16 23:26:29.735  1652  1791 D OpColorTintManager: colorTempearture: 74
10-16 23:26:29.735  1652  1791 D OpColorTintManager: start applyTint
10-16 23:26:29.762  1652  5880 D OpColorDisplayService: mExitFingerPrintModeReason = true
10-16 23:26:29.762  1652  5879 I OpAppLocker: setKeyguardDone true
10-16 23:26:29.766  1652  1679 D ActivityTaskManager: Top Process State changed to PROCESS_STATE_TOP
10-16 23:26:29.768  1652  1679 D OpProximityController: noteFrontPackageChanged pkg:com.andrewshu.android.redditdonation uid:10288 lpkg:SCREEN OFF luid:0
10-16 23:26:29.768  1652  1679 D OemSceneModeActivityStack: [scene] evaluateGameModes :  gameMsg.arg1=0 gameMsg.arg2=1
10-16 23:26:29.769  1652  1679 E OpScreenModeService: getAppToken ActivityRecord{c5a1386 u0 com.andrewshu.android.redditdonation/com.andrewshu.android.reddit.MainActivity t6410}
10-16 23:26:29.769  1652  1759 D OpRestartProcessManager: updateSelf :  com.andrewshu.android.redditdonation, size : 30
10-16 23:26:29.770  1652  1679 E OpScreenModeService: setRefreshRate token ActivityRecord{c5a1386 u0 com.andrewshu.android.redditdonation/com.andrewshu.android.reddit.MainActivity t6410} request refresh rate=-1 tmpRate -1
10-16 23:26:29.770  1652  1679 E OpScreenModeService: setRefreshRate token ActivityRecord{c5a1386 u0 com.andrewshu.android.redditdonation/com.andrewshu.android.reddit.MainActivity t6410} app request rateid=1 fps=90.0
10-16 23:26:29.770  1652  1806 I DisplayPowerController: useProximityForceSuspend = false
10-16 23:26:29.771  1652  1679 D OpQuickReply: setQuickReplyResumed focusedApp ActivityRecord{c5a1386 u0 com.andrewshu.android.redditdonation/com.andrewshu.android.reddit.MainActivity t6410} pkgName com.andrewshu.android.redditdonation
10-16 23:26:29.772  1652  1806 I DisplayPowerController: brightnessState(m):0.95831037
10-16 23:26:29.772  1652  1806 I DisplayPowerController: smtbrn:0.92 0.95831037 (421.57526) --> 0.8679117(385.72937)
10-16 23:26:29.772  1652  1806 I RampAnimator: target:0.8679117 rate:0.7058823 mCurrentValue:0.8679117 mTargetValue:0.8679117
10-16 23:26:29.776  1652  3090 E OPCS    : [Cap] [End] use mLastCapRemaining: 2538 instead.
10-16 23:26:29.776  1652  3090 E OPCS    : [Cap] [Start] remainCap is abnormal: 0
10-16 23:26:29.776  1652  3090 E OPCS    : [Cap] [Start] use mLastCapRemaining: 2538 instead.
10-16 23:26:29.791  1652  1759 D OpScreenModeService: updateRefreshRate token ActivityRecord{c5a1386 u0 com.andrewshu.android.redditdonation/com.andrewshu.android.reddit.MainActivity t6410} rate=1
10-16 23:26:29.813  1652  3017 I OemSceneModeAmHelper: [scene] handleShowOrOccludedChanged showing false, occluded false
10-16 23:26:29.813  1652  1806 I DisplayPowerController: useProximityForceSuspend = false
10-16 23:26:29.813  1652  1806 I DisplayPowerController: brightnessState(m):0.95831037
10-16 23:26:29.813  1652  3090 E OPCS    : [Cap] [End] use mLastCapRemaining: 2538 instead.
10-16 23:26:29.813  1652  1806 I DisplayPowerController: smtbrn:0.92 0.95831037 (421.57526) --> 0.8679117(385.72937)
10-16 23:26:29.813  1652  1806 I RampAnimator: target:0.8679117 rate:0.7058823 mCurrentValue:0.8679117 mTargetValue:0.8679117
10-16 23:26:29.813  1652  3090 E OPCS    : [Cap] [Start] remainCap is abnormal: 0
10-16 23:26:29.813  1652  3090 E OPCS    : [Cap] [Start] use mLastCapRemaining: 2538 instead.
10-16 23:26:29.850  1652  1652 V SettingsProvider: Notifying for 0: content://settings/secure/reminder_exp_learning_time_elapsed
10-16 23:26:29.852  2513  4860 I OIMC    : notified , mode ColorReadMode changeTo 2
10-16 23:26:29.853  2513  2537 I OIMC    : notified , mode ReadMode changeTo 2
10-16 23:26:29.854  2513  4860 I OIMC    : notified , mode GameMode changeTo 2
10-16 23:26:29.855  2513  2574 I OIMC_CORE: handleMessage:   MODE_EXIT, arg1: 0, arg2: 0, obj: com.oneplus.server.oimc.gwy@5f414cb
10-16 23:26:29.855  2513  2574 I OIMC_CORE: The mode: ColorReadMode is not entered
10-16 23:26:29.855  2513  2574 I OIMC_CORE: handleMessage:   MODE_EXIT, arg1: 0, arg2: 0, obj: com.oneplus.server.oimc.gwy@744e4a8
10-16 23:26:29.855  2513  2574 I OIMC_CORE: The mode: ReadMode is not entered
10-16 23:26:29.855  2513  2574 I OIMC_CORE: handleMessage:   MODE_EXIT, arg1: 0, arg2: 0, obj: com.oneplus.server.oimc.gwy@7f0bbc1
10-16 23:26:29.855  2513  2574 I OIMC_CORE: The mode: GameMode is not entered
10-16 23:26:29.856  2513  2513 W ContextImpl: Calling a method in the system process without a qualified user: android.app.ContextImpl.sendBroadcast:1122 android.content.ContextWrapper.sendBroadcast:468 com.oneplus.coreservice.BroadcastDispatch.xne$mab.onReceive:122 android.app.LoadedApk$ReceiverDispatcher$Args.lambda$getRunnable$0$LoadedApk$ReceiverDispatcher$Args:1566 android.app.-$$Lambda$LoadedApk$ReceiverDispatcher$Args$_BumDX2UKsnxLVrE6UJsJZkotuA.run:2 
10-16 23:26:29.856  1652  3113 D OPBF    : setCGroupState():tofreeze=false, uid:10275 pkg:com.discord --->>> ok reason:start perform not hasTimeout broadcast for action = android.intent.action.USER_PRESENT
10-16 23:26:29.857  1652  1772 W BroadcastQueue: Background execution not allowed: receiving Intent { act=android.intent.action.USER_PRESENT flg=0x24200010 } to com.oneplus.camera.service/.CameraBroadcastReceiver
10-16 23:26:29.857  1652  1772 W BroadcastQueue: Background execution not allowed: receiving Intent { act=android.intent.action.USER_PRESENT flg=0x24200010 } to com.google.android.gms/.auth.setup.devicesignals.LockScreenReceiver
10-16 23:26:29.857  1652  1772 W BroadcastQueue: Background execution not allowed: receiving Intent { act=android.intent.action.USER_PRESENT flg=0x24200010 } to com.google.android.gms/.chimera.GmsIntentOperationService$PersistentTrustedReceiver
10-16 23:26:29.857  1652  1772 W BroadcastQueue: Background execution not allowed: receiving Intent { act=android.intent.action.USER_PRESENT flg=0x24200010 } to com.android.chrome/org.chromium.chrome.browser.sharing.click_to_call.ClickToCallMessageHandler$PhoneUnlockedReceiver
10-16 23:26:29.858  1652  1787 D ExtBatteryStatsService: ext-flush too soon, skip
10-16 23:26:29.858  1652  1772 W BroadcastQueue: Background execution not allowed: receiving Intent { act=android.intent.action.USER_PRESENT flg=0x24200010 } to com.instagram.android/com.instagram.push.FbnsInitBroadcastReceiver
10-16 23:26:29.859  1652  1772 W BroadcastQueue: Background execution not allowed: receiving Intent { act=android.intent.action.USER_PRESENT flg=0x24200010 } to com.zhiliaoapp.musically/com.ss.android.push.window.oppo.ScreenReceiver
10-16 23:26:29.908  1652  1759 V UsbDeviceManager: onKeyguardStateChanged: isShowing:false secure:true user:0
10-16 23:26:29.910  1652  1759 V OpPowerControllerService: Update mIsAfter1stLightIdle to false
10-16 23:26:29.911  1652  3221 W ActivityManager: Background start not allowed: service Intent { act=Orca.START cmp=com.instagram.android/com.facebook.rti.push.service.FbnsService (has extras) } to com.instagram.android/com.facebook.rti.push.service.FbnsService from pid=10159 uid=10022 pkg=com.instagram.android startFg?=false
10-16 23:26:29.926  1652  1652 V SettingsProvider: Notifying for 0: content://settings/system/rading_mode_status_auto
10-16 23:26:29.963  1652  3087 D FingerprintService: onAcquired, 6, code:1, lockout:false
10-16 23:26:29.986 19731 19731 D ActivityThread: pid:19731 tid:19731 doframe Callback
10-16 23:26:30.023  1652  3668 W BluetoothManagerService: registerAdapter, callback: android.bluetooth.IBluetoothManagerCallback$Stub$Proxy@33c26f3
10-16 23:26:30.236  1652  1787 D ExtBatteryStatsService: ext-flush too soon, skip
10-16 23:26:30.269  1652  1759 D OemSceneModeActivityStack: [scene] handleEvaluateGameMode enabled: false
10-16 23:26:30.271  1652  1652 V SettingsProvider: Notifying for 0: content://settings/system/rading_mode_status_auto
10-16 23:26:30.272  2513  4860 I OIMC    : notified , mode ColorReadMode changeTo 2
10-16 23:26:30.272  2513  2537 I OIMC    : notified , mode ReadMode changeTo 2
10-16 23:26:30.273  2513  2574 I OIMC_CORE: handleMessage:   MODE_EXIT, arg1: 0, arg2: 0, obj: com.oneplus.server.oimc.gwy@2faef66
10-16 23:26:30.273  2513  2574 I OIMC_CORE: The mode: ColorReadMode is not entered
10-16 23:26:30.273  2513  2574 I OIMC_CORE: handleMessage:   MODE_EXIT, arg1: 0, arg2: 0, obj: com.oneplus.server.oimc.gwy@8ad32a7
10-16 23:26:30.273  2513  2574 I OIMC_CORE: The mode: ReadMode is not entered
10-16 23:26:30.274  1652  1652 V SettingsProvider: Notifying for 0: content://settings/system/rading_mode_status_auto
10-16 23:26:30.721  1652  5985 E AppOps  : Operation not started: uid=10139 pkg=com.oneplus.faceunlock(null) op=CAMERA
10-16 23:26:30.738  1652  5864 E OpScreenModeService: getAppToken ActivityRecord{71c0fc3 u0 net.oneplus.launcher/.Launcher t6221}
10-16 23:26:30.738  1652  5864 E OpScreenModeService: setRefreshRate token ActivityRecord{71c0fc3 u0 net.oneplus.launcher/.Launcher t6221} request refresh rate=-1 tmpRate -1
10-16 23:26:30.738  1652  5864 E OpScreenModeService: setRefreshRate token ActivityRecord{71c0fc3 u0 net.oneplus.launcher/.Launcher t6221} app request rateid=1 fps=90.0
10-16 23:26:30.738  1652  5864 D OpQuickReply: setQuickReplyResumed focusedApp ActivityRecord{71c0fc3 u0 net.oneplus.launcher/.Launcher t6221} pkgName net.oneplus.launcher
10-16 23:26:30.743  1652  1806 I DisplayPowerController: useProximityForceSuspend = false
10-16 23:26:30.743  1652  1806 I DisplayPowerController: brightnessState(m):0.95831037
10-16 23:26:30.743  1652  1806 I DisplayPowerController: smtbrn:0.92 0.95831037 (421.57526) --> 0.8679117(385.72937)
10-16 23:26:30.743  1652  1806 I RampAnimator: target:0.8679117 rate:0.7058823 mCurrentValue:0.8679117 mTargetValue:0.8679117
10-16 23:26:30.744  1652  5864 D OpProximityController: noteFrontPackageChanged pkg:net.oneplus.launcher uid:10142 lpkg:com.andrewshu.android.redditdonation luid:10288
10-16 23:26:30.744  1652  5864 D OemSceneModeActivityStack: [scene] evaluateGameModes :  gameMsg.arg1=0 gameMsg.arg2=1
10-16 23:26:30.744  1652  3090 E OPCS    : [Cap] [End] use mLastCapRemaining: 2538 instead.
10-16 23:26:30.744  1652  5864 E OpScreenModeService: getAppToken ActivityRecord{71c0fc3 u0 net.oneplus.launcher/.Launcher t6221}
10-16 23:26:30.744  1652  5864 E OpScreenModeService: setRefreshRate token ActivityRecord{71c0fc3 u0 net.oneplus.launcher/.Launcher t6221} request refresh rate=-1 tmpRate -1
10-16 23:26:30.744  1652  5864 E OpScreenModeService: setRefreshRate token ActivityRecord{71c0fc3 u0 net.oneplus.launcher/.Launcher t6221} app request rateid=1 fps=90.0
10-16 23:26:30.745  1652  5864 D OpQuickReply: setQuickReplyResumed focusedApp ActivityRecord{71c0fc3 u0 net.oneplus.launcher/.Launcher t6221} pkgName net.oneplus.launcher
10-16 23:26:30.745  1652  1787 W OpBacklightController: animateScreenBrightness: percent=1.0, minNits=120.0, maxBrightness=0.99, adjustBrightnessIntervalNits=80.0
10-16 23:26:30.745  1652  3090 E OPCS    : [Cap] [Start] remainCap is abnormal: 0
10-16 23:26:30.745  1652  3090 E OPCS    : [Cap] [Start] use mLastCapRemaining: 2538 instead.
10-16 23:26:30.746  1652  1806 I DisplayPowerController: useProximityForceSuspend = false
10-16 23:26:30.746  1652  1806 I DisplayPowerController: brightnessState(m):0.95831037
10-16 23:26:30.746  1652  1806 I RampAnimator: target:0.95831037 rate:0.7058823 mCurrentValue:0.8679117 mTargetValue:0.8679117
10-16 23:26:30.746  1652  1806 I RampAnimator: G:2268 preS:5 S:5 target:0.95831037 mCurrentValue:0.8679117 rate:0.7058823 mIsSystemUIOrSetting:true
10-16 23:26:30.764  1652  1759 D OpRestartProcessManager: Duration is too short, ignore : 973 in com.andrewshu.android.redditdonation
10-16 23:26:30.781  1652  1759 D OpScreenModeService: updateRefreshRate token ActivityRecord{71c0fc3 u0 net.oneplus.launcher/.Launcher t6221} rate=1
10-16 23:26:30.817  1652  5812 D ConnectivityService: requestNetwork for uid/pid:10142/30519 NetworkRequest [ TRACK_DEFAULT id=3962, [ Capabilities: INTERNET&NOT_RESTRICTED&TRUSTED Uid: 10142 AdministratorUids: [] RequestorUid: 10142 RequestorPackageName: net.oneplus.launcher] ]
10-16 23:26:30.817  1652  2421 D ConnectivityService: NetReassign [3962 : null  146]
10-16 23:26:30.829  1652  1652 V SettingsProvider: Notifying for 0: content://settings/secure/reminder_exp_learning_time_elapsed
10-16 23:26:30.874  1652  3113 D OPBF    : setCGroupState():tofreeze=false, uid:10238 pkg:net.oneplus.weather --->>> ok reason:important uid change tImportant:true
10-16 23:26:30.882  1652  1787 D ExtBatteryStatsService: @@@@ awaitUninterruptibly in 78 ms
10-16 23:26:30.886  1652  3668 W ActivityManager: Slow operation: 56ms so far, now at getContentProviderImpl: after updateOomAdj
10-16 23:26:30.886  1652  3668 W ActivityManager: Slow operation: 56ms so far, now at getContentProviderImpl: done!
10-16 23:26:30.887  1652  1787 D ExtBatteryStatsService: ext-flush too soon, skip
10-16 23:26:30.888  1652  1806 I DisplayPowerController: useProximityForceSuspend = false
10-16 23:26:30.888  1652  1806 I DisplayPowerController: brightnessState(m):0.95831037
10-16 23:26:30.888  1652  1806 I DisplayPowerController: rate:4.8208237E-4
10-16 23:26:30.888  1652  1806 I RampAnimator: target:0.95831037 rate:4.8208237E-4 mCurrentValue:0.95831037 mTargetValue:0.95831037
10-16 23:26:31.245  1652  1759 D OemSceneModeActivityStack: [scene] handleEvaluateGameMode enabled: false
10-16 23:26:31.247  1652  1652 V SettingsProvider: Notifying for 0: content://settings/system/rading_mode_status_auto
10-16 23:26:31.248  2513  4860 I OIMC    : notified , mode ColorReadMode changeTo 2
10-16 23:26:31.248  2513  2574 I OIMC_CORE: handleMessage:   MODE_EXIT, arg1: 0, arg2: 0, obj: com.oneplus.server.oimc.gwy@b57a354
10-16 23:26:31.248  2513  2574 I OIMC_CORE: The mode: ColorReadMode is not entered
10-16 23:26:31.248  2513  2537 I OIMC    : notified , mode ReadMode changeTo 2
10-16 23:26:31.248  2513  2574 I OIMC_CORE: handleMessage:   MODE_EXIT, arg1: 0, arg2: 0, obj: com.oneplus.server.oimc.gwy@f0c52fd
10-16 23:26:31.248  2513  2574 I OIMC_CORE: The mode: ReadMode is not entered
10-16 23:26:31.249  1652  1652 V SettingsProvider: Notifying for 0: content://settings/system/rading_mode_status_auto
10-16 23:26:31.474  1652  2421 D ConnectivityService: releasing NetworkRequest [ TRACK_DEFAULT id=3962, [ Capabilities: INTERNET&NOT_RESTRICTED&TRUSTED Uid: 10142 AdministratorUids: [] RequestorUid: 10142 RequestorPackageName: net.oneplus.launcher] ] (release request)
10-16 23:26:31.865  1652  3113 D OPBF    : setCGroupState():tofreeze=false, uid:10068 pkg:com.amazon.mShop.android.shopping --->>> ok reason:start perform not hasTimeout broadcast for action = android.intent.action.PACKAGE_CHANGED
10-16 23:26:31.874  1652  3113 D OPBF    : setCGroupState():tofreeze=false, uid:99142 pkg:com.amazon.mShop.android.shopping --->>> ok reason:notifyIsolatedUids boundUid thawed cause by uid/pid:10068
10-16 23:26:31.924  1652  5872 W BluetoothManagerService: registerAdapter, callback: android.bluetooth.IBluetoothManagerCallback$Stub$Proxy@d013efc
10-16 23:26:32.009  1652  1652 I Telecom : DefaultDialerCache: Refreshing default dialer for user 0: now com.oneplus.dialer: DDC.oR@P2Y
10-16 23:26:32.107  1652  1756 W Looper  : Slow delivery took 200ms android.fg h=android.os.Handler c=<recycled PooledLambda@b1265c1> m=0
10-16 23:26:32.235  1652  1756 W Looper  : Drained
10-16 23:26:32.845  1652  2385 E ActivityThread: Failed to find provider info for com.oneplus.account.personalize.provider.open
10-16 23:26:32.845  1652  2385 W OpSystemGestures: recordSwipe failed due to total=1.0000011074589565
10-16 23:26:32.845  1652  2385 W OpSystemGestures: java.lang.IllegalArgumentException: Unknown URL content://com.oneplus.account.personalize.provider.open
10-16 23:26:32.845  1652  2385 W OpSystemGestures: 	at android.content.ContentResolver.insert(ContentResolver.java:2172)
10-16 23:26:32.845  1652  2385 W OpSystemGestures: 	at android.content.ContentResolver.insert(ContentResolver.java:2130)
10-16 23:26:32.845  1652  2385 W OpSystemGestures: 	at com.android.server.wm.OpSystemGesturesPointerEventListenerInjector.lambda$saveDistance$0$OpSystemGesturesPointerEventListenerInjector(OpSystemGesturesPointerEventListenerInjector.java:159)
10-16 23:26:32.845  1652  2385 W OpSystemGestures: 	at com.android.server.wm.-$$Lambda$OpSystemGesturesPointerEventListenerInjector$neC_mfZQiJ4FpMKCb3FZMJ-lO-g.run(Unknown Source:4)
10-16 23:26:32.845  1652  2385 W OpSystemGestures: 	at android.os.Handler.handleCallback(Handler.java:938)
10-16 23:26:32.845  1652  2385 W OpSystemGestures: 	at android.os.Handler.dispatchMessage(Handler.java:99)
10-16 23:26:32.845  1652  2385 W OpSystemGestures: 	at android.os.Looper.loop(Looper.java:233)
10-16 23:26:32.845  1652  2385 W OpSystemGestures: 	at android.os.HandlerThread.run(HandlerThread.java:67)
10-16 23:26:32.845  1652  2385 W OpSystemGestures: 	at com.android.server.ServiceThread.run(ServiceThread.java:44)
10-16 23:26:33.518  1652  3668 I ActivityTaskManager: START u0 {act=android.intent.action.MAIN cat=[android.intent.category.LAUNCHER] flg=0x10200000 cmp=org.uhh.myapp/org.kivy.android.PythonActivity bnds=[641,856][843,1221]} from uid 10142 pid 30519
10-16 23:26:33.536  1652  3668 V ActivityTaskManager: checkAndUpdateLocalList list: [com.android.chrome, com.autonavi.minimap, com.shuqiyuedu823.google, com.snapchat.android, com.google.android.youtube, com.amazon.avod.thirdpartyclient, com.google.android.apps.maps, com.tencent.qqlive, com.youku.phone, com.qiyi.video, com.duowan.kiwi, tv.danmaku.bili, com.google.android.calendar, com.lingdian.activity, local.pivot.pingmeter, com.whatsapp, com.netflix.mediaclient] UpdateDay: 7
10-16 23:26:33.539  1652  3668 D ActivityTaskManager: Updating New task bounds Rect(0, 0 - 0, 0)
10-16 23:26:33.546  1652  1759 D CompatibilityChangeReporter: Compat change id reported: 135634846; UID 10467; state: DISABLED
10-16 23:26:33.549  1652  1773 D CompatibilityChangeReporter: Compat change id reported: 143937733; UID 10467; state: DISABLED
10-16 23:26:33.580  1652  1652 V SettingsProvider: Notifying for 0: content://settings/secure/reminder_exp_learning_time_elapsed
10-16 23:26:33.581  1652  1759 D OpRestartProcessManager: updateSelf :  org.uhh.myapp, size : 30
10-16 23:26:33.598  1652  1773 W ActivityManager: Slow operation: 53ms so far, now at startProcess: returned from zygote!
10-16 23:26:33.599  1652  1773 W ActivityManager: Slow operation: 54ms so far, now at startProcess: done updating battery stats
10-16 23:26:33.599  1652  1773 W ActivityManager: Slow operation: 54ms so far, now at startProcess: building log message
10-16 23:26:33.599  1652  1773 I ActivityManager: Start proc 24590:org.uhh.myapp/u0a467 for pre-top-activity {org.uhh.myapp/org.kivy.android.PythonActivity}
10-16 23:26:33.599  1652  1773 W ActivityManager: Slow operation: 54ms so far, now at startProcess: starting to update pids map
10-16 23:26:33.599  1652  1773 W ActivityManager: Slow operation: 54ms so far, now at startProcess: done updating pids map
10-16 23:26:33.791  1652  1806 I DisplayPowerController: useProximityForceSuspend = false
10-16 23:26:33.791  1652  3668 D OpProximityController: noteFrontPackageChanged pkg:org.uhh.myapp uid:10467 lpkg:net.oneplus.launcher luid:10142
10-16 23:26:33.791  1652  1806 I DisplayPowerController: brightnessState(m):0.95831037
10-16 23:26:33.791  1652  1806 I RampAnimator: target:0.95831037 rate:0.7058823 mCurrentValue:0.95831037 mTargetValue:0.95831037
10-16 23:26:33.791  1652  3668 D OemSceneModeActivityStack: [scene] evaluateGameModes :  gameMsg.arg1=0 gameMsg.arg2=1
10-16 23:26:33.792  1652  3090 E OPCS    : [Cap] [End] use mLastCapRemaining: 2538 instead.
10-16 23:26:33.792  1652  3668 E OpScreenModeService: getAppToken ActivityRecord{d3a25af u0 org.uhh.myapp/org.kivy.android.PythonActivity t6452}
10-16 23:26:33.792  1652  3668 E OpScreenModeService: setRefreshRate token ActivityRecord{d3a25af u0 org.uhh.myapp/org.kivy.android.PythonActivity t6452} request refresh rate=-1 tmpRate -1
10-16 23:26:33.792  1652  3668 E OpScreenModeService: setRefreshRate token ActivityRecord{d3a25af u0 org.uhh.myapp/org.kivy.android.PythonActivity t6452} app request rateid=1 fps=90.0
10-16 23:26:33.792  1652  3090 E OPCS    : [Cap] [Start] remainCap is abnormal: 0
10-16 23:26:33.792  1652  3090 E OPCS    : [Cap] [Start] use mLastCapRemaining: 2538 instead.
10-16 23:26:33.792  1652  3668 D OpQuickReply: setQuickReplyResumed focusedApp ActivityRecord{d3a25af u0 org.uhh.myapp/org.kivy.android.PythonActivity t6452} pkgName org.uhh.myapp
