10-16 09:24:05.536  2513  2513 W ContextImpl: Calling a method in the system process without a qualified user: android.app.ContextImpl.sendBroadcast:1122 android.content.ContextWrapper.sendBroadcast:468 com.oneplus.coreservice.BroadcastDispatch.xne$mab.onReceive:122 android.app.LoadedApk$ReceiverDispatcher$Args.lambda$getRunnable$0$LoadedApk$ReceiverDispatcher$Args:1566 android.app.-$$Lambda$LoadedApk$ReceiverDispatcher$Args$_BumDX2UKsnxLVrE6UJsJZkotuA.run:2 
10-16 09:24:08.755  1652  1787 D ExtBatteryStatsService: @@@@ awaitUninterruptibly in 153 ms
10-16 09:24:12.573  1652  2398 I FastCharge: read mChargeType = 0
10-16 09:24:12.576  2513  2513 W ContextImpl: Calling a method in the system process without a qualified user: android.app.ContextImpl.sendBroadcast:1122 android.content.ContextWrapper.sendBroadcast:468 com.oneplus.coreservice.BroadcastDispatch.xne$mab.onReceive:122 android.app.LoadedApk$ReceiverDispatcher$Args.lambda$getRunnable$0$LoadedApk$ReceiverDispatcher$Args:1566 android.app.-$$Lambda$LoadedApk$ReceiverDispatcher$Args$_BumDX2UKsnxLVrE6UJsJZkotuA.run:2 
10-16 09:24:12.714  1652  2398 I FastCharge: read mChargeType = 0
10-16 09:24:12.719  2513  2513 W ContextImpl: Calling a method in the system process without a qualified user: android.app.ContextImpl.sendBroadcast:1122 android.content.ContextWrapper.sendBroadcast:468 com.oneplus.coreservice.BroadcastDispatch.xne$mab.onReceive:122 android.app.LoadedApk$ReceiverDispatcher$Args.lambda$getRunnable$0$LoadedApk$ReceiverDispatcher$Args:1566 android.app.-$$Lambda$LoadedApk$ReceiverDispatcher$Args$_BumDX2UKsnxLVrE6UJsJZkotuA.run:2 
10-16 09:24:19.313  1652  3113 D OPBF    : setCGroupState():tofreeze=true, uid:10356 pkg:com.oneplus.twspods --->>> ok reason:serviceDoneExecuting = com.oneplus.twspods/com.oos.onepluspods.scan.ScanService
10-16 09:24:19.346  1652  3113 D OPBF    : setCGroupState():tofreeze=true, uid:10275 pkg:com.discord --->>> ok reason:finish perform hasTimeout broadcast for action = android.intent.action.SCREEN_OFF
10-16 09:24:19.357  1652  3113 D OPBF    : setCGroupState():tofreeze=true, uid:10281 pkg:com.facebook.mlite --->>> ok reason:finish perform hasTimeout broadcast for action = android.intent.action.SCREEN_OFF
10-16 09:24:19.379  1652  3113 D OPBF    : setCGroupState():tofreeze=true, uid:10295 pkg:com.chegg --->>> ok reason:finish perform hasTimeout broadcast for action = android.intent.action.SCREEN_OFF
10-16 09:24:19.429  1652  3113 D OPBF    : setCGroupState():tofreeze=true, uid:10022 pkg:com.instagram.android --->>> ok reason:finish perform hasTimeout broadcast for action = android.intent.action.SCREEN_OFF
10-16 09:24:19.436  1652  3113 D OPBF    : setCGroupState():tofreeze=true, uid:10370 pkg:com.vanced.android.youtube --->>> ok reason:publish service as client add connection = AppBindRecord{d6a99bb com.mgoogle.android.gms/org.microg.gms.gcm.PushRegisterService:com.vanced.android.youtube}
10-16 09:24:19.621  1652  2398 I FastCharge: read mChargeType = 0
10-16 09:24:19.626  2513  2513 W ContextImpl: Calling a method in the system process without a qualified user: android.app.ContextImpl.sendBroadcast:1122 android.content.ContextWrapper.sendBroadcast:468 com.oneplus.coreservice.BroadcastDispatch.xne$mab.onReceive:122 android.app.LoadedApk$ReceiverDispatcher$Args.lambda$getRunnable$0$LoadedApk$ReceiverDispatcher$Args:1566 android.app.-$$Lambda$LoadedApk$ReceiverDispatcher$Args$_BumDX2UKsnxLVrE6UJsJZkotuA.run:2 
10-16 09:24:26.814  1652  2398 I FastCharge: read mChargeType = 0
10-16 09:24:26.817  2513  2513 W ContextImpl: Calling a method in the system process without a qualified user: android.app.ContextImpl.sendBroadcast:1122 android.content.ContextWrapper.sendBroadcast:468 com.oneplus.coreservice.BroadcastDispatch.xne$mab.onReceive:122 android.app.LoadedApk$ReceiverDispatcher$Args.lambda$getRunnable$0$LoadedApk$ReceiverDispatcher$Args:1566 android.app.-$$Lambda$LoadedApk$ReceiverDispatcher$Args$_BumDX2UKsnxLVrE6UJsJZkotuA.run:2 
10-16 09:24:28.882  1652  3017 I StatusBarManagerService: onVideoChanged: using= false
10-16 09:24:30.636  1652  3113 D OPBF    : setCGroupState():tofreeze=true, uid:10028 pkg:com.zhiliaoapp.musically --->>> ok reason:serviceDoneExecuting = com.zhiliaoapp.musically/com.bytedance.common.wschannel.client.WsClientService
10-16 09:24:30.839  1652  3113 D OPBF    : setCGroupState():tofreeze=true, uid:10238 pkg:net.oneplus.weather --->>> ok reason:uid active tActive:false
10-16 09:24:32.661  1652  3667 I StatusBarManagerService: onVideoChanged: using= false
10-16 09:24:33.398  1652  2029 V AlarmManager: Triggering alarm #0: 3 when =151040929 package =android operation = null listenTag =*job.cleanup* flags =0x8
10-16 09:24:33.399  1652  2029 V AlarmManager: Triggering alarm #1: 1 when =1634394262716 package =net.oneplus.weather operation =*alarm*:net.oneplus.weather.receiver.BootReceiver.ACTION_ALARM flags =0x4
10-16 09:24:33.399  1652  2029 V AlarmManager: Triggering alarm #2: 3 when =151074377 package =android operation = null listenTag =*job.delay* flags =0x0
10-16 09:24:33.708  1652  2398 I FastCharge: read mChargeType = 0
10-16 09:24:33.710  2513  2513 W ContextImpl: Calling a method in the system process without a qualified user: android.app.ContextImpl.sendBroadcast:1122 android.content.ContextWrapper.sendBroadcast:468 com.oneplus.coreservice.BroadcastDispatch.xne$mab.onReceive:122 android.app.LoadedApk$ReceiverDispatcher$Args.lambda$getRunnable$0$LoadedApk$ReceiverDispatcher$Args:1566 android.app.-$$Lambda$LoadedApk$ReceiverDispatcher$Args$_BumDX2UKsnxLVrE6UJsJZkotuA.run:2 
10-16 09:24:34.832  1652  2029 V AlarmManager: Triggering alarm #0: 2 when =151075811 package =android operation = null listenTag =*job.deadline* flags =0x0
10-16 09:24:34.867  1652  3113 D OPBF    : setCGroupState():tofreeze=false, uid:10238 pkg:net.oneplus.weather --->>> ok reason:start perform hasTimeout broadcast for action = net.oneplus.weather.receiver.BootReceiver.ACTION_ALARM
10-16 09:24:34.915  1652  2029 V AlarmManager: Triggering alarm #0: 3 when =151075891 package =android operation = null listenTag =*job.delay* flags =0x0
10-16 09:24:34.939  1652  3668 I ActivityManager: Killing 30153:com.google.android.apps.translate/u0a290 (adj 999): empty #31
10-16 09:24:35.023  1652  3305 D ConnectivityService: ConnectivityService NetworkRequestInfo binderDied(NetworkRequest [ TRACK_DEFAULT id=2448, [ Capabilities: INTERNET&NOT_RESTRICTED&TRUSTED Uid: 10290 AdministratorUids: [] RequestorUid: 10290 RequestorPackageName: com.google.android.apps.translate] ], android.os.BinderProxy@982b701)
10-16 09:24:35.024  1652  3667 W ProcessStats: setState index out of bounds. index: -1 length: 20
10-16 09:24:35.024  1652  3667 W ProcessStats: setState index out of bounds. index: -1 length: 20
10-16 09:24:35.027  1652  3113 D OPBF    : setCGroupState():tofreeze=false, uid:10290 pkg:com.google.android.apps.translate --->>> ok reason:app died cause by pid 30153
10-16 09:24:35.027  1652  2421 D ConnectivityService: releasing NetworkRequest [ TRACK_DEFAULT id=2448, [ Capabilities: INTERNET&NOT_RESTRICTED&TRUSTED Uid: 10290 AdministratorUids: [] RequestorUid: 10290 RequestorPackageName: com.google.android.apps.translate] ] (release request)
10-16 09:24:35.029  1652  3304 D ConnectivityService: ConnectivityService NetworkRequestInfo binderDied(NetworkRequest [ LISTEN id=2449, [ Capabilities: INTERNET&NOT_RESTRICTED&TRUSTED&FOREGROUND Uid: 10290 AdministratorUids: [] RequestorUid: 10290 RequestorPackageName: com.google.android.apps.translate] ], android.os.BinderProxy@d31bfe7)
10-16 09:24:36.127  1652  2029 V AlarmManager: Triggering alarm #0: 3 when =151077106 package =android operation = null listenTag =*job.delay* flags =0x0
10-16 09:24:39.180  1652  3302 I StatusBarManagerService: onVideoChanged: using= false
10-16 09:24:40.088  1652  2398 I FastCharge: read mChargeType = 0
10-16 09:24:40.091  2513  2513 W ContextImpl: Calling a method in the system process without a qualified user: android.app.ContextImpl.sendBroadcast:1122 android.content.ContextWrapper.sendBroadcast:468 com.oneplus.coreservice.BroadcastDispatch.xne$mab.onReceive:122 android.app.LoadedApk$ReceiverDispatcher$Args.lambda$getRunnable$0$LoadedApk$ReceiverDispatcher$Args:1566 android.app.-$$Lambda$LoadedApk$ReceiverDispatcher$Args$_BumDX2UKsnxLVrE6UJsJZkotuA.run:2 
10-16 09:24:44.651  1652  1814 I PackageManager: Integrity check passed for file:///data/app/vmdl106143084.tmp
10-16 09:24:44.745  1652  3113 D OPBF    : setCGroupState():tofreeze=false, uid:10295 pkg:com.chegg --->>> ok reason:bindservice as server add connection = AppBindRecord{27fa48b com.chegg/androidx.work.impl.background.systemjob.SystemJobService:system}
10-16 09:24:44.751  1652  1652 D CompatibilityChangeReporter: Compat change id reported: 135634846; UID 10025; state: DISABLED
10-16 09:24:44.751  1652  1652 D CompatibilityChangeReporter: Compat change id reported: 135754954; UID 10025; state: ENABLED
10-16 09:24:44.751  1652  1773 D CompatibilityChangeReporter: Compat change id reported: 143937733; UID 10025; state: ENABLED
10-16 09:24:44.751  1652  1652 W Looper  : Slow dispatch took 116ms main h=com.android.server.job.JobSchedulerService$JobHandler c=null m=1
10-16 09:24:44.773  1652  1652 D CompatibilityChangeReporter: Compat change id reported: 135634846; UID 10382; state: DISABLED
10-16 09:24:44.773  1652  1652 D CompatibilityChangeReporter: Compat change id reported: 135754954; UID 10382; state: ENABLED
10-16 09:24:44.778  1652  1773 I ActivityManager: Start proc 5174:com.google.android.apps.youtube.music/u0a25 for service {com.google.android.apps.youtube.music/androidx.work.impl.background.systemjob.SystemJobService}
10-16 09:24:44.778  1652  1773 D CompatibilityChangeReporter: Compat change id reported: 143937733; UID 10382; state: ENABLED
10-16 09:24:44.795  1652  1773 I ActivityManager: Start proc 5180:com.google.android.apps.youtube.creator/u0a382 for service {com.google.android.apps.youtube.creator/androidx.work.impl.background.systemjob.SystemJobService}
10-16 09:24:44.953  1652  3304 D ConnectivityService: requestNetwork for uid/pid:10382/5180 NetworkRequest [ TRACK_DEFAULT id=2535, [ Capabilities: INTERNET&NOT_RESTRICTED&TRUSTED Uid: 10382 AdministratorUids: [] RequestorUid: 10382 RequestorPackageName: com.google.android.apps.youtube.creator] ]
10-16 09:24:44.954  1652  2421 D ConnectivityService: NetReassign [2535 : null  134]
10-16 09:24:44.970  1652  5872 D ConnectivityService: requestNetwork for uid/pid:10025/5174 NetworkRequest [ TRACK_DEFAULT id=2536, [ Capabilities: INTERNET&NOT_RESTRICTED&TRUSTED Uid: 10025 AdministratorUids: [] RequestorUid: 10025 RequestorPackageName: com.google.android.apps.youtube.music] ]
10-16 09:24:44.971  1652  2421 D ConnectivityService: NetReassign [2536 : null  134]
10-16 09:24:44.987  1652  3305 D ConnectivityService: requestNetwork for uid/pid:10025/5174 NetworkRequest [ TRACK_DEFAULT id=2537, [ Capabilities: INTERNET&NOT_RESTRICTED&TRUSTED Uid: 10025 AdministratorUids: [] RequestorUid: 10025 RequestorPackageName: com.google.android.apps.youtube.music] ]
10-16 09:24:44.988  1652  2421 D ConnectivityService: NetReassign [2537 : null  134]
10-16 09:24:44.996  1652  2421 D ConnectivityService: NetReassign [no changes]
10-16 09:24:45.185  5174  5250 I 100     : Open /system/framework/com.android.media.remotedisplay.jar took:73ms
10-16 09:24:45.202  5174  5371 D Choreographer: initialValue myPid:5174 myTid:5371 choreographer:android.view.Choreographer@935a9ea
10-16 09:24:45.228  1652  5870 D ConnectivityService: requestNetwork for uid/pid:10382/5180 NetworkRequest [ TRACK_DEFAULT id=2539, [ Capabilities: INTERNET&NOT_RESTRICTED&TRUSTED Uid: 10382 AdministratorUids: [] RequestorUid: 10382 RequestorPackageName: com.google.android.apps.youtube.creator] ]
10-16 09:24:45.228  1652  2421 D ConnectivityService: NetReassign [2539 : null  134]
10-16 09:24:45.234  1652  2421 D ConnectivityService: NetReassign [no changes]
10-16 09:24:45.286  1652  1772 I ActivityManager: Force stopping org.uhh.myapp appid=10041 user=-1: installPackageLI
10-16 09:24:45.287  1652  1814 I PackageManager: Update package org.uhh.myapp code path from /data/app/~~AqI6b48h75do1Q9rk4ctvg==/org.uhh.myapp-JalFbzkp9m2AbKoY-tlICQ== to /data/app/~~89PicSfZv0hoRO4d9h7FHA==/org.uhh.myapp-sG42AWMyNCbbcbDdz6gRdQ==; Retain data and using new
10-16 09:24:45.287  1652  1814 I PackageManager: Update package org.uhh.myapp resource path from /data/app/~~AqI6b48h75do1Q9rk4ctvg==/org.uhh.myapp-JalFbzkp9m2AbKoY-tlICQ== to /data/app/~~89PicSfZv0hoRO4d9h7FHA==/org.uhh.myapp-sG42AWMyNCbbcbDdz6gRdQ==; Retain data and using new
10-16 09:24:45.288  1652  1814 D PackageManager: Removing non-system package: org.uhh.myapp
10-16 09:24:45.288  1652  1814 D PackageManager: removePackageDataLI: PackageSetting{c97079 org.uhh.myapp/10041}
10-16 09:24:45.288  1652  1814 D PackageManager: Propagating install state across downgrade
10-16 09:24:45.288  1652  1814 D PackageManager:     user 0 => true
10-16 09:24:45.290  1652  1814 D CompatibilityChangeReporter: Compat change id reported: 135549675; UID 10041; state: DISABLED
10-16 09:24:45.395  1652  1756 W Looper  : Slow dispatch took 102ms android.fg h=android.os.Handler c=<recycled PooledLambda@1138989> m=0
10-16 09:24:45.397  1652  2393 I PowerManagerService: Waking up from Dozing (uid=1000, reason=WAKE_REASON_POWER_BUTTON, details=android.policy:POWER)...
10-16 09:24:45.400  1652  1806 I DisplayPowerController: useProximityForceSuspend = false
10-16 09:24:45.400  1652  1806 D OpColorDisplayService: screenStateChange
10-16 09:24:45.400  1652  1791 D OpColorDisplayService: processScreenOn   true
10-16 09:24:45.401  1652  1806 I DisplayPowerController: Blocking screen on until initial contents have been drawn.
10-16 09:24:45.418  1652  1807 D OpPowerControllerService: SCREEN is OFF
10-16 09:24:45.419  1652  1807 D OpPowerControllerService: SCREEN is ON
10-16 09:24:45.419  1652  1807 D OpPowerControllerService: screen off duration: 56486
10-16 09:24:45.438  1652  3305 D FP_DEBUG: start authenticate: com.android.systemui, groupId= 0
10-16 09:24:45.442  1652  3305 D FP_DEBUG: go authenticateInternal
10-16 09:24:45.442  1652  3305 D FP_DEBUG: authenticateInternal: callingUserId= 0
10-16 09:24:45.464  1652  1652 V FingerprintService: startAuthentication(com.android.systemui)
10-16 09:24:45.464  1652  1652 V FingerprintService: starting client AuthenticationClientImpl(com.android.systemui) targetUserId: 0 currentUserId: 0 cookie: 0/0
10-16 09:24:45.464  1652  1806 I DisplayPowerController: brightnessState(m):1.0
10-16 09:24:45.464  1652  1806 I RampAnimator: POLICY CHANGING!
10-16 09:24:45.464  1652  1806 I RampAnimator: target:1.0 rate:0.0 mCurrentValue:0.0 mTargetValue:0.0
10-16 09:24:45.465  1652  1807 W ContextImpl: Calling a method in the system process without a qualified user: android.app.ContextImpl.sendBroadcast:1122 com.android.server.power.Notifier.sendWakeUpBroadcast:817 com.android.server.power.Notifier.sendNextBroadcast:795 com.android.server.power.Notifier.access$500:96 com.android.server.power.Notifier$NotifierHandler.handleMessage:956 
10-16 09:24:45.466  2513 17241 I OIMC    : notified , mode FingerPrintMode changeTo 1
10-16 09:24:45.466  1652  1814 I ActivityManager: Force stopping org.uhh.myapp appid=10041 user=0: pkg removed
10-16 09:24:45.466  2513  2574 I OIMC_CORE: handleMessage:   MODE_ENTER, arg1: 0, arg2: 0, obj: com.oneplus.server.oimc.gwy@a8761ee
10-16 09:24:45.466  2513  2574 I OIMC_CORE: Entering mode FingerPrintMode
10-16 09:24:45.467  2513  2574 I OIMC_CORE: starting ONESHOT function ColorDisable
10-16 09:24:45.467  1652  3305 I OpOIMCColorManager: ColorDisable start... mCurrentActivated = 0
10-16 09:24:45.467  1652  3305 D OpColorDisplayService: DisableColor state: 0
10-16 09:24:45.467  1652  3305 D ColorDisplayService: cancelAnimation
10-16 09:24:45.468  2513  2573 I OIMC_CORE: ColorDisable action 1 spent 0 ms
10-16 09:24:45.468  1652  1806 W OpBatteryStats: updateScreenBrightnessLevel: 4
10-16 09:24:45.469  1652  1806 V DisplayPowerController: Brightness [1.0] reason changing to: 'manual', previous reason: 'screen_off'.
10-16 09:24:45.469  1652  1806 I DisplayPowerController: useProximityForceSuspend = false
10-16 09:24:45.469  1652  1806 I DisplayPowerController: brightnessState(m):1.0
10-16 09:24:45.469  1652  1806 I RampAnimator: target:1.0 rate:0.0 mCurrentValue:1.0 mTargetValue:1.0
10-16 09:24:45.470  1652  1759 I DisplayManagerService: Display device changed state: "Built-in Screen", ON
10-16 09:24:45.471  1652  1652 E FingerprintService: Exception notifySurfaceFlingerUpdate
10-16 09:24:45.488  1652  1652 D OpFingerprintService: updateStatus , 3
10-16 09:24:45.504  1652  2393 V OpScreenshotImprovement: AOD screenshot wakeUpFromPowerKey for power up
10-16 09:24:45.515  1652  1772 W BroadcastQueue: Background execution not allowed: receiving Intent { act=android.intent.action.PACKAGE_REMOVED dat=package:org.uhh.myapp flg=0x4000010 (has extras) } to com.android.settings/com.oneplus.settings.receiver.SettingsReceiver
10-16 09:24:45.534  1652  1806 I DisplayPowerController: Unblocked screen on after 133 ms
10-16 09:24:45.535  1652  1806 I DisplayPowerController: useProximityForceSuspend = false
10-16 09:24:45.535  1652  1806 I DisplayPowerController: brightnessState(m):1.0
10-16 09:24:45.535  1652  1806 I RampAnimator: target:1.0 rate:0.7058823 mCurrentValue:1.0 mTargetValue:1.0
10-16 09:24:45.560  1652  1772 W BroadcastQueue: Background execution not allowed: receiving Intent { act=android.intent.action.PACKAGE_REMOVED dat=package:org.uhh.myapp flg=0x4000010 (has extras) } to com.android.vending/com.google.android.finsky.packagemanager.impl.PackageMonitorReceiverImpl$RegisteredReceiver
10-16 09:24:45.566  1652  1757 W Looper  : Slow dispatch took 145ms android.ui h=com.android.server.am.ActivityManagerService$UiHandler c=null m=31
10-16 09:24:45.595  1652  2434 E IntervalStats: Unable to parse usage stats package 5
10-16 09:24:45.595  1652  2434 E IntervalStats: Unable to parse usage stats package 11
10-16 09:24:45.595  1652  2434 E IntervalStats: Unable to parse usage stats package 16
10-16 09:24:45.595  1652  2434 E IntervalStats: Unable to parse usage stats package 17
10-16 09:24:45.595  1652  2434 E IntervalStats: Unable to parse usage stats package 19
10-16 09:24:45.595  1652  2434 E IntervalStats: Unable to parse usage stats package 31
10-16 09:24:45.595  1652  2434 E IntervalStats: Unable to parse usage stats package 34
10-16 09:24:45.595  1652  2434 E IntervalStats: Unable to parse usage stats package 38
10-16 09:24:45.595  1652  2434 E IntervalStats: Unable to parse usage stats package 42
10-16 09:24:45.595  1652  2434 E IntervalStats: Unable to parse usage stats package 44
10-16 09:24:45.595  1652  2434 E IntervalStats: Unable to parse usage stats package 50
10-16 09:24:45.595  1652  2434 E IntervalStats: Unable to parse usage stats package 61
10-16 09:24:45.595  1652  2434 E IntervalStats: Unable to parse usage stats package 70
10-16 09:24:45.595  1652  2434 E IntervalStats: Unable to parse usage stats package 86
10-16 09:24:45.595  1652  2434 E IntervalStats: Unable to parse usage stats package 91
10-16 09:24:45.595  1652  2434 E IntervalStats: Unable to parse usage stats package 98
10-16 09:24:45.595  1652  2434 E IntervalStats: Unable to parse usage stats package 107
10-16 09:24:45.595  1652  2434 E IntervalStats: Unable to parse usage stats package 109
10-16 09:24:45.595  1652  2434 E IntervalStats: Unable to parse usage stats package 118
10-16 09:24:45.595  1652  2434 E IntervalStats: Unable to parse usage stats package 121
10-16 09:24:45.595  1652  2434 E IntervalStats: Unable to parse usage stats package 128
10-16 09:24:45.595  1652  2434 E IntervalStats: Unable to parse usage stats package 129
10-16 09:24:45.595  1652  2434 E IntervalStats: Unable to parse usage stats package 140
10-16 09:24:45.595  1652  2434 E IntervalStats: Unable to parse usage stats package 146
10-16 09:24:45.595  1652  2434 E IntervalStats: Unable to parse usage stats package 147
10-16 09:24:45.595  1652  2434 E IntervalStats: Unable to parse usage stats package 174
10-16 09:24:45.595  1652  2434 E IntervalStats: Unable to parse usage stats package 175
10-16 09:24:45.595  1652  2434 E IntervalStats: Unable to parse usage stats package 177
10-16 09:24:45.595  1652  2434 E IntervalStats: Unable to parse usage stats package 184
10-16 09:24:45.595  1652  2434 E IntervalStats: Unable to parse usage stats package 185
10-16 09:24:45.595  1652  2434 E IntervalStats: Unable to parse usage stats package 230
10-16 09:24:45.595  1652  2434 E IntervalStats: Unable to parse usage stats package 247
10-16 09:24:45.595  1652  2434 E IntervalStats: Unable to parse usage stats package 250
10-16 09:24:45.595  1652  2434 E IntervalStats: Unable to parse usage stats package 253
10-16 09:24:45.595  1652  2434 E IntervalStats: Unable to parse usage stats package 265
10-16 09:24:45.595  1652  2434 E IntervalStats: Unable to parse usage stats package 296
10-16 09:24:45.595  1652  2434 E IntervalStats: Unable to parse usage stats package 322
10-16 09:24:45.595  1652  2434 E IntervalStats: Unable to parse usage stats package 324
10-16 09:24:45.595  1652  2434 E IntervalStats: Unable to parse usage stats package 326
10-16 09:24:45.595  1652  2434 E IntervalStats: Unable to parse usage stats package 357
10-16 09:24:45.595  1652  2434 E IntervalStats: Unable to parse usage stats package 366
10-16 09:24:45.595  1652  2434 E IntervalStats: Unable to parse usage stats package 367
10-16 09:24:45.595  1652  2434 E IntervalStats: Unable to parse usage stats package 370
10-16 09:24:45.595  1652  2434 E IntervalStats: Unable to parse usage stats package 384
10-16 09:24:45.595  1652  2434 E IntervalStats: Unable to parse usage stats package 385
10-16 09:24:45.595  1652  2434 E IntervalStats: Unable to parse usage stats package 386
10-16 09:24:45.595  1652  2434 E IntervalStats: Unable to parse usage stats package 397
10-16 09:24:45.595  1652  2434 E IntervalStats: Unable to parse usage stats package 398
10-16 09:24:45.595  1652  2434 E IntervalStats: Unable to parse usage stats package 421
10-16 09:24:45.595  1652  2434 E IntervalStats: Unable to parse usage stats package 422
10-16 09:24:45.595  1652  2434 E IntervalStats: Unable to parse usage stats package 432
10-16 09:24:45.595  1652  2434 E IntervalStats: Unable to parse usage stats package 446
10-16 09:24:45.595  1652  2434 E IntervalStats: Unable to parse usage stats package 462
10-16 09:24:45.595  1652  2434 E IntervalStats: Unable to parse usage stats package 466
10-16 09:24:45.595  1652  2434 E IntervalStats: Unable to parse usage stats package 468
10-16 09:24:45.595  1652  2434 E IntervalStats: Unable to parse usage stats package 564
10-16 09:24:45.595  1652  2434 E IntervalStats: Unable to parse usage stats package 565
10-16 09:24:45.595  1652  2434 E IntervalStats: Unable to parse usage stats package 567
10-16 09:24:45.651  1652  1791 I OpColorDisplayService: isKeyguard =  true
10-16 09:24:45.651  1652  1791 I OpColorDisplayService: mHasFingerprint = true
10-16 09:24:45.651  1652  1791 D OpColorDisplayService: resetStatus: 0
10-16 09:24:45.658  1652  1806 I DisplayPowerController: useProximityForceSuspend = false
10-16 09:24:45.658  1652  1806 I DisplayPowerController: brightnessState(m):1.0
10-16 09:24:45.658  1652  1806 I RampAnimator: target:1.0 rate:0.7058823 mCurrentValue:1.0 mTargetValue:1.0
10-16 09:24:45.658  1652  1806 W PowerManagerService: Screen on took 280 ms
10-16 09:24:45.658  1652  1806 I 300     : 280
10-16 09:24:45.658  1652  1806 I DreamManagerService: Gently waking up from dream.
10-16 09:24:45.668  2513 17241 I OIMC    : notified , mode FingerPrintMode changeTo 1
10-16 09:24:45.668  2513  2574 I OIMC_CORE: handleMessage:   MODE_ENTER, arg1: 0, arg2: 0, obj: com.oneplus.server.oimc.gwy@78f668f
10-16 09:24:45.668  2513  2574 I OIMC_CORE: The mode: FingerPrintMode is already entered
10-16 09:24:45.672  1652  1791 D OpColorTintManager: disableColor
10-16 09:24:45.672  1652  1791 D OpColorTintManager: recoverColorSaturation
10-16 09:24:45.689  1652  5879 I DreamManagerService: Leaving dreamland.
10-16 09:24:45.711  1652  1652 W Looper  : Slow dispatch took 223ms main h=android.app.ActivityThread$H c=android.app.-$$Lambda$LoadedApk$ReceiverDispatcher$Args$_BumDX2UKsnxLVrE6UJsJZkotuA@237dc3 m=0
10-16 09:24:45.711  1652  1652 W Looper  : Slow delivery took 228ms main h=android.app.ActivityThread$H c=null m=133
10-16 09:24:45.730  1652  1652 D OpenIdManager: Receive package change broadcast, action=android.intent.action.PACKAGE_REMOVED
10-16 09:24:45.730  1652  1652 D OpenIdManager: Handle broadcast for package org.uhh.myapp, replacing=true, uid=10041
10-16 09:24:45.731  1652  1772 W BroadcastQueue: Background execution not allowed: receiving Intent { act=android.intent.action.PACKAGE_REMOVED dat=package:org.uhh.myapp flg=0x4000010 (has extras) } to com.google.android.gms/.games.chimera.GamesSystemBroadcastReceiverProxy
10-16 09:24:45.734  1652  5880 I OemSceneModeAmHelper: [scene] handleShowOrOccludedChanged showing true, occluded false
10-16 09:24:45.749  1652  1759 V UsbDeviceManager: onKeyguardStateChanged: isShowing:true secure:true user:0
10-16 09:24:45.757  1652  1772 W BroadcastQueue: Background execution not allowed: receiving Intent { act=android.intent.action.PACKAGE_REMOVED dat=package:org.uhh.myapp flg=0x4000010 (has extras) } to com.google.android.gms/.chimera.GmsIntentOperationService$PersistentTrustedReceiver
10-16 09:24:45.759  1652  1757 W Looper  : Slow dispatch took 192ms android.ui h=com.android.server.am.ActivityManagerService$UiHandler c=null m=53
10-16 09:24:45.774  1652  1652 W Looper  : Drained
10-16 09:24:45.774  1652  1772 W BroadcastQueue: Background execution not allowed: receiving Intent { act=android.intent.action.PACKAGE_REMOVED dat=package:org.uhh.myapp flg=0x4000010 (has extras) } to com.google.android.googlequicksearchbox/com.google.android.apps.gsa.googlequicksearchbox.GelStubAppWatcher
10-16 09:24:45.776  1652  1772 W BroadcastQueue: Background execution not allowed: receiving Intent { act=android.intent.action.PACKAGE_REMOVED dat=package:org.uhh.myapp flg=0x4000010 (has extras) } to com.sand.airdroid/.components.apk.AppPackageReceiver
10-16 09:24:45.776  1652  1772 W BroadcastQueue: Background execution not allowed: receiving Intent { act=android.intent.action.PACKAGE_REMOVED dat=package:org.uhh.myapp flg=0x4000010 (has extras) } to com.android.vending/com.google.android.finsky.instantapps.appmanagement.InstantAppRemoveMonitor
10-16 09:24:45.777  1652  1757 W Looper  : Slow delivery took 287ms android.ui h=android.hardware.display.DisplayManagerGlobal$DisplayListenerDelegate c=null m=2
10-16 09:24:45.799  1652  1757 W Looper  : Drained
10-16 09:24:45.805  1652  1756 W Looper  : Slow delivery took 215ms android.fg h=android.os.Handler c=<recycled PooledLambda@8bacff> m=0
10-16 09:24:45.815  1652  1772 W BroadcastQueue: Background execution not allowed: receiving Intent { act=android.intent.action.PACKAGE_REMOVED dat=package:org.uhh.myapp flg=0x4000010 (has extras) } to com.mgoogle.android.gms/org.microg.gms.gcm.UnregisterReceiver
10-16 09:24:45.816  1652  1772 W BroadcastQueue: Background execution not allowed: receiving Intent { act=android.intent.action.PACKAGE_REMOVED dat=package:org.uhh.myapp flg=0x4000010 (has extras) } to com.oneplus.note/.service.UninstallReceiver
10-16 09:24:45.818  1652  2398 I FastCharge: read mChargeType = 0
10-16 09:24:45.846  1652  1787 D ExtBatteryStatsService: @@@@ awaitUninterruptibly in 138 ms
10-16 09:24:45.848  1652  1772 W BroadcastQueue: Background execution not allowed: receiving Intent { act=android.intent.action.PACKAGE_REMOVED dat=package:org.uhh.myapp flg=0x4000010 (has extras) } to net.oneplus.widget/.appwidget.WeatherExistReceiver
10-16 09:24:45.934  1652  2481 D OPSA    : ==MSG_PKG_INSTALL== OPBackgroundThread
10-16 09:24:45.972  1652  1772 W BroadcastQueue: Background execution not allowed: receiving Intent { act=android.intent.action.PACKAGE_ADDED dat=package:org.uhh.myapp flg=0x4000010 (has extras) } to com.android.settings/com.oneplus.settings.receiver.SettingsReceiver
10-16 09:24:45.987  1652  1772 W BroadcastQueue: Background execution not allowed: receiving Intent { act=android.intent.action.PACKAGE_ADDED dat=package:org.uhh.myapp flg=0x4000010 (has extras) } to com.android.vending/com.google.android.finsky.packagemanager.impl.PackageMonitorReceiverImpl$RegisteredReceiver
10-16 09:24:46.028  1652  1757 W Looper  : Slow dispatch took 104ms android.ui h=com.android.server.am.ActivityManagerService$UiHandler c=null m=31
10-16 09:24:46.043  1652  1772 W BroadcastQueue: Background execution not allowed: receiving Intent { act=android.intent.action.PACKAGE_ADDED dat=package:org.uhh.myapp flg=0x4000010 (has extras) } to com.google.android.gms/.games.chimera.GamesSystemBroadcastReceiverProxy
10-16 09:24:46.067  1652  1772 W BroadcastQueue: Background execution not allowed: receiving Intent { act=android.intent.action.PACKAGE_ADDED dat=package:org.uhh.myapp flg=0x4000010 (has extras) } to com.google.android.gms/.gass.chimera.PackageChangeBroadcastReceiver
10-16 09:24:46.069  1652  1772 W BroadcastQueue: Background execution not allowed: receiving Intent { act=android.intent.action.PACKAGE_ADDED dat=package:org.uhh.myapp flg=0x4000010 (has extras) } to com.google.android.gms/.chimera.GmsIntentOperationService$PersistentTrustedReceiver
10-16 09:24:46.069  1652  1772 W BroadcastQueue: Background execution not allowed: receiving Intent { act=android.intent.action.PACKAGE_ADDED dat=package:org.uhh.myapp flg=0x4000010 (has extras) } to com.google.android.googlequicksearchbox/com.google.android.apps.gsa.googlequicksearchbox.GelStubAppWatcher
10-16 09:24:46.070  1652  3388 E IntervalStats: Unable to parse usage stats package 5
10-16 09:24:46.070  1652  3388 E IntervalStats: Unable to parse usage stats package 11
10-16 09:24:46.070  1652  3388 E IntervalStats: Unable to parse usage stats package 16
10-16 09:24:46.071  1652  3388 E IntervalStats: Unable to parse usage stats package 17
10-16 09:24:46.071  1652  3388 E IntervalStats: Unable to parse usage stats package 19
10-16 09:24:46.071  1652  3388 E IntervalStats: Unable to parse usage stats package 31
10-16 09:24:46.071  1652  3388 E IntervalStats: Unable to parse usage stats package 34
10-16 09:24:46.071  1652  3388 E IntervalStats: Unable to parse usage stats package 38
10-16 09:24:46.071  1652  3388 E IntervalStats: Unable to parse usage stats package 42
10-16 09:24:46.071  1652  3388 E IntervalStats: Unable to parse usage stats package 44
10-16 09:24:46.071  1652  3388 E IntervalStats: Unable to parse usage stats package 50
10-16 09:24:46.071  1652  3388 E IntervalStats: Unable to parse usage stats package 61
10-16 09:24:46.071  1652  3388 E IntervalStats: Unable to parse usage stats package 70
10-16 09:24:46.071  1652  3388 E IntervalStats: Unable to parse usage stats package 86
10-16 09:24:46.071  1652  3388 E IntervalStats: Unable to parse usage stats package 91
10-16 09:24:46.071  1652  3388 E IntervalStats: Unable to parse usage stats package 98
10-16 09:24:46.071  1652  3388 E IntervalStats: Unable to parse usage stats package 107
10-16 09:24:46.071  1652  3388 E IntervalStats: Unable to parse usage stats package 109
10-16 09:24:46.071  1652  3388 E IntervalStats: Unable to parse usage stats package 118
10-16 09:24:46.071  1652  3388 E IntervalStats: Unable to parse usage stats package 121
10-16 09:24:46.071  1652  3388 E IntervalStats: Unable to parse usage stats package 128
10-16 09:24:46.071  1652  3388 E IntervalStats: Unable to parse usage stats package 129
10-16 09:24:46.071  1652  3388 E IntervalStats: Unable to parse usage stats package 140
10-16 09:24:46.071  1652  3388 E IntervalStats: Unable to parse usage stats package 146
10-16 09:24:46.071  1652  3388 E IntervalStats: Unable to parse usage stats package 147
10-16 09:24:46.071  1652  3388 E IntervalStats: Unable to parse usage stats package 174
10-16 09:24:46.071  1652  3388 E IntervalStats: Unable to parse usage stats package 175
10-16 09:24:46.071  1652  3388 E IntervalStats: Unable to parse usage stats package 177
10-16 09:24:46.071  1652  3388 E IntervalStats: Unable to parse usage stats package 184
10-16 09:24:46.071  1652  3388 E IntervalStats: Unable to parse usage stats package 185
10-16 09:24:46.071  1652  3388 E IntervalStats: Unable to parse usage stats package 230
10-16 09:24:46.071  1652  3388 E IntervalStats: Unable to parse usage stats package 247
10-16 09:24:46.071  1652  3388 E IntervalStats: Unable to parse usage stats package 250
10-16 09:24:46.071  1652  3388 E IntervalStats: Unable to parse usage stats package 253
10-16 09:24:46.071  1652  3388 E IntervalStats: Unable to parse usage stats package 265
10-16 09:24:46.071  1652  3388 E IntervalStats: Unable to parse usage stats package 296
10-16 09:24:46.071  1652  3388 E IntervalStats: Unable to parse usage stats package 322
10-16 09:24:46.071  1652  3388 E IntervalStats: Unable to parse usage stats package 324
10-16 09:24:46.071  1652  3388 E IntervalStats: Unable to parse usage stats package 326
10-16 09:24:46.071  1652  3388 E IntervalStats: Unable to parse usage stats package 357
10-16 09:24:46.071  1652  3388 E IntervalStats: Unable to parse usage stats package 366
10-16 09:24:46.071  1652  3388 E IntervalStats: Unable to parse usage stats package 367
10-16 09:24:46.071  1652  3388 E IntervalStats: Unable to parse usage stats package 370
10-16 09:24:46.071  1652  3388 E IntervalStats: Unable to parse usage stats package 384
10-16 09:24:46.071  1652  3388 E IntervalStats: Unable to parse usage stats package 385
10-16 09:24:46.071  1652  3388 E IntervalStats: Unable to parse usage stats package 386
10-16 09:24:46.071  1652  3388 E IntervalStats: Unable to parse usage stats package 397
10-16 09:24:46.071  1652  3388 E IntervalStats: Unable to parse usage stats package 398
10-16 09:24:46.071  1652  3388 E IntervalStats: Unable to parse usage stats package 421
10-16 09:24:46.071  1652  3388 E IntervalStats: Unable to parse usage stats package 422
10-16 09:24:46.071  1652  3388 E IntervalStats: Unable to parse usage stats package 432
10-16 09:24:46.071  1652  3388 E IntervalStats: Unable to parse usage stats package 446
10-16 09:24:46.071  1652  3388 E IntervalStats: Unable to parse usage stats package 462
10-16 09:24:46.071  1652  3388 E IntervalStats: Unable to parse usage stats package 466
10-16 09:24:46.071  1652  3388 E IntervalStats: Unable to parse usage stats package 468
10-16 09:24:46.071  1652  3388 E IntervalStats: Unable to parse usage stats package 564
10-16 09:24:46.071  1652  3388 E IntervalStats: Unable to parse usage stats package 565
10-16 09:24:46.071  1652  3388 E IntervalStats: Unable to parse usage stats package 567
10-16 09:24:46.072  1652  1772 W BroadcastQueue: Background execution not allowed: receiving Intent { act=android.intent.action.PACKAGE_ADDED dat=package:org.uhh.myapp flg=0x4000010 (has extras) } to com.sand.airdroid/.components.apk.AppPackageReceiver
10-16 09:24:46.072  1652  1772 W BroadcastQueue: Background execution not allowed: receiving Intent { act=android.intent.action.PACKAGE_ADDED dat=package:org.uhh.myapp flg=0x4000010 (has extras) } to com.google.android.packageinstaller/com.android.packageinstaller.PackageInstalledReceiver
10-16 09:24:46.073  1652  1772 W BroadcastQueue: Background execution not allowed: receiving Intent { act=android.intent.action.PACKAGE_ADDED dat=package:org.uhh.myapp flg=0x4000010 (has extras) } to com.zhiliaoapp.musically/com.ss.android.common.applog.HotsoonReceiver
10-16 09:24:46.073  1652  1772 W BroadcastQueue: Background execution not allowed: receiving Intent { act=android.intent.action.PACKAGE_ADDED dat=package:org.uhh.myapp flg=0x4000010 (has extras) } to net.oneplus.widget/.appwidget.WeatherExistReceiver
10-16 09:24:46.088  1652  2481 D OPSA    : ==MSG_PKG_INSTALL== OPBackgroundThread
10-16 09:24:46.195  1652  5880 W BroadcastQueue: Background execution not allowed: receiving Intent { act=android.intent.action.PACKAGE_REPLACED dat=package:org.uhh.myapp flg=0x4000010 (has extras) } to com.google.android.gms/.gass.chimera.PackageChangeBroadcastReceiver
10-16 09:24:46.233  1652  1772 W BroadcastQueue: Background execution not allowed: receiving Intent { act=android.intent.action.PACKAGE_REPLACED dat=package:org.uhh.myapp flg=0x4000010 (has extras) } to com.google.android.gms/.chimera.GmsIntentOperationService$PersistentTrustedReceiver
10-16 09:24:46.258  1652  1772 W BroadcastQueue: Background execution not allowed: receiving Intent { act=android.intent.action.PACKAGE_REPLACED dat=package:org.uhh.myapp flg=0x4000010 (has extras) } to com.google.android.googlequicksearchbox/com.google.android.apps.gsa.googlequicksearchbox.GelStubAppWatcher
10-16 09:24:46.258  1652  1772 W BroadcastQueue: Background execution not allowed: receiving Intent { act=android.intent.action.PACKAGE_REPLACED dat=package:org.uhh.myapp flg=0x4000010 (has extras) } to com.discoverfinancial.mobile/co.acoustic.mobile.push.sdk.wi.AlarmReceiver
10-16 09:24:46.307  1652  5870 W BluetoothManagerService: registerAdapter, callback: android.bluetooth.IBluetoothManagerCallback$Stub$Proxy@78750e0
10-16 09:24:46.340  1652  1652 W Looper  : Slow dispatch took 565ms main h=android.os.Handler c=android.app.AlarmManager$ListenerWrapper@d3c151b m=0
10-16 09:24:46.340  1652  1652 W Looper  : Slow delivery took 579ms main h=com.android.server.AlarmManagerService$AlarmHandler c=null m=4
10-16 09:24:46.375  1652  5812 D ConnectivityService: requestNetwork for uid/pid:10025/5174 NetworkRequest [ TRACK_DEFAULT id=2541, [ Capabilities: INTERNET&NOT_RESTRICTED&TRUSTED Uid: 10025 AdministratorUids: [] RequestorUid: 10025 RequestorPackageName: com.google.android.apps.youtube.music] ]
10-16 09:24:46.377  1652  2421 D ConnectivityService: NetReassign [2541 : null  134]
10-16 09:24:46.504  1652  2398 I FastCharge: read mChargeType = 0
10-16 09:24:46.507  1652  1756 I DreamManagerService: Performing gentle wake from dream.
10-16 09:24:46.507  1652  1756 I DreamManagerService: Performing gentle wake from dream.
10-16 09:24:46.507  1652  1756 I DreamController: Stopping dream: name=ComponentInfo{com.android.systemui/com.android.systemui.doze.DozeService}, isTest=false, canDoze=true, userId=0, reason='finished self'(from 'requested stopDream')
10-16 09:24:46.598  1652  2398 D FingerprintService: onAcquired, 6, code:0, lockout:false
10-16 09:24:46.761  1652  1652 W Looper  : Slow dispatch took 372ms main h=android.app.ActivityThread$H c=android.app.LoadedApk$ServiceDispatcher$RunConnection@a2a9060 m=0
10-16 09:24:46.774  1652  1652 V SettingsProvider: Notifying for 0: content://settings/secure/reminder_exp_learning_time_elapsed
10-16 09:24:46.799  2513  2513 W ContextImpl: Calling a method in the system process without a qualified user: android.app.ContextImpl.sendBroadcast:1122 android.content.ContextWrapper.sendBroadcast:468 com.oneplus.coreservice.BroadcastDispatch.xne$mab.onReceive:122 android.app.LoadedApk$ReceiverDispatcher$Args.lambda$getRunnable$0$LoadedApk$ReceiverDispatcher$Args:1566 android.app.-$$Lambda$LoadedApk$ReceiverDispatcher$Args$_BumDX2UKsnxLVrE6UJsJZkotuA.run:2 
10-16 09:24:46.801  1652  1652 V SettingsProvider: Notifying for 0: content://settings/secure/reminder_exp_learning_time_elapsed
10-16 09:24:46.867  1652  1652 D OnePlusThemeController: Theme Controller onReceive:android.intent.action.PACKAGE_ADDED
10-16 09:24:46.868  1652  1652 W ContextImpl: Calling a method in the system process without a qualified user: android.app.ContextImpl.sendBroadcast:1122 com.oneplus.server.theme.zta$you.onReceive:433 android.app.LoadedApk$ReceiverDispatcher$Args.lambda$getRunnable$0$LoadedApk$ReceiverDispatcher$Args:1566 android.app.-$$Lambda$LoadedApk$ReceiverDispatcher$Args$_BumDX2UKsnxLVrE6UJsJZkotuA.run:2 android.os.Handler.handleCallback:938 
10-16 09:24:46.869  1652  1652 D OPBF    : pkg:org.uhh.myapp is installed
10-16 09:24:46.871  1652  1652 I Telecom : DefaultDialerCache: Refreshing default dialer for user 0: now com.oneplus.dialer: DDC.oR@K3Q
10-16 09:24:46.904  1652  1652 V BackupManagerConstants: getFullBackupIntervalMilliseconds(...) returns 86400000
10-16 09:24:46.904  1652  1652 V BackupManagerConstants: getFullBackupRequiredNetworkType(...) returns 2
10-16 09:24:46.904  1652  1652 V BackupManagerConstants: getFullBackupRequireCharging(...) returns true
10-16 09:24:46.921  1652  1652 D OnePlusThemeController: Theme Controller onReceive:android.intent.action.PACKAGE_REPLACED
10-16 09:24:46.921  1652  1652 W ContextImpl: Calling a method in the system process without a qualified user: android.app.ContextImpl.sendBroadcast:1122 com.oneplus.server.theme.zta$you.onReceive:433 android.app.LoadedApk$ReceiverDispatcher$Args.lambda$getRunnable$0$LoadedApk$ReceiverDispatcher$Args:1566 android.app.-$$Lambda$LoadedApk$ReceiverDispatcher$Args$_BumDX2UKsnxLVrE6UJsJZkotuA.run:2 android.os.Handler.handleCallback:938 
10-16 09:24:46.922  1652  1652 D OPCS    : # mReceiver # onReceive # action=android.intent.action.PACKAGE_REPLACED
10-16 09:24:46.922  1652  1652 D OPBF    : pkg:org.uhh.myapp is re-installed
10-16 09:24:46.946  1652  1652 D BiometricStats: acquiredInfo = 6
10-16 09:24:46.946  1652  1652 V FingerprintService: Acquired: 6 0
10-16 09:24:46.946  1652  1757 W Looper  : Slow delivery took 299ms android.ui h=android.view.GestureDetector$GestureHandler c=null m=1
10-16 09:24:46.948  1652  2392 I 106     : System spent 398.6ms processing the last motion event: MotionEvent#DOWN
10-16 09:24:46.953  1652  1757 W Looper  : Drained
10-16 09:24:46.954  2585  2585 D FingerprintManager: sendAcquiredResult: 6, 0
10-16 09:24:46.954  2585  2585 W FingerprintManager: Invalid acquired message: 6, 0
10-16 09:24:46.956  1652  2392 I 106     : System spent 191.9ms processing the last motion event: MotionEvent#MOVE
10-16 09:24:47.032  1652  1652 W Looper  : Drained
10-16 09:24:47.106 14502 14502 D ActivityThread: pid:14502 tid:14502 doframe Callback
10-16 09:24:47.111  1652  1652 D OPSA    : ======BE_IMFORMED_SCREEN_ON======
10-16 09:24:47.114  1652  1756 W Looper  : Drained
10-16 09:24:47.116  2513  2513 I TWSReceiver: onReceive: android.intent.action.SCREEN_ON
10-16 09:24:47.116  2513  2513 I TWSReceiver: bind service
10-16 09:24:47.123  2513  3619 W ContextImpl: Calling a method in the system process without a qualified user: android.app.ContextImpl.startService:1690 android.content.ContextWrapper.startService:720 xne.xne.xne.xne.xne$mab.run:35 java.util.concurrent.ThreadPoolExecutor.runWorker:1167 java.util.concurrent.ThreadPoolExecutor$Worker.run:641 
10-16 09:24:47.138  1652  3113 D OPBF    : setCGroupState():tofreeze=false, uid:10356 pkg:com.oneplus.twspods --->>> ok reason:bumpServiceExecutingLocked = com.oneplus.twspods/com.oos.onepluspods.scan.ScanService
10-16 09:24:47.145  1652  1652 D OPBF    : # eventChangeReceiver # onReceive # action=android.intent.action.SCREEN_ON
10-16 09:24:47.159  1652  5864 D ConnectivityService: requestNetwork for uid/pid:10142/30519 NetworkRequest [ TRACK_DEFAULT id=2542, [ Capabilities: INTERNET&NOT_RESTRICTED&TRUSTED Uid: 10142 AdministratorUids: [] RequestorUid: 10142 RequestorPackageName: net.oneplus.launcher] ]
10-16 09:24:47.159  1652  2421 D ConnectivityService: NetReassign [2542 : null  134]
10-16 09:24:47.236  1652  2398 D FingerprintService: onAcquired, 0, code:0, lockout:false
10-16 09:24:47.236  1652  1652 D BiometricStats: acquiredInfo = 0
10-16 09:24:47.236  1652  2398 D FingerprintService: onAuthenticated, -5476376637520028272, 1406117591, 0
10-16 09:24:47.236  1652  1652 V FingerprintService: Acquired: 0 0
10-16 09:24:47.237  1652  1652 D FingerprintService: handleAuthenticated: true
10-16 09:24:47.237  1652  1652 V BiometricStats: Authentication latency: -1
10-16 09:24:47.237  1652  1652 W BiometricStats: found a negative latency : -1
10-16 09:24:47.238  1652  1652 D VibratorService: vibrate from 'android', reason = null, token = android.os.Binder@865d730, attrs = VibrationAttributes: Usage=TOUCH Flags=0
10-16 09:24:47.242  1652  1770 D FingerprintService: onAcquired, 6, code:12, lockout:false
10-16 09:24:47.246  2585  2585 D FingerprintManager: sendAcquiredResult: 0, 0
10-16 09:24:47.282  1652  1652 D OpVibratorService: linearmotorVibratorOff
10-16 09:24:47.290  1652  1652 D OpColorDisplayService: mExitFingerPrintModeReason = true
10-16 09:24:47.290  1652  1791 I OpColorDisplayService: notifyIrisFingerprintStatus fingerprint_status = false
10-16 09:24:47.290  1652  1791 D OpColorDisplayService: reverStatus needMatrixInit = false
10-16 09:24:47.292  2513  3313 I OIMC    : notified , mode FingerPrintMode changeTo 2
10-16 09:24:47.292  2513  2574 I OIMC_CORE: handleMessage:   MODE_EXIT, arg1: 0, arg2: 0, obj: com.oneplus.server.oimc.gwy@ae86d1c
10-16 09:24:47.292  2513  2574 I OIMC_CORE: Exiting mode FingerPrintMode
10-16 09:24:47.292  2513  2574 I OIMC_CORE: stoping ONESHOT function ColorDisable
10-16 09:24:47.292  1652  2605 I OpOIMCColorManager: ColorDisable stop... mGCActivated = false  mCBActivated = false  mPCActivated = false  mGMActivated = false mCurrentActivated = 0
10-16 09:24:47.292  1652  2605 D OpColorDisplayService: DisableColor state: 2
10-16 09:24:47.292  2513  2573 I OIMC_CORE: ColorDisable action 2 spent 0 ms
10-16 09:24:47.295  1652  1652 D FingerprintService: onAuthenticationSucceeded: send result
10-16 09:24:47.296  1652  1652 V FingerprintService: Done with client: com.android.systemui
10-16 09:24:47.309  1652  5522 D OpVibratorService: linearmotorVibratorOn
10-16 09:24:47.310  1652  2434 D KeyguardStateMonitor: onFingerprintStateChange , false, false, authType:1, result:3
10-16 09:24:47.311  2513  3313 I OIMC    : notified , mode FingerPrintMode changeTo 2
10-16 09:24:47.311  2513  2574 I OIMC_CORE: handleMessage:   MODE_EXIT, arg1: 0, arg2: 0, obj: com.oneplus.server.oimc.gwy@5dd2d25
10-16 09:24:47.311  2513  2574 I OIMC_CORE: The mode: FingerPrintMode is not entered
10-16 09:24:47.332  1652  1791 D OpColorTintManager: colorTempearture: 74
10-16 09:24:47.332  1652  1791 D OpColorTintManager: start applyTint
10-16 09:24:47.332  1652  1791 D OpColorDisplayService: KeyguardDone is finish by  set ExitFingerPrintModeByUnlockSuccess
10-16 09:24:47.332  1652  1791 D OpColorDisplayService: resetStatus: 2
10-16 09:24:47.332  1652  1791 D OpColorDisplayService: reverStatus needMatrixInit = false
10-16 09:24:47.360  1652  5522 D OpVibratorService: linearmotorVibratorOff
10-16 09:24:47.381  1652  1791 D OpColorTintManager: colorTempearture: 74
10-16 09:24:47.381  1652  1791 D OpColorTintManager: start applyTint
10-16 09:24:47.397  1652  5864 D OpColorDisplayService: mExitFingerPrintModeReason = true
10-16 09:24:47.397  1652  3004 I OpAppLocker: setKeyguardDone true
10-16 09:24:47.401  2513  3313 I OIMC    : notified , mode FingerPrintMode changeTo 2
10-16 09:24:47.401  2513  2574 I OIMC_CORE: handleMessage:   MODE_EXIT, arg1: 0, arg2: 0, obj: com.oneplus.server.oimc.gwy@28baefa
10-16 09:24:47.401  2513  2574 I OIMC_CORE: The mode: FingerPrintMode is not entered
10-16 09:24:47.402  1652  3004 D ActivityTaskManager: Top Process State changed to PROCESS_STATE_TOP
10-16 09:24:47.403  1652  3004 D OpProximityController: noteFrontPackageChanged pkg:net.oneplus.launcher uid:10142 lpkg:SCREEN OFF luid:0
10-16 09:24:47.404  1652  3004 D OemSceneModeActivityStack: [scene] evaluateGameModes :  gameMsg.arg1=0 gameMsg.arg2=1
10-16 09:24:47.404  1652  1806 I DisplayPowerController: useProximityForceSuspend = false
10-16 09:24:47.404  1652  1806 I DisplayPowerController: brightnessState(m):1.0
10-16 09:24:47.404  1652  1806 I RampAnimator: target:1.0 rate:0.7058823 mCurrentValue:1.0 mTargetValue:1.0
10-16 09:24:47.404  1652  3004 E OpScreenModeService: getAppToken ActivityRecord{71c0fc3 u0 net.oneplus.launcher/.Launcher t6221}
10-16 09:24:47.404  1652  3004 E OpScreenModeService: setRefreshRate token ActivityRecord{71c0fc3 u0 net.oneplus.launcher/.Launcher t6221} request refresh rate=-1 tmpRate -1
10-16 09:24:47.404  1652  3004 E OpScreenModeService: setRefreshRate token ActivityRecord{71c0fc3 u0 net.oneplus.launcher/.Launcher t6221} app request rateid=1 fps=90.0
10-16 09:24:47.404  1652  3004 D OpQuickReply: setQuickReplyResumed focusedApp ActivityRecord{71c0fc3 u0 net.oneplus.launcher/.Launcher t6221} pkgName net.oneplus.launcher
10-16 09:24:47.438  1652  1759 D OpScreenModeService: updateRefreshRate token ActivityRecord{71c0fc3 u0 net.oneplus.launcher/.Launcher t6221} rate=1
10-16 09:24:47.457  1652  5985 I OemSceneModeAmHelper: [scene] handleShowOrOccludedChanged showing false, occluded false
10-16 09:24:47.459  2513  3313 I OIMC    : notified , mode ColorReadMode changeTo 2
10-16 09:24:47.459  2513  2574 I OIMC_CORE: handleMessage:   MODE_EXIT, arg1: 0, arg2: 0, obj: com.oneplus.server.oimc.gwy@425dcab
10-16 09:24:47.459  2513  2574 I OIMC_CORE: The mode: ColorReadMode is not entered
10-16 09:24:47.460  2513 17241 I OIMC    : notified , mode ReadMode changeTo 2
10-16 09:24:47.460  2513  2574 I OIMC_CORE: handleMessage:   MODE_EXIT, arg1: 0, arg2: 0, obj: com.oneplus.server.oimc.gwy@49d3f08
10-16 09:24:47.460  2513  2574 I OIMC_CORE: The mode: ReadMode is not entered
10-16 09:24:47.461  2513 20552 I OIMC    : notified , mode GameMode changeTo 2
10-16 09:24:47.462  2513  2574 I OIMC_CORE: handleMessage:   MODE_EXIT, arg1: 0, arg2: 0, obj: com.oneplus.server.oimc.gwy@85876a1
10-16 09:24:47.462  2513  2574 I OIMC_CORE: The mode: GameMode is not entered
10-16 09:24:47.494  1652  2421 D ConnectivityService: releasing NetworkRequest [ TRACK_DEFAULT id=2542, [ Capabilities: INTERNET&NOT_RESTRICTED&TRUSTED Uid: 10142 AdministratorUids: [] RequestorUid: 10142 RequestorPackageName: net.oneplus.launcher] ] (release request)
