10-16 01:07:42.810  1652  2421 D ConnectivityService: releasing NetworkRequest [ TRACK_DEFAULT id=1988, [ Capabilities: INTERNET&NOT_RESTRICTED&TRUSTED Uid: 10142 AdministratorUids: [] RequestorUid: 10142 RequestorPackageName: net.oneplus.launcher] ] (release request)
10-16 01:07:42.886  1652  3388 W BluetoothManagerService: registerAdapter, callback: android.bluetooth.IBluetoothManagerCallback$Stub$Proxy@3dc1f72
10-16 01:07:42.962  1652  1787 D ExtBatteryStatsService: ext-flush too soon, skip
10-16 01:07:43.094  1652  1759 D OemSceneModeActivityStack: [scene] handleEvaluateGameMode enabled: false
10-16 01:07:43.095  1652  1652 V SettingsProvider: Notifying for 0: content://settings/system/rading_mode_status_auto
10-16 01:07:43.096  2513 17241 I OIMC    : notified , mode ColorReadMode changeTo 2
10-16 01:07:43.097  2513 20552 I OIMC    : notified , mode ReadMode changeTo 2
10-16 01:07:43.097  1652  5814 E AppOps  : Operation not started: uid=10139 pkg=com.oneplus.faceunlock(null) op=CAMERA
10-16 01:07:43.097  1652  1652 V SettingsProvider: Notifying for 0: content://settings/system/rading_mode_status_auto
10-16 01:07:43.098  2513  2574 I OIMC_CORE: handleMessage:   MODE_EXIT, arg1: 0, arg2: 0, obj: com.oneplus.server.oimc.gwy@ea66199
10-16 01:07:43.098  2513  2574 I OIMC_CORE: The mode: ColorReadMode is not entered
10-16 01:07:43.098  2513  2574 I OIMC_CORE: handleMessage:   MODE_EXIT, arg1: 0, arg2: 0, obj: com.oneplus.server.oimc.gwy@3ea5c5e
10-16 01:07:43.098  2513  2574 I OIMC_CORE: The mode: ReadMode is not entered
10-16 01:07:43.565  1652  1806 I DisplayPowerController: useProximityForceSuspend = false
10-16 01:07:43.565  1652  1806 I DisplayPowerController: brightnessState(m):1.0
10-16 01:07:43.565  1652  1806 I RampAnimator: target:1.0 rate:0.7058823 mCurrentValue:1.0 mTargetValue:1.0
10-16 01:07:43.807  1652  5872 W BluetoothManagerService: registerAdapter, callback: android.bluetooth.IBluetoothManagerCallback$Stub$Proxy@c7458e4
10-16 01:07:43.905  1652  1652 I Telecom : DefaultDialerCache: Refreshing default dialer for user 0: now com.oneplus.dialer: DDC.oR@J1Y
10-16 01:07:43.964  1652  1756 W Looper  : Slow delivery took 211ms android.fg h=android.os.Handler c=<recycled PooledLambda@db1d131> m=0
10-16 01:07:44.214  1652  1756 W Looper  : Drained
10-16 01:07:45.241  1652  2385 E ActivityThread: Failed to find provider info for com.oneplus.account.personalize.provider.open
10-16 01:07:45.242  1652  2385 W OpSystemGestures: recordSwipe failed due to total=1.0316520929336548
10-16 01:07:45.242  1652  2385 W OpSystemGestures: java.lang.IllegalArgumentException: Unknown URL content://com.oneplus.account.personalize.provider.open
10-16 01:07:45.242  1652  2385 W OpSystemGestures: 	at android.content.ContentResolver.insert(ContentResolver.java:2172)
10-16 01:07:45.242  1652  2385 W OpSystemGestures: 	at android.content.ContentResolver.insert(ContentResolver.java:2130)
10-16 01:07:45.242  1652  2385 W OpSystemGestures: 	at com.android.server.wm.OpSystemGesturesPointerEventListenerInjector.lambda$saveDistance$0$OpSystemGesturesPointerEventListenerInjector(OpSystemGesturesPointerEventListenerInjector.java:159)
10-16 01:07:45.242  1652  2385 W OpSystemGestures: 	at com.android.server.wm.-$$Lambda$OpSystemGesturesPointerEventListenerInjector$neC_mfZQiJ4FpMKCb3FZMJ-lO-g.run(Unknown Source:4)
10-16 01:07:45.242  1652  2385 W OpSystemGestures: 	at android.os.Handler.handleCallback(Handler.java:938)
10-16 01:07:45.242  1652  2385 W OpSystemGestures: 	at android.os.Handler.dispatchMessage(Handler.java:99)
10-16 01:07:45.242  1652  2385 W OpSystemGestures: 	at android.os.Looper.loop(Looper.java:233)
10-16 01:07:45.242  1652  2385 W OpSystemGestures: 	at android.os.HandlerThread.run(HandlerThread.java:67)
10-16 01:07:45.242  1652  2385 W OpSystemGestures: 	at com.android.server.ServiceThread.run(ServiceThread.java:44)
10-16 01:07:47.689  1652  3170 I FastCharge: read mChargeType = 0
10-16 01:07:47.692  2513  2513 W ContextImpl: Calling a method in the system process without a qualified user: android.app.ContextImpl.sendBroadcast:1122 android.content.ContextWrapper.sendBroadcast:468 com.oneplus.coreservice.BroadcastDispatch.xne$mab.onReceive:122 android.app.LoadedApk$ReceiverDispatcher$Args.lambda$getRunnable$0$LoadedApk$ReceiverDispatcher$Args:1566 android.app.-$$Lambda$LoadedApk$ReceiverDispatcher$Args$_BumDX2UKsnxLVrE6UJsJZkotuA.run:2 
10-16 01:07:48.423  1652  5988 I ActivityTaskManager: START u0 {act=android.intent.action.MAIN cat=[android.intent.category.LAUNCHER] flg=0x10200000 cmp=com.siue.uhh.Uhh/org.beeware.android.MainActivity bnds=[439,1221][641,1586]} from uid 10142 pid 30519
10-16 01:07:48.427  1652  5988 E OpScreenModeService: getAppToken ActivityRecord{b85a18d u0 com.siue.uhh.Uhh/org.beeware.android.MainActivity t6310}
10-16 01:07:48.428  1652  5988 E OpScreenModeService: setRefreshRate token ActivityRecord{b85a18d u0 com.siue.uhh.Uhh/org.beeware.android.MainActivity t6310} request refresh rate=-1 tmpRate -1
10-16 01:07:48.428  1652  5988 E OpScreenModeService: setRefreshRate token ActivityRecord{b85a18d u0 com.siue.uhh.Uhh/org.beeware.android.MainActivity t6310} app request rateid=1 fps=90.0
10-16 01:07:48.428  1652  5988 D OpQuickReply: setQuickReplyResumed focusedApp ActivityRecord{b85a18d u0 com.siue.uhh.Uhh/org.beeware.android.MainActivity t6310} pkgName com.siue.uhh.Uhh
10-16 01:07:48.432  1652  1759 D OpScreenModeService: updateRefreshRate token ActivityRecord{b85a18d u0 com.siue.uhh.Uhh/org.beeware.android.MainActivity t6310} rate=1
10-16 01:07:48.439  1652  1652 V SettingsProvider: Notifying for 0: content://settings/secure/reminder_exp_learning_time_elapsed
10-16 01:07:48.454  1652  3113 D OPBF    : setCGroupState():tofreeze=false, uid:10040 pkg:com.siue.uhh.Uhh --->>> ok reason:--AM_RESUME_ACTIVITY--
10-16 01:07:48.454  1652  1759 D OpRestartProcessManager: updateSelf :  com.siue.uhh.Uhh, size : 30
10-16 01:07:48.456  1652  5872 D OpProximityController: noteFrontPackageChanged pkg:com.siue.uhh.Uhh uid:10040 lpkg:net.oneplus.launcher luid:10142
10-16 01:07:48.457  1652  5872 D OemSceneModeActivityStack: [scene] evaluateGameModes :  gameMsg.arg1=0 gameMsg.arg2=1
10-16 01:07:48.457  1652  5872 E OpScreenModeService: getAppToken ActivityRecord{b85a18d u0 com.siue.uhh.Uhh/org.beeware.android.MainActivity t6310}
10-16 01:07:48.457  1652  5872 E OpScreenModeService: setRefreshRate token ActivityRecord{b85a18d u0 com.siue.uhh.Uhh/org.beeware.android.MainActivity t6310} request refresh rate=-1 tmpRate -1
10-16 01:07:48.457  1652  5872 E OpScreenModeService: setRefreshRate token ActivityRecord{b85a18d u0 com.siue.uhh.Uhh/org.beeware.android.MainActivity t6310} app request rateid=1 fps=90.0
10-16 01:07:48.457  1652  5872 D OpQuickReply: setQuickReplyResumed focusedApp ActivityRecord{b85a18d u0 com.siue.uhh.Uhh/org.beeware.android.MainActivity t6310} pkgName com.siue.uhh.Uhh
10-16 01:07:48.458  1652  1806 I DisplayPowerController: useProximityForceSuspend = false
10-16 01:07:48.462  1652  1806 I DisplayPowerController: brightnessState(m):1.0
10-16 01:07:48.462  1652  1806 I RampAnimator: target:1.0 rate:0.7058823 mCurrentValue:1.0 mTargetValue:1.0
10-16 01:07:48.466  1652  1759 D OpScreenModeService: updateRefreshRate token ActivityRecord{b85a18d u0 com.siue.uhh.Uhh/org.beeware.android.MainActivity t6310} rate=1
10-16 01:07:48.485  1652  1760 E ActivityTaskManager: createRemoteAnimationTarget Task{d759e21 #1 visible=false type=home mode=fullscreen translucent=true I=net.oneplus.launcher/.Launcher U=0 StackId=1 sz=2} top most activity ActivityRecord{71c0fc3 u0 net.oneplus.launcher/.Launcher t6221}
10-16 01:07:48.485  1652  1760 E ActivityTaskManager: createRemoteAnimationTarget Task{aca7545 #6310 visible=true type=standard mode=fullscreen translucent=false A=10040:com.siue.uhh.Uhh U=0 StackId=6310 sz=1} top most activity ActivityRecord{b85a18d u0 com.siue.uhh.Uhh/org.beeware.android.MainActivity t6310}
10-16 01:07:48.553 19747 19747 D ActivityThread: pid:19747 tid:19747 doframe Callback
10-16 01:07:48.701  1652  1787 D ExtBatteryStatsService: @@@@ awaitUninterruptibly in 185 ms
10-16 01:07:48.957  1652  1759 D OemSceneModeActivityStack: [scene] handleEvaluateGameMode enabled: false
10-16 01:07:48.959  1652  1652 V SettingsProvider: Notifying for 0: content://settings/system/rading_mode_status_auto
10-16 01:07:48.961  2513 17241 I OIMC    : notified , mode ColorReadMode changeTo 2
10-16 01:07:48.962  2513  2574 I OIMC_CORE: handleMessage:   MODE_EXIT, arg1: 0, arg2: 0, obj: com.oneplus.server.oimc.gwy@1a2283f
10-16 01:07:48.962  2513 17241 I OIMC    : notified , mode ReadMode changeTo 2
10-16 01:07:48.962  2513  2574 I OIMC_CORE: The mode: ColorReadMode is not entered
10-16 01:07:48.962  2513  2574 I OIMC_CORE: handleMessage:   MODE_EXIT, arg1: 0, arg2: 0, obj: com.oneplus.server.oimc.gwy@a08850c
10-16 01:07:48.962  2513  2574 I OIMC_CORE: The mode: ReadMode is not entered
10-16 01:07:48.963  1652  1652 V SettingsProvider: Notifying for 0: content://settings/system/rading_mode_status_auto
10-16 01:07:51.238  1652  1787 I ProcessStatsService: Pruning old procstats: /data/system/procstats/state-2021-10-14-18-35-56.bin
10-16 01:07:51.292  1652  1771 E OHPD    : [BgDetect] AppForkedProc loop12 pid 791 uid 0 can't find pkgName
10-16 01:07:51.293  1652  1771 E OHPD    : [BgDetect] AppForkedProc kworker/u16:15 pid 16100 uid 0 can't find pkgName
10-16 01:07:51.293  1652  1771 E OHPD    : [BgDetect] AppForkedProc kworker/u16:17 pid 16408 uid 0 can't find pkgName
10-16 01:07:51.556  1652  1787 D ExtBatteryStatsService: ext-flush too soon, skip
10-16 01:07:52.129  1652  5870 E OpScreenModeService: getAppToken ActivityRecord{71c0fc3 u0 net.oneplus.launcher/.Launcher t6221}
10-16 01:07:52.129  1652  5870 E OpScreenModeService: setRefreshRate token ActivityRecord{71c0fc3 u0 net.oneplus.launcher/.Launcher t6221} request refresh rate=-1 tmpRate -1
10-16 01:07:52.129  1652  5870 E OpScreenModeService: setRefreshRate token ActivityRecord{71c0fc3 u0 net.oneplus.launcher/.Launcher t6221} app request rateid=1 fps=90.0
10-16 01:07:52.129  1652  5870 D OpQuickReply: setQuickReplyResumed focusedApp ActivityRecord{71c0fc3 u0 net.oneplus.launcher/.Launcher t6221} pkgName net.oneplus.launcher
10-16 01:07:52.132  1652  5870 D OpProximityController: noteFrontPackageChanged pkg:net.oneplus.launcher uid:10142 lpkg:com.siue.uhh.Uhh luid:10040
10-16 01:07:52.133  1652  1806 I DisplayPowerController: useProximityForceSuspend = false
10-16 01:07:52.133  1652  1806 I DisplayPowerController: brightnessState(m):1.0
10-16 01:07:52.133  1652  1806 I RampAnimator: target:1.0 rate:0.7058823 mCurrentValue:1.0 mTargetValue:1.0
10-16 01:07:52.133  1652  5870 D OemSceneModeActivityStack: [scene] evaluateGameModes :  gameMsg.arg1=0 gameMsg.arg2=1
10-16 01:07:52.133  1652  5870 E OpScreenModeService: getAppToken ActivityRecord{71c0fc3 u0 net.oneplus.launcher/.Launcher t6221}
10-16 01:07:52.133  1652  5870 E OpScreenModeService: setRefreshRate token ActivityRecord{71c0fc3 u0 net.oneplus.launcher/.Launcher t6221} request refresh rate=-1 tmpRate -1
10-16 01:07:52.133  1652  5870 E OpScreenModeService: setRefreshRate token ActivityRecord{71c0fc3 u0 net.oneplus.launcher/.Launcher t6221} app request rateid=1 fps=90.0
10-16 01:07:52.133  1652  5870 D OpQuickReply: setQuickReplyResumed focusedApp ActivityRecord{71c0fc3 u0 net.oneplus.launcher/.Launcher t6221} pkgName net.oneplus.launcher
10-16 01:07:52.133  1652  1787 W OpBacklightController: animateScreenBrightness: percent=1.0, minNits=120.0, maxBrightness=0.99, adjustBrightnessIntervalNits=80.0
10-16 01:07:52.134  1652  1806 I DisplayPowerController: useProximityForceSuspend = false
10-16 01:07:52.134  1652  1806 I DisplayPowerController: brightnessState(m):1.0
10-16 01:07:52.134  1652  1806 I DisplayPowerController: rate:0.0
10-16 01:07:52.134  1652  1806 I RampAnimator: target:1.0 rate:0.0 mCurrentValue:1.0 mTargetValue:1.0
10-16 01:07:52.173  1652  1759 D OpScreenModeService: updateRefreshRate token ActivityRecord{71c0fc3 u0 net.oneplus.launcher/.Launcher t6221} rate=1
10-16 01:07:52.199  1652  1652 V SettingsProvider: Notifying for 0: content://settings/secure/reminder_exp_learning_time_elapsed
10-16 01:07:52.204  1652  5988 D ConnectivityService: requestNetwork for uid/pid:10142/30519 NetworkRequest [ TRACK_DEFAULT id=1989, [ Capabilities: INTERNET&NOT_RESTRICTED&TRUSTED Uid: 10142 AdministratorUids: [] RequestorUid: 10142 RequestorPackageName: net.oneplus.launcher] ]
10-16 01:07:52.205  1652  2421 D ConnectivityService: NetReassign [1989 : null  124]
10-16 01:07:52.273  1652  2421 D ConnectivityService: releasing NetworkRequest [ TRACK_DEFAULT id=1989, [ Capabilities: INTERNET&NOT_RESTRICTED&TRUSTED Uid: 10142 AdministratorUids: [] RequestorUid: 10142 RequestorPackageName: net.oneplus.launcher] ] (release request)
10-16 01:07:52.299  1652  1787 D ExtBatteryStatsService: @@@@ awaitUninterruptibly in 102 ms
10-16 01:07:52.299  1652  1787 D ExtBatteryStatsService: ext-flush too soon, skip
10-16 01:07:52.303  1652  1787 D ExtBatteryStatsService: ext-flush too soon, skip
10-16 01:07:52.633  1652  1759 D OemSceneModeActivityStack: [scene] handleEvaluateGameMode enabled: false
10-16 01:07:52.635  1652  1652 V SettingsProvider: Notifying for 0: content://settings/system/rading_mode_status_auto
10-16 01:07:52.639  2513 17241 I OIMC    : notified , mode ColorReadMode changeTo 2
10-16 01:07:52.639  2513  2574 I OIMC_CORE: handleMessage:   MODE_EXIT, arg1: 0, arg2: 0, obj: com.oneplus.server.oimc.gwy@1727e55
10-16 01:07:52.639  2513  2574 I OIMC_CORE: The mode: ColorReadMode is not entered
10-16 01:07:52.640  2513 17241 I OIMC    : notified , mode ReadMode changeTo 2
10-16 01:07:52.640  2513  2574 I OIMC_CORE: handleMessage:   MODE_EXIT, arg1: 0, arg2: 0, obj: com.oneplus.server.oimc.gwy@afbe06a
10-16 01:07:52.640  2513  2574 I OIMC_CORE: The mode: ReadMode is not entered
10-16 01:07:52.646  1652  1652 V SettingsProvider: Notifying for 0: content://settings/system/rading_mode_status_auto
10-16 01:07:52.681  1652  5988 D VibratorService: vibrate from 'android', reason = null, token = android.os.Binder@865d730, attrs = VibrationAttributes: Usage=TOUCH Flags=0
10-16 01:07:52.695  1652  5988 D OpVibratorService: linearmotorVibratorOff
10-16 01:07:52.700  1652 17696 D OpVibratorService: linearmotorVibratorOn
10-16 01:07:52.743  1652 17696 D OpVibratorService: linearmotorVibratorOff
10-16 01:07:53.371  1652  3241 W BluetoothManagerService: registerAdapter, callback: android.bluetooth.IBluetoothManagerCallback$Stub$Proxy@e3ab970
10-16 01:07:53.387  1652  1652 W Looper  : Slow dispatch took 151ms main h=android.app.ActivityThread$H c=android.app.-$$Lambda$LoadedApk$ReceiverDispatcher$Args$_BumDX2UKsnxLVrE6UJsJZkotuA@b48e783 m=0
10-16 01:07:53.467  1652  1652 W Looper  : Slow delivery took 223ms main h=android.app.ActivityThread$H c=android.app.-$$Lambda$LoadedApk$ReceiverDispatcher$Args$_BumDX2UKsnxLVrE6UJsJZkotuA@8a1f014 m=0
10-16 01:07:53.467  1652  1652 I Telecom : DefaultDialerCache: Refreshing default dialer for user 0: now com.oneplus.dialer: DDC.oR@J1c
10-16 01:07:53.468  1652  1652 W Looper  : Drained
10-16 01:07:53.480  1652  1756 W Looper  : Slow delivery took 205ms android.fg h=android.os.Handler c=<recycled PooledLambda@d686bfe> m=0
10-16 01:07:53.727  1652  1756 W Looper  : Drained
10-16 01:07:54.733  1652  3170 I FastCharge: read mChargeType = 0
10-16 01:07:54.738  2513  2513 W ContextImpl: Calling a method in the system process without a qualified user: android.app.ContextImpl.sendBroadcast:1122 android.content.ContextWrapper.sendBroadcast:468 com.oneplus.coreservice.BroadcastDispatch.xne$mab.onReceive:122 android.app.LoadedApk$ReceiverDispatcher$Args.lambda$getRunnable$0$LoadedApk$ReceiverDispatcher$Args:1566 android.app.-$$Lambda$LoadedApk$ReceiverDispatcher$Args$_BumDX2UKsnxLVrE6UJsJZkotuA.run:2 
10-16 01:07:54.757  1652  3221 I ActivityTaskManager: START u0 {act=android.intent.action.DELETE dat=package:com.siue.uhh.Uhh flg=0x10800000 cmp=com.google.android.packageinstaller/com.android.packageinstaller.UninstallerActivity (has extras)} from uid 10142 pid 30519
10-16 01:07:54.762  1652  3221 E OpScreenModeService: getAppToken ActivityRecord{77b3032 u0 com.google.android.packageinstaller/com.android.packageinstaller.DeleteStagedFileOnResult t6308}
10-16 01:07:54.762  1652  3221 E OpScreenModeService: setRefreshRate token ActivityRecord{77b3032 u0 com.google.android.packageinstaller/com.android.packageinstaller.DeleteStagedFileOnResult t6308} request refresh rate=-1 tmpRate -1
10-16 01:07:54.762  1652  3221 E OpScreenModeService: setRefreshRate token ActivityRecord{77b3032 u0 com.google.android.packageinstaller/com.android.packageinstaller.DeleteStagedFileOnResult t6308} app request rateid=1 fps=90.0
10-16 01:07:54.762  1652  3221 D OpQuickReply: setQuickReplyResumed focusedApp ActivityRecord{77b3032 u0 com.google.android.packageinstaller/com.android.packageinstaller.DeleteStagedFileOnResult t6308} pkgName com.google.android.packageinstaller
10-16 01:07:54.770  1652  1759 D OpScreenModeService: updateRefreshRate token ActivityRecord{77b3032 u0 com.google.android.packageinstaller/com.android.packageinstaller.DeleteStagedFileOnResult t6308} rate=1
10-16 01:07:54.779  1652  3240 I ActivityTaskManager: The Process com.google.android.packageinstaller Already Exists in BG. So sending its PID: 19748
10-16 01:07:54.780  1652  3240 W ActivityTaskManager: Tried to set launchTime (0) < mLastActivityLaunchTime (76821623)
10-16 01:07:54.783  1652  3240 D OpProximityController: noteFrontPackageChanged pkg:com.google.android.packageinstaller uid:10155 lpkg:net.oneplus.launcher luid:10142
10-16 01:07:54.783  1652  3240 D OemSceneModeActivityStack: [scene] evaluateGameModes :  gameMsg.arg1=0 gameMsg.arg2=1
10-16 01:07:54.784  1652  3240 E OpScreenModeService: getAppToken ActivityRecord{197e2c2 u0 com.google.android.packageinstaller/com.android.packageinstaller.UninstallerActivity t6308}
10-16 01:07:54.784  1652  3240 E OpScreenModeService: setRefreshRate token ActivityRecord{197e2c2 u0 com.google.android.packageinstaller/com.android.packageinstaller.UninstallerActivity t6308} request refresh rate=-1 tmpRate -1
10-16 01:07:54.784  1652  3240 E OpScreenModeService: setRefreshRate token ActivityRecord{197e2c2 u0 com.google.android.packageinstaller/com.android.packageinstaller.UninstallerActivity t6308} app request rateid=1 fps=90.0
10-16 01:07:54.784  1652  3240 D OpQuickReply: setQuickReplyResumed focusedApp ActivityRecord{197e2c2 u0 com.google.android.packageinstaller/com.android.packageinstaller.UninstallerActivity t6308} pkgName com.google.android.packageinstaller
10-16 01:07:54.784  1652  1806 I DisplayPowerController: useProximityForceSuspend = false
10-16 01:07:54.784  1652  1806 I DisplayPowerController: brightnessState(m):1.0
10-16 01:07:54.784  1652  1806 I RampAnimator: target:1.0 rate:0.7058823 mCurrentValue:1.0 mTargetValue:1.0
10-16 01:07:54.830  1652  1652 V SettingsProvider: Notifying for 0: content://settings/secure/reminder_exp_learning_time_elapsed
10-16 01:07:54.831  1652  1759 D OpScreenModeService: updateRefreshRate token ActivityRecord{197e2c2 u0 com.google.android.packageinstaller/com.android.packageinstaller.UninstallerActivity t6308} rate=1
10-16 01:07:54.832  1652  1787 D ExtBatteryStatsService: ext-flush too soon, skip
10-16 01:07:54.836 19748 19748 D ViewRootImpl: support adaptive color gamut feature!
10-16 01:07:54.844 19748 19748 D ViewRootImpl: support adaptive color gamut feature!
10-16 01:07:54.877  1652  1679 V WindowManager: Orientation start waiting for draw, mDrawState=DRAW_PENDING in Window{158f5b1 u0 com.google.android.packageinstaller/com.android.packageinstaller.UninstallerActivity}, surfaceController Surface(name=com.google.android.packageinstaller/com.android.packageinstaller.UninstallerActivity)/@0xdef671e
10-16 01:07:54.887  1652  3170 I FastCharge: read mChargeType = 0
10-16 01:07:54.892  1652  1679 V WindowManager: Orientation start waiting for draw, mDrawState=DRAW_PENDING in Window{5b79270 u0 com.google.android.packageinstaller/com.android.packageinstaller.UninstallerActivity}, surfaceController Surface(name=com.google.android.packageinstaller/com.android.packageinstaller.UninstallerActivity)/@0xaa81815
10-16 01:07:54.906 19748 19748 D ActivityThread: pid:19748 tid:19748 doframe Callback
10-16 01:07:54.915  1652  1799 I 322     : com.google.android.packageinstaller#-1#150
10-16 01:07:55.285  1652  1759 D OemSceneModeActivityStack: [scene] handleEvaluateGameMode enabled: false
10-16 01:07:55.289  1652  1652 V SettingsProvider: Notifying for 0: content://settings/system/rading_mode_status_auto
10-16 01:07:55.292  2513  3313 I OIMC    : notified , mode ColorReadMode changeTo 2
10-16 01:07:55.292  2513  2574 I OIMC_CORE: handleMessage:   MODE_EXIT, arg1: 0, arg2: 0, obj: com.oneplus.server.oimc.gwy@79b095b
10-16 01:07:55.292  2513  2574 I OIMC_CORE: The mode: ColorReadMode is not entered
10-16 01:07:55.293  2513  3313 I OIMC    : notified , mode ReadMode changeTo 2
10-16 01:07:55.293  2513  2574 I OIMC_CORE: handleMessage:   MODE_EXIT, arg1: 0, arg2: 0, obj: com.oneplus.server.oimc.gwy@13ee5f8
10-16 01:07:55.293  2513  2574 I OIMC_CORE: The mode: ReadMode is not entered
10-16 01:07:55.295  1652  1652 V SettingsProvider: Notifying for 0: content://settings/system/rading_mode_status_auto
10-16 01:07:55.612  1652  3304 D PackageManager: deletePackageAsUser: pkg=com.siue.uhh.Uhh user=0 deleteAllUsers: false version=VERSION_CODE_HIGHEST
10-16 01:07:55.614  1652  1814 D PackageManager: deletePackageX: pkg=com.siue.uhh.Uhh user=0
10-16 01:07:55.615  1652  1772 I ActivityManager: Force stopping com.siue.uhh.Uhh appid=10040 user=0: deletePackageX
10-16 01:07:55.615  1652  1814 D PackageManager: deletePackageLI: com.siue.uhh.Uhh user UserHandle{0}
10-16 01:07:55.615  1652  1814 D PackageManager: Marking package:com.siue.uhh.Uhh uninstalled for user:0
10-16 01:07:55.615  1652  1814 D PackageManager: Not installed by other users, full delete
10-16 01:07:55.616  1652  1814 D PackageManager: Removing non-system package: com.siue.uhh.Uhh
10-16 01:07:55.616  1652  1814 D PackageManager: removePackageDataLI: PackageSetting{add141 com.siue.uhh.Uhh/10040}
10-16 01:07:55.620  1652  1772 I ActivityManager: Killing 19747:com.siue.uhh.Uhh/u0a40 (adj 700): stop com.siue.uhh.Uhh due to deletePackageX
10-16 01:07:55.621  1652  1772 W ProcessStats: setState index out of bounds. index: -1 length: 20
10-16 01:07:55.637  1652  1772 W ProcessStats: setState index out of bounds. index: -1 length: 20
10-16 01:07:55.642  1652  5870 D OemSceneModeActivityStack: [scene] evaluateGameModes :  gameMsg.arg1=0 gameMsg.arg2=1
10-16 01:07:55.648  1652  5870 E OpScreenModeService: getAppToken ActivityRecord{77b3032 u0 com.google.android.packageinstaller/com.android.packageinstaller.DeleteStagedFileOnResult t6308}
10-16 01:07:55.648  1652  5870 E OpScreenModeService: setRefreshRate token ActivityRecord{77b3032 u0 com.google.android.packageinstaller/com.android.packageinstaller.DeleteStagedFileOnResult t6308} request refresh rate=-1 tmpRate -1
10-16 01:07:55.648  1652  5870 E OpScreenModeService: setRefreshRate token ActivityRecord{77b3032 u0 com.google.android.packageinstaller/com.android.packageinstaller.DeleteStagedFileOnResult t6308} app request rateid=1 fps=90.0
10-16 01:07:55.648  1652  5870 D OpQuickReply: setQuickReplyResumed focusedApp ActivityRecord{77b3032 u0 com.google.android.packageinstaller/com.android.packageinstaller.DeleteStagedFileOnResult t6308} pkgName com.google.android.packageinstaller
10-16 01:07:55.671  1652  1772 W ActivityTaskManager: Force removing ActivityRecord{b85a18d u0 com.siue.uhh.Uhh/org.beeware.android.MainActivity t6310 f}}: app died, no saved state
10-16 01:07:55.680  1652  5870 D OemSceneModeActivityStack: [scene] Remove message EVALUATE_GAME_MODE_MSG
10-16 01:07:55.708  1652  1679 D OpProximityController: noteFrontPackageChanged pkg:net.oneplus.launcher uid:10142 lpkg:com.google.android.packageinstaller luid:10155
10-16 01:07:55.708  1652  1806 I DisplayPowerController: useProximityForceSuspend = false
10-16 01:07:55.708  1652  1806 I DisplayPowerController: brightnessState(m):1.0
10-16 01:07:55.708  1652  1679 D OemSceneModeActivityStack: [scene] evaluateGameModes :  gameMsg.arg1=0 gameMsg.arg2=1
10-16 01:07:55.708  1652  1806 I RampAnimator: target:1.0 rate:0.7058823 mCurrentValue:1.0 mTargetValue:1.0
10-16 01:07:55.709  1652  1679 E OpScreenModeService: getAppToken ActivityRecord{71c0fc3 u0 net.oneplus.launcher/.Launcher t6221}
10-16 01:07:55.709  1652  1679 E OpScreenModeService: setRefreshRate token ActivityRecord{71c0fc3 u0 net.oneplus.launcher/.Launcher t6221} request refresh rate=-1 tmpRate -1
10-16 01:07:55.709  1652  1679 E OpScreenModeService: setRefreshRate token ActivityRecord{71c0fc3 u0 net.oneplus.launcher/.Launcher t6221} app request rateid=1 fps=90.0
10-16 01:07:55.709  1652  1679 D OpQuickReply: setQuickReplyResumed focusedApp ActivityRecord{71c0fc3 u0 net.oneplus.launcher/.Launcher t6221} pkgName net.oneplus.launcher
10-16 01:07:55.722  1652  1678 W WindowManager: Cannot find window which accessibility connection is added to
10-16 01:07:55.745  1652  1787 I ActivityManager: Killing 13154:com.google.android.keep/u0a323 (adj 999): empty #31
10-16 01:07:55.766  1652  1757 W Looper  : Slow dispatch took 148ms android.ui h=com.android.server.am.ActivityManagerService$UiHandler c=null m=53
10-16 01:07:55.769  1652  1759 D OpScreenModeService: updateRefreshRate token ActivityRecord{77b3032 u0 com.google.android.packageinstaller/com.android.packageinstaller.DeleteStagedFileOnResult t6308 f} isExiting} rate=1
10-16 01:07:55.774  1652  3304 D ConnectivityService: requestNetwork for uid/pid:10142/30519 NetworkRequest [ TRACK_DEFAULT id=1990, [ Capabilities: INTERNET&NOT_RESTRICTED&TRUSTED Uid: 10142 AdministratorUids: [] RequestorUid: 10142 RequestorPackageName: net.oneplus.launcher] ]
10-16 01:07:55.774  1652  2421 D ConnectivityService: NetReassign [1990 : null  124]
10-16 01:07:55.798  1652  1759 D OpScreenModeService: updateRefreshRate token ActivityRecord{71c0fc3 u0 net.oneplus.launcher/.Launcher t6221} rate=1
10-16 01:07:55.802  1652  1759 W ActivityManager: setHasOverlayUi called on unknown pid: 19747
10-16 01:07:55.824  1652  1814 D OpSensitivePermGrantPolicyManager: allow refined permission com.oplus.permission.safe.SECURITY for com.oneplus.account
10-16 01:07:55.824  1652  1814 D OpSensitivePermGrantPolicyManager: allow refined permission oplus.permission.OPLUS_COMPONENT_SAFE for com.oneplus.account
10-16 01:07:55.845  1652  1814 D OpSensitivePermGrantPolicyManager: no OplusPermissionKey in com.oneplus.gallery
10-16 01:07:55.845  1652  1814 D OpSensitivePermGrantPolicyManager: allow refined permission oplus.permission.OPLUS_COMPONENT_SAFE for com.oneplus.gallery
10-16 01:07:55.849  1652  5870 W ProcessStats: setState index out of bounds. index: -1 length: 20
10-16 01:07:55.849  1652  5870 W ProcessStats: setState index out of bounds. index: -1 length: 20
10-16 01:07:55.852  1652  3113 D OPBF    : setCGroupState():tofreeze=false, uid:10323 pkg:com.google.android.keep --->>> ok reason:app died cause by pid 13154
10-16 01:07:55.876  1652  1814 D OpSensitivePermGrantPolicyManager: no meta-data or package name in pkg
10-16 01:07:55.879  1652  1814 D PackageManager: Propagating install state across downgrade
10-16 01:07:55.879  1652  1814 D PackageManager:     user 0 => true
10-16 01:07:56.151  1652  1652 D NotificationService: 0|com.google.android.packageinstaller|-2147483647|null|10155: granting content://settings/system/notification_sound
10-16 01:07:56.152  1652  1679 W ActivityManager: Slow operation: 238ms so far, now at getContentProviderImpl: before checkContentProviderPermission
10-16 01:07:56.152  1652  1679 W ActivityManager: Slow operation: 238ms so far, now at getContentProviderImpl: after checkContentProviderPermission
10-16 01:07:56.152  1652  1679 W ActivityManager: Slow operation: 238ms so far, now at getContentProviderImpl: incProviderCountLocked
10-16 01:07:56.152  1652  1679 W ActivityManager: Slow operation: 238ms so far, now at getContentProviderImpl: before updateLruProcess
10-16 01:07:56.152  1652  1679 W ActivityManager: Slow operation: 238ms so far, now at getContentProviderImpl: after updateLruProcess
10-16 01:07:56.152  1652  1679 W ActivityManager: Slow operation: 238ms so far, now at getContentProviderImpl: before updateOomAdj
10-16 01:07:56.153  1652  1652 D NotificationService: 0|com.google.android.packageinstaller|-2147483647|null|10155: granting content://settings/system/notification_sound
10-16 01:07:56.153  1652  1652 I chatty  : uid=1000(system) Binder:1652_3 identical 2 lines
10-16 01:07:56.153  1652  1652 D NotificationService: 0|com.google.android.packageinstaller|-2147483647|null|10155: granting content://settings/system/notification_sound
10-16 01:07:56.153  1652  1679 W ActivityManager: Slow operation: 239ms so far, now at getContentProviderImpl: after updateOomAdj
10-16 01:07:56.153  1652  1679 W ActivityManager: Slow operation: 239ms so far, now at getContentProviderImpl: done!
10-16 01:07:56.153  1652  1652 D NotificationService: 0|com.google.android.packageinstaller|-2147483647|null|10155: granting content://settings/system/notification_sound
10-16 01:07:56.155  1652  2421 D ConnectivityService: releasing NetworkRequest [ TRACK_DEFAULT id=1990, [ Capabilities: INTERNET&NOT_RESTRICTED&TRUSTED Uid: 10142 AdministratorUids: [] RequestorUid: 10142 RequestorPackageName: net.oneplus.launcher] ] (release request)
10-16 01:07:56.174  1652  1652 W NotificationHistory: Attempted to add notif for locked/gone/disabled user 0
10-16 01:07:56.174  1652  1652 W Looper  : Slow dispatch took 360ms main h=com.android.server.notification.NotificationManagerService$WorkerHandler c=com.android.server.notification.NotificationManagerService$PostNotificationRunnable@b406b70 m=0
10-16 01:07:56.174  1652  1652 W Looper  : Slow delivery took 342ms main h=android.app.ActivityThread$H c=null m=131
10-16 01:07:56.208  1652  1759 D OemSceneModeActivityStack: [scene] handleEvaluateGameMode enabled: false
10-16 01:07:56.304  1652  1787 D ExtBatteryStatsService: @@@@ awaitUninterruptibly in 504 ms
10-16 01:07:56.308  1652  1652 W Looper  : Slow dispatch took 131ms main h=com.android.server.job.JobSchedulerService$JobHandler c=null m=3
10-16 01:07:56.309  1652  1652 V SettingsProvider: Notifying for 0: content://settings/system/rading_mode_status_auto
10-16 01:07:56.329  1652  1652 W Looper  : Drained
10-16 01:07:56.330  2513  3313 I OIMC    : notified , mode ColorReadMode changeTo 2
10-16 01:07:56.330  2513  2574 I OIMC_CORE: handleMessage:   MODE_EXIT, arg1: 0, arg2: 0, obj: com.oneplus.server.oimc.gwy@7a9aad1
10-16 01:07:56.330  2513  2574 I OIMC_CORE: The mode: ColorReadMode is not entered
10-16 01:07:56.330  2513  3313 I OIMC    : notified , mode ReadMode changeTo 2
10-16 01:07:56.331  2513  2574 I OIMC_CORE: handleMessage:   MODE_EXIT, arg1: 0, arg2: 0, obj: com.oneplus.server.oimc.gwy@3ef9936
10-16 01:07:56.331  2513  2574 I OIMC_CORE: The mode: ReadMode is not entered
10-16 01:07:56.331  1652  1652 V SettingsProvider: Notifying for 0: content://settings/system/rading_mode_status_auto
10-16 01:07:56.487  1652  1814 I ActivityManager: Force stopping com.siue.uhh.Uhh appid=10040 user=0: pkg removed
10-16 01:07:56.948  1652  1814 I ActivityManager: Force stopping com.siue.uhh.Uhh appid=10040 user=0: pkg removed
10-16 01:07:56.999  1652  1756 I RoleManagerService: Granting default roles...
10-16 01:07:57.007  1652  1756 E PackageManager: failed to find package com.siue.uhh.Uhh
10-16 01:07:57.007  1652  1756 E OverlayManager: Failed to change enabled overlays for com.siue.uhh.Uhh user 0
10-16 01:07:57.008  1652  2403 V StorageManagerService: Package com.siue.uhh.Uhh does not have legacy storage
10-16 01:07:57.044  1652  2024 I RollbackManager: broadcast=ACTION_PACKAGE_FULLY_REMOVED pkg=com.siue.uhh.Uhh
10-16 01:07:57.048  1652  1772 W BroadcastQueue: Background execution not allowed: receiving Intent { act=android.intent.action.PACKAGE_REMOVED dat=package:com.siue.uhh.Uhh flg=0x4000010 (has extras) } to com.android.settings/com.oneplus.settings.receiver.SettingsReceiver
10-16 01:07:57.058  2585  2585 D ViewRootImpl: support adaptive color gamut feature!
10-16 01:07:57.160  1652  1772 W BroadcastQueue: Background execution not allowed: receiving Intent { act=android.intent.action.PACKAGE_REMOVED dat=package:com.siue.uhh.Uhh flg=0x4000010 (has extras) } to com.android.vending/com.google.android.finsky.packagemanager.impl.PackageMonitorReceiverImpl$RegisteredReceiver
10-16 01:07:57.182  1652  1756 W Looper  : Slow dispatch took 179ms android.fg h=android.os.Handler c=com.android.server.om.-$$Lambda$OverlayManagerService$OverlayChangeListener$RqnNCimIdMg_83f3DU2hmnladDM@dc69771 m=0
10-16 01:07:57.199  1652  1757 W Looper  : Slow dispatch took 714ms android.ui h=com.android.server.am.ActivityManagerService$UiHandler c=null m=53
10-16 01:07:57.216  1652  1772 W BroadcastQueue: Background execution not allowed: receiving Intent { act=android.intent.action.PACKAGE_REMOVED dat=package:com.siue.uhh.Uhh flg=0x4000010 (has extras) } to com.google.android.apps.maps/com.google.android.libraries.social.peoplekit.thirdparty.viewcontrollers.ThirdPartyReceiver
10-16 01:07:57.217  1652  1772 W BroadcastQueue: Background execution not allowed: receiving Intent { act=android.intent.action.PACKAGE_REMOVED dat=package:com.siue.uhh.Uhh flg=0x4000010 (has extras) } to com.google.android.apps.photos/com.google.android.libraries.social.peoplekit.thirdparty.viewcontrollers.ThirdPartyReceiver
10-16 01:07:57.218  1652  1757 W Looper  : Slow delivery took 715ms android.ui h=com.android.server.am.ActivityManagerService$UiHandler c=null m=31
10-16 01:07:57.220  1652  1772 W BroadcastQueue: Background execution not allowed: receiving Intent { act=android.intent.action.PACKAGE_REMOVED dat=package:com.siue.uhh.Uhh flg=0x4000010 (has extras) } to com.google.android.gms/.games.chimera.GamesSystemBroadcastReceiverProxy
10-16 01:07:57.225  1652  1652 D CompatibilityChangeReporter: Compat change id reported: 135634846; UID 1000; state: DISABLED
10-16 01:07:57.225  1652  1652 D CompatibilityChangeReporter: Compat change id reported: 135754954; UID 1000; state: ENABLED
10-16 01:07:57.226  1652  1652 W Looper  : Slow dispatch took 230ms main h=android.app.ActivityThread$H c=android.app.-$$Lambda$LoadedApk$ReceiverDispatcher$Args$_BumDX2UKsnxLVrE6UJsJZkotuA@15cbe3a m=0
10-16 01:07:57.227  1652  1772 W BroadcastQueue: Background execution not allowed: receiving Intent { act=android.intent.action.PACKAGE_REMOVED dat=package:com.siue.uhh.Uhh flg=0x4000010 (has extras) } to com.google.android.gms/.chimera.GmsIntentOperationService$PersistentTrustedReceiver
10-16 01:07:57.228  1652  1772 W BroadcastQueue: Background execution not allowed: receiving Intent { act=android.intent.action.PACKAGE_REMOVED dat=package:com.siue.uhh.Uhh flg=0x4000010 (has extras) } to com.google.android.googlequicksearchbox/com.google.android.apps.gsa.googlequicksearchbox.GelStubAppWatcher
10-16 01:07:57.229  1652  1772 W BroadcastQueue: Background execution not allowed: receiving Intent { act=android.intent.action.PACKAGE_REMOVED dat=package:com.siue.uhh.Uhh flg=0x4000010 (has extras) } to com.sand.airdroid/.components.apk.AppPackageReceiver
10-16 01:07:57.232  1652  1772 W BroadcastQueue: Background execution not allowed: receiving Intent { act=android.intent.action.PACKAGE_REMOVED dat=package:com.siue.uhh.Uhh flg=0x4000010 (has extras) } to com.android.vending/com.google.android.finsky.instantapps.appmanagement.InstantAppRemoveMonitor
10-16 01:07:57.232  1652  1772 W BroadcastQueue: Background execution not allowed: receiving Intent { act=android.intent.action.PACKAGE_REMOVED dat=package:com.siue.uhh.Uhh flg=0x4000010 (has extras) } to com.mgoogle.android.gms/org.microg.gms.gcm.UnregisterReceiver
10-16 01:07:57.239  1652  1772 W BroadcastQueue: Background execution not allowed: receiving Intent { act=android.intent.action.PACKAGE_REMOVED dat=package:com.siue.uhh.Uhh flg=0x4000010 (has extras) } to com.oneplus.note/.service.UninstallReceiver
10-16 01:07:57.239  1652  1772 W BroadcastQueue: Background execution not allowed: receiving Intent { act=android.intent.action.PACKAGE_REMOVED dat=package:com.siue.uhh.Uhh flg=0x4000010 (has extras) } to net.oneplus.widget/.appwidget.WeatherExistReceiver
10-16 01:07:57.256  1652  1757 W Looper  : Drained
10-16 01:07:57.274  1652  1773 W ActivityManager: Slow operation: 53ms so far, now at startProcess: returned from zygote!
10-16 01:07:57.277  1652  1773 W ActivityManager: Slow operation: 56ms so far, now at startProcess: done updating battery stats
10-16 01:07:57.277  1652  1773 W ActivityManager: Slow operation: 56ms so far, now at startProcess: building log message
10-16 01:07:57.277  1652  1773 I ActivityManager: Start proc 17728:com.android.keychain/1000 for service {com.android.keychain/com.android.keychain.KeyChainService}
10-16 01:07:57.277  1652  1773 W ActivityManager: Slow operation: 56ms so far, now at startProcess: starting to update pids map
10-16 01:07:57.277  1652  1773 W ActivityManager: Slow operation: 57ms so far, now at startProcess: done updating pids map
10-16 01:07:57.388  1652  3668 W BluetoothManagerService: registerAdapter, callback: android.bluetooth.IBluetoothManagerCallback$Stub$Proxy@b818e77
10-16 01:07:57.404  1652  1652 W Looper  : Slow delivery took 230ms main h=android.app.ActivityThread$H c=android.app.-$$Lambda$LoadedApk$ReceiverDispatcher$Args$_BumDX2UKsnxLVrE6UJsJZkotuA@4d3792a m=0
10-16 01:07:57.404  1652  1652 W Looper  : Slow dispatch took 178ms main h=android.app.ActivityThread$H c=android.app.-$$Lambda$LoadedApk$ReceiverDispatcher$Args$_BumDX2UKsnxLVrE6UJsJZkotuA@4d3792a m=0
10-16 01:07:57.407  1652  1756 W Looper  : Slow dispatch took 180ms android.fg h=android.os.Handler c=<recycled PooledLambda@182f660> m=0
10-16 01:07:57.450  1652  1756 W Looper  : Slow delivery took 248ms android.fg h=android.os.Handler c=<recycled PooledLambda@d3271d3> m=0
10-16 01:07:57.475  1652  3300 E IntervalStats: Unable to parse usage stats package 5
10-16 01:07:57.475  1652  3300 E IntervalStats: Unable to parse usage stats package 11
10-16 01:07:57.475  1652  3300 E IntervalStats: Unable to parse usage stats package 16
10-16 01:07:57.475  1652  3300 E IntervalStats: Unable to parse usage stats package 17
10-16 01:07:57.475  1652  3300 E IntervalStats: Unable to parse usage stats package 19
10-16 01:07:57.475  1652  3300 E IntervalStats: Unable to parse usage stats package 31
10-16 01:07:57.475  1652  3300 E IntervalStats: Unable to parse usage stats package 34
10-16 01:07:57.475  1652  3300 E IntervalStats: Unable to parse usage stats package 38
10-16 01:07:57.475  1652  3300 E IntervalStats: Unable to parse usage stats package 42
10-16 01:07:57.475  1652  3300 E IntervalStats: Unable to parse usage stats package 44
10-16 01:07:57.475  1652  3300 E IntervalStats: Unable to parse usage stats package 50
10-16 01:07:57.475  1652  3300 E IntervalStats: Unable to parse usage stats package 61
10-16 01:07:57.475  1652  3300 E IntervalStats: Unable to parse usage stats package 70
10-16 01:07:57.475  1652  3300 E IntervalStats: Unable to parse usage stats package 86
10-16 01:07:57.475  1652  3300 E IntervalStats: Unable to parse usage stats package 91
10-16 01:07:57.475  1652  3300 E IntervalStats: Unable to parse usage stats package 98
10-16 01:07:57.475  1652  3300 E IntervalStats: Unable to parse usage stats package 107
10-16 01:07:57.475  1652  3300 E IntervalStats: Unable to parse usage stats package 109
10-16 01:07:57.475  1652  3300 E IntervalStats: Unable to parse usage stats package 118
10-16 01:07:57.475  1652  3300 E IntervalStats: Unable to parse usage stats package 121
10-16 01:07:57.475  1652  3300 E IntervalStats: Unable to parse usage stats package 128
10-16 01:07:57.475  1652  3300 E IntervalStats: Unable to parse usage stats package 129
10-16 01:07:57.475  1652  3300 E IntervalStats: Unable to parse usage stats package 140
10-16 01:07:57.475  1652  3300 E IntervalStats: Unable to parse usage stats package 146
10-16 01:07:57.475  1652  3300 E IntervalStats: Unable to parse usage stats package 147
10-16 01:07:57.476  1652  3300 E IntervalStats: Unable to parse usage stats package 174
10-16 01:07:57.476  1652  3300 E IntervalStats: Unable to parse usage stats package 175
10-16 01:07:57.476  1652  3300 E IntervalStats: Unable to parse usage stats package 177
10-16 01:07:57.476  1652  3300 E IntervalStats: Unable to parse usage stats package 184
10-16 01:07:57.476  1652  3300 E IntervalStats: Unable to parse usage stats package 185
10-16 01:07:57.476  1652  3300 E IntervalStats: Unable to parse usage stats package 230
10-16 01:07:57.476  1652  3300 E IntervalStats: Unable to parse usage stats package 247
10-16 01:07:57.476  1652  3300 E IntervalStats: Unable to parse usage stats package 250
10-16 01:07:57.476  1652  3300 E IntervalStats: Unable to parse usage stats package 253
10-16 01:07:57.476  1652  3300 E IntervalStats: Unable to parse usage stats package 265
10-16 01:07:57.476  1652  3300 E IntervalStats: Unable to parse usage stats package 296
10-16 01:07:57.476  1652  3300 E IntervalStats: Unable to parse usage stats package 322
10-16 01:07:57.476  1652  3300 E IntervalStats: Unable to parse usage stats package 324
10-16 01:07:57.476  1652  3300 E IntervalStats: Unable to parse usage stats package 326
10-16 01:07:57.476  1652  3300 E IntervalStats: Unable to parse usage stats package 357
10-16 01:07:57.476  1652  3300 E IntervalStats: Unable to parse usage stats package 366
10-16 01:07:57.476  1652  3300 E IntervalStats: Unable to parse usage stats package 367
10-16 01:07:57.476  1652  3300 E IntervalStats: Unable to parse usage stats package 370
10-16 01:07:57.476  1652  3300 E IntervalStats: Unable to parse usage stats package 384
10-16 01:07:57.476  1652  3300 E IntervalStats: Unable to parse usage stats package 385
10-16 01:07:57.476  1652  3300 E IntervalStats: Unable to parse usage stats package 386
10-16 01:07:57.476  1652  3300 E IntervalStats: Unable to parse usage stats package 397
10-16 01:07:57.476  1652  3300 E IntervalStats: Unable to parse usage stats package 398
10-16 01:07:57.476  1652  3300 E IntervalStats: Unable to parse usage stats package 421
10-16 01:07:57.476  1652  3300 E IntervalStats: Unable to parse usage stats package 422
10-16 01:07:57.476  1652  3300 E IntervalStats: Unable to parse usage stats package 432
10-16 01:07:57.476  1652  3300 E IntervalStats: Unable to parse usage stats package 446
10-16 01:07:57.476  1652  3300 E IntervalStats: Unable to parse usage stats package 462
10-16 01:07:57.476  1652  3300 E IntervalStats: Unable to parse usage stats package 466
10-16 01:07:57.476  1652  3300 E IntervalStats: Unable to parse usage stats package 468
10-16 01:07:57.476  1652  3300 E IntervalStats: Unable to parse usage stats package 564
10-16 01:07:57.476  1652  3300 E IntervalStats: Unable to parse usage stats package 565
10-16 01:07:57.476  1652  3300 E IntervalStats: Unable to parse usage stats package 567
10-16 01:07:57.560  1652  1652 D OpenIdManager: Receive package change broadcast, action=android.intent.action.PACKAGE_REMOVED
10-16 01:07:57.560  1652  1652 D OpenIdManager: Handle broadcast for package com.siue.uhh.Uhh, replacing=false, uid=10040
10-16 01:07:57.655  1652  1652 I Telecom : DefaultDialerCache: Refreshing default dialer for user 0: now com.oneplus.dialer: DDC.oR@J1k
10-16 01:07:57.673  1652  1652 I ConditionProviders: Disallowing condition provider com.siue.uhh.Uhh
10-16 01:07:57.727  1652  1652 V SettingsProvider: Notifying for 0: content://settings/global/zen_mode_config_etag
10-16 01:07:57.727  1652  1652 W Looper  : Drained
10-16 01:07:57.892  1652  1652 W Looper  : Slow dispatch took 154ms main h=com.android.server.job.JobSchedulerService$JobHandler c=null m=4
10-16 01:07:58.274  1652  1756 W Looper  : Drained
10-16 01:07:58.785  1652  1787 D ExtBatteryStatsService: ext-flush too soon, skip
10-16 01:07:58.791  1652  3388 D CompatibilityChangeReporter: Compat change id reported: 136219221; UID 10193; state: ENABLED
10-16 01:07:58.854  1652  3668 D CompatibilityChangeReporter: Compat change id reported: 135634846; UID 10231; state: DISABLED
10-16 01:07:58.854  1652  3668 D CompatibilityChangeReporter: Compat change id reported: 135754954; UID 10231; state: ENABLED
10-16 01:07:58.855  1652  1773 D CompatibilityChangeReporter: Compat change id reported: 143937733; UID 10231; state: ENABLED
10-16 01:07:58.885  1652  1773 I ActivityManager: Start proc 17775:com.android.chrome/u0a231 for broadcast {com.android.chrome/org.chromium.chrome.browser.browserservices.ClientAppBroadcastReceiver}
10-16 01:07:58.997  1652  1652 D NotificationService: 0|com.google.android.apps.wellbeing|174344743|null|10193: granting content://settings/system/notification_sound
10-16 01:07:58.998  1652  1652 I chatty  : uid=1000(system) Binder:1652_3 identical 4 lines
10-16 01:07:58.998  1652  1652 D NotificationService: 0|com.google.android.apps.wellbeing|174344743|null|10193: granting content://settings/system/notification_sound
10-16 01:07:59.004  1652  1652 W NotificationHistory: Attempted to add notif for locked/gone/disabled user 0
10-16 01:07:59.139  1652  3300 D CompatibilityChangeReporter: Compat change id reported: 135634846; UID 10131; state: DISABLED
10-16 01:07:59.139  1652  3300 D CompatibilityChangeReporter: Compat change id reported: 135754954; UID 10131; state: ENABLED
10-16 01:07:59.140  1652  1773 D CompatibilityChangeReporter: Compat change id reported: 143937733; UID 10131; state: ENABLED
10-16 01:07:59.167  1652  1773 I ActivityManager: Start proc 17805:com.google.android.documentsui/u0a131 for broadcast {com.google.android.documentsui/com.android.documentsui.PackageReceiver}
10-16 01:07:59.402  1652  5872 D CompatibilityChangeReporter: Compat change id reported: 135634846; UID 10226; state: DISABLED
10-16 01:07:59.402  1652  5872 D CompatibilityChangeReporter: Compat change id reported: 135754954; UID 10226; state: ENABLED
10-16 01:07:59.402  1652  1773 D CompatibilityChangeReporter: Compat change id reported: 143937733; UID 10226; state: ENABLED
10-16 01:07:59.424  1652  1773 I ActivityManager: Start proc 17829:com.google.android.apps.docs/u0a226 for content provider {com.google.android.apps.docs/com.google.android.apps.docs.storagebackend.StorageBackendContentProvider}
10-16 01:07:59.491  1652  3301 I ActivityManager: Killing 12840:com.google.android.apps.dynamite/u0a10 (adj 999): empty #31
10-16 01:07:59.506  1652  3301 I ActivityManager: Killing 13193:com.google.android.play.games/u0a278 (adj 999): empty #32
10-16 01:07:59.540 17829 17829 I 100     : Open /data/app/~~28xMrISn7qo0fz1FDsuhOg==/com.google.android.apps.docs-RKzn5Jx5BfjCdUxpS3jW0w==/base.apk took:60ms
10-16 01:07:59.583  1652  3668 W ProcessStats: setState index out of bounds. index: -1 length: 20
10-16 01:07:59.583  1652  3668 W ProcessStats: setState index out of bounds. index: -1 length: 20
10-16 01:07:59.586  1652  3113 D OPBF    : setCGroupState():tofreeze=false, uid:10278 pkg:com.google.android.play.games --->>> ok reason:app died cause by pid 13193
10-16 01:07:59.593  1652  3668 W ProcessStats: setState index out of bounds. index: -1 length: 20
10-16 01:07:59.594  1652  3004 D ConnectivityService: ConnectivityService NetworkRequestInfo binderDied(NetworkRequest [ TRACK_DEFAULT id=1959, [ Capabilities: INTERNET&NOT_RESTRICTED&TRUSTED Uid: 10010 AdministratorUids: [] RequestorUid: 10010 RequestorPackageName: com.google.android.apps.dynamite] ], android.os.BinderProxy@ddceb03)
10-16 01:07:59.594  1652  3240 D ConnectivityService: ConnectivityService NetworkRequestInfo binderDied(NetworkRequest [ LISTEN id=1960, [ Capabilities: INTERNET&NOT_RESTRICTED&TRUSTED&FOREGROUND Uid: 10010 AdministratorUids: [] RequestorUid: 10010 RequestorPackageName: com.google.android.apps.dynamite] ], android.os.BinderProxy@dfd2a80)
10-16 01:07:59.595  1652  2421 D ConnectivityService: releasing NetworkRequest [ TRACK_DEFAULT id=1959, [ Capabilities: INTERNET&NOT_RESTRICTED&TRUSTED Uid: 10010 AdministratorUids: [] RequestorUid: 10010 RequestorPackageName: com.google.android.apps.dynamite] ] (release request)
10-16 01:07:59.595  1652  3668 W ProcessStats: setState index out of bounds. index: -1 length: 20
10-16 01:07:59.598  1652  3113 D OPBF    : setCGroupState():tofreeze=false, uid:10010 pkg:com.google.android.apps.dynamite --->>> ok reason:app died cause by pid 12840
10-16 01:08:00.000  1652  2029 V AlarmManager: Triggering alarm #0: 3 when =121280979 package =android operation = null listenTag =TIME_TICK flags =0x1
10-16 01:08:00.501  1652  1652 I ActivityManager: Killing 13385:com.google.android.googlequicksearchbox/u0a201 (adj 999): empty #31
10-16 01:08:00.504  1652  2434 W NotificationService: Toast already killed. pkg=com.google.android.packageinstaller token=android.os.BinderProxy@8aa0b89
10-16 01:08:00.556  1652  5988 W ProcessStats: setState index out of bounds. index: -1 length: 20
10-16 01:08:00.556  1652  5988 W ProcessStats: setState index out of bounds. index: -1 length: 20
10-16 01:08:00.967  1652  3667 W BluetoothManagerService: registerAdapter, callback: android.bluetooth.IBluetoothManagerCallback$Stub$Proxy@38c4db3
10-16 01:08:00.994  1652  1756 W Looper  : Slow dispatch took 110ms android.fg h=android.os.Handler c=<recycled PooledLambda@c00c9c9> m=0
10-16 01:08:01.057  1652  1652 W Looper  : Slow delivery took 210ms main h=android.app.ActivityThread$H c=android.app.-$$Lambda$LoadedApk$ReceiverDispatcher$Args$_BumDX2UKsnxLVrE6UJsJZkotuA@a2ec4f9 m=0
