10-16 09:25:25.698  1652  3113 D OPBF    : setCGroupState():tofreeze=false, uid:10370 pkg:com.vanced.android.youtube --->>> ok reason:start perform hasTimeout broadcast for action = android.intent.action.SCREEN_OFF
10-16 09:25:25.701  1652  3113 D OPBF    : setCGroupState():tofreeze=false, uid:10028 pkg:com.zhiliaoapp.musically --->>> ok reason:start perform hasTimeout broadcast for action = android.intent.action.SCREEN_OFF
10-16 09:25:25.726  1652  3113 D OPBF    : setCGroupState():tofreeze=false, uid:10022 pkg:com.instagram.android --->>> ok reason:start perform hasTimeout broadcast for action = android.intent.action.SCREEN_OFF
10-16 09:25:25.732  1652  3113 D OPBF    : setCGroupState():tofreeze=false, uid:10382 pkg:com.google.android.apps.youtube.creator --->>> ok reason:start perform hasTimeout broadcast for action = android.intent.action.SCREEN_OFF
10-16 09:25:26.452  1652  1770 I FastCharge: read mChargeType = 0
10-16 09:25:26.454  2513  2513 W ContextImpl: Calling a method in the system process without a qualified user: android.app.ContextImpl.sendBroadcast:1122 android.content.ContextWrapper.sendBroadcast:468 com.oneplus.coreservice.BroadcastDispatch.xne$mab.onReceive:122 android.app.LoadedApk$ReceiverDispatcher$Args.lambda$getRunnable$0$LoadedApk$ReceiverDispatcher$Args:1566 android.app.-$$Lambda$LoadedApk$ReceiverDispatcher$Args$_BumDX2UKsnxLVrE6UJsJZkotuA.run:2 
10-16 09:25:28.085  1652  1770 I FastCharge: read mChargeType = 0
10-16 09:25:28.089  2513  2513 W ContextImpl: Calling a method in the system process without a qualified user: android.app.ContextImpl.sendBroadcast:1122 android.content.ContextWrapper.sendBroadcast:468 com.oneplus.coreservice.BroadcastDispatch.xne$mab.onReceive:122 android.app.LoadedApk$ReceiverDispatcher$Args.lambda$getRunnable$0$LoadedApk$ReceiverDispatcher$Args:1566 android.app.-$$Lambda$LoadedApk$ReceiverDispatcher$Args$_BumDX2UKsnxLVrE6UJsJZkotuA.run:2 
10-16 09:25:33.853  1652  2029 V AlarmManager: Triggering alarm #0: 3 when =151134832 package =android operation = null listenTag =*job.delay* flags =0x0
10-16 09:25:34.485  1652  1770 I FastCharge: read mChargeType = 0
10-16 09:25:34.487  2513  2513 W ContextImpl: Calling a method in the system process without a qualified user: android.app.ContextImpl.sendBroadcast:1122 android.content.ContextWrapper.sendBroadcast:468 com.oneplus.coreservice.BroadcastDispatch.xne$mab.onReceive:122 android.app.LoadedApk$ReceiverDispatcher$Args.lambda$getRunnable$0$LoadedApk$ReceiverDispatcher$Args:1566 android.app.-$$Lambda$LoadedApk$ReceiverDispatcher$Args$_BumDX2UKsnxLVrE6UJsJZkotuA.run:2 
10-16 09:25:39.907  1652  1787 D ExtBatteryStatsService: @@@@ awaitUninterruptibly in 129 ms
10-16 09:25:40.000  1652  1787 D ExtBatteryStatsService: ext-flush too soon, skip
10-16 09:25:40.518  1652  3314 W ProcessStats: Tracking association SourceState{43669a org.uhh.myapp/10041 Top #428508} whose proc state 1 is better than process ProcessState{7259f86 com.oneplus.config/1000 pkg=com.oneplus.config} proc state 2 (43 skipped)
10-16 09:25:41.524  1652  1770 I FastCharge: read mChargeType = 0
10-16 09:25:41.526  2513  2513 W ContextImpl: Calling a method in the system process without a qualified user: android.app.ContextImpl.sendBroadcast:1122 android.content.ContextWrapper.sendBroadcast:468 com.oneplus.coreservice.BroadcastDispatch.xne$mab.onReceive:122 android.app.LoadedApk$ReceiverDispatcher$Args.lambda$getRunnable$0$LoadedApk$ReceiverDispatcher$Args:1566 android.app.-$$Lambda$LoadedApk$ReceiverDispatcher$Args$_BumDX2UKsnxLVrE6UJsJZkotuA.run:2 
10-16 09:25:43.758  1652  2029 V AlarmManager: Triggering alarm #0: 2 when =151144737 package =com.instagram.android operation =*walarm*:com.facebook.analytics2.logger.UPLOAD_NOW flags =0x5
10-16 09:25:43.759  1652  2029 W ActivityManager: Unable to start service Intent { act=com.facebook.analytics2.logger.UPLOAD_NOW cmp=com.instagram.android/com.facebook.analytics2.logger.HighPriUploadRetryReceiver (has extras) } U=0: not found
10-16 09:25:46.852  1652  3113 D OPBF    : setCGroupState():tofreeze=false, uid:10296 pkg:org.thoughtcrime.securesms --->>> ok reason:bindservice as server add connection = AppBindRecord{79a4192 org.thoughtcrime.securesms/.gcm.FcmJobService:system}
10-16 09:25:48.192  1652  3113 D OPBF    : setCGroupState():tofreeze=false, uid:10306 pkg:com.snapchat.android --->>> ok reason:uid active tActive:true
10-16 09:25:48.581  1652  1770 I FastCharge: read mChargeType = 0
10-16 09:25:48.583  2513  2513 W ContextImpl: Calling a method in the system process without a qualified user: android.app.ContextImpl.sendBroadcast:1122 android.content.ContextWrapper.sendBroadcast:468 com.oneplus.coreservice.BroadcastDispatch.xne$mab.onReceive:122 android.app.LoadedApk$ReceiverDispatcher$Args.lambda$getRunnable$0$LoadedApk$ReceiverDispatcher$Args:1566 android.app.-$$Lambda$LoadedApk$ReceiverDispatcher$Args$_BumDX2UKsnxLVrE6UJsJZkotuA.run:2 
10-16 09:25:48.679 26035 26055 I 101     : #164
10-16 09:25:49.055  1652  1652 D NotificationService: 0|com.snapchat.android|-1166283725|null|10306: granting content://settings/system/notification_sound
10-16 09:25:49.056  1652  1652 I chatty  : uid=1000(system) Binder:1652_3 identical 4 lines
10-16 09:25:49.056  1652  1652 D NotificationService: 0|com.snapchat.android|-1166283725|null|10306: granting content://settings/system/notification_sound
10-16 09:25:49.061  1652  1652 W NotificationHistory: Attempted to add notif for locked/gone/disabled user 0
10-16 09:25:50.581  1652  5812 W ProcessStats: Tracking association SourceState{43669a org.uhh.myapp/10041 Top #428557} whose proc state 1 is better than process ProcessState{7259f86 com.oneplus.config/1000 pkg=com.oneplus.config} proc state 2 (20 skipped)
10-16 09:25:55.625  1652  1770 I FastCharge: read mChargeType = 0
10-16 09:25:55.629  2513  2513 W ContextImpl: Calling a method in the system process without a qualified user: android.app.ContextImpl.sendBroadcast:1122 android.content.ContextWrapper.sendBroadcast:468 com.oneplus.coreservice.BroadcastDispatch.xne$mab.onReceive:122 android.app.LoadedApk$ReceiverDispatcher$Args.lambda$getRunnable$0$LoadedApk$ReceiverDispatcher$Args:1566 android.app.-$$Lambda$LoadedApk$ReceiverDispatcher$Args$_BumDX2UKsnxLVrE6UJsJZkotuA.run:2 
10-16 09:25:55.650  1652  3113 D OPBF    : setCGroupState():tofreeze=true, uid:10356 pkg:com.oneplus.twspods --->>> ok reason:serviceDoneExecuting = com.oneplus.twspods/com.oos.onepluspods.scan.ScanService
10-16 09:25:55.666  1652  3113 D OPBF    : setCGroupState():tofreeze=true, uid:10275 pkg:com.discord --->>> ok reason:finish perform hasTimeout broadcast for action = android.intent.action.SCREEN_OFF
10-16 09:25:55.679  1652  3113 D OPBF    : setCGroupState():tofreeze=true, uid:10281 pkg:com.facebook.mlite --->>> ok reason:finish perform hasTimeout broadcast for action = android.intent.action.SCREEN_OFF
10-16 09:25:55.691  1652  3113 D OPBF    : setCGroupState():tofreeze=true, uid:10295 pkg:com.chegg --->>> ok reason:finish perform hasTimeout broadcast for action = android.intent.action.SCREEN_OFF
10-16 09:25:55.703  1652  3113 D OPBF    : setCGroupState():tofreeze=true, uid:10370 pkg:com.vanced.android.youtube --->>> ok reason:finish perform hasTimeout broadcast for action = android.intent.action.SCREEN_OFF
10-16 09:25:55.732  1652  3113 D OPBF    : setCGroupState():tofreeze=true, uid:10022 pkg:com.instagram.android --->>> ok reason:finish perform hasTimeout broadcast for action = android.intent.action.SCREEN_OFF
10-16 09:25:55.742  1652  3113 D OPBF    : setCGroupState():tofreeze=true, uid:10382 pkg:com.google.android.apps.youtube.creator --->>> ok reason:finish perform hasTimeout broadcast for action = android.intent.action.SCREEN_OFF
10-16 09:25:55.745  1652  2535 I ActivityManager: Killing 27103:android.process.media/u0a130 (adj 999): empty #31
10-16 09:25:55.786  1652  2535 W ProcessStats: setState index out of bounds. index: -1 length: 20
10-16 09:25:55.787  1652  2535 W ProcessStats: setState index out of bounds. index: -1 length: 20
10-16 09:26:00.000  1652  2029 V AlarmManager: Triggering alarm #0: 3 when =151160979 package =android operation = null listenTag =TIME_TICK flags =0x1
10-16 09:26:01.255  1652  3029 W ProcessStats: Tracking association SourceState{43669a org.uhh.myapp/10041 Top #428563} whose proc state 1 is better than process ProcessState{7259f86 com.oneplus.config/1000 pkg=com.oneplus.config} proc state 2 (3 skipped)
10-16 09:26:02.660  1652  1770 I FastCharge: read mChargeType = 0
10-16 09:26:02.664  2513  2513 W ContextImpl: Calling a method in the system process without a qualified user: android.app.ContextImpl.sendBroadcast:1122 android.content.ContextWrapper.sendBroadcast:468 com.oneplus.coreservice.BroadcastDispatch.xne$mab.onReceive:122 android.app.LoadedApk$ReceiverDispatcher$Args.lambda$getRunnable$0$LoadedApk$ReceiverDispatcher$Args:1566 android.app.-$$Lambda$LoadedApk$ReceiverDispatcher$Args$_BumDX2UKsnxLVrE6UJsJZkotuA.run:2 
10-16 09:26:09.722  1652  1770 I FastCharge: read mChargeType = 0
10-16 09:26:09.725  2513  2513 W ContextImpl: Calling a method in the system process without a qualified user: android.app.ContextImpl.sendBroadcast:1122 android.content.ContextWrapper.sendBroadcast:468 com.oneplus.coreservice.BroadcastDispatch.xne$mab.onReceive:122 android.app.LoadedApk$ReceiverDispatcher$Args.lambda$getRunnable$0$LoadedApk$ReceiverDispatcher$Args:1566 android.app.-$$Lambda$LoadedApk$ReceiverDispatcher$Args$_BumDX2UKsnxLVrE6UJsJZkotuA.run:2 
10-16 09:26:09.733  1652  3301 I BatteryStatsImpl: mNumStepDurations >= 1
10-16 09:26:09.733  1652  3301 I BatteryStatsImpl: msPerLevel > 0 return 564684000
10-16 09:26:09.776  1652  3300 I ActivityManager: Killing 29874:com.google.android.configupdater/u0a192 (adj 999): empty #31
10-16 09:26:09.814  1652  3314 W ProcessStats: setState index out of bounds. index: -1 length: 20
10-16 09:26:09.814  1652  3314 W ProcessStats: setState index out of bounds. index: -1 length: 20
10-16 09:26:09.845  1652  1770 I FastCharge: read mChargeType = 0
10-16 09:26:12.702  1652  1770 I FastCharge: read mChargeType = 0
10-16 09:26:12.704  2513  2513 W ContextImpl: Calling a method in the system process without a qualified user: android.app.ContextImpl.sendBroadcast:1122 android.content.ContextWrapper.sendBroadcast:468 com.oneplus.coreservice.BroadcastDispatch.xne$mab.onReceive:122 android.app.LoadedApk$ReceiverDispatcher$Args.lambda$getRunnable$0$LoadedApk$ReceiverDispatcher$Args:1566 android.app.-$$Lambda$LoadedApk$ReceiverDispatcher$Args$_BumDX2UKsnxLVrE6UJsJZkotuA.run:2 
10-16 09:26:16.082  1652  1770 I FastCharge: read mChargeType = 0
10-16 09:26:16.087  2513  2513 W ContextImpl: Calling a method in the system process without a qualified user: android.app.ContextImpl.sendBroadcast:1122 android.content.ContextWrapper.sendBroadcast:468 com.oneplus.coreservice.BroadcastDispatch.xne$mab.onReceive:122 android.app.LoadedApk$ReceiverDispatcher$Args.lambda$getRunnable$0$LoadedApk$ReceiverDispatcher$Args:1566 android.app.-$$Lambda$LoadedApk$ReceiverDispatcher$Args$_BumDX2UKsnxLVrE6UJsJZkotuA.run:2 
10-16 09:26:17.011  1652  3314 W ProcessStats: Tracking association SourceState{43669a org.uhh.myapp/10041 Top #428574} whose proc state 1 is better than process ProcessState{7259f86 com.oneplus.config/1000 pkg=com.oneplus.config} proc state 2 (6 skipped)
10-16 09:26:17.361  1652  3113 D OPBF    : setCGroupState():tofreeze=true, uid:10296 pkg:org.thoughtcrime.securesms --->>> ok reason:serviceDoneExecuting = org.thoughtcrime.securesms/.gcm.FcmJobService
10-16 09:26:18.759  1652  3113 D OPBF    : setCGroupState():tofreeze=true, uid:10238 pkg:net.oneplus.weather --->>> ok reason:uid active tActive:false
10-16 09:26:19.611  1652  3113 D OPBF    : setCGroupState():tofreeze=true, uid:10028 pkg:com.zhiliaoapp.musically --->>> ok reason:bindservice as client add connection = AppBindRecord{f7ee2cb com.google.android.gms/.ads.identifier.service.AdvertisingIdService:com.zhiliaoapp.musically}
10-16 09:26:22.482  1652  1770 I FastCharge: read mChargeType = 0
10-16 09:26:22.485  2513  2513 W ContextImpl: Calling a method in the system process without a qualified user: android.app.ContextImpl.sendBroadcast:1122 android.content.ContextWrapper.sendBroadcast:468 com.oneplus.coreservice.BroadcastDispatch.xne$mab.onReceive:122 android.app.LoadedApk$ReceiverDispatcher$Args.lambda$getRunnable$0$LoadedApk$ReceiverDispatcher$Args:1566 android.app.-$$Lambda$LoadedApk$ReceiverDispatcher$Args$_BumDX2UKsnxLVrE6UJsJZkotuA.run:2 
10-16 09:26:25.698  1652  3113 D OPBF    : setCGroupState():tofreeze=true, uid:99095 pkg:com.chegg --->>> ok reason:notifyIsolatedUids boundUid freeze cause by uid/pid:10295
10-16 09:26:29.521  1652  1770 I FastCharge: read mChargeType = 0
10-16 09:26:29.524  2513  2513 W ContextImpl: Calling a method in the system process without a qualified user: android.app.ContextImpl.sendBroadcast:1122 android.content.ContextWrapper.sendBroadcast:468 com.oneplus.coreservice.BroadcastDispatch.xne$mab.onReceive:122 android.app.LoadedApk$ReceiverDispatcher$Args.lambda$getRunnable$0$LoadedApk$ReceiverDispatcher$Args:1566 android.app.-$$Lambda$LoadedApk$ReceiverDispatcher$Args$_BumDX2UKsnxLVrE6UJsJZkotuA.run:2 
10-16 09:26:31.275  1652  3221 W ProcessStats: Tracking association SourceState{43669a org.uhh.myapp/10041 Top #428577} whose proc state 1 is better than process ProcessState{7259f86 com.oneplus.config/1000 pkg=com.oneplus.config} proc state 2 (0 skipped)
10-16 09:26:36.579  1652  1770 I FastCharge: read mChargeType = 0
10-16 09:26:36.581  2513  2513 W ContextImpl: Calling a method in the system process without a qualified user: android.app.ContextImpl.sendBroadcast:1122 android.content.ContextWrapper.sendBroadcast:468 com.oneplus.coreservice.BroadcastDispatch.xne$mab.onReceive:122 android.app.LoadedApk$ReceiverDispatcher$Args.lambda$getRunnable$0$LoadedApk$ReceiverDispatcher$Args:1566 android.app.-$$Lambda$LoadedApk$ReceiverDispatcher$Args$_BumDX2UKsnxLVrE6UJsJZkotuA.run:2 
10-16 09:26:38.524  1652  1772 I OHPD    : mCurrentGpsUidList:[], currentIME:com.google.android.inputmethod.latin
10-16 09:26:38.526  1652  1772 I OHPD    : [BgDetect]chkExcessCpu level: 0 doKills: true critical false uptime: 300064
10-16 09:26:38.527  1652  1772 I OHPD    : isIsolated process: app.uid:99086,app.info.uid:10208, app.processName:com.google.android.webview:sandboxed_process0:org.chromium.content.app.SandboxedProcessService0:0
10-16 09:26:38.528  1652  1772 I OHPD    : isIsolated process: app.uid:99095,app.info.uid:10295, app.processName:com.google.android.webview:sandboxed_process0:org.chromium.content.app.SandboxedProcessService0:0
10-16 09:26:38.529  1652  1772 I OHPD    : [BgDetect] skip proc com.zorinos.zorin_connect(uid 10027), reason= small adj 100
10-16 09:26:38.644  1652  1787 D ExtBatteryStatsService: @@@@ awaitUninterruptibly in 114 ms
10-16 09:26:38.644  1652  1787 I BatteryStatsImpl: mNumStepDurations >= 1
10-16 09:26:38.644  1652  1787 I BatteryStatsImpl: msPerLevel > 0 return 564684000
10-16 09:26:38.654  1652  1772 I OHPD    : [BGC] checkAbnBgKillLocked, doExecution: false
10-16 09:26:43.621  1652  1770 I FastCharge: read mChargeType = 0
10-16 09:26:43.623  2513  2513 W ContextImpl: Calling a method in the system process without a qualified user: android.app.ContextImpl.sendBroadcast:1122 android.content.ContextWrapper.sendBroadcast:468 com.oneplus.coreservice.BroadcastDispatch.xne$mab.onReceive:122 android.app.LoadedApk$ReceiverDispatcher$Args.lambda$getRunnable$0$LoadedApk$ReceiverDispatcher$Args:1566 android.app.-$$Lambda$LoadedApk$ReceiverDispatcher$Args$_BumDX2UKsnxLVrE6UJsJZkotuA.run:2 
10-16 09:26:49.079  1652  3221 I StatusBarManagerService: onVideoChanged: using= false
10-16 09:26:50.095  1652  3221 W ProcessStats: Tracking association SourceState{43669a org.uhh.myapp/10041 Top #428583} whose proc state 1 is better than process ProcessState{7259f86 com.oneplus.config/1000 pkg=com.oneplus.config} proc state 2 (1 skipped)
10-16 09:26:50.312  1652  2029 V AlarmManager: Triggering alarm #0: 3 when =151211290 package =android operation = null listenTag =StatsCompanionService.pull flags =0x9
10-16 09:26:50.658  1652  1770 I FastCharge: read mChargeType = 0
10-16 09:26:50.660  2513  2513 W ContextImpl: Calling a method in the system process without a qualified user: android.app.ContextImpl.sendBroadcast:1122 android.content.ContextWrapper.sendBroadcast:468 com.oneplus.coreservice.BroadcastDispatch.xne$mab.onReceive:122 android.app.LoadedApk$ReceiverDispatcher$Args.lambda$getRunnable$0$LoadedApk$ReceiverDispatcher$Args:1566 android.app.-$$Lambda$LoadedApk$ReceiverDispatcher$Args$_BumDX2UKsnxLVrE6UJsJZkotuA.run:2 
10-16 09:26:54.706  1652  3113 D OPBF    : setCGroupState():tofreeze=true, uid:10041 pkg:org.uhh.myapp --->>> ok reason:uid active tActive:false
10-16 09:26:57.702  1652  1770 I FastCharge: read mChargeType = 0
10-16 09:26:57.705  2513  2513 W ContextImpl: Calling a method in the system process without a qualified user: android.app.ContextImpl.sendBroadcast:1122 android.content.ContextWrapper.sendBroadcast:468 com.oneplus.coreservice.BroadcastDispatch.xne$mab.onReceive:122 android.app.LoadedApk$ReceiverDispatcher$Args.lambda$getRunnable$0$LoadedApk$ReceiverDispatcher$Args:1566 android.app.-$$Lambda$LoadedApk$ReceiverDispatcher$Args$_BumDX2UKsnxLVrE6UJsJZkotuA.run:2 
10-16 09:27:01.281  1652  3314 W ProcessStats: Tracking association SourceState{43669a org.uhh.myapp/10041 Top #428585} whose proc state 1 is better than process ProcessState{7259f86 com.oneplus.config/1000 pkg=com.oneplus.config} proc state 2 (0 skipped)
10-16 09:27:04.081  1652  1770 I FastCharge: read mChargeType = 0
10-16 09:27:04.084  2513  2513 W ContextImpl: Calling a method in the system process without a qualified user: android.app.ContextImpl.sendBroadcast:1122 android.content.ContextWrapper.sendBroadcast:468 com.oneplus.coreservice.BroadcastDispatch.xne$mab.onReceive:122 android.app.LoadedApk$ReceiverDispatcher$Args.lambda$getRunnable$0$LoadedApk$ReceiverDispatcher$Args:1566 android.app.-$$Lambda$LoadedApk$ReceiverDispatcher$Args$_BumDX2UKsnxLVrE6UJsJZkotuA.run:2 
10-16 09:27:08.386  1652  2029 V AlarmManager: Triggering alarm #0: 0 when =1634394428386 package =com.google.android.apps.messaging operation =*walarm*:RCS.keep_alive_manager.keep_alive_sender flags =0x9
10-16 09:27:10.482  1652  1770 I FastCharge: read mChargeType = 0
10-16 09:27:10.485  2513  2513 W ContextImpl: Calling a method in the system process without a qualified user: android.app.ContextImpl.sendBroadcast:1122 android.content.ContextWrapper.sendBroadcast:468 com.oneplus.coreservice.BroadcastDispatch.xne$mab.onReceive:122 android.app.LoadedApk$ReceiverDispatcher$Args.lambda$getRunnable$0$LoadedApk$ReceiverDispatcher$Args:1566 android.app.-$$Lambda$LoadedApk$ReceiverDispatcher$Args$_BumDX2UKsnxLVrE6UJsJZkotuA.run:2 
10-16 09:27:12.702  1652  1770 I FastCharge: read mChargeType = 0
10-16 09:27:12.704  2513  2513 W ContextImpl: Calling a method in the system process without a qualified user: android.app.ContextImpl.sendBroadcast:1122 android.content.ContextWrapper.sendBroadcast:468 com.oneplus.coreservice.BroadcastDispatch.xne$mab.onReceive:122 android.app.LoadedApk$ReceiverDispatcher$Args.lambda$getRunnable$0$LoadedApk$ReceiverDispatcher$Args:1566 android.app.-$$Lambda$LoadedApk$ReceiverDispatcher$Args$_BumDX2UKsnxLVrE6UJsJZkotuA.run:2 
10-16 09:27:13.262  1652  3221 W ProcessStats: Tracking association SourceState{43669a org.uhh.myapp/10041 Top #428590} whose proc state 1 is better than process ProcessState{7259f86 com.oneplus.config/1000 pkg=com.oneplus.config} proc state 2 (2 skipped)
10-16 09:27:15.240  1652  3221 I StatusBarManagerService: onVideoChanged: using= false
10-16 09:27:17.521  1652  1770 I FastCharge: read mChargeType = 0
10-16 09:27:17.524  2513  2513 W ContextImpl: Calling a method in the system process without a qualified user: android.app.ContextImpl.sendBroadcast:1122 android.content.ContextWrapper.sendBroadcast:468 com.oneplus.coreservice.BroadcastDispatch.xne$mab.onReceive:122 android.app.LoadedApk$ReceiverDispatcher$Args.lambda$getRunnable$0$LoadedApk$ReceiverDispatcher$Args:1566 android.app.-$$Lambda$LoadedApk$ReceiverDispatcher$Args$_BumDX2UKsnxLVrE6UJsJZkotuA.run:2 
10-16 09:27:24.575  1652  1770 I FastCharge: read mChargeType = 0
10-16 09:27:24.579  2513  2513 W ContextImpl: Calling a method in the system process without a qualified user: android.app.ContextImpl.sendBroadcast:1122 android.content.ContextWrapper.sendBroadcast:468 com.oneplus.coreservice.BroadcastDispatch.xne$mab.onReceive:122 android.app.LoadedApk$ReceiverDispatcher$Args.lambda$getRunnable$0$LoadedApk$ReceiverDispatcher$Args:1566 android.app.-$$Lambda$LoadedApk$ReceiverDispatcher$Args$_BumDX2UKsnxLVrE6UJsJZkotuA.run:2 
10-16 09:27:28.149  1652  2029 V AlarmManager: Triggering alarm #0: 2 when =151144686 package =com.instagram.android operation =*walarm*:action_batch_upload flags =0x0
10-16 09:27:28.149  1652  2029 V AlarmManager: Triggering alarm #1: 2 when =151200000 package =com.android.providers.calendar operation =*walarm*:com.android.providers.calendar.intent.CalendarProvider2 flags =0x0
10-16 09:27:28.149  1652  2029 V AlarmManager: Triggering alarm #2: 3 when =151224599 package =android operation =*alarm*:com.android.server.action.NETWORK_STATS_POLL flags =0x8
10-16 09:27:28.149  1652  2029 V AlarmManager: Triggering alarm #3: 3 when =151249127 package =android operation = null listenTag =*job.delay* flags =0x0
10-16 09:27:28.169  1652  1772 W ProcessStats: Tracking association SourceState{43669a org.uhh.myapp/10041 Top #428597} whose proc state 1 is better than process ProcessState{7259f86 com.oneplus.config/1000 pkg=com.oneplus.config} proc state 2 (2 skipped)
10-16 09:27:28.184  1652  3113 D OPBF    : setCGroupState():tofreeze=false, uid:10022 pkg:com.instagram.android --->>> ok reason:start perform hasTimeout broadcast for action = action_batch_upload
10-16 09:27:31.620  1652  1770 I FastCharge: read mChargeType = 0
10-16 09:27:31.623  2513  2513 W ContextImpl: Calling a method in the system process without a qualified user: android.app.ContextImpl.sendBroadcast:1122 android.content.ContextWrapper.sendBroadcast:468 com.oneplus.coreservice.BroadcastDispatch.xne$mab.onReceive:122 android.app.LoadedApk$ReceiverDispatcher$Args.lambda$getRunnable$0$LoadedApk$ReceiverDispatcher$Args:1566 android.app.-$$Lambda$LoadedApk$ReceiverDispatcher$Args$_BumDX2UKsnxLVrE6UJsJZkotuA.run:2 
10-16 09:27:32.979  1652  3303 I StatusBarManagerService: onVideoChanged: using= false
10-16 09:27:38.196  1652  3113 D OPBF    : setCGroupState():tofreeze=true, uid:10306 pkg:com.snapchat.android --->>> ok reason:uid active tActive:false
10-16 09:27:38.664  1652  1770 I FastCharge: read mChargeType = 0
10-16 09:27:38.733  1652  1772 E OHPD    : [BgDetect] AppForkedProc kworker/0:4 pid 4602 uid 0 can't find pkgName
10-16 09:27:38.736  1652  1772 I OHPD    : mCurrentGpsUidList:[], currentIME:com.google.android.inputmethod.latin
10-16 09:27:38.736  1652  1772 I OHPD    : [BgDetect]chkExcessCpu level: 1 doKills: true critical false uptime: 300084
10-16 09:27:38.737  1652  1772 I OHPD    : isIsolated process: app.uid:99086,app.info.uid:10208, app.processName:com.google.android.webview:sandboxed_process0:org.chromium.content.app.SandboxedProcessService0:0
10-16 09:27:38.738  1652  1772 I OHPD    : isIsolated process: app.uid:99095,app.info.uid:10295, app.processName:com.google.android.webview:sandboxed_process0:org.chromium.content.app.SandboxedProcessService0:0
10-16 09:27:38.739  1652  1772 I OHPD    : [BgDetect] skip proc com.zorinos.zorin_connect(uid 10027), reason= small adj 100
10-16 09:27:38.741  2513  2513 W ContextImpl: Calling a method in the system process without a qualified user: android.app.ContextImpl.sendBroadcast:1122 android.content.ContextWrapper.sendBroadcast:468 com.oneplus.coreservice.BroadcastDispatch.xne$mab.onReceive:122 android.app.LoadedApk$ReceiverDispatcher$Args.lambda$getRunnable$0$LoadedApk$ReceiverDispatcher$Args:1566 android.app.-$$Lambda$LoadedApk$ReceiverDispatcher$Args$_BumDX2UKsnxLVrE6UJsJZkotuA.run:2 
10-16 09:27:45.699  1652  1770 I FastCharge: read mChargeType = 0
10-16 09:27:45.701  2513  2513 W ContextImpl: Calling a method in the system process without a qualified user: android.app.ContextImpl.sendBroadcast:1122 android.content.ContextWrapper.sendBroadcast:468 com.oneplus.coreservice.BroadcastDispatch.xne$mab.onReceive:122 android.app.LoadedApk$ReceiverDispatcher$Args.lambda$getRunnable$0$LoadedApk$ReceiverDispatcher$Args:1566 android.app.-$$Lambda$LoadedApk$ReceiverDispatcher$Args$_BumDX2UKsnxLVrE6UJsJZkotuA.run:2 
10-16 09:27:50.111  1652  3221 W ProcessStats: Tracking association SourceState{43669a org.uhh.myapp/10041 Top #428615} whose proc state 1 is better than process ProcessState{7259f86 com.oneplus.config/1000 pkg=com.oneplus.config} proc state 2 (6 skipped)
10-16 09:27:52.081  1652  1770 I FastCharge: read mChargeType = 0
10-16 09:27:52.084  2513  2513 W ContextImpl: Calling a method in the system process without a qualified user: android.app.ContextImpl.sendBroadcast:1122 android.content.ContextWrapper.sendBroadcast:468 com.oneplus.coreservice.BroadcastDispatch.xne$mab.onReceive:122 android.app.LoadedApk$ReceiverDispatcher$Args.lambda$getRunnable$0$LoadedApk$ReceiverDispatcher$Args:1566 android.app.-$$Lambda$LoadedApk$ReceiverDispatcher$Args$_BumDX2UKsnxLVrE6UJsJZkotuA.run:2 
10-16 09:27:57.347  1652  1806 I DisplayPowerController: useProximityForceSuspend = false
10-16 09:27:57.347  2513 20552 I OIMC    : notified , mode FingerPrintMode changeTo 1
10-16 09:27:57.348  2513  2574 I OIMC_CORE: handleMessage:   MODE_ENTER, arg1: 0, arg2: 0, obj: com.oneplus.server.oimc.gwy@306229e
10-16 09:27:57.348  2513  2574 I OIMC_CORE: Entering mode FingerPrintMode
10-16 09:27:57.348  2513  2574 I OIMC_CORE: starting ONESHOT function ColorDisable
10-16 09:27:57.348  1652  3303 I OpOIMCColorManager: ColorDisable start... mCurrentActivated = 0
10-16 09:27:57.348  1652  3303 D OpColorDisplayService: DisableColor state: 0
10-16 09:27:57.348  1652  3303 D ColorDisplayService: cancelAnimation
10-16 09:27:57.348  2513  2573 I OIMC_CORE: ColorDisable action 1 spent 0 ms
10-16 09:27:57.349  1652  1791 D OpColorDisplayService: resetStatus: 0
10-16 09:27:57.350  1652  1806 I DisplayPowerController: Blocking screen on until initial contents have been drawn.
10-16 09:27:57.369  1652  1791 D OpColorTintManager: disableColor
10-16 09:27:57.370  1652  1791 D OpColorTintManager: recoverColorSaturation
10-16 09:27:57.405  1652  1806 I DisplayPowerController: brightnessState(m):1.0
10-16 09:27:57.405  1652  1806 I RampAnimator: target:1.0 rate:0.0 mCurrentValue:0.0 mTargetValue:0.0
10-16 09:27:57.410  1652  1806 W OpBatteryStats: updateScreenBrightnessLevel: 4
10-16 09:27:57.410  1652  1806 V DisplayPowerController: Brightness [1.0] reason changing to: 'manual', previous reason: 'screen_off'.
10-16 09:27:57.411  1652  1806 I DisplayPowerController: useProximityForceSuspend = false
10-16 09:27:57.411  1652  1806 I DisplayPowerController: brightnessState(m):1.0
10-16 09:27:57.411  1652  1806 I RampAnimator: target:1.0 rate:0.0 mCurrentValue:1.0 mTargetValue:1.0
10-16 09:27:57.413  1652  1759 I DisplayManagerService: Display device changed state: "Built-in Screen", DOZE
10-16 09:27:57.428  1652  2605 D FP_DEBUG: start authenticate: com.android.systemui, groupId= 0
10-16 09:27:57.437  1652  2605 D FP_DEBUG: go authenticateInternal
10-16 09:27:57.438  1652  2605 D FP_DEBUG: authenticateInternal: callingUserId= 0
10-16 09:27:57.440  1652  1652 V FingerprintService: startAuthentication(com.android.systemui)
10-16 09:27:57.440  1652  1652 V FingerprintService: starting client AuthenticationClientImpl(com.android.systemui) targetUserId: 0 currentUserId: 0 cookie: 0/0
10-16 09:27:57.443  2513 20552 I OIMC    : notified , mode FingerPrintMode changeTo 1
10-16 09:27:57.444  2513  2574 I OIMC_CORE: handleMessage:   MODE_ENTER, arg1: 0, arg2: 0, obj: com.oneplus.server.oimc.gwy@c5d117f
10-16 09:27:57.444  2513  2574 I OIMC_CORE: The mode: FingerPrintMode is already entered
10-16 09:27:57.451  1652  1652 E FingerprintService: Exception notifySurfaceFlingerUpdate
10-16 09:27:57.470  1652  1652 D OpFingerprintService: updateStatus , 3
10-16 09:27:57.498  1652  2393 V OpScreenshotImprovement: AOD screenshot interceptPowerKeyDown mOpScreenshotChordPowerKeyTriggered true
10-16 09:27:57.523  1652  1806 I DisplayPowerController: Unblocked screen on after 174 ms
10-16 09:27:57.524  1652  1806 I DisplayPowerController: useProximityForceSuspend = false
10-16 09:27:57.525  1652  1806 I DisplayPowerController: brightnessState(m):1.0
10-16 09:27:57.525  1652  1806 I RampAnimator: target:1.0 rate:0.7058823 mCurrentValue:1.0 mTargetValue:1.0
10-16 09:27:57.578  1652  1806 I DisplayPowerController: useProximityForceSuspend = false
10-16 09:27:57.578  1652  1806 I DisplayPowerController: brightnessState(m):1.0
10-16 09:27:57.578  1652  1806 I RampAnimator: target:1.0 rate:0.7058823 mCurrentValue:1.0 mTargetValue:1.0
10-16 09:27:57.655  1652  2393 V OpScreenshotImprovement: AOD screenshot wakeUpFromPowerKey for power up
10-16 09:27:57.655  1652  2393 I PowerManagerService: Waking up from Dozing (uid=1000, reason=WAKE_REASON_POWER_BUTTON, details=android.policy:POWER)...
10-16 09:27:57.657  1652  1757 V OpScreenshotImprovement: AOD screenshot MSG_OEM_POWER_ENABLE_SCREEN trigger postScreenshotRunnable
10-16 09:27:57.657  1652  1806 I DisplayPowerController: useProximityForceSuspend = false
10-16 09:27:57.657  1652  1806 D OpColorDisplayService: screenStateChange
10-16 09:27:57.657  1652  1791 D OpColorDisplayService: processScreenOn   true
10-16 09:27:57.658  1652  1806 I DisplayPowerController: brightnessState(m):1.0
10-16 09:27:57.658  1652  1806 I RampAnimator: POLICY CHANGING!
10-16 09:27:57.658  1652  1806 I RampAnimator: target:1.0 rate:0.7058823 mCurrentValue:1.0 mTargetValue:1.0
10-16 09:27:57.681  1652  1759 I DisplayManagerService: Display device changed state: "Built-in Screen", ON
10-16 09:27:57.692  1652  1807 D OpPowerControllerService: SCREEN is OFF
10-16 09:27:57.693  1652  1807 D OpPowerControllerService: SCREEN is ON
10-16 09:27:57.693  1652  1807 D OpPowerControllerService: screen off duration: 152729
10-16 09:27:57.694  1652  1807 W ContextImpl: Calling a method in the system process without a qualified user: android.app.ContextImpl.sendBroadcast:1122 com.android.server.power.Notifier.sendWakeUpBroadcast:817 com.android.server.power.Notifier.sendNextBroadcast:795 com.android.server.power.Notifier.access$500:96 com.android.server.power.Notifier$NotifierHandler.handleMessage:956 
10-16 09:27:57.707  1652  1652 D OPSA    : ======BE_IMFORMED_SCREEN_ON======
10-16 09:27:57.709  1652  1806 I DisplayPowerController: useProximityForceSuspend = false
10-16 09:27:57.710  1652  1806 I DisplayPowerController: brightnessState(m):1.0
10-16 09:27:57.710  1652  1806 I RampAnimator: target:1.0 rate:0.7058823 mCurrentValue:1.0 mTargetValue:1.0
10-16 09:27:57.710  1652  1806 W PowerManagerService: Screen on took 214 ms
10-16 09:27:57.710  1652  1806 I 300     : 214
10-16 09:27:57.711  1652  1806 I DreamManagerService: Gently waking up from dream.
10-16 09:27:57.711  1652  1756 I DreamManagerService: Performing gentle wake from dream.
10-16 09:27:57.713  2513  2513 I TWSReceiver: onReceive: android.intent.action.SCREEN_ON
10-16 09:27:57.713  2513  2513 I TWSReceiver: bind service
10-16 09:27:57.714  2513  3619 W ContextImpl: Calling a method in the system process without a qualified user: android.app.ContextImpl.startService:1690 android.content.ContextWrapper.startService:720 xne.xne.xne.xne.xne$mab.run:35 java.util.concurrent.ThreadPoolExecutor.runWorker:1167 java.util.concurrent.ThreadPoolExecutor$Worker.run:641 
10-16 09:27:57.718  1652  3113 D OPBF    : setCGroupState():tofreeze=false, uid:10356 pkg:com.oneplus.twspods --->>> ok reason:bumpServiceExecutingLocked = com.oneplus.twspods/com.oos.onepluspods.scan.ScanService
10-16 09:27:57.761  1652  5985 I OemSceneModeAmHelper: [scene] handleShowOrOccludedChanged showing true, occluded false
10-16 09:27:57.762  1652  1759 V UsbDeviceManager: onKeyguardStateChanged: isShowing:true secure:true user:0
10-16 09:27:57.814  1652  3113 D OPBF    : setCGroupState():tofreeze=false, uid:10238 pkg:net.oneplus.weather --->>> ok reason:uid active tActive:true
10-16 09:27:58.051  1652  2424 D NsdService: New client listening to asynchronous messages
10-16 09:27:58.051  1652  2424 D NsdService: New client, channel: com.android.internal.util.AsyncChannel@e50e00c messenger: android.os.Messenger@1fb3d55
10-16 09:27:58.524  1652  1770 I FastCharge: read mChargeType = 0
10-16 09:27:58.946 30519 30519 D ActivityThread: pid:30519 tid:30519 doframe Callback
10-16 09:27:59.090  1652  1756 W Looper  : Slow delivery took 213ms android.fg h=android.os.Handler c=<recycled PooledLambda@134f087> m=0
10-16 09:27:59.136  1652  3004 W BluetoothManagerService: registerAdapter, callback: android.bluetooth.IBluetoothManagerCallback$Stub$Proxy@f6abce4
10-16 09:27:59.161  1652  1652 W Looper  : Slow dispatch took 299ms main h=android.app.ActivityThread$H c=android.app.-$$Lambda$LoadedApk$ReceiverDispatcher$Args$_BumDX2UKsnxLVrE6UJsJZkotuA@bddeafe m=0
10-16 09:27:59.162  1652  1652 W Looper  : Slow delivery took 341ms main h=android.os.Handler c=android.app.-$$Lambda$LoadedApk$ReceiverDispatcher$Args$_BumDX2UKsnxLVrE6UJsJZkotuA@98aa25f m=0
10-16 09:27:59.183  1652  1814 I PackageManager: Integrity check passed for file:///data/app/vmdl1307670729.tmp
10-16 09:27:59.195  1652  1652 I Telecom : DefaultDialerCache: Refreshing default dialer for user 0: now com.oneplus.dialer: DDC.oR@K4o
10-16 09:27:59.198  1652  2392 I 106     : System spent 334.3ms processing the last motion event: MotionEvent#MOVE
10-16 09:27:59.201  1652  2392 I 106     : System spent 251.5ms processing the last motion event: MotionEvent#MOVE
10-16 09:27:59.201  1652  2392 I 106     : System spent 230.2ms processing the last motion event: MotionEvent#MOVE
10-16 09:27:59.201  1652  2392 I 106     : System spent 165.5ms processing the last motion event: MotionEvent#MOVE
10-16 09:27:59.203  1652  2392 I 106     : System spent 152.0ms processing the last motion event: MotionEvent#MOVE
10-16 09:27:59.203  1652  2392 I 106     : System spent 130.5ms processing the last motion event: MotionEvent#MOVE
10-16 09:27:59.221  1652  1652 W Looper  : Drained
10-16 09:27:59.221  1652  2392 I 106     : System spent 132.9ms processing the last motion event: MotionEvent#MOVE
10-16 09:27:59.223  1652  2392 I 106     : System spent 121.7ms processing the last motion event: MotionEvent#MOVE
10-16 09:27:59.223  1652  2392 I 106     : System spent 107.6ms processing the last motion event: MotionEvent#MOVE
10-16 09:27:59.223  1652  2392 I 106     : System spent 100.4ms processing the last motion event: MotionEvent#MOVE
10-16 09:27:59.242  2585  2585 D ViewRootImpl: support adaptive color gamut feature!
10-16 09:27:59.416 14502 14502 D ActivityThread: pid:14502 tid:14502 doframe Callback
10-16 09:27:59.430  1652  1756 W Looper  : Drained
10-16 09:27:59.555  1652  1770 D FingerprintService: onAcquired, 0, code:0, lockout:false
10-16 09:27:59.556  1652  1770 D FingerprintService: onAuthenticated, -5476376637520028272, 1406117591, 0
10-16 09:27:59.556  1652  1652 D BiometricStats: acquiredInfo = 0
10-16 09:27:59.556  1652  1652 V FingerprintService: Acquired: 0 0
10-16 09:27:59.556  1652  1652 D FingerprintService: handleAuthenticated: true
10-16 09:27:59.557  1652  1652 V BiometricStats: Authentication latency: -1
10-16 09:27:59.557  1652  1652 W BiometricStats: found a negative latency : -1
10-16 09:27:59.557  1652  1652 D VibratorService: vibrate from 'android', reason = null, token = android.os.Binder@865d730, attrs = VibrationAttributes: Usage=TOUCH Flags=0
10-16 09:27:59.563  1652  1770 D FingerprintService: onAcquired, 6, code:12, lockout:false
10-16 09:27:59.570  2585  2585 D FingerprintManager: sendAcquiredResult: 0, 0
10-16 09:27:59.577  1652  1652 D OpVibratorService: linearmotorVibratorOff
10-16 09:27:59.581  1652  1652 D OpColorDisplayService: mExitFingerPrintModeReason = true
10-16 09:27:59.582  1652  1791 I OpColorDisplayService: notifyIrisFingerprintStatus fingerprint_status = false
10-16 09:27:59.583  2513 17241 I OIMC    : notified , mode FingerPrintMode changeTo 2
10-16 09:27:59.585  2513  2574 I OIMC_CORE: handleMessage:   MODE_EXIT, arg1: 0, arg2: 0, obj: com.oneplus.server.oimc.gwy@2eca995
10-16 09:27:59.585  2513  2574 I OIMC_CORE: Exiting mode FingerPrintMode
10-16 09:27:59.585  2513  2574 I OIMC_CORE: stoping ONESHOT function ColorDisable
10-16 09:27:59.586  1652  1652 D FingerprintService: onAuthenticationSucceeded: send result
10-16 09:27:59.587  1652  1652 V FingerprintService: Done with client: com.android.systemui
10-16 09:27:59.587  1652  5812 I OpOIMCColorManager: ColorDisable stop... mGCActivated = false  mCBActivated = false  mPCActivated = false  mGMActivated = false mCurrentActivated = 0
10-16 09:27:59.587  1652  5812 D OpColorDisplayService: DisableColor state: 2
10-16 09:27:59.587  2513  2573 I OIMC_CORE: ColorDisable action 2 spent 0 ms
10-16 09:27:59.589  1652  1791 D OpColorDisplayService: reverStatus needMatrixInit = false
10-16 09:27:59.590  1652  6120 D OpVibratorService: linearmotorVibratorOn
10-16 09:27:59.596  1652  1791 D OpColorTintManager: colorTempearture: 74
10-16 09:27:59.596  1652  1791 D OpColorTintManager: start applyTint
10-16 09:27:59.596  1652  1791 D OpColorDisplayService: KeyguardDone is finish by  set ExitFingerPrintModeByUnlockSuccess
10-16 09:27:59.596  1652  1791 D OpColorDisplayService: resetStatus: 2
10-16 09:27:59.596  1652  1791 D OpColorDisplayService: reverStatus needMatrixInit = false
10-16 09:27:59.609  2513 17241 I OIMC    : notified , mode FingerPrintMode changeTo 2
10-16 09:27:59.610  2513  2574 I OIMC_CORE: handleMessage:   MODE_EXIT, arg1: 0, arg2: 0, obj: com.oneplus.server.oimc.gwy@8adcaaa
10-16 09:27:59.610  2513  2574 I OIMC_CORE: The mode: FingerPrintMode is not entered
10-16 09:27:59.611  1652  3017 D KeyguardStateMonitor: onFingerprintStateChange , false, false, authType:1, result:3
10-16 09:27:59.624  1652  1791 D OpColorTintManager: colorTempearture: 74
10-16 09:27:59.624  1652  1791 D OpColorTintManager: start applyTint
10-16 09:27:59.626  2513 17241 I OIMC    : notified , mode FingerPrintMode changeTo 2
10-16 09:27:59.626  2513  2574 I OIMC_CORE: handleMessage:   MODE_EXIT, arg1: 0, arg2: 0, obj: com.oneplus.server.oimc.gwy@f3b469b
10-16 09:27:59.626  2513  2574 I OIMC_CORE: The mode: FingerPrintMode is not entered
10-16 09:27:59.637  1652  6120 D OpVibratorService: linearmotorVibratorOff
10-16 09:27:59.714  1652  3240 D OpColorDisplayService: mExitFingerPrintModeReason = true
10-16 09:27:59.715  1652  3668 I OpAppLocker: setKeyguardDone true
10-16 09:27:59.715  1652  3241 W ActivityManager: Slow operation: 83ms so far, now at getContentProviderImpl: after updateOomAdj
10-16 09:27:59.715  1652  3241 W ActivityManager: Slow operation: 83ms so far, now at getContentProviderImpl: done!
10-16 09:27:59.719  1652  3004 D ActivityTaskManager: Top Process State changed to PROCESS_STATE_TOP
10-16 09:27:59.720  1652  1759 D OpRestartProcessManager: updateSelf :  org.uhh.myapp, size : 30
10-16 09:27:59.721  1652  3004 D OpProximityController: noteFrontPackageChanged pkg:org.uhh.myapp uid:10041 lpkg:SCREEN OFF luid:0
10-16 09:27:59.721  1652  3004 D OemSceneModeActivityStack: [scene] evaluateGameModes :  gameMsg.arg1=0 gameMsg.arg2=1
10-16 09:27:59.721  1652  1806 I DisplayPowerController: useProximityForceSuspend = false
10-16 09:27:59.722  1652  3004 E OpScreenModeService: getAppToken ActivityRecord{cc0260b u0 org.uhh.myapp/org.kivy.android.PythonActivity t6365}
10-16 09:27:59.722  1652  3004 E OpScreenModeService: setRefreshRate token ActivityRecord{cc0260b u0 org.uhh.myapp/org.kivy.android.PythonActivity t6365} request refresh rate=-1 tmpRate -1
10-16 09:27:59.722  1652  3004 E OpScreenModeService: setRefreshRate token ActivityRecord{cc0260b u0 org.uhh.myapp/org.kivy.android.PythonActivity t6365} app request rateid=2 fps=60.0
10-16 09:27:59.722  1652  1806 I DisplayPowerController: brightnessState(m):1.0
10-16 09:27:59.722  1652  3004 D OpQuickReply: setQuickReplyResumed focusedApp ActivityRecord{cc0260b u0 org.uhh.myapp/org.kivy.android.PythonActivity t6365} pkgName org.uhh.myapp
10-16 09:27:59.722  1652  1806 I RampAnimator: target:1.0 rate:0.7058823 mCurrentValue:1.0 mTargetValue:1.0
10-16 09:27:59.740  1652  1787 W OpBacklightController: animateScreenBrightness: percent=0.92, minNits=120.0, maxBrightness=0.99, adjustBrightnessIntervalNits=80.0
10-16 09:27:59.740  1652  1806 I DisplayPowerController: useProximityForceSuspend = false
10-16 09:27:59.740  1652  1806 I DisplayPowerController: brightnessState(m):1.0
10-16 09:27:59.741  1652  1806 I DisplayPowerController: rate:0.0
10-16 09:27:59.741  1652  1806 I RampAnimator: target:1.0 rate:0.0 mCurrentValue:1.0 mTargetValue:1.0
10-16 09:27:59.751  1652  1759 E OomAdjuster: updateUidsLocked err, uid:10041 from:12 to:2 err:Attempt to invoke interface method 'void android.app.IApplicationThread.dispatchUidCurProcState(int)' on a null object reference
10-16 09:27:59.759  1652  3240 I OemSceneModeAmHelper: [scene] handleShowOrOccludedChanged showing false, occluded false
10-16 09:27:59.760  2513 17241 I OIMC    : notified , mode ColorReadMode changeTo 2
10-16 09:27:59.761  2513  3313 I OIMC    : notified , mode ReadMode changeTo 2
10-16 09:27:59.761  2513  2574 I OIMC_CORE: handleMessage:   MODE_EXIT, arg1: 0, arg2: 0, obj: com.oneplus.server.oimc.gwy@2a27a38
10-16 09:27:59.761  2513  2574 I OIMC_CORE: The mode: ColorReadMode is not entered
10-16 09:27:59.761  2513  2574 I OIMC_CORE: handleMessage:   MODE_EXIT, arg1: 0, arg2: 0, obj: com.oneplus.server.oimc.gwy@fbb4a11
10-16 09:27:59.761  2513  2574 I OIMC_CORE: The mode: ReadMode is not entered
10-16 09:27:59.761  2513 20552 I OIMC    : notified , mode GameMode changeTo 2
10-16 09:27:59.762  2513  2574 I OIMC_CORE: handleMessage:   MODE_EXIT, arg1: 0, arg2: 0, obj: com.oneplus.server.oimc.gwy@d75e776
10-16 09:27:59.762  2513  2574 I OIMC_CORE: The mode: GameMode is not entered
10-16 09:27:59.776  1652  1787 D ExtBatteryStatsService: ext-flush too soon, skip
10-16 09:27:59.798  1652  1759 V UsbDeviceManager: onKeyguardStateChanged: isShowing:false secure:true user:0
10-16 09:27:59.798  1652  1652 V SettingsProvider: Notifying for 0: content://settings/system/rading_mode_status_auto
10-16 09:27:59.799  1652  1652 V SettingsProvider: Notifying for 0: content://settings/secure/reminder_exp_learning_time_elapsed
10-16 09:27:59.809  1652  1806 I DisplayPowerController: useProximityForceSuspend = false
10-16 09:27:59.809  1652  1806 I DisplayPowerController: brightnessState(m):1.0
10-16 09:27:59.810  1652  1806 I RampAnimator: target:1.0 rate:0.7058823 mCurrentValue:1.0 mTargetValue:1.0
10-16 09:27:59.816  2513  2513 W ContextImpl: Calling a method in the system process without a qualified user: android.app.ContextImpl.sendBroadcast:1122 android.content.ContextWrapper.sendBroadcast:468 com.oneplus.coreservice.BroadcastDispatch.xne$mab.onReceive:122 android.app.LoadedApk$ReceiverDispatcher$Args.lambda$getRunnable$0$LoadedApk$ReceiverDispatcher$Args:1566 android.app.-$$Lambda$LoadedApk$ReceiverDispatcher$Args$_BumDX2UKsnxLVrE6UJsJZkotuA.run:2 
10-16 09:27:59.818  1652  1772 W BroadcastQueue: Background execution not allowed: receiving Intent { act=android.intent.action.USER_PRESENT flg=0x24200010 } to com.oneplus.camera.service/.CameraBroadcastReceiver
10-16 09:27:59.823  1652  1772 W BroadcastQueue: Background execution not allowed: receiving Intent { act=android.intent.action.USER_PRESENT flg=0x24200010 } to com.android.chrome/org.chromium.chrome.browser.sharing.click_to_call.ClickToCallMessageHandler$PhoneUnlockedReceiver
10-16 09:27:59.833  1652  3113 D OPBF    : setCGroupState():tofreeze=false, uid:10275 pkg:com.discord --->>> ok reason:start perform not hasTimeout broadcast for action = android.intent.action.USER_PRESENT
10-16 09:27:59.877  1652  3113 D OPBF    : setCGroupState():tofreeze=false, uid:10370 pkg:com.vanced.android.youtube --->>> ok reason:start perform not hasTimeout broadcast for action = android.intent.action.USER_PRESENT
10-16 09:27:59.898  1652  3300 W ActivityManager: Background start not allowed: service Intent { act=Orca.START cmp=com.instagram.android/com.facebook.rti.push.service.FbnsService (has extras) } to com.instagram.android/com.facebook.rti.push.service.FbnsService from pid=1823 uid=10022 pkg=com.instagram.android startFg?=false
10-16 09:27:59.898  1652  1772 W BroadcastQueue: Background execution not allowed: receiving Intent { act=android.intent.action.USER_PRESENT flg=0x24200010 } to com.google.android.gms/.auth.setup.devicesignals.LockScreenReceiver
10-16 09:27:59.898  1652  1772 W BroadcastQueue: Background execution not allowed: receiving Intent { act=android.intent.action.USER_PRESENT flg=0x24200010 } to com.google.android.gms/.chimera.GmsIntentOperationService$PersistentTrustedReceiver
10-16 09:27:59.899  1652  1772 W BroadcastQueue: Background execution not allowed: receiving Intent { act=android.intent.action.USER_PRESENT flg=0x24200010 } to com.instagram.android/com.instagram.push.FbnsInitBroadcastReceiver
10-16 09:27:59.899  1652  1772 W BroadcastQueue: Background execution not allowed: receiving Intent { act=android.intent.action.USER_PRESENT flg=0x24200010 } to com.zhiliaoapp.musically/com.ss.android.push.window.oppo.ScreenReceiver
10-16 09:27:59.936  1652  1770 D FingerprintService: onAcquired, 6, code:1, lockout:false
10-16 09:27:59.950  1652  1772 W BroadcastQueue: Permission Denial: broadcasting Intent { act=com.google.android.apps.gmm.NAVIGATION_STATE flg=0x10 pkg=com.google.android.googlequicksearchbox (has extras) } from null (pid=-1, uid=-1) requires com.google.android.googlequicksearchbox.permission.LAUNCH_FROM_GMM due to registered receiver BroadcastFilter{9aad428 10201/u0 ReceiverList{e86124b 12545 com.google.android.googlequicksearchbox:search/10201/u0 remote:c5ab71a}}
10-16 09:27:59.950  1652  1772 W BroadcastQueue: Permission Denial: broadcasting Intent { act=com.google.android.apps.gmm.NAVIGATION_STATE flg=0x10 pkg=com.google.android.gms (has extras) } from null (pid=-1, uid=-1) requires com.google.android.googlequicksearchbox.permission.LAUNCH_FROM_GMM due to registered receiver BroadcastFilter{9aad428 10201/u0 ReceiverList{e86124b 12545 com.google.android.googlequicksearchbox:search/10201/u0 remote:c5ab71a}}
10-16 09:27:59.999  1652  2029 V AlarmManager: Triggering alarm #0: 3 when =151280978 package =android operation = null listenTag =TIME_TICK flags =0x1
10-16 09:28:00.013  1652  2535 W BluetoothManagerService: registerAdapter, callback: android.bluetooth.IBluetoothManagerCallback$Stub$Proxy@3e4e8e8
10-16 09:28:00.050  1652  1814 I PackageManager: Update package org.uhh.myapp code path from /data/app/~~89PicSfZv0hoRO4d9h7FHA==/org.uhh.myapp-sG42AWMyNCbbcbDdz6gRdQ== to /data/app/~~vBbHlJUvaKAWgfhGiYhEcA==/org.uhh.myapp-P7aCzaSdCCufFn9iWUlf8g==; Retain data and using new
10-16 09:28:00.050  1652  1814 I PackageManager: Update package org.uhh.myapp resource path from /data/app/~~89PicSfZv0hoRO4d9h7FHA==/org.uhh.myapp-sG42AWMyNCbbcbDdz6gRdQ== to /data/app/~~vBbHlJUvaKAWgfhGiYhEcA==/org.uhh.myapp-P7aCzaSdCCufFn9iWUlf8g==; Retain data and using new
10-16 09:28:00.051  1652  1814 D PackageManager: Removing non-system package: org.uhh.myapp
10-16 09:28:00.051  1652  1814 D PackageManager: removePackageDataLI: PackageSetting{c97079 org.uhh.myapp/10041}
10-16 09:28:00.051  1652  1814 D PackageManager: Propagating install state across downgrade
10-16 09:28:00.051  1652  1814 D PackageManager:     user 0 => true
10-16 09:28:00.053  1652  1814 D CompatibilityChangeReporter: Compat change id reported: 135549675; UID 10041; state: DISABLED
10-16 09:28:00.158  1652  1806 I DisplayPowerController: useProximityForceSuspend = false
10-16 09:28:00.158  1652  1806 I DisplayPowerController: brightnessState(m):1.0
10-16 09:28:00.158  1652  1806 I RampAnimator: target:1.0 rate:0.7058823 mCurrentValue:1.0 mTargetValue:1.0
10-16 09:28:00.171  1652  1756 W Looper  : Slow dispatch took 116ms android.fg h=android.os.Handler c=<recycled PooledLambda@7c204a0> m=0
10-16 09:28:00.196  1652  1772 I ActivityManager: Force stopping org.uhh.myapp appid=10041 user=-1: installPackageLI
10-16 09:28:00.196  1652  1772 I ActivityManager: Killing 28368:org.uhh.myapp/u0a41 (adj 0): stop org.uhh.myapp due to installPackageLI
10-16 09:28:00.199  1652  1772 W ProcessStats: setState index out of bounds. index: -1 length: 20
10-16 09:28:00.200  1652  1772 W ProcessStats: setState index out of bounds. index: -1 length: 20
10-16 09:28:00.201  1652  1772 W ActivityTaskManager: Force removing ActivityRecord{cc0260b u0 org.uhh.myapp/org.kivy.android.PythonActivity t6365 f}}: app died, no saved state
10-16 09:28:00.221  1652  1806 I DisplayPowerController: useProximityForceSuspend = false
10-16 09:28:00.221  1652  1806 I DisplayPowerController: brightnessState(m):1.0
10-16 09:28:00.221  1652  1772 D OpProximityController: noteFrontPackageChanged pkg:net.oneplus.launcher uid:10142 lpkg:org.uhh.myapp luid:10041
10-16 09:28:00.221  1652  1806 I RampAnimator: target:1.0 rate:0.7058823 mCurrentValue:1.0 mTargetValue:1.0
10-16 09:28:00.221  1652  1772 D OemSceneModeActivityStack: [scene] evaluateGameModes :  gameMsg.arg1=0 gameMsg.arg2=1
10-16 09:28:00.222  1652  1772 E OpScreenModeService: getAppToken ActivityRecord{71c0fc3 u0 net.oneplus.launcher/.Launcher t6221}
