--------- beginning of crash
06-18 21:44:42.565   666   666 F libc    : Fatal signal 6 (SIGABRT), code -1 (SI_QUEUE) in tid 666 (init), pid 666 (init)
06-18 21:44:42.580   666   666 F libc    : crash_dump helper failed to exec
06-18 21:44:42.587   674   674 F libc    : Fatal signal 6 (SIGABRT), code -1 (SI_QUEUE) in tid 674 (init), pid 674 (init)
06-18 21:44:42.598   674   674 F libc    : crash_dump helper failed to exec
--------- beginning of perf
10-14 15:27:06.996  2900  2900 I 100     : Open /data/app/~~KLMpI2gWbdxifjCqK7AJOA==/net.oneplus.launcher-qstH4aqgUfxbHDYq_JJHHA==/base.apk took:55ms
10-14 15:27:07.925  2585  2585 I 309     : package:com.android.systemui took:1306 calssname:android.app.ActivityThread$H callback:null what:114
10-14 15:27:08.302  1652  1652 I 100     : Open /system/priv-app/Telecom/Telecom.apk took:110ms
10-14 15:27:08.968  3253  3253 I 309     : package:com.android.phone took:1078 calssname:android.app.ActivityThread$H callback:null what:110
10-14 15:27:10.353  3563  3563 I 100     : Open /data/app/~~q7SjuckInYu31_I5e9ildw==/com.google.android.gms-jROgJGtmRN54DPYtq-sWmg==/base.apk took:61ms
10-14 15:27:10.624  3620  3620 I 100     : Open /data/app/~~otX8u8M0-vJETGieL4jy5A==/com.oneplus.twspods-6a8jDSLZnsOPcSZv0ajhaQ==/base.apk took:52ms
10-14 15:27:11.390  3563  3563 I 309     : package:com.google.android.gms took:1127 calssname:android.app.ActivityThread$H callback:null what:110
10-14 15:27:14.099  3827  3827 F libc    : Fatal signal 6 (SIGABRT), code -1 (SI_QUEUE) in tid 3827 (init), pid 3827 (init)
10-14 15:27:14.121  3827  3827 F libc    : crash_dump helper failed to exec
10-14 15:27:15.290  4065  4065 I 100     : Open /data/app/~~iYgYNh9pybhkDpMqts6PKg==/com.google.android.marvin.talkback-Ppf7qYKb6nbcHbijRJd8WQ==/base.apk took:256ms
10-14 15:27:26.465  3779  4043 I 110     :  OptJank - total:82 frameGap:348 delta#66#10#6#3#0#5
10-14 15:27:26.550  1652  1799 I 322     : com.android.settings#560#877
10-14 15:27:28.064  4740  4740 I 100     : Open /data/app/~~fJ0S83xywFiHkirKJN9U4w==/com.google.android.googlequicksearchbox-VsEIGJ2kSvoDFH9cAmhozQ==/base.apk took:177ms
10-14 15:27:28.149  4763  4763 I 100     : Open /data/app/~~UPaC_JHDrp8O1p2EnOgx-w==/com.google.android.apps.messaging-uVf6hRLvlCRbfHk99pdvfQ==/base.apk took:157ms
10-14 15:27:28.745  5201  5201 I 100     : Open /system_ext/priv-app/OPAccessoryFramework/OPAccessoryFramework.apk took:79ms
10-14 15:27:28.786  5224  5224 I 100     : Open /data/app/~~PmYeYUJd3DQ97Ut73FNU0A==/org.thoughtcrime.securesms-e3icRkn2ToLVrsDWRXnXCQ==/base.apk took:96ms
10-14 15:27:28.854  5285  5285 I 100     : Open /data/app/~~Tdrb-dNG3VZU68GkG5OTGw==/com.google.android.apps.podcasts-YRG1Tlrxf1lSeXENK7kf3w==/base.apk took:61ms
10-14 15:27:29.027  5327  5327 I 100     : Open /data/app/~~wxtbmtgpZnwUj62CW5t1Vw==/com.google.android.apps.maps-3NpLld44jLl3nX5spe1wwg==/base.apk took:170ms
10-14 15:27:29.092  3563  3563 I 309     : package:com.google.android.gms took:1000 calssname:android.app.ActivityThread$H callback:null what:114
10-14 15:27:29.150  5431  5431 I 100     : Open /data/app/~~AktjRsuU95dCnqcLaaDqUg==/com.zorinos.zorin_connect-wXTzNt_29HC6ALpduiVFSQ==/base.apk took:74ms
10-14 15:27:29.168  5387  5387 I 100     : Open /data/app/~~BFY8fX-_LhvhoZXGVfdrSw==/com.spotify.music-guCkQh1gZBLrS2AmD9rl0w==/base.apk took:181ms
10-14 15:27:29.169  5461  5461 I 100     : Open /data/app/~~AjSgL4V30f-EPqxczt-IMw==/com.google.android.projection.gearhead-oH6WOqJzUz1yoMBcbRJ9ig==/base.apk took:73ms
10-14 15:27:29.277  5484  5484 I 100     : Open /data/app/~~zx6RMG5fxBJ8zc7Kv7_QSQ==/com.oneplus.gamespace-sfhSptizrP3N77PHB2cXRw==/base.apk took:112ms
10-14 15:27:29.569  5106  5106 I 309     : package:net.oneplus.launcher took:1033 calssname:android.app.ActivityThread$H callback:null what:110
10-14 15:27:29.625  5629  5629 I 100     : Open /data/app/~~gtgxhpITGw3eHQDtlhdWNg==/com.google.android.apps.photos-lYaZhijrQZ788RQXZhZxsQ==/base.apk took:104ms
10-14 15:27:29.678  5373  5373 I 100     : Open /data/user_de/0/com.google.android.gms/app_chimera/m/0000020d/DynamiteLoader.apk took:128ms
10-14 15:27:29.768  5224  5224 I 309     : package:org.thoughtcrime.securesms took:1094 calssname:android.app.ActivityThread$H callback:null what:110
10-14 15:27:30.109  5863  5863 I 100     : Open /system/reserve/OPNote/OPNote.apk took:87ms
10-14 15:27:30.643  5387  5387 I 309     : package:com.spotify.music took:1688 calssname:android.app.ActivityThread$H callback:null what:110
10-14 15:27:30.822  6106  6106 I 100     : Open /system_ext/priv-app/SettingsIntelligence/SettingsIntelligence.apk took:60ms
10-14 15:27:31.038  5327  5663 I 100     : Open /data/user_de/0/com.google.android.gms/app_chimera/m/0000020c/CronetDynamite.apk took:72ms
10-14 15:27:31.158  6201  6201 I 100     : Open /data/app/~~UK5PcHvt2YZ73u1y-927LQ==/com.oneplus.brickmode-4OL_ylbjelgJmpNp_XYOgw==/base.apk took:81ms
10-14 15:27:31.504  1652  1799 I 322     : net.oneplus.launcher#-1#2237
10-14 15:27:31.725  6309  6309 I 100     : Open /data/app/~~8DX007H2MroIuqKEtwwWig==/com.android.vending-PUSYY70f5dM0Cr1xYcjUIQ==/base.apk took:253ms
10-14 15:27:32.019  5327  5666 I 100     : Open /data/app/~~q7SjuckInYu31_I5e9ildw==/com.google.android.gms-jROgJGtmRN54DPYtq-sWmg==/base.apk took:95ms
10-14 15:27:32.936  6309  6309 I 309     : package:com.android.vending took:1520 calssname:android.app.ActivityThread$H callback:null what:110
10-14 15:27:33.334  6691  6691 I 100     : Open /data/app/~~CYGjFjNyEYt4v9RqEIg82A==/com.google.android.apps.tachyon-jJcRyNDDYNF9MEded7PE9Q==/base.apk took:126ms
10-14 15:27:34.103  6691  6826 I 100     : Open /data/user_de/0/com.google.android.gms/app_chimera/m/0000020d/DynamiteLoader.apk took:72ms
10-14 15:27:34.271  6852  6852 I 100     : Open /system_ext/priv-app/OPMms/OPMms.apk took:74ms
10-14 15:27:34.306  5327  5468 I 101     : #185
10-14 15:27:34.802  6941  6941 I 100     : Open /data/app/~~8DX007H2MroIuqKEtwwWig==/com.android.vending-PUSYY70f5dM0Cr1xYcjUIQ==/base.apk took:79ms
10-14 15:27:34.907  3962  3962 I 100     : Open /data/user_de/0/com.google.android.gms/app_chimera/m/00000206/pgs_release.apk took:205ms
10-14 15:27:35.315  6852  6852 I 309     : package:com.oneplus.mms took:1161 calssname:android.app.ActivityThread$H callback:null what:110
10-14 15:27:35.368  1652  1799 I 322     : com.google.android.apps.messaging#-1#516
10-14 15:27:35.736  1652  1799 I 322     : com.google.android.apps.messaging#-1#351
10-14 15:27:36.065  7191  7191 I 100     : Open /system_ext/app/OPPush/OPPush.apk took:78ms
10-14 15:27:37.479  1652  1799 I 322     : com.google.android.apps.messaging#-1#125
10-14 15:27:38.208  7495  7495 I 100     : Open /data/app/~~qtsE1yyM-Mk7FSzj6KcsOQ==/com.oneplus.gallery-wHbrfIEiD6SlVinc3_XIpg==/base.apk took:52ms
10-14 15:27:38.711  1652  2392 I 106     : System spent 126.8ms processing the last motion event: MotionEvent#MOVE
10-14 15:27:38.713  1652  2392 I 106     : System spent 120.5ms processing the last motion event: MotionEvent#MOVE
10-14 15:27:38.715  1652  2392 I 106     : System spent 117.0ms processing the last motion event: MotionEvent#MOVE
10-14 15:27:38.718  1652  2392 I 106     : System spent 112.1ms processing the last motion event: MotionEvent#MOVE
10-14 15:27:38.719  1652  2392 I 106     : System spent 105.3ms processing the last motion event: MotionEvent#MOVE
10-14 15:27:38.863  7578  7578 I 100     : Open /data/app/~~oCYetYKDzHAVzV1oxf7ZrA==/whitecastle.ordering-9kUSDPJLbLZXjRAC89nH7g==/base.apk took:107ms
10-14 15:27:39.214  1652  2392 I 106     : System spent 130.9ms processing the last motion event: MotionEvent#MOVE
10-14 15:27:39.252  1652  2392 I 106     : System spent 160.8ms processing the last motion event: MotionEvent#MOVE
10-14 15:27:39.252  1652  2392 I 106     : System spent 154.1ms processing the last motion event: MotionEvent#MOVE
10-14 15:27:39.256  1652  2392 I 106     : System spent 148.1ms processing the last motion event: MotionEvent#MOVE
10-14 15:27:39.256  1652  2392 I 106     : System spent 141.3ms processing the last motion event: MotionEvent#MOVE
10-14 15:27:39.256  1652  2392 I 106     : System spent 134.6ms processing the last motion event: MotionEvent#MOVE
10-14 15:27:39.263  1652  2392 I 106     : System spent 133.6ms processing the last motion event: MotionEvent#MOVE
10-14 15:27:39.263  1652  2392 I 106     : System spent 126.8ms processing the last motion event: MotionEvent#MOVE
10-14 15:27:39.263  1652  2392 I 106     : System spent 120.3ms processing the last motion event: MotionEvent#MOVE
10-14 15:27:39.263  1652  2392 I 106     : System spent 113.3ms processing the last motion event: MotionEvent#MOVE
10-14 15:27:39.263  1652  2392 I 106     : System spent 106.8ms processing the last motion event: MotionEvent#MOVE
10-14 15:27:39.267  1652  2392 I 106     : System spent 100.8ms processing the last motion event: MotionEvent#MOVE
10-14 15:27:39.271  1652  2392 I 106     : System spent 100.8ms processing the last motion event: MotionEvent#MOVE
10-14 15:27:39.744  7578  7578 I 309     : package:whitecastle.ordering took:1007 calssname:android.app.ActivityThread$H callback:null what:110
10-14 15:27:46.141  8184  8184 I 100     : Open /data/app/~~mYVdCegYLD6diAT_mY_m9w==/com.google.android.apps.docs.editors.sheets-IqCOSyTUB4D7ZX9YKm3s_w==/base.apk took:57ms
10-14 15:27:47.989  8399  8399 I 100     : Open /data/app/~~9sqmvLSkyxv6sN6abC4RWg==/com.oneplus.account-QfG_RnE29g9TRM94jNCwOw==/base.apk took:52ms
10-14 15:27:48.658  8499  8499 I 100     : Open /system/priv-app/OnePlusWizard/OnePlusWizard.apk took:100ms
10-14 15:27:49.764  8184  8226 I 100     : Open /data/app/~~q7SjuckInYu31_I5e9ildw==/com.google.android.gms-jROgJGtmRN54DPYtq-sWmg==/base.apk took:59ms
10-14 15:27:51.108  8851  8851 I 100     : Open /data/app/~~_LgvIoUBj1c9j9TddCV1MA==/tv.twitch.android.app-M3ZoO9GeePrty10YOSnEMA==/base.apk took:130ms
10-14 15:27:52.338  8851  8851 I 309     : package:tv.twitch.android.app took:1413 calssname:android.app.ActivityThread$H callback:null what:110
10-14 15:27:53.039  9053  9053 I 100     : Open /system_ext/app/PhotosOnline/PhotosOnline.apk took:56ms
10-14 15:27:54.625  9207  9207 I 100     : Open /data/app/~~28xMrISn7qo0fz1FDsuhOg==/com.google.android.apps.docs-RKzn5Jx5BfjCdUxpS3jW0w==/base.apk took:99ms
10-14 15:27:56.485  9534  9534 I 100     : Open /data/app/~~Mfs2uVuCCAUTVe0dU0dTHA==/com.google.android.apps.walletnfcrel-EWEEmryEkczwo9DnI-DPtA==/base.apk took:124ms
10-14 15:27:57.443  9610  9610 I 100     : Open /data/app/~~PEFdMvdtHCvNQYM_yLtLJw==/com.google.android.apps.youtube.music-mL48VbI3og7fAEvfT1JIOA==/base.apk took:76ms
10-14 15:27:57.952  9610  9655 I 100     : Open /system/framework/com.android.media.remotedisplay.jar took:105ms
10-14 15:27:58.367  9735  9735 I 100     : Open /data/app/~~r51C14-_eMLMSYVR9Nsw_Q==/com.google.android.calendar-mMvN1O7AKp_1nVl8yDMaoA==/base.apk took:77ms
10-14 15:28:00.270  9956  9956 I 100     : Open /data/app/~~WajaAiz5PcBzzp6rv-ztUw==/com.google.android.gm-N05PhAGLqiSOH8jP4f4x0w==/base.apk took:154ms
10-14 15:28:02.862 10226 10226 I 100     : Open /data/app/~~08c7ql411D6XQIANflBSFA==/com.google.android.tts-Offw8VcXzhrPIJFiyZG0jg==/base.apk took:51ms
10-14 15:28:04.663 10406 10406 I 100     : Open /system_ext/priv-app/OPContacts/OPContacts.apk took:51ms
10-14 15:28:07.599 10665 10665 I 100     : Open /data/app/~~29hUz0XH3MS6m9gI1yz3tQ==/com.Slack-QRxfQTwp9k777qL0AEI2BA==/base.apk took:98ms
10-14 15:28:08.376 10746 10746 I 100     : Open /data/app/~~x1ZBD893nUFU-jx-UBg8CA==/com.amazon.dee.app-6H-CHWyysjBXUe5d3lThdw==/base.apk took:92ms
10-14 15:28:09.713 10929 10929 I 100     : Open /data/app/~~x1ZBD893nUFU-jx-UBg8CA==/com.amazon.dee.app-6H-CHWyysjBXUe5d3lThdw==/base.apk took:60ms
10-14 15:28:10.509 11094 11094 I 100     : Open /data/app/~~Z6aadjCDKv-1BVa6H4nVJA==/com.audible.application-v4CqnDdhsX-hd19x8eWNzA==/base.apk took:188ms
10-14 15:28:11.623 11094 11094 I 309     : package:com.audible.application took:1343 calssname:android.app.ActivityThread$H callback:null what:110
10-14 15:28:11.829 11360 11360 I 100     : Open /data/app/~~MmtbmYHulpLGH6cSLvdi-Q==/com.chegg-ljWMbBtK8pLe4VQwayKHXg==/base.apk took:95ms
10-14 15:28:13.153 11360 11360 I 309     : package:com.chegg took:1448 calssname:android.app.ActivityThread$H callback:null what:110
10-14 15:28:14.158 11869 11869 I 100     : Open /data/app/~~ErWcmaj9oafbk3kvX7gz8w==/com.dd.doordash-6KrGwUp0le-SBG9YjGnELw==/base.apk took:139ms
10-14 15:28:15.070 11869 11869 I 309     : package:com.dd.doordash took:1165 calssname:android.app.ActivityThread$H callback:null what:110
10-14 15:28:15.332 12236 12236 I 100     : Open /data/app/~~Y7k6C1JZsgT8D3xDRX5mig==/com.discord-SWYSDxGzoankeqv9Vbue_A==/base.apk took:132ms
10-14 15:28:16.227 12236 12236 I 309     : package:com.discord took:1052 calssname:android.app.ActivityThread$H callback:null what:110
10-14 15:28:18.519 12669 12669 I 100     : Open /data/app/~~z-lG07TybIgdWXLpzUadiw==/com.google.android.apps.dynamite--sjTziB_My89uSW_VXOObg==/base.apk took:66ms
10-14 15:28:18.936 12669 12703 I 100     : Open /data/user_de/0/com.google.android.gms/app_chimera/m/0000020d/DynamiteLoader.apk took:61ms
10-14 15:28:18.964 12669 12725 I 100     : Open /data/app/~~q7SjuckInYu31_I5e9ildw==/com.google.android.gms-jROgJGtmRN54DPYtq-sWmg==/base.apk took:56ms
10-14 15:28:19.919 12807 12807 I 100     : Open /data/app/~~B2rFAznCk2X2wyqs9CNLjQ==/com.google.android.apps.tasks-_O3R0FkNQAHVrIeP6XVTSg==/base.apk took:70ms
10-14 15:28:21.210 13127 13127 I 100     : Open /data/app/~~srYKyWwLoA1hxqvEZ34iTw==/com.google.android.apps.wallpaper-MzOJPmVUmcXOTzEL5auSxA==/base.apk took:65ms
10-14 15:28:21.519 13182 13182 I 100     : Open /data/app/~~HJgHQcwMaR2nJ1tFc58lUg==/com.google.android.apps.youtube.creator-tKT_MhR-3kCr6wtIDMQlIQ==/base.apk took:66ms
10-14 15:28:21.940 13261 13261 I 100     : Open /data/app/~~1UYEHJtKW4xFvqzTQvvYSQ==/com.google.android.contacts-89nmMY5tByJURTyvY9460A==/base.apk took:74ms
10-14 15:28:23.287 13401 13401 I 100     : Open /data/app/~~KNs7FwGzDc8SD87MKfcGhQ==/com.google.android.keep-X1y0hRFxCWf27yhV-VAf3A==/base.apk took:60ms
10-14 15:28:24.675 13570 13570 I 100     : Open /data/app/~~UI0Qkxf9jjmDqoGyMNBmEA==/com.instagram.android-JdMn0wGIhs8s40ch6B3-tw==/base.apk took:59ms
10-14 15:28:26.132 13570 13570 I 309     : package:com.instagram.android took:1541 calssname:android.app.ActivityThread$H callback:null what:110
10-14 15:28:28.912 13975 13975 I 309     : package:com.phonevalley.progressive took:1594 calssname:android.app.ActivityThread$H callback:null what:110
10-14 15:28:29.949 13570 13593 I 101     : #196
10-14 15:28:36.373 14390 14390 I 100     : Open /data/app/~~x1ZBD893nUFU-jx-UBg8CA==/com.amazon.dee.app-6H-CHWyysjBXUe5d3lThdw==/base.apk took:54ms
10-14 15:28:57.559 15011 15011 I 100     : Open /data/app/~~8DX007H2MroIuqKEtwwWig==/com.android.vending-PUSYY70f5dM0Cr1xYcjUIQ==/base.apk took:74ms
10-14 15:29:29.980 15297 15297 I 100     : Open /data/app/~~GMk2XGi9x5nMNiq67Nqt6w==/com.snapchat.android-9N0gJ9nwdFNsw2GrYIk0TA==/base.apk took:74ms
10-14 15:29:30.556 15346 15346 I 100     : Open /data/app/~~0lNnoWkmTic23UMNGHwRdA==/com.vanced.android.youtube-B89HBI2Jr6btM9VZ5F6zmg==/base.apk took:85ms
10-14 15:29:31.595 15510 15510 I 100     : Open /data/app/~~svy2z9DFDjTaHpCd0CIIgg==/com.venmo-2BZCGc1Sky9OBr6oMLTCAA==/base.apk took:107ms
10-14 15:29:33.770 15510 15510 I 309     : package:com.venmo took:2310 calssname:android.app.ActivityThread$H callback:null what:110
10-14 15:29:35.621 16106 16106 I 100     : Open /data/app/~~hiMdEt-4r2pU84lecdvHCg==/org.mozilla.firefox-8X9963epHc6av4Og3wPSyg==/base.apk took:54ms
10-14 15:29:36.814 15510 15548 I 101     : #163
10-14 15:29:37.898 16252 16252 I 309     : package:com.sand.airdroid took:1359 calssname:android.app.ActivityThread$H callback:null what:110
10-14 15:29:38.587 16436 16436 I 100     : Open /data/app/~~gtgxhpITGw3eHQDtlhdWNg==/com.google.android.apps.photos-lYaZhijrQZ788RQXZhZxsQ==/base.apk took:65ms
10-14 15:29:39.255 16543 16543 I 100     : Open /data/app/~~x1ZBD893nUFU-jx-UBg8CA==/com.amazon.dee.app-6H-CHWyysjBXUe5d3lThdw==/base.apk took:59ms
10-14 15:29:40.680 16799 16799 I 100     : Open /data/app/~~fJ0S83xywFiHkirKJN9U4w==/com.google.android.googlequicksearchbox-VsEIGJ2kSvoDFH9cAmhozQ==/base.apk took:64ms
10-14 15:29:45.821 17285 17352 I 100     : Open /data/user_de/0/com.google.android.gms/app_chimera/m/0000020d/DynamiteLoader.apk took:57ms
10-14 15:29:45.932 17285 17352 I 100     : Open /data/user_de/0/com.google.android.gms/app_chimera/m/00000212/MeasurementDynamite.apk took:82ms
10-14 15:29:46.387  1652  2392 I 106     : System spent 117.6ms processing the last motion event: MotionEvent#DOWN
10-14 15:29:47.005 17520 17520 I 100     : Open /data/app/~~x1ZBD893nUFU-jx-UBg8CA==/com.amazon.dee.app-6H-CHWyysjBXUe5d3lThdw==/base.apk took:53ms
10-14 15:29:49.268 17891 17891 I 100     : Open /data/app/~~R8imbMbwxuUatboCXQrsnA==/com.instacart.client-ACfrrALxnvt1k7jUjVb5dg==/base.apk took:80ms
10-14 15:29:50.427 17891 17891 I 309     : package:com.instacart.client took:1264 calssname:android.app.ActivityThread$H callback:null what:110
10-14 15:29:52.870 18362 18362 I 100     : Open /data/app/~~x1ZBD893nUFU-jx-UBg8CA==/com.amazon.dee.app-6H-CHWyysjBXUe5d3lThdw==/base.apk took:59ms
10-14 15:29:53.337 18512 18512 I 100     : Open /data/app/~~fJ0S83xywFiHkirKJN9U4w==/com.google.android.googlequicksearchbox-VsEIGJ2kSvoDFH9cAmhozQ==/base.apk took:78ms
10-14 15:29:59.828  1652  1799 I 322     : com.audible.application#47#1120
10-14 15:30:01.146  1652  1799 I 322     : com.audible.application#-1#176
10-14 15:30:11.355  2585  3032 I 110     :  OptJank - total:88 frameGap:88 delta#111#1#0#0#0#3
10-14 15:30:50.413 19591 19591 I 100     : Open /data/app/~~xEpR20o3fBb-OinOwqAxLA==/com.amazon.mShop.android.shopping-Ofz5QcX7bzX2NP_NiBIv_Q==/base.apk took:99ms
10-14 15:30:52.787 19738 19738 I 100     : Open /data/app/~~hCk2xPci4pFWu13sNt1wcA==/com.amazon.avod.thirdpartyclient-aZ8F-NaVrGYdMuALU6-itg==/base.apk took:78ms
10-14 15:31:50.493 20139 20139 I 100     : Open /data/app/~~x1ZBD893nUFU-jx-UBg8CA==/com.amazon.dee.app-6H-CHWyysjBXUe5d3lThdw==/base.apk took:56ms
10-14 15:33:27.657 20256 20256 I 309     : package:com.instagram.android took:1110 calssname:android.app.ActivityThread$H callback:null what:110
10-14 15:33:52.693 20542 20542 I 100     : Open /data/app/~~nYA3lxtD5v84eEPSbX6ORw==/com.android.chrome-isG9ukKCR_Y_X4nnrQ0Jkg==/base.apk took:83ms
10-14 15:34:52.246 20756 20756 I 100     : Open /data/app/~~nYA3lxtD5v84eEPSbX6ORw==/com.android.chrome-isG9ukKCR_Y_X4nnrQ0Jkg==/base.apk took:98ms
10-14 15:37:11.200 20971 20971 I 100     : Open /data/app/~~n7rijUx61e_-x5fBGM5d8A==/com.zhiliaoapp.musically-T-2WBvzoZi-SwdaLiV8NnQ==/base.apk took:104ms
10-14 15:37:12.108 21023 21095 I 100     : Open /data/app/~~MWcyAkrp8K_gtI2_LRurCA==/com.google.android.trichromelibrary_460608534-qgEKQeh5R29dD-J_hsjN2g==/base.apk took:118ms
10-14 15:37:12.209 21023 21095 I 100     : Open /data/app/~~bmCnN4E0zRyd7vlkoHmz6A==/com.google.android.webview-F1f62tnwXmUbCtyxDcY3qQ==/base.apk took:78ms
10-14 15:40:45.376  1652  1806 I 300     : 224
10-14 15:43:28.367 22085 22191 I 100     : Open /system/framework/com.android.media.remotedisplay.jar took:81ms
10-14 15:44:02.694  1652  3090 I 300     : 45
10-14 15:44:05.598  1652  2392 I 106     : System spent 163.3ms processing the last motion event: MotionEvent#MOVE
10-14 15:44:05.774  1652  2392 I 106     : System spent 347.2ms processing the last motion event: MotionEvent#MOVE
10-14 15:44:05.776  1652  2392 I 106     : System spent 334.8ms processing the last motion event: MotionEvent#MOVE
10-14 15:44:05.777  1652  2392 I 106     : System spent 320.7ms processing the last motion event: MotionEvent#MOVE
10-14 15:44:05.780  1652  2392 I 106     : System spent 293.7ms processing the last motion event: MotionEvent#MOVE
10-14 15:44:05.789  1652  2392 I 106     : System spent 273.9ms processing the last motion event: MotionEvent#MOVE
10-14 15:44:05.794  1652  2392 I 106     : System spent 258.1ms processing the last motion event: MotionEvent#MOVE
10-14 15:44:05.795  1652  2392 I 106     : System spent 172.3ms processing the last motion event: MotionEvent#MOVE
10-14 15:44:05.797  1652  2392 I 106     : System spent 109.1ms processing the last motion event: MotionEvent#MOVE
10-14 15:44:06.875  2585  3032 I 110     :  OptJank - total:82 frameGap:87 delta#77#3#2#0#0#1
10-14 15:44:11.442 22756 22756 I 100     : Open /data/app/~~Y7k6C1JZsgT8D3xDRX5mig==/com.discord-SWYSDxGzoankeqv9Vbue_A==/base.apk took:75ms
10-14 15:44:17.849  2585  3032 I 111     :  OptJank - continuously drops frames:4
10-14 15:44:17.911  2585  3032 I 111     :  OptJank - high percentage:0.5
10-14 15:44:17.970  2585  3032 I 111     :  OptJank - continuously drops frames:4
10-14 15:44:18.140  2585  3032 I 111     :  OptJank - continuously drops frames:4
10-14 15:44:18.946  1652  1799 I 322     : com.discord#-1#691
10-14 15:44:20.957  1652  1799 I 322     : com.discord#-1#100
10-14 15:44:45.938  1652  1799 I 322     : com.discord#-1#83
10-14 15:45:46.478 23310 23310 I 100     : Open /data/app/~~xEpR20o3fBb-OinOwqAxLA==/com.amazon.mShop.android.shopping-Ofz5QcX7bzX2NP_NiBIv_Q==/base.apk took:61ms
10-14 15:49:22.952  1652  1806 I 300     : 681
10-14 15:52:32.509  1652  1806 I 300     : 19
10-14 15:52:43.564  1652  1799 I 322     : com.audible.application#-1#163
10-14 15:57:37.633  1652  1806 I 300     : 660
10-14 16:03:39.767  1652  1806 I 300     : 633
10-14 16:05:17.677  1652  1806 I 300     : 28
10-14 16:05:19.585  1652  1806 I 300     : 366
10-14 16:09:30.533  1652  1806 I 300     : 644
10-14 16:20:39.921  1652  1806 I 300     : 152
10-14 16:20:42.045 26841 27104 I 101     : #152
10-14 16:20:58.493 27710 27710 I 100     : Open /data/app/~~wxtbmtgpZnwUj62CW5t1Vw==/com.google.android.apps.maps-3NpLld44jLl3nX5spe1wwg==/base.apk took:68ms
10-14 16:21:01.595 28145 28145 I 100     : Open /data/app/~~UK5PcHvt2YZ73u1y-927LQ==/com.oneplus.brickmode-4OL_ylbjelgJmpNp_XYOgw==/base.apk took:55ms
10-14 16:21:02.584 28281 28281 I 100     : Open /data/app/~~z-lG07TybIgdWXLpzUadiw==/com.google.android.apps.dynamite--sjTziB_My89uSW_VXOObg==/base.apk took:57ms
10-14 16:21:03.053 28281 28367 I 100     : Open /system/framework/org.apache.http.legacy.jar took:63ms
10-14 16:21:04.645 28560 28560 I 100     : Open /data/app/~~kRBvbFMFFRfEhxUzml5wjw==/com.google.android.play.games-hym-Jnb8eYZ9nLQ75eE-gQ==/base.apk took:60ms
10-14 16:21:21.410 28871 28871 I 100     : Open /data/app/~~fJ0S83xywFiHkirKJN9U4w==/com.google.android.googlequicksearchbox-VsEIGJ2kSvoDFH9cAmhozQ==/base.apk took:67ms
10-14 16:22:16.360  1652  1799 I 322     : com.google.android.calculator#55#370
10-14 16:26:41.453  1652  1806 I 300     : 697
10-14 16:27:07.038  1652  1806 I 300     : 742
10-14 16:27:11.193  1652  2392 I 106     : System spent 133.2ms processing the last motion event: MotionEvent#DOWN
10-14 16:27:11.199  1652  2392 I 106     : System spent 120.5ms processing the last motion event: MotionEvent#MOVE
10-14 16:27:11.199  1652  2392 I 106     : System spent 113.9ms processing the last motion event: MotionEvent#MOVE
10-14 16:27:11.199  1652  2392 I 106     : System spent 106.9ms processing the last motion event: MotionEvent#MOVE
10-14 16:27:13.155  1652  1799 I 322     : com.andrewshu.android.redditdonation#46#320
10-14 16:27:19.619  8801 29912 I 110     :  OptJank - total:88 frameGap:95 delta#0#87#1#85#0#1
10-14 16:27:41.410 23917 30024 I 101     : #347
10-14 16:28:50.272 30178 30207 I 100     : Open /system/framework/com.android.media.remotedisplay.jar took:58ms
10-14 16:29:36.218  1652  1806 I 300     : 248
10-14 16:29:37.403  1652  1806 I 300     : 288
10-14 16:29:42.677  2585  3032 I 110     :  OptJank - total:83 frameGap:2454 delta#44#27#8#18#0#10
10-14 16:29:42.935  1652  1806 I 300     : 204
10-14 16:29:45.269  1652  1799 I 322     : com.oneplus.camera#46#393
10-14 16:38:47.256  1652  1806 I 300     : 497
10-14 16:38:48.803  1652  1799 I 322     : com.oneplus.camera#-1#118
10-14 16:46:24.714   903  1230 I 100     : Open /system/framework/com.android.location.provider.jar took:105ms
10-14 16:46:24.931   903  1162 I 100     : Open /data/user_de/0/com.google.android.gms/app_chimera/m/0000020d/DynamiteLoader.apk took:198ms
10-14 16:46:24.974  1013  1267 I 100     : Open /data/user_de/0/com.google.android.gms/app_chimera/m/0000020c/CronetDynamite.apk took:76ms
10-14 16:46:25.239   903  1230 I 100     : Open /data/app/~~q7SjuckInYu31_I5e9ildw==/com.google.android.gms-jROgJGtmRN54DPYtq-sWmg==/base.apk took:294ms
10-14 16:46:25.239   903  1162 I 100     : Open /data/user_de/0/com.google.android.gms/app_chimera/m/0000020c/CronetDynamite.apk took:118ms
10-14 17:01:42.140  2056  2056 I 100     : Open /data/app/~~UI0Qkxf9jjmDqoGyMNBmEA==/com.instagram.android-JdMn0wGIhs8s40ch6B3-tw==/base.apk took:61ms
10-14 17:01:43.563  2056  2056 I 309     : package:com.instagram.android took:1512 calssname:android.app.ActivityThread$H callback:null what:110
10-14 17:12:01.054  1652  1806 I 300     : 501
10-14 17:12:02.120  1652  1799 I 322     : com.oneplus.camera#-1#150
10-14 17:12:57.091  2585  3032 I 111     :  OptJank - continuously drops frames:4
10-14 17:12:57.270  2585  3032 I 111     :  OptJank - high percentage:0.5
10-14 17:12:57.955  1652  1799 I 322     : com.snapchat.android#-1#416
10-14 17:14:02.550  1652  1806 I 300     : 707
10-14 17:14:36.917  1652  1806 I 300     : 689
10-14 17:14:38.131  1652  2392 I 106     : System spent 157.9ms processing the last motion event: MotionEvent#MOVE
10-14 17:14:38.183  1652  2392 I 106     : System spent 163.7ms processing the last motion event: MotionEvent#MOVE
10-14 17:14:38.183  1652  2392 I 106     : System spent 150.4ms processing the last motion event: MotionEvent#UP
10-14 17:17:47.399  1652  1806 I 300     : 447
10-14 17:18:07.749  1652  1806 I 300     : 312
10-14 17:18:49.897  1652  1806 I 300     : 341
10-14 17:25:42.409  1652  1806 I 300     : 259
10-14 17:25:46.421  2585  3032 I 111     :  OptJank - continuously drops frames:4
10-14 17:25:46.466  2585  3032 I 111     :  OptJank - continuously drops frames:4
10-14 17:25:46.511  2585  3032 I 111     :  OptJank - continuously drops frames:4
10-14 17:25:46.554  2585  3032 I 111     :  OptJank - continuously drops frames:4
10-14 17:25:46.642  2585  3032 I 111     :  OptJank - high percentage:0.7
10-14 17:25:47.112  1652  1799 I 322     : com.oneplus.dialer#-1#240
10-14 17:25:48.103  1652  1799 I 322     : com.oneplus.dialer#-1#109
10-14 17:25:52.340  7063  7063 I 100     : Open /data/app/~~hCk2xPci4pFWu13sNt1wcA==/com.amazon.avod.thirdpartyclient-aZ8F-NaVrGYdMuALU6-itg==/base.apk took:67ms
10-14 17:28:24.377  1652  1806 I 300     : 244
10-14 17:28:32.799  2585  3032 I 111     :  OptJank - continuously drops frames:4
10-14 17:28:32.877  2585  3032 I 111     :  OptJank - continuously drops frames:4
10-14 17:28:33.343  2585  3032 I 110     :  OptJank - total:85 frameGap:92 delta#0#80#0#28#0#5
10-14 17:28:39.285  1652  2392 I 106     : System spent 173.8ms processing the last motion event: MotionEvent#UP
10-14 17:28:39.606  1652  1799 I 322     : com.oneplus.dialer#-1#109
10-14 17:33:09.895  1652  1799 I 322     : com.oneplus.dialer#-1#117
10-14 17:44:52.625  1652  1806 I 300     : 227
10-14 17:51:03.645  1652  1806 I 300     : 441
10-14 18:06:13.927  1652  1806 I 300     : 351
10-14 18:06:14.860  8802 31077 I 111     :  OptJank - continuously drops frames:4
10-14 18:12:58.525  1652  1806 I 300     : 356
10-14 18:14:17.693  1652  2392 I 106     : System spent 161.9ms processing the last motion event: MotionEvent#MOVE
10-14 18:14:17.794  1652  2392 I 106     : System spent 249.5ms processing the last motion event: MotionEvent#MOVE
10-14 18:14:17.797  1652  2392 I 106     : System spent 243.5ms processing the last motion event: MotionEvent#MOVE
10-14 18:14:17.797  1652  2392 I 106     : System spent 216.4ms processing the last motion event: MotionEvent#MOVE
10-14 18:14:17.798  1652  2392 I 106     : System spent 167.2ms processing the last motion event: MotionEvent#MOVE
10-14 18:14:17.799  1652  2392 I 106     : System spent 139.0ms processing the last motion event: MotionEvent#MOVE
10-14 18:15:33.910  8801 29912 I 111     :  OptJank - continuously drops frames:4
10-14 18:15:36.880  8801 29912 I 111     :  OptJank - continuously drops frames:4
10-14 18:16:42.563  2585  3032 I 111     :  OptJank - continuously drops frames:4
10-14 18:16:42.656  2585  3032 I 111     :  OptJank - continuously drops frames:4
10-14 18:18:39.430  8801 29912 I 111     :  OptJank - continuously drops frames:4
10-14 18:19:13.493 10930 10930 I 100     : Open /data/app/~~28xMrISn7qo0fz1FDsuhOg==/com.google.android.apps.docs-RKzn5Jx5BfjCdUxpS3jW0w==/base.apk took:66ms
10-14 18:19:14.145 11008 11008 I 100     : Open /data/app/~~wxtbmtgpZnwUj62CW5t1Vw==/com.google.android.apps.maps-3NpLld44jLl3nX5spe1wwg==/base.apk took:61ms
10-14 18:19:15.091  1652  2392 I 106     : System spent 147.2ms processing the last motion event: MotionEvent#DOWN
10-14 18:19:15.095  1652  2392 I 106     : System spent 104.4ms processing the last motion event: MotionEvent#MOVE
10-14 18:19:16.671 11278 11315 I 100     : Open /system/framework/com.android.media.remotedisplay.jar took:54ms
10-14 18:19:16.753 11362 11362 I 100     : Open /data/app/~~r51C14-_eMLMSYVR9Nsw_Q==/com.google.android.calendar-mMvN1O7AKp_1nVl8yDMaoA==/base.apk took:73ms
10-14 18:19:16.786 11278 11315 I 100     : Open /system/framework/com.android.location.provider.jar took:77ms
10-14 18:19:18.553 11586 11586 I 100     : Open /data/app/~~UK5PcHvt2YZ73u1y-927LQ==/com.oneplus.brickmode-4OL_ylbjelgJmpNp_XYOgw==/base.apk took:71ms
10-14 18:19:19.591 11662 11690 I 100     : Open /system/framework/org.apache.http.legacy.jar took:61ms
10-14 18:19:22.020 11980 11980 I 100     : Open /data/app/~~e8W0bg0_MJazJQkaGM-SMg==/com.microsoft.office.officelens-Ggjoc5Ov-31N9a3-dvxNAw==/base.apk took:52ms
10-14 18:19:24.599 12109 12163 I 100     : Open /data/app/~~MWcyAkrp8K_gtI2_LRurCA==/com.google.android.trichromelibrary_460608534-qgEKQeh5R29dD-J_hsjN2g==/base.apk took:81ms
10-14 18:19:30.331 12226 12226 I 100     : Open /data/app/~~fJ0S83xywFiHkirKJN9U4w==/com.google.android.googlequicksearchbox-VsEIGJ2kSvoDFH9cAmhozQ==/base.apk took:68ms
10-14 18:19:30.671 12263 12263 I 100     : Open /data/app/~~wxtbmtgpZnwUj62CW5t1Vw==/com.google.android.apps.maps-3NpLld44jLl3nX5spe1wwg==/base.apk took:52ms
10-14 18:20:22.524  8801 29912 I 111     :  OptJank - continuously drops frames:4
10-14 18:23:11.558  1652  2392 I 106     : System spent 131.4ms processing the last motion event: MotionEvent#DOWN
10-14 18:23:11.558  1652  2392 I 106     : System spent 111.2ms processing the last motion event: MotionEvent#MOVE
10-14 18:23:11.558  1652  2392 I 106     : System spent 104.1ms processing the last motion event: MotionEvent#MOVE
10-14 18:28:29.966 13459 13459 I 100     : Open /data/app/~~09pi4Kjx9yQWBEQqb09bAA==/com.google.android.apps.authenticator2-UC1DXOUuPf2tMUHYaylVtg==/base.apk took:62ms
10-14 18:39:48.096  1652  1806 I 300     : 723
10-14 19:00:05.405 14450 14450 I 309     : package:com.instagram.android took:1118 calssname:android.app.ActivityThread$H callback:null what:110
10-14 19:07:52.013  1652  1806 I 300     : 301
10-14 19:11:53.911  1652  1806 I 300     : 254
10-14 19:11:57.923  1652  1799 I 322     : com.google.android.apps.maps#55#695
10-14 19:12:12.298  8803 15327 I 111     :  OptJank - continuously drops frames:4
10-14 19:12:12.363  8803 15327 I 111     :  OptJank - continuously drops frames:4
10-14 19:12:12.449  8803 15327 I 111     :  OptJank - high percentage:0.65
10-14 19:12:12.469  8803 15327 I 111     :  OptJank - continuously drops frames:4
10-14 19:12:12.550  8803 15327 I 111     :  OptJank - continuously drops frames:4
10-14 19:12:12.787  8803 15327 I 111     :  OptJank - high percentage:0.7
10-14 19:12:13.371  8803 15327 I 111     :  OptJank - continuously drops frames:4
10-14 19:12:13.472  8803 15327 I 111     :  OptJank - continuously drops frames:4
10-14 19:12:13.527  8803 15327 I 111     :  OptJank - high percentage:0.7
10-14 19:12:13.647 15710 15710 I 100     : Open /data/app/~~08c7ql411D6XQIANflBSFA==/com.google.android.tts-Offw8VcXzhrPIJFiyZG0jg==/base.apk took:60ms
10-14 19:12:13.849  8803 15327 I 110     :  OptJank - total:85 frameGap:85 delta#88#14#5#7#0#57
10-14 19:12:13.849  8803 15327 I 111     : OptJank - big and big
10-14 19:12:13.858  8803 15514 I 101     : #319
10-14 19:12:14.103  8803 15327 I 110     :  OptJank - total:129 frameGap:130 delta#44#48#9#38#2#34
10-14 19:13:26.426  2585  3032 I 111     :  OptJank - continuously drops frames:4
10-14 19:19:30.841  1652  1806 I 300     : 220
10-14 19:20:33.686  2585  3032 I 110     :  OptJank - total:127 frameGap:378 delta#88#31#1#29#0#6
10-14 19:25:59.076  1652  1806 I 300     : 233
10-14 19:29:33.074  1652  1806 I 300     : 179
10-14 19:29:35.267  8803 15327 I 110     :  OptJank - total:91 frameGap:91 delta#11#119#2#115#3#7
10-14 19:29:35.883  8803 15327 I 110     :  OptJank - total:410 frameGap:410 delta#299#116#2#113#3#11
10-14 19:29:35.883  8803 15327 I 111     : OptJank - big and big
10-14 19:29:40.391 18405 18405 I 100     : Open /data/app/~~B2rFAznCk2X2wyqs9CNLjQ==/com.google.android.apps.tasks-_O3R0FkNQAHVrIeP6XVTSg==/base.apk took:56ms
10-14 19:29:40.464 18434 18434 I 100     : Open /data/app/~~aQXFcbC0ryEBxR7GczLYUg==/com.google.android.apps.translate-9goLdFFvFZ1hZz-waEhMow==/base.apk took:58ms
10-14 19:29:40.926 18623 18623 I 100     : Open /data/app/~~kRBvbFMFFRfEhxUzml5wjw==/com.google.android.play.games-hym-Jnb8eYZ9nLQ75eE-gQ==/base.apk took:69ms
10-14 19:30:11.187  1652  1806 I 300     : 96
10-14 19:31:52.884  1652  1806 I 300     : 638
10-14 19:33:19.824  1652  1806 I 300     : 815
10-14 19:33:26.547  1652  1806 I 300     : 268
10-14 19:33:31.899  8803 15327 I 110     :  OptJank - total:83 frameGap:582 delta#0#70#2#68#1#10
10-14 19:38:44.213  1652  1806 I 300     : 230
10-14 19:38:45.248  1652  2392 I 106     : System spent 117.2ms processing the last motion event: MotionEvent#MOVE
10-14 19:38:45.248  1652  2392 I 106     : System spent 103.2ms processing the last motion event: MotionEvent#MOVE
10-14 19:38:47.789  2585  3032 I 111     :  OptJank - high percentage:0.45
10-14 19:38:48.182  2585  3032 I 110     :  OptJank - total:89 frameGap:89 delta#0#87#0#26#0#2
10-14 19:38:48.723  2585  3032 I 110     :  OptJank - total:115 frameGap:118 delta#88#11#5#5#12#3
10-14 19:38:48.884  2585  3032 I 110     :  OptJank - total:89 frameGap:89 delta#11#83#8#75#0#1
10-14 19:38:59.666  1652  1799 I 322     : org.mozilla.firefox#51#576
10-14 19:39:48.248  1652  1806 I 300     : 837
10-14 19:39:50.258  2585  3032 I 110     :  OptJank - total:97 frameGap:102 delta#22#74#10#63#0#1
10-14 19:39:50.464  2585  3032 I 110     :  OptJank - total:158 frameGap:158 delta#144#13#8#2#0#2
10-14 19:45:38.770  1652  1806 I 300     : 757
10-14 19:45:42.430  1652  1799 I 322     : org.mozilla.focus#48#340
10-14 19:45:44.591  1652  2392 I 106     : System spent 149.1ms processing the last motion event: MotionEvent#DOWN
10-14 20:10:59.790  1652  2392 I 106     : System spent 312.4ms processing the last motion event: MotionEvent#MOVE
10-14 20:10:59.791  1652  2392 I 106     : System spent 269.8ms processing the last motion event: MotionEvent#MOVE
10-14 20:10:59.793  1652  2392 I 106     : System spent 265.5ms processing the last motion event: MotionEvent#MOVE
10-14 20:10:59.830  1652  2392 I 106     : System spent 246.5ms processing the last motion event: MotionEvent#UP
10-14 20:11:53.704  1652  1806 I 300     : 200
10-14 20:11:58.160  2585  3032 I 111     :  OptJank - continuously drops frames:4
10-14 20:12:00.947  2585  3032 I 110     :  OptJank - total:83 frameGap:902 delta#44#30#10#20#0#8
10-14 20:12:44.535  1652  1806 I 300     : 275
10-14 20:12:44.896 30462 30506 I 101     : #815
10-14 20:14:38.380  1652  1806 I 300     : 304
10-14 20:14:59.797  1652  1806 I 300     : 410
10-14 20:15:05.249  1652  2392 I 106     : System spent 114.1ms processing the last motion event: MotionEvent#MOVE
10-14 20:16:21.516  1652  3300 I 300     : 292
10-14 20:22:11.395  1652  1806 I 300     : 264
10-14 20:23:21.580  1652  1806 I 300     : 401
10-14 20:24:07.141  1652  1806 I 300     : 273
10-14 20:24:20.121  1652  1806 I 300     : 256
10-14 20:24:54.743  1652  1806 I 300     : 255
10-14 20:25:07.158  1652  1806 I 300     : 390
10-14 20:25:45.785  1652  1806 I 300     : 289
10-14 20:26:11.843  1652  1806 I 300     : 299
10-14 20:26:23.776  1652  1806 I 300     : 277
10-14 20:26:39.758  1652  1806 I 300     : 402
10-14 20:27:04.727 31653 31653 I 309     : package:whitecastle.ordering took:1013 calssname:android.app.ActivityThread$H callback:null what:110
10-14 20:28:33.635  1652  1806 I 300     : 270
10-14 20:28:45.673  1652  1806 I 300     : 289
10-14 20:29:29.982 32418 32418 I 309     : package:com.instagram.android took:1694 calssname:android.app.ActivityThread$H callback:null what:110
10-14 20:30:30.081  1652  3017 I 300     : 263
10-14 20:31:19.545  1653  1926 I 100     : Open /data/user_de/0/com.google.android.gms/app_chimera/m/0000020d/DynamiteLoader.apk took:231ms
10-14 20:31:34.510  1652  1806 I 300     : 390
10-14 20:34:33.288  1652  1806 I 300     : 319
10-14 20:41:50.822  1652  1806 I 300     : 719
10-14 20:42:31.381  1652  1806 I 300     : 422
10-14 20:42:43.521  2585  3032 I 111     :  OptJank - continuously drops frames:4
10-14 20:42:43.584  2585  3032 I 111     :  OptJank - high percentage:0.45
10-14 20:42:44.434  2585  3032 I 110     :  OptJank - total:100 frameGap:100 delta#11#99#6#92#0#3
10-14 20:42:44.760  2585  3032 I 110     :  OptJank - total:106 frameGap:106 delta#88#21#5#15#0#4
10-14 20:42:44.785 30462  4076 I 110     :  OptJank - total:118 frameGap:125 delta#0#1#1#0#0#115
10-14 20:42:58.425 30462  4076 I 111     :  OptJank - continuously drops frames:4
10-14 20:42:58.522 30462  4076 I 111     :  OptJank - high percentage:0.55
10-14 20:43:00.864 30462  4076 I 111     :  OptJank - continuously drops frames:4
10-14 20:43:01.158 30462  4076 I 111     :  OptJank - high percentage:0.65
10-14 20:46:45.512  1652  1806 I 300     : 180
10-14 20:47:04.560  1652  1799 I 322     : com.google.android.apps.photos#-1#381
10-14 20:47:06.751  1652  2392 I 106     : System spent 174.3ms processing the last motion event: MotionEvent#DOWN
10-14 20:47:06.752  1652  2392 I 106     : System spent 155.8ms processing the last motion event: MotionEvent#MOVE
10-14 20:47:06.753  1652  2392 I 106     : System spent 149.7ms processing the last motion event: MotionEvent#MOVE
10-14 20:47:06.757  1652  2392 I 106     : System spent 146.0ms processing the last motion event: MotionEvent#MOVE
10-14 20:47:06.763  1652  2392 I 106     : System spent 139.5ms processing the last motion event: MotionEvent#MOVE
10-14 20:47:06.763  1652  2392 I 106     : System spent 137.1ms processing the last motion event: MotionEvent#MOVE
10-14 20:47:06.763  1652  2392 I 106     : System spent 130.2ms processing the last motion event: MotionEvent#MOVE
10-14 20:47:06.763  1652  2392 I 106     : System spent 123.8ms processing the last motion event: MotionEvent#MOVE
10-14 20:47:06.764  1652  2392 I 106     : System spent 117.0ms processing the last motion event: MotionEvent#MOVE
10-14 20:47:06.764  1652  2392 I 106     : System spent 110.0ms processing the last motion event: MotionEvent#MOVE
10-14 20:47:06.767  1652  2392 I 106     : System spent 104.6ms processing the last motion event: MotionEvent#MOVE
10-14 20:50:18.469  1652  1679 I 300     : 134
10-14 20:58:09.448  1652  1806 I 300     : 914
10-14 20:58:12.549  1652  2392 I 106     : System spent 400.4ms processing the last motion event: MotionEvent#DOWN
10-14 20:58:12.550  1652  2392 I 106     : System spent 380.4ms processing the last motion event: MotionEvent#MOVE
10-14 20:58:12.551  1652  2392 I 106     : System spent 373.8ms processing the last motion event: MotionEvent#MOVE
10-14 20:58:12.553  1652  2392 I 106     : System spent 369.4ms processing the last motion event: MotionEvent#MOVE
10-14 20:58:12.553  1652  2392 I 106     : System spent 355.4ms processing the last motion event: MotionEvent#UP
10-14 20:58:13.302  2585  3032 I 110     :  OptJank - total:135 frameGap:145 delta#99#33#7#25#0#1
10-14 20:58:56.029  1652  1806 I 300     : 333
10-14 20:58:59.090  2585  3032 I 110     :  OptJank - total:119 frameGap:129 delta#22#95#2#92#0#1
10-14 20:58:59.175  1652  2392 I 106     : System spent 145.4ms processing the last motion event: MotionEvent#MOVE
10-14 20:58:59.175  1652  2392 I 106     : System spent 140.4ms processing the last motion event: MotionEvent#MOVE
10-14 20:58:59.175  1652  2392 I 106     : System spent 134.4ms processing the last motion event: MotionEvent#MOVE
10-14 20:58:59.175  1652  2392 I 106     : System spent 120.4ms processing the last motion event: MotionEvent#UP
10-14 20:59:13.885  7798  7798 I 100     : Open /data/app/~~wxtbmtgpZnwUj62CW5t1Vw==/com.google.android.apps.maps-3NpLld44jLl3nX5spe1wwg==/base.apk took:69ms
10-14 21:00:50.850  1652  1806 I 300     : 311
10-14 21:01:36.821  8867  8867 I 100     : Open /data/app/~~UPaC_JHDrp8O1p2EnOgx-w==/com.google.android.apps.messaging-uVf6hRLvlCRbfHk99pdvfQ==/base.apk took:93ms
10-14 21:09:40.109  9367  9367 I 100     : Open /data/app/~~PmYeYUJd3DQ97Ut73FNU0A==/org.thoughtcrime.securesms-e3icRkn2ToLVrsDWRXnXCQ==/base.apk took:52ms
10-14 21:22:56.209  1652  1806 I 300     : 385
10-14 21:30:37.482  1652  1806 I 300     : 844
10-14 21:30:37.847  2585  3032 I 110     :  OptJank - total:110 frameGap:115 delta#44#64#4#59#0#1
10-14 21:30:38.022  2585  3032 I 111     :  OptJank - continuously drops frames:4
10-14 21:30:38.504  2585  3032 I 110     :  OptJank - total:116 frameGap:124 delta#77#31#5#25#0#7
10-14 21:30:51.527  1652  1806 I 300     : 356
10-14 21:30:56.557  2585  3032 I 111     :  OptJank - continuously drops frames:4
10-14 21:31:00.835 11356 11356 I 100     : Open /data/app/~~28xMrISn7qo0fz1FDsuhOg==/com.google.android.apps.docs-RKzn5Jx5BfjCdUxpS3jW0w==/base.apk took:54ms
10-14 21:31:01.485 11449 11449 I 100     : Open /data/app/~~CYGjFjNyEYt4v9RqEIg82A==/com.google.android.apps.tachyon-jJcRyNDDYNF9MEded7PE9Q==/base.apk took:56ms
10-14 21:31:02.085 11556 11556 I 100     : Open /data/app/~~Mfs2uVuCCAUTVe0dU0dTHA==/com.google.android.apps.walletnfcrel-EWEEmryEkczwo9DnI-DPtA==/base.apk took:53ms
10-14 21:31:03.329 11664 11664 I 100     : Open /data/app/~~PEFdMvdtHCvNQYM_yLtLJw==/com.google.android.apps.youtube.music-mL48VbI3og7fAEvfT1JIOA==/base.apk took:70ms
10-14 21:31:04.062 11839 11839 I 100     : Open /data/app/~~lSdH2MRD0aLKtoj9W9seUg==/com.google.android.videos-79DXfg2ZMcwVif5l4rlQaw==/base.apk took:62ms
10-14 21:31:05.347 11839 11839 I 309     : package:com.google.android.videos took:1374 calssname:android.app.ActivityThread$H callback:null what:110
10-14 21:31:07.035 12125 12125 I 100     : Open /data/app/~~z-lG07TybIgdWXLpzUadiw==/com.google.android.apps.dynamite--sjTziB_My89uSW_VXOObg==/base.apk took:53ms
10-14 21:31:07.702 12125 12178 I 100     : Open /system/framework/com.android.location.provider.jar took:62ms
10-14 21:31:07.787 12125 12169 I 100     : Open /data/user_de/0/com.google.android.gms/app_chimera/m/0000020c/CronetDynamite.apk took:51ms
10-14 21:31:08.843 12317 12317 I 100     : Open /data/app/~~HJgHQcwMaR2nJ1tFc58lUg==/com.google.android.apps.youtube.creator-tKT_MhR-3kCr6wtIDMQlIQ==/base.apk took:61ms
10-14 21:31:18.353 12651 12651 I 100     : Open /data/app/~~fJ0S83xywFiHkirKJN9U4w==/com.google.android.googlequicksearchbox-VsEIGJ2kSvoDFH9cAmhozQ==/base.apk took:88ms
10-14 21:31:33.972  1652  1806 I 300     : 442
10-14 21:31:45.376  1652  1806 I 300     : 397
10-14 21:31:56.227  1652  1806 I 300     : 264
10-14 21:32:06.470  1652  1806 I 300     : 270
10-14 21:38:26.649 13643 13643 I 100     : Open /data/app/~~UI0Qkxf9jjmDqoGyMNBmEA==/com.instagram.android-JdMn0wGIhs8s40ch6B3-tw==/base.apk took:70ms
10-14 21:38:27.781 13643 13643 I 309     : package:com.instagram.android took:1226 calssname:android.app.ActivityThread$H callback:null what:110
10-14 21:44:29.328 14234 14234 I 100     : Open /data/app/~~xEpR20o3fBb-OinOwqAxLA==/com.amazon.mShop.android.shopping-Ofz5QcX7bzX2NP_NiBIv_Q==/base.apk took:86ms
10-14 21:48:32.408  1652  2392 I 106     : System spent 233.2ms processing the last motion event: MotionEvent#MOVE
10-14 21:48:36.934 14876 14876 I 100     : Open /data/app/~~hCk2xPci4pFWu13sNt1wcA==/com.amazon.avod.thirdpartyclient-aZ8F-NaVrGYdMuALU6-itg==/base.apk took:65ms
10-14 21:49:36.549  1652  1652 I 300     : 240
10-14 21:49:50.421  1652  1806 I 300     : 303
10-14 21:49:55.103  2585  3032 I 111     :  OptJank - continuously drops frames:4
10-14 21:49:55.212  2585  3032 I 111     :  OptJank - continuously drops frames:4
10-14 21:49:55.252  2585  3032 I 111     :  OptJank - high percentage:0.65
10-14 21:49:55.274  2585  3032 I 111     :  OptJank - continuously drops frames:4
10-14 21:49:55.318  2585  3032 I 111     :  OptJank - continuously drops frames:4
10-14 21:49:55.363  2585  3032 I 111     :  OptJank - continuously drops frames:4
10-14 21:49:55.460  2585  3032 I 111     :  OptJank - high percentage:0.6
10-14 21:49:55.609  2585  3032 I 110     :  OptJank - total:78 frameGap:79 delta#0#76#0#17#0#1
10-14 21:49:56.048 30462  4076 I 111     :  OptJank - continuously drops frames:4
10-14 21:49:56.428  2585  3032 I 110     :  OptJank - total:89 frameGap:93 delta#77#9#5#3#0#2
10-14 21:50:01.266 30462  4076 I 111     :  OptJank - continuously drops frames:4
10-14 21:50:01.340 30462  4076 I 111     :  OptJank - continuously drops frames:4
10-14 21:50:01.414 30462  4076 I 111     :  OptJank - continuously drops frames:4
10-14 21:50:01.490 30462  4076 I 111     :  OptJank - continuously drops frames:4
10-14 21:50:01.606 30462  4076 I 111     :  OptJank - continuously drops frames:4
10-14 21:50:01.652 30462  4076 I 111     :  OptJank - high percentage:0.9
10-14 21:50:01.668 30462  4076 I 111     :  OptJank - continuously drops frames:4
10-14 21:50:01.730 30462  4076 I 111     :  OptJank - continuously drops frames:4
10-14 21:50:01.794 30462  4076 I 111     :  OptJank - continuously drops frames:4
10-14 21:50:01.859 30462  4076 I 111     :  OptJank - continuously drops frames:4
10-14 21:50:01.919 30462  4076 I 111     :  OptJank - continuously drops frames:4
10-14 21:50:01.965 30462  4076 I 111     :  OptJank - high percentage:1
10-14 21:50:01.983 30462  4076 I 111     :  OptJank - continuously drops frames:4
10-14 21:50:02.050 30462  4076 I 111     :  OptJank - continuously drops frames:4
10-14 21:50:02.108 30462  4076 I 111     :  OptJank - continuously drops frames:4
10-14 21:50:02.590 30462  4076 I 111     :  OptJank - high percentage:0.6
10-14 21:50:02.663 30462  4076 I 111     :  OptJank - continuously drops frames:4
10-14 21:50:02.737 30462  4076 I 111     :  OptJank - continuously drops frames:4
10-14 21:50:02.812 30462  4076 I 111     :  OptJank - continuously drops frames:4
10-14 21:50:02.888 30462  4076 I 111     :  OptJank - continuously drops frames:4
10-14 21:50:02.964 30462  4076 I 111     :  OptJank - continuously drops frames:4
10-14 21:50:02.964 30462  4076 I 111     :  OptJank - high percentage:1
10-14 21:50:03.028 30462  4076 I 111     :  OptJank - continuously drops frames:4
10-14 21:50:03.085 30462  4076 I 111     :  OptJank - continuously drops frames:4
10-14 21:50:03.147 30462  4076 I 111     :  OptJank - continuously drops frames:4
10-14 21:50:03.208 30462  4076 I 111     :  OptJank - continuously drops frames:4
10-14 21:50:03.268 30462  4076 I 111     :  OptJank - continuously drops frames:4
10-14 21:50:03.268 30462  4076 I 111     :  OptJank - high percentage:1
10-14 21:50:03.337 30462  4076 I 111     :  OptJank - continuously drops frames:4
10-14 21:50:03.398 30462  4076 I 111     :  OptJank - continuously drops frames:4
10-14 21:50:03.465 30462  4076 I 111     :  OptJank - continuously drops frames:4
10-14 21:50:03.532 30462  4076 I 111     :  OptJank - continuously drops frames:4
10-14 21:50:03.596 30462  4076 I 111     :  OptJank - continuously drops frames:4
10-14 21:50:03.596 30462  4076 I 111     :  OptJank - high percentage:1
10-14 21:50:05.484 30462  4076 I 111     :  OptJank - continuously drops frames:4
10-14 21:50:05.552 30462  4076 I 111     :  OptJank - continuously drops frames:4
10-14 21:50:05.608 30462  4076 I 111     :  OptJank - continuously drops frames:4
10-14 21:50:05.608 30462  4076 I 111     :  OptJank - high percentage:0.6
10-14 21:50:05.668 30462  4076 I 111     :  OptJank - continuously drops frames:4
10-14 21:50:05.725 30462  4076 I 111     :  OptJank - continuously drops frames:4
10-14 21:50:05.785 30462  4076 I 111     :  OptJank - continuously drops frames:4
10-14 21:50:05.842 30462  4076 I 111     :  OptJank - continuously drops frames:4
10-14 21:50:05.895 30462  4076 I 111     :  OptJank - continuously drops frames:4
10-14 21:50:05.895 30462  4076 I 111     :  OptJank - high percentage:1
10-14 21:50:05.944 30462  4076 I 111     :  OptJank - continuously drops frames:4
10-14 21:50:05.999 30462  4076 I 111     :  OptJank - continuously drops frames:4
10-14 21:50:06.094 30462  4076 I 111     :  OptJank - continuously drops frames:4
10-14 21:50:06.150 30462  4076 I 111     :  OptJank - continuously drops frames:4
10-14 21:50:06.163 30462  4076 I 111     :  OptJank - high percentage:0.95
10-14 21:50:06.199 30462  4076 I 111     :  OptJank - continuously drops frames:4
10-14 21:50:06.791 30462  4076 I 111     :  OptJank - continuously drops frames:4
10-14 21:50:06.850 30462  4076 I 111     :  OptJank - continuously drops frames:4
10-14 21:50:06.864 30462  4076 I 111     :  OptJank - high percentage:0.65
10-14 21:50:06.905 30462  4076 I 111     :  OptJank - continuously drops frames:4
10-14 21:50:06.963 30462  4076 I 111     :  OptJank - continuously drops frames:4
