10-16 00:55:32.135  1652  2393 V OpScreenshotImprovement: AOD screenshot wakeUpFromPowerKey for power up
10-16 00:55:32.147  1652  1806 I DisplayPowerController: Blocking screen on until initial contents have been drawn.
10-16 00:55:32.163  1652  2398 I FastCharge: read mChargeType = 0
10-16 00:55:32.169  1652  1652 D OPSA    : ======BE_IMFORMED_SCREEN_ON======
10-16 00:55:32.170  1652  5814 D FP_DEBUG: start authenticate: com.android.systemui, groupId= 0
10-16 00:55:32.172  1652  1806 I DisplayPowerController: brightnessState(m):1.0
10-16 00:55:32.172  1652  1806 I RampAnimator: POLICY CHANGING!
10-16 00:55:32.172  1652  1806 I RampAnimator: target:1.0 rate:0.0 mCurrentValue:0.0 mTargetValue:0.0
10-16 00:55:32.173  2513  2513 W ContextImpl: Calling a method in the system process without a qualified user: android.app.ContextImpl.sendBroadcast:1122 android.content.ContextWrapper.sendBroadcast:468 com.oneplus.coreservice.BroadcastDispatch.xne$mab.onReceive:122 android.app.LoadedApk$ReceiverDispatcher$Args.lambda$getRunnable$0$LoadedApk$ReceiverDispatcher$Args:1566 android.app.-$$Lambda$LoadedApk$ReceiverDispatcher$Args$_BumDX2UKsnxLVrE6UJsJZkotuA.run:2 
10-16 00:55:32.173  2513  2513 I TWSReceiver: onReceive: android.intent.action.SCREEN_ON
10-16 00:55:32.173  2513  2513 I TWSReceiver: bind service
10-16 00:55:32.177  1652  1652 D OPBF    : # eventChangeReceiver # onReceive # action=android.intent.action.SCREEN_ON
10-16 00:55:32.180  1652  1806 W OpBatteryStats: updateScreenBrightnessLevel: 4
10-16 00:55:32.180  1652  1806 V DisplayPowerController: Brightness [1.0] reason changing to: 'manual', previous reason: 'screen_off'.
10-16 00:55:32.180  1652  1806 I DisplayPowerController: useProximityForceSuspend = false
10-16 00:55:32.180  1652  1806 I DisplayPowerController: brightnessState(m):1.0
10-16 00:55:32.180  1652  1806 I RampAnimator: target:1.0 rate:0.0 mCurrentValue:1.0 mTargetValue:1.0
10-16 00:55:32.183  1652  1759 I DisplayManagerService: Display device changed state: "Built-in Screen", ON
10-16 00:55:32.196  2513  3619 W ContextImpl: Calling a method in the system process without a qualified user: android.app.ContextImpl.startService:1690 android.content.ContextWrapper.startService:720 xne.xne.xne.xne.xne$mab.run:35 java.util.concurrent.ThreadPoolExecutor.runWorker:1167 java.util.concurrent.ThreadPoolExecutor$Worker.run:641 
10-16 00:55:32.199  1652  3113 D OPBF    : setCGroupState():tofreeze=false, uid:10356 pkg:com.oneplus.twspods --->>> ok reason:bumpServiceExecutingLocked = com.oneplus.twspods/com.oos.onepluspods.scan.ScanService
10-16 00:55:32.200  1652  5814 D FP_DEBUG: go authenticateInternal
10-16 00:55:32.200  1652  5814 D FP_DEBUG: authenticateInternal: callingUserId= 0
10-16 00:55:32.200  1652  1652 V FingerprintService: startAuthentication(com.android.systemui)
10-16 00:55:32.200  1652  1652 V FingerprintService: starting client AuthenticationClientImpl(com.android.systemui) targetUserId: 0 currentUserId: 0 cookie: 0/0
10-16 00:55:32.201  2513 20552 I OIMC    : notified , mode FingerPrintMode changeTo 1
10-16 00:55:32.201  2513  2574 I OIMC_CORE: handleMessage:   MODE_ENTER, arg1: 0, arg2: 0, obj: com.oneplus.server.oimc.gwy@327ac4c
10-16 00:55:32.202  2513  2574 I OIMC_CORE: Entering mode FingerPrintMode
10-16 00:55:32.202  2513  2574 I OIMC_CORE: starting ONESHOT function ColorDisable
10-16 00:55:32.202  1652  5864 I OpOIMCColorManager: ColorDisable start... mCurrentActivated = 0
10-16 00:55:32.202  1652  5864 D OpColorDisplayService: DisableColor state: 0
10-16 00:55:32.202  1652  5864 D ColorDisplayService: cancelAnimation
10-16 00:55:32.202  2513  2573 I OIMC_CORE: ColorDisable action 1 spent 1 ms
10-16 00:55:32.227  1652  1652 D OpFingerprintService: updateStatus , 3
10-16 00:55:32.647  1652  3113 D OPBF    : setCGroupState():tofreeze=false, uid:10281 pkg:com.facebook.mlite --->>> ok reason:start perform hasTimeout broadcast for action = android.intent.action.SCREEN_ON
10-16 00:55:32.671  1652  3113 D OPBF    : setCGroupState():tofreeze=false, uid:10382 pkg:com.google.android.apps.youtube.creator --->>> ok reason:start perform hasTimeout broadcast for action = android.intent.action.SCREEN_ON
10-16 00:55:33.182  1652  2398 D FingerprintService: onAcquired, 0, code:0, lockout:false
10-16 00:55:33.182  1652  1652 D BiometricStats: acquiredInfo = 0
10-16 00:55:33.182  1652  2398 D FingerprintService: onAuthenticated, -5476376637520028272, 1406117591, 0
10-16 00:55:33.182  1652  1652 V FingerprintService: Acquired: 0 0
10-16 00:55:33.182  1652  1652 D FingerprintService: handleAuthenticated: true
10-16 00:55:33.182  1652  1652 V BiometricStats: Authentication latency: -1
10-16 00:55:33.182  1652  1652 W BiometricStats: found a negative latency : -1
10-16 00:55:33.183  1652  1652 D VibratorService: vibrate from 'android', reason = null, token = android.os.Binder@865d730, attrs = VibrationAttributes: Usage=TOUCH Flags=0
10-16 00:55:33.187  1652  3170 D FingerprintService: onAcquired, 6, code:12, lockout:false
10-16 00:55:33.196  2585  2585 D FingerprintManager: sendAcquiredResult: 0, 0
10-16 00:55:33.198  1652  1652 D OpVibratorService: linearmotorVibratorOff
10-16 00:55:33.200  1652  1652 D OpColorDisplayService: mExitFingerPrintModeReason = true
10-16 00:55:33.200  1652  1791 I OpColorDisplayService: notifyIrisFingerprintStatus fingerprint_status = false
10-16 00:55:33.201  2513  4860 I OIMC    : notified , mode FingerPrintMode changeTo 2
10-16 00:55:33.201  1652  1791 D OpColorDisplayService: reverStatus needMatrixInit = false
10-16 00:55:33.202  1652  1652 D FingerprintService: onAuthenticationSucceeded: send result
10-16 00:55:33.202  1652  1652 V FingerprintService: Done with client: com.android.systemui
10-16 00:55:33.202  2513  2574 I OIMC_CORE: handleMessage:   MODE_EXIT, arg1: 0, arg2: 0, obj: com.oneplus.server.oimc.gwy@cdf79aa
10-16 00:55:33.202  2513  2574 I OIMC_CORE: Exiting mode FingerPrintMode
10-16 00:55:33.202  2513  2574 I OIMC_CORE: stoping ONESHOT function ColorDisable
10-16 00:55:33.203  1652  3004 I OpOIMCColorManager: ColorDisable stop... mGCActivated = false  mCBActivated = false  mPCActivated = false  mGMActivated = false mCurrentActivated = 0
10-16 00:55:33.203  1652  3004 D OpColorDisplayService: DisableColor state: 2
10-16 00:55:33.203  2513  2573 I OIMC_CORE: ColorDisable action 2 spent 0 ms
10-16 00:55:33.208  1652 14221 D OpVibratorService: linearmotorVibratorOn
10-16 00:55:33.216  1652  5872 D KeyguardStateMonitor: onFingerprintStateChange , false, false, authType:1, result:3
10-16 00:55:33.216  1652  1791 D OpColorTintManager: colorTempearture: 74
10-16 00:55:33.217  1652  1791 D OpColorTintManager: start applyTint
10-16 00:55:33.217  1652  1791 D OpColorDisplayService: KeyguardDone is finish by  set ExitFingerPrintModeByUnlockSuccess
10-16 00:55:33.217  1652  1791 D OpColorDisplayService: resetStatus: 2
10-16 00:55:33.217  1652  1791 D OpColorDisplayService: reverStatus needMatrixInit = false
10-16 00:55:33.222  2513  4860 I OIMC    : notified , mode FingerPrintMode changeTo 2
10-16 00:55:33.222  2513  2574 I OIMC_CORE: handleMessage:   MODE_EXIT, arg1: 0, arg2: 0, obj: com.oneplus.server.oimc.gwy@5b4c99b
10-16 00:55:33.222  2513  2574 I OIMC_CORE: The mode: FingerPrintMode is not entered
10-16 00:55:33.236  1652  1791 D OpColorTintManager: colorTempearture: 74
10-16 00:55:33.237  1652  1791 D OpColorTintManager: start applyTint
10-16 00:55:33.358  1652  1759 D OpRestartProcessManager: updateSelf :  com.google.android.apps.messaging, size : 30
10-16 00:55:33.505  1652  1759 V UsbDeviceManager: onKeyguardStateChanged: isShowing:false secure:true user:0
10-16 00:55:33.510  1652  1759 V OpPowerControllerService: Update mIsAfter1stLightIdle to false
10-16 00:55:33.519  1652  1757 W Looper  : Slow dispatch took 123ms android.ui h=com.android.server.am.ActivityManagerService$UiHandler c=null m=31
10-16 00:55:33.520  1652  1652 V SettingsProvider: Notifying for 0: content://settings/system/rading_mode_status_auto
10-16 00:55:33.520  1652  1652 W Looper  : Slow dispatch took 128ms main h=com.android.providers.settings.SettingsProvider$SettingsRegistry$MyHandler c=null m=1
10-16 00:55:33.535  1652  3170 D FingerprintService: onAcquired, 6, code:1, lockout:false
10-16 00:55:33.541  1652  1652 V SettingsProvider: Notifying for 0: content://settings/secure/reminder_exp_learning_time_elapsed
10-16 00:55:33.541  1652  2392 I 106     : System spent 131.1ms processing the last motion event: MotionEvent#MOVE
10-16 00:55:33.547  2513  2513 W ContextImpl: Calling a method in the system process without a qualified user: android.app.ContextImpl.sendBroadcast:1122 android.content.ContextWrapper.sendBroadcast:468 com.oneplus.coreservice.BroadcastDispatch.xne$mab.onReceive:122 android.app.LoadedApk$ReceiverDispatcher$Args.lambda$getRunnable$0$LoadedApk$ReceiverDispatcher$Args:1566 android.app.-$$Lambda$LoadedApk$ReceiverDispatcher$Args$_BumDX2UKsnxLVrE6UJsJZkotuA.run:2 
10-16 00:55:33.547  1652  3240 D CompatibilityChangeReporter: Compat change id reported: 135634846; UID 10153; state: DISABLED
10-16 00:55:33.547  1652  3240 D CompatibilityChangeReporter: Compat change id reported: 135754954; UID 10153; state: ENABLED
10-16 00:55:33.548  1652  1773 D CompatibilityChangeReporter: Compat change id reported: 143937733; UID 10153; state: ENABLED
10-16 00:55:33.549  1652  5873 W BroadcastQueue: Background execution not allowed: receiving Intent { act=android.intent.action.USER_PRESENT flg=0x24200010 } to com.oneplus.camera.service/.CameraBroadcastReceiver
10-16 00:55:33.558  1652  3113 D OPBF    : setCGroupState():tofreeze=false, uid:10275 pkg:com.discord --->>> ok reason:start perform not hasTimeout broadcast for action = android.intent.action.USER_PRESENT
10-16 00:55:33.562  1652  3113 D OPBF    : setCGroupState():tofreeze=false, uid:10370 pkg:com.vanced.android.youtube --->>> ok reason:start perform not hasTimeout broadcast for action = android.intent.action.USER_PRESENT
10-16 00:55:33.564  1652  1772 W BroadcastQueue: Background execution not allowed: receiving Intent { act=android.intent.action.USER_PRESENT flg=0x24200010 } to com.google.android.gms/.auth.setup.devicesignals.LockScreenReceiver
10-16 00:55:33.614  1652  1772 W BroadcastQueue: Background execution not allowed: receiving Intent { act=android.intent.action.USER_PRESENT flg=0x24200010 } to com.google.android.gms/.chimera.GmsIntentOperationService$PersistentTrustedReceiver
10-16 00:55:33.614  1652  1772 W BroadcastQueue: Background execution not allowed: receiving Intent { act=android.intent.action.USER_PRESENT flg=0x24200010 } to com.android.chrome/org.chromium.chrome.browser.sharing.click_to_call.ClickToCallMessageHandler$PhoneUnlockedReceiver
10-16 00:55:33.652  1652  1773 W ActivityManager: Slow operation: 105ms so far, now at startProcess: done updating battery stats
10-16 00:55:33.652  1652  1773 W ActivityManager: Slow operation: 106ms so far, now at startProcess: building log message
10-16 00:55:33.652  1652  1773 I ActivityManager: Start proc 14241:com.android.externalstorage/u0a153 for content provider {com.android.externalstorage/com.android.externalstorage.ExternalStorageProvider}
10-16 00:55:33.652  1652  1773 W ActivityManager: Slow operation: 106ms so far, now at startProcess: starting to update pids map
10-16 00:55:33.652  1652  1773 W ActivityManager: Slow operation: 106ms so far, now at startProcess: done updating pids map
10-16 00:55:34.360  1652  3301 E AppOps  : Operation not started: uid=10139 pkg=com.oneplus.faceunlock(null) op=CAMERA
10-16 00:55:34.673  1652  1806 I DisplayPowerController: useProximityForceSuspend = false
10-16 00:55:34.673  1652  1806 I DisplayPowerController: brightnessState(m):1.0
10-16 00:55:34.673  1652  1806 I RampAnimator: target:1.0 rate:0.7058823 mCurrentValue:1.0 mTargetValue:1.0
10-16 00:55:35.351 18444 18444 D ActivityThread: pid:18444 tid:18444 doframe Callback
10-16 00:55:40.185  1652  2385 E ActivityThread: Failed to find provider info for com.oneplus.account.personalize.provider.open
10-16 00:55:40.186  1652  2385 W OpSystemGestures: recordSwipe failed due to total=0.02808010613080114
10-16 00:55:40.186  1652  2385 W OpSystemGestures: java.lang.IllegalArgumentException: Unknown URL content://com.oneplus.account.personalize.provider.open
10-16 00:55:40.186  1652  2385 W OpSystemGestures: 	at android.content.ContentResolver.insert(ContentResolver.java:2172)
10-16 00:55:40.186  1652  2385 W OpSystemGestures: 	at android.content.ContentResolver.insert(ContentResolver.java:2130)
10-16 00:55:40.186  1652  2385 W OpSystemGestures: 	at com.android.server.wm.OpSystemGesturesPointerEventListenerInjector.lambda$saveDistance$0$OpSystemGesturesPointerEventListenerInjector(OpSystemGesturesPointerEventListenerInjector.java:159)
10-16 00:55:40.186  1652  2385 W OpSystemGestures: 	at com.android.server.wm.-$$Lambda$OpSystemGesturesPointerEventListenerInjector$neC_mfZQiJ4FpMKCb3FZMJ-lO-g.run(Unknown Source:4)
10-16 00:55:40.186  1652  2385 W OpSystemGestures: 	at android.os.Handler.handleCallback(Handler.java:938)
10-16 00:55:40.186  1652  2385 W OpSystemGestures: 	at android.os.Handler.dispatchMessage(Handler.java:99)
10-16 00:55:40.186  1652  2385 W OpSystemGestures: 	at android.os.Looper.loop(Looper.java:233)
10-16 00:55:40.186  1652  2385 W OpSystemGestures: 	at android.os.HandlerThread.run(HandlerThread.java:67)
10-16 00:55:40.186  1652  2385 W OpSystemGestures: 	at com.android.server.ServiceThread.run(ServiceThread.java:44)
10-16 00:55:44.011  1652  2385 E ActivityThread: Failed to find provider info for com.oneplus.account.personalize.provider.open
10-16 00:55:44.019  1652  2385 W OpSystemGestures: recordSwipe failed due to total=0.0013483617221936584
10-16 00:55:44.019  1652  2385 W OpSystemGestures: java.lang.IllegalArgumentException: Unknown URL content://com.oneplus.account.personalize.provider.open
10-16 00:55:44.019  1652  2385 W OpSystemGestures: 	at android.content.ContentResolver.insert(ContentResolver.java:2172)
10-16 00:55:44.019  1652  2385 W OpSystemGestures: 	at android.content.ContentResolver.insert(ContentResolver.java:2130)
10-16 00:55:44.019  1652  2385 W OpSystemGestures: 	at com.android.server.wm.OpSystemGesturesPointerEventListenerInjector.lambda$saveDistance$0$OpSystemGesturesPointerEventListenerInjector(OpSystemGesturesPointerEventListenerInjector.java:159)
10-16 00:55:44.019  1652  2385 W OpSystemGestures: 	at com.android.server.wm.-$$Lambda$OpSystemGesturesPointerEventListenerInjector$neC_mfZQiJ4FpMKCb3FZMJ-lO-g.run(Unknown Source:4)
10-16 00:55:44.019  1652  2385 W OpSystemGestures: 	at android.os.Handler.handleCallback(Handler.java:938)
10-16 00:55:44.019  1652  2385 W OpSystemGestures: 	at android.os.Handler.dispatchMessage(Handler.java:99)
10-16 00:55:44.019  1652  2385 W OpSystemGestures: 	at android.os.Looper.loop(Looper.java:233)
10-16 00:55:44.019  1652  2385 W OpSystemGestures: 	at android.os.HandlerThread.run(HandlerThread.java:67)
10-16 00:55:44.019  1652  2385 W OpSystemGestures: 	at com.android.server.ServiceThread.run(ServiceThread.java:44)
10-16 00:55:44.942  1652  3388 I OpAudioMonitor: MDM,start.
10-16 00:55:44.942  1652  3388 I OpAudioMonitor: MDM,music is not active, clear
10-16 00:55:44.942  1652  3388 I OpAudioMonitor: MDM,start put pk:com.google.android.apps.messaging startTime:1634363744
10-16 00:55:45.207 20760  8396 I 111     :  OptJank - continuously drops frames:4
10-16 00:55:45.245  1652  1787 D ExtBatteryStatsService: @@@@ awaitUninterruptibly in 150 ms
10-16 00:55:45.851  1652  5985 I OpAudioMonitor: MDM,stop.
10-16 00:55:45.852  1652  5985 I OpAudioMonitor: MDM,music is not active, clear
10-16 00:55:45.853  1652  3388 I OpAudioMonitor: MDM,stop.
10-16 00:55:45.853  1652  3388 I OpAudioMonitor: MDM,music is not active, clear
10-16 00:55:45.853  1652  3388 I OpAudioMonitor: MDM,stop.
10-16 00:55:45.854  1652  3388 I OpAudioMonitor: MDM,music is not active, clear
10-16 00:55:48.564  1652  2385 E ActivityThread: Failed to find provider info for com.oneplus.account.personalize.provider.open
10-16 00:55:48.564  1652  2385 W OpSystemGestures: recordSwipe failed due to total=9.316949872300029E-4
10-16 00:55:48.564  1652  2385 W OpSystemGestures: java.lang.IllegalArgumentException: Unknown URL content://com.oneplus.account.personalize.provider.open
10-16 00:55:48.564  1652  2385 W OpSystemGestures: 	at android.content.ContentResolver.insert(ContentResolver.java:2172)
10-16 00:55:48.564  1652  2385 W OpSystemGestures: 	at android.content.ContentResolver.insert(ContentResolver.java:2130)
10-16 00:55:48.564  1652  2385 W OpSystemGestures: 	at com.android.server.wm.OpSystemGesturesPointerEventListenerInjector.lambda$saveDistance$0$OpSystemGesturesPointerEventListenerInjector(OpSystemGesturesPointerEventListenerInjector.java:159)
10-16 00:55:48.564  1652  2385 W OpSystemGestures: 	at com.android.server.wm.-$$Lambda$OpSystemGesturesPointerEventListenerInjector$neC_mfZQiJ4FpMKCb3FZMJ-lO-g.run(Unknown Source:4)
10-16 00:55:48.564  1652  2385 W OpSystemGestures: 	at android.os.Handler.handleCallback(Handler.java:938)
10-16 00:55:48.564  1652  2385 W OpSystemGestures: 	at android.os.Handler.dispatchMessage(Handler.java:99)
10-16 00:55:48.564  1652  2385 W OpSystemGestures: 	at android.os.Looper.loop(Looper.java:233)
10-16 00:55:48.564  1652  2385 W OpSystemGestures: 	at android.os.HandlerThread.run(HandlerThread.java:67)
10-16 00:55:48.564  1652  2385 W OpSystemGestures: 	at com.android.server.ServiceThread.run(ServiceThread.java:44)
10-16 00:55:49.106  1652  3113 D OPBF    : setCGroupState():tofreeze=true, uid:10010 pkg:com.google.android.apps.dynamite --->>> ok reason:serviceDoneExecuting = com.google.android.apps.dynamite/com.google.android.libraries.notifications.entrypoints.scheduled.ScheduledTaskService
10-16 00:55:49.215  1652  3300 I OpAudioMonitor: MDM,start.
10-16 00:55:49.216  1652  3300 I OpAudioMonitor: MDM,music is not active, clear
10-16 00:55:49.216  1652  3300 I OpAudioMonitor: MDM,start put pk:com.google.android.apps.messaging startTime:1634363749
10-16 00:55:49.468  1652  1787 D ExtBatteryStatsService: @@@@ awaitUninterruptibly in 123 ms
10-16 00:55:50.126  1652  3300 I OpAudioMonitor: MDM,stop.
10-16 00:55:50.129  1652  3300 I OpAudioMonitor: MDM,music is not active, clear
10-16 00:55:50.130  1652  3300 I OpAudioMonitor: MDM,stop.
10-16 00:55:50.131  1652  3300 I OpAudioMonitor: MDM,music is not active, clear
10-16 00:55:50.131  1652  3388 I OpAudioMonitor: MDM,stop.
10-16 00:55:50.132  1652  3388 I OpAudioMonitor: MDM,music is not active, clear
10-16 00:55:51.523  1652  2393 V OpScreenshotImprovement: AOD screenshot wakeUpFromPowerKey for power up
10-16 00:55:51.523  1652  2393 D WindowManager: powerPress: eventTime=80535856 interactive=true count=1 beganFromNonInteractive=false mShortPressOnPowerBehavior=1
10-16 00:55:51.523  1652  2393 I PowerManagerService: Going to sleep due to power_button (uid 1000)...
10-16 00:55:51.525  1652  1806 I DisplayPowerController: useProximityForceSuspend = false
10-16 00:55:51.583  1652  1806 I DisplayPowerController: brightnessState(m):1.0
10-16 00:55:51.585  1652  1652 V SettingsProvider: Notifying for 0: content://settings/secure/reminder_exp_learning_time_elapsed
10-16 00:55:51.592  2585  3016 D ViewRootImpl: support adaptive color gamut feature!
10-16 00:55:51.606  1652  1806 I DisplayPowerController: useProximityForceSuspend = false
10-16 00:55:51.606  1652  1806 D OpColorDisplayService: screenStateChange
10-16 00:55:51.606  1652  1806 I DisplayPowerController: Blocking screen off
10-16 00:55:51.606  1652  1791 D OpColorDisplayService: processScreenOn   false
10-16 00:55:51.607  1652  1806 I DisplayPowerController: Unblocked screen off after 0 ms
10-16 00:55:51.634  1652  1806 D ActivityTaskManager: Top Process State changed to PROCESS_STATE_TOP_SLEEPING
10-16 00:55:51.642  1652  3170 I FastCharge: read mChargeType = 0
10-16 00:55:51.696  1652  1806 I RampAnimator: POLICY CHANGING!
10-16 00:55:51.696  1652  1806 I RampAnimator: target:0.0 rate:0.0 mCurrentValue:1.0 mTargetValue:1.0
10-16 00:55:51.716  1652  1806 W OpBatteryStats: updateScreenBrightnessLevel: 0
10-16 00:55:51.716  1652  1806 V DisplayPowerController: Brightness [-1.0] reason changing to: 'screen_off', previous reason: 'manual'.
10-16 00:55:51.717  1652  1806 I DisplayPowerController: useProximityForceSuspend = false
10-16 00:55:51.717  1652  1806 I RampAnimator: target:0.0 rate:0.0 mCurrentValue:0.0 mTargetValue:0.0
10-16 00:55:51.726  1652  1772 W ProcessStats: Tracking association SourceState{2a66574 com.google.android.apps.messaging/10274 Top #326807} whose proc state 1 is better than process ProcessState{fcc3d24 com.google.android.gms/10208 pkg=com.google.android.gms} proc state 2 (5 skipped)
10-16 00:55:51.729  2513  2513 W ContextImpl: Calling a method in the system process without a qualified user: android.app.ContextImpl.sendBroadcast:1122 android.content.ContextWrapper.sendBroadcast:468 com.oneplus.coreservice.BroadcastDispatch.xne$mab.onReceive:122 android.app.LoadedApk$ReceiverDispatcher$Args.lambda$getRunnable$0$LoadedApk$ReceiverDispatcher$Args:1566 android.app.-$$Lambda$LoadedApk$ReceiverDispatcher$Args$_BumDX2UKsnxLVrE6UJsJZkotuA.run:2 
10-16 00:55:51.741  1652  1759 I DisplayManagerService: Display device changed state: "Built-in Screen", OFF
10-16 00:55:51.806  1652  3241 V WindowManager: Orientation start waiting for draw, mDrawState=DRAW_PENDING in Window{5c0cbd8 u0 GestureButtonRegion}, surfaceController Surface(name=GestureButtonRegion)/@0xdb7d536
10-16 00:55:51.890  1652  1806 I DisplayPowerController: useProximityForceSuspend = false
10-16 00:55:51.890  1652  1806 I RampAnimator: target:0.0 rate:0.0 mCurrentValue:0.0 mTargetValue:0.0
10-16 00:55:51.894  1652  1806 I DreamManagerService: Entering dreamland.
10-16 00:55:51.894  1652  1806 I PowerManagerService: Dozing...
10-16 00:55:51.905  1652  1756 I DreamController: Starting dream: name=ComponentInfo{com.android.systemui/com.android.systemui.doze.DozeService}, isTest=false, canDoze=true, userId=0
10-16 00:55:51.941  1652  5873 I OemSceneModeAmHelper: [scene] handleShowOrOccludedChanged showing false, occluded false
10-16 00:55:51.942  1652  3090 E OPCS    : [Cap] [End] use mLastCapRemaining: 2777 instead.
10-16 00:55:51.942  1652  1759 V UsbDeviceManager: onKeyguardStateChanged: isShowing:false secure:true user:0
10-16 00:55:51.942  1652  3090 E OPCS    : [Cap] [Start] remainCap is abnormal: 0
10-16 00:55:51.942  1652  3090 E OPCS    : [Cap] [Start] use mLastCapRemaining: 2777 instead.
10-16 00:55:51.943  2585  3133 D ViewRootImpl: support adaptive color gamut feature!
10-16 00:55:51.944  1652  1806 I DisplayPowerController: useProximityForceSuspend = false
10-16 00:55:51.944  1652  1806 I RampAnimator: POLICY CHANGING!
10-16 00:55:51.944  1652  1806 I RampAnimator: target:0.0 rate:0.0 mCurrentValue:0.0 mTargetValue:0.0
10-16 00:55:51.945  1652  1807 D OpPowerControllerService: SCREEN is OFF
10-16 00:55:51.946  1652  1807 D OpPowerControllerService: SCREEN is OFF
10-16 00:55:51.946  1652  1807 D OpPowerControllerService: mScreenOffStart=2021-10-16 00:55:51
10-16 00:55:51.946  1652  3090 E OPCS    : [Cap] [End] use mLastCapRemaining: 2777 instead.
10-16 00:55:51.947  1652  3090 E OPCS    : AccurateCounter getCurAccurateLevel error, err:16 00:55:51 curPower:0.0 fullCharge:0.0 powerLevel:78
10-16 00:55:51.947  1652  3090 I OPCS    : AccurateCounter startCount err, tag:ScreenOffDischarge mLastAccurateLevel:87.0125786163522
10-16 00:55:51.947  1652  3090 E OPCS    : AccurateCounter getCurAccurateLevel error, err:16 00:55:51 curPower:0.0 fullCharge:0.0 powerLevel:78
10-16 00:55:51.947  1652  3090 I OPCS    : AccurateCounter stopCount err, tag:ScreenOnDischarge cur:-1.0 lastLevel:87.0125786163522 mLastAccurateLevel:87.0125786163522
10-16 00:55:51.948  1652  5872 I OpAppLocker: setKeyguardDone false
10-16 00:55:51.952  1652  5872 D OpProximityController: noteFrontPackageChanged pkg:SCREEN OFF uid:0 lpkg:com.google.android.apps.messaging luid:10274
10-16 00:55:51.952  1652  1806 I DisplayPowerController: useProximityForceSuspend = false
10-16 00:55:51.952  1652  1806 I RampAnimator: target:0.0 rate:0.0 mCurrentValue:0.0 mTargetValue:0.0
10-16 00:55:51.957  1652  1807 W ContextImpl: Calling a method in the system process without a qualified user: android.app.ContextImpl.sendBroadcast:1122 com.android.server.power.Notifier.sendGoToSleepBroadcast:850 com.android.server.power.Notifier.sendNextBroadcast:797 com.android.server.power.Notifier.access$500:96 com.android.server.power.Notifier$NotifierHandler.handleMessage:956 
10-16 00:55:51.965  1652  3240 I OemSceneModeAmHelper: [scene] handleShowOrOccludedChanged showing true, occluded false
10-16 00:55:51.975  1652  1802 D ExtBatteryStatsService: ==MSG_SCREEN_OFF== at 120552954
10-16 00:55:51.978  1652  1759 V UsbDeviceManager: onKeyguardStateChanged: isShowing:true secure:true user:0
10-16 00:55:51.978  1652  1756 D UsbDeviceManager: setEnabledFunctions functions=0, forceRestart=false, usbDataUnlocked=false
10-16 00:55:51.978  1652  1756 I UsbDeviceManager: Func=mass_storage Cur_Func=0 Oem=mass_storage Cur_Oem=mass_storage Applied=true force=false
10-16 00:55:52.000  1652  1652 V SettingsProvider: Notifying for 0: content://settings/secure/reminder_exp_learning_time_elapsed
10-16 00:55:52.009  1652  2029 V AlarmManager: Triggering alarm #0: 0 when =1634363622808 package =net.oneplus.launcher operation =*walarm*:net.oneplus.launcher/.datacollection.RegularDataCollectionReceiver flags =0x0
10-16 00:55:52.009  1652  2029 V AlarmManager: Triggering alarm #1: 3 when =120549766 package =com.google.android.gms operation =*alarm*:com.google.android.gms.auth.authzen.cryptauth.DEVICE_STATE_CHECK_DELAY_COMPLETE flags =0x0
10-16 00:55:52.036  1652  1759 V WindowManager: Orientation start waiting for draw, mDrawState=DRAW_PENDING in Window{8a697f0 u0 OpAodQ}, surfaceController Surface(name=OpAodQ)/@0x8591467
10-16 00:55:52.036  1652  1759 V WindowManager: Orientation start waiting for draw, mDrawState=DRAW_PENDING in Window{9f44d82 u0 OpWakingUpScrim}, surfaceController Surface(name=OpWakingUpScrim)/@0xcf4214
10-16 00:55:52.036  1652  1759 V WindowManager: Orientation start waiting for draw, mDrawState=DRAW_PENDING in Window{5c0cbd8 u0 GestureButtonRegion}, surfaceController Surface(name=GestureButtonRegion)/@0xdb7d536
10-16 00:55:52.036  1652  1759 V WindowManager: Orientation start waiting for draw, mDrawState=DRAW_PENDING in Window{725ac01 u0 ScreenDecorOverlayBottom}, surfaceController Surface(name=ScreenDecorOverlayBottom)/@0xc8076bc
10-16 00:55:52.036  1652  1759 V WindowManager: Orientation start waiting for draw, mDrawState=DRAW_PENDING in Window{b6f52a7 u0 com.google.android.apps.messaging/com.google.android.apps.messaging.conversation.screen.ConversationActivity}, surfaceController Surface(name=com.google.android.apps.messaging/com.google.android.apps.messaging.conversation.screen.ConversationActivity)/@0xca66263
10-16 00:55:52.069  1652  3388 V WindowManager: Orientation start waiting for draw, mDrawState=DRAW_PENDING in Window{5c0cbd8 u0 GestureButtonRegion}, surfaceController Surface(name=GestureButtonRegion)/@0xdb7d536
10-16 00:55:52.115  1652  1652 D OPBF    : # eventChangeReceiver # onReceive # action=android.intent.action.SCREEN_OFF
10-16 00:55:52.180  2585  2585 V KeyguardStatusView: refresh statusview showing:true
10-16 00:55:52.184  2585  3281 D ViewRootImpl: support adaptive color gamut feature!
10-16 00:55:52.210  2585  3281 I chatty  : uid=10200(com.android.systemui) FingerprintDial identical 1 line
10-16 00:55:52.217  2585  3281 D ViewRootImpl: support adaptive color gamut feature!
10-16 00:55:52.218  1652  5814 V WindowManager: Orientation start waiting for draw, mDrawState=DRAW_PENDING in Window{1582425 u0 NotificationShade}, surfaceController Surface(name=NotificationShade)/@0xaf14b10
10-16 00:55:52.247  1652  1760 V WindowManager: Orientation start waiting for draw, mDrawState=DRAW_PENDING in Window{164db37 u0 OPFingerprintView}, surfaceController Surface(name=OPFingerprintView)/@0x41f22d4
10-16 00:55:52.247  1652  1760 V WindowManager: Orientation start waiting for draw, mDrawState=DRAW_PENDING in Window{fde0bb2 u0 com.android.systemui.ImageWallpaper}, surfaceController Surface(name=com.android.systemui.ImageWallpaper)/@0x66f2a50
10-16 00:55:52.282  1652  3301 V WindowManager: Orientation start waiting for draw, mDrawState=DRAW_PENDING in Window{e2a89c2 u0 OPFingerprintVDpressed}, surfaceController Surface(name=OPFingerprintVDpressed)/@0xf7df2ca
10-16 00:55:52.303  1652  1760 V WindowManager: Orientation start waiting for draw, mDrawState=DRAW_PENDING in Window{d8dfa2f u0 FingerprintTransparentIcon}, surfaceController Surface(name=FingerprintTransparentIcon)/@0x3ac9eed
10-16 00:55:52.365  1652  1652 V SettingsProvider: Notifying for 0: content://settings/secure/reminder_exp_learning_time_elapsed
10-16 00:55:53.059  1652  1806 I DisplayPowerController: useProximityForceSuspend = false
10-16 00:55:53.059  2513 20552 I OIMC    : notified , mode FingerPrintMode changeTo 1
10-16 00:55:53.060  2513  2574 I OIMC_CORE: handleMessage:   MODE_ENTER, arg1: 0, arg2: 0, obj: com.oneplus.server.oimc.gwy@b0c6477
10-16 00:55:53.060  2513  2574 I OIMC_CORE: Entering mode FingerPrintMode
10-16 00:55:53.060  2513  2574 I OIMC_CORE: starting ONESHOT function ColorDisable
10-16 00:55:53.061  1652  2393 I PowerManagerService: Waking up from Dozing (uid=1000, reason=WAKE_REASON_POWER_BUTTON, details=android.policy:POWER)...
10-16 00:55:53.061  1652  1806 I DisplayPowerController: Blocking screen on until initial contents have been drawn.
10-16 00:55:53.064  1652  3300 I OpOIMCColorManager: ColorDisable start... mCurrentActivated = 0
10-16 00:55:53.064  1652  3300 D OpColorDisplayService: DisableColor state: 0
10-16 00:55:53.064  1652  3300 D ColorDisplayService: cancelAnimation
10-16 00:55:53.064  1652  1791 D OpColorDisplayService: resetStatus: 0
10-16 00:55:53.065  2513  2573 I OIMC_CORE: ColorDisable action 1 spent 4 ms
10-16 00:55:53.085  1652  1791 D OpColorTintManager: disableColor
10-16 00:55:53.085  1652  1791 D OpColorTintManager: recoverColorSaturation
10-16 00:55:53.130  1652  1807 D OpPowerControllerService: SCREEN is OFF
10-16 00:55:53.131  1652  1807 D OpPowerControllerService: SCREEN is ON
10-16 00:55:53.132  1652  1807 D OpPowerControllerService: screen off duration: 1185
10-16 00:55:53.132  1652  1807 W ContextImpl: Calling a method in the system process without a qualified user: android.app.ContextImpl.sendBroadcast:1122 com.android.server.power.Notifier.sendWakeUpBroadcast:817 com.android.server.power.Notifier.sendNextBroadcast:795 com.android.server.power.Notifier.access$500:96 com.android.server.power.Notifier$NotifierHandler.handleMessage:956 
10-16 00:55:53.133  1652  3090 E OPCS    : [Cap] [Start] remainCap is abnormal: 0
10-16 00:55:53.133  1652  3090 E OPCS    : [Cap] [Start] use mLastCapRemaining: 2777 instead.
10-16 00:55:53.133  1652  3090 E OPCS    : AccurateCounter getCurAccurateLevel error, err:16 00:55:53 curPower:0.0 fullCharge:0.0 powerLevel:78
10-16 00:55:53.133  1652  3090 I OPCS    : AccurateCounter stopCount err, tag:ScreenOffDischarge cur:-1.0 lastLevel:87.0125786163522 mLastAccurateLevel:87.0125786163522
10-16 00:55:53.136  1652  3303 D KeyguardStateMonitor: onFingerprintStateChange , true, false, authType:2, result:1
10-16 00:55:53.136  1652  3303 D WindowManager: onKeyguardFingerprintChanged, 2, 1, 0
10-16 00:55:53.136  1652  1757 D WindowManager: handleAuthStateChange, authenticating:true, authType:2, result:1, sf:false
10-16 00:55:53.136  1652  3090 E OPCS    : AccurateCounter getCurAccurateLevel error, err:16 00:55:53 curPower:0.0 fullCharge:0.0 powerLevel:78
10-16 00:55:53.138  1652  3090 I OPCS    : AccurateCounter startCount err, tag:ScreenOnDischarge mLastAccurateLevel:87.0125786163522
10-16 00:55:53.145  1652  1806 I DisplayPowerController: brightnessState(m):1.0
10-16 00:55:53.145  1652  1806 I RampAnimator: target:1.0 rate:0.0 mCurrentValue:0.0 mTargetValue:0.0
10-16 00:55:53.150  1652  1806 W OpBatteryStats: updateScreenBrightnessLevel: 4
10-16 00:55:53.151  1652  1806 V DisplayPowerController: Brightness [1.0] reason changing to: 'manual', previous reason: 'screen_off'.
10-16 00:55:53.151  1652  1806 I DisplayPowerController: useProximityForceSuspend = false
10-16 00:55:53.151  1652  1806 D OpColorDisplayService: screenStateChange
10-16 00:55:53.152  1652  1759 I DisplayManagerService: Display device changed state: "Built-in Screen", DOZE
10-16 00:55:53.152  1652  1791 D OpColorDisplayService: processScreenOn   true
10-16 00:55:53.185  1652  3668 D ConnectivityService: Returning UNBLOCKED NetworkInfo to uid=10306
10-16 00:55:53.196  1652  1806 I DisplayPowerController: brightnessState(m):1.0
10-16 00:55:53.196  1652  1806 I RampAnimator: POLICY CHANGING!
10-16 00:55:53.196  1652  1806 I RampAnimator: target:1.0 rate:0.0 mCurrentValue:1.0 mTargetValue:1.0
10-16 00:55:53.204  1652  3170 I FastCharge: read mChargeType = 0
10-16 00:55:53.209  1652  2393 V OpScreenshotImprovement: AOD screenshot wakeUpFromPowerKey for power up
10-16 00:55:53.227  1652  3301 D FP_DEBUG: start authenticate: com.android.systemui, groupId= 0
10-16 00:55:53.231  1652  3301 D FP_DEBUG: go authenticateInternal
10-16 00:55:53.231  1652  3301 D FP_DEBUG: authenticateInternal: callingUserId= 0
10-16 00:55:53.254  1652  3301 I DreamManagerService: Leaving dreamland.
10-16 00:55:53.254  1652  1756 I DreamManagerService: Performing gentle wake from dream.
10-16 00:55:53.254  1652  1756 I DreamController: Stopping dream: name=ComponentInfo{com.android.systemui/com.android.systemui.doze.DozeService}, isTest=false, canDoze=true, userId=0, reason='finished self'
10-16 00:55:53.255  1652  1652 V FingerprintService: startAuthentication(com.android.systemui)
10-16 00:55:53.255  1652  1652 V FingerprintService: starting client AuthenticationClientImpl(com.android.systemui) targetUserId: 0 currentUserId: 0 cookie: 0/0
10-16 00:55:53.255  2513 20552 I OIMC    : notified , mode FingerPrintMode changeTo 1
10-16 00:55:53.256  1652  1652 E FingerprintService: Exception notifySurfaceFlingerUpdate
10-16 00:55:53.258  2513  2574 I OIMC_CORE: handleMessage:   MODE_ENTER, arg1: 0, arg2: 0, obj: com.oneplus.server.oimc.gwy@5ed38e4
10-16 00:55:53.258  2513  2574 I OIMC_CORE: The mode: FingerPrintMode is already entered
10-16 00:55:53.269  1652  2387 I WindowManager: Authenticating to pending screen on
10-16 00:55:53.272  2513  2513 W ContextImpl: Calling a method in the system process without a qualified user: android.app.ContextImpl.sendBroadcast:1122 android.content.ContextWrapper.sendBroadcast:468 com.oneplus.coreservice.BroadcastDispatch.xne$mab.onReceive:122 android.app.LoadedApk$ReceiverDispatcher$Args.lambda$getRunnable$0$LoadedApk$ReceiverDispatcher$Args:1566 android.app.-$$Lambda$LoadedApk$ReceiverDispatcher$Args$_BumDX2UKsnxLVrE6UJsJZkotuA.run:2 
10-16 00:55:53.277  1652  1652 D OpFingerprintService: updateStatus , 3
10-16 00:55:53.293  1652  1652 D OPSA    : ======BE_IMFORMED_SCREEN_ON======
10-16 00:55:53.298  2513  2513 I TWSReceiver: onReceive: android.intent.action.SCREEN_ON
10-16 00:55:53.298  2513  2513 I TWSReceiver: bind service
10-16 00:55:53.298  2513  3619 W ContextImpl: Calling a method in the system process without a qualified user: android.app.ContextImpl.startService:1690 android.content.ContextWrapper.startService:720 xne.xne.xne.xne.xne$mab.run:35 java.util.concurrent.ThreadPoolExecutor.runWorker:1167 java.util.concurrent.ThreadPoolExecutor$Worker.run:641 
10-16 00:55:53.301  1652  5864 I OemSceneModeAmHelper: [scene] handleShowOrOccludedChanged showing true, occluded false
10-16 00:55:53.301  1652  3090 E OPCS    : [Cap] [End] use mLastCapRemaining: 2777 instead.
10-16 00:55:53.301  1652  3090 E OPCS    : [Cap] [Start] remainCap is abnormal: 0
10-16 00:55:53.301  1652  3090 E OPCS    : [Cap] [Start] use mLastCapRemaining: 2777 instead.
10-16 00:55:53.308  1652  1759 V UsbDeviceManager: onKeyguardStateChanged: isShowing:true secure:true user:0
10-16 00:55:53.317  1652  1652 D OPBF    : # eventChangeReceiver # onReceive # action=android.intent.action.SCREEN_ON
10-16 00:55:53.339  1652  1759 I DisplayManagerService: Display device changed state: "Built-in Screen", ON
10-16 00:55:53.406  1652  1791 I OpColorDisplayService: isKeyguard =  true
10-16 00:55:53.406  1652  1791 I OpColorDisplayService: mHasFingerprint = true
10-16 00:55:53.410  1652  1787 D ExtBatteryStatsService: @@@@ awaitUninterruptibly in 153 ms
10-16 00:55:53.431  1652  1652 V SettingsProvider: Notifying for 0: content://settings/secure/reminder_exp_learning_time_elapsed
10-16 00:55:53.459  2513 20552 I OIMC    : notified , mode FingerPrintMode changeTo 1
10-16 00:55:53.459  2513  2574 I OIMC_CORE: handleMessage:   MODE_ENTER, arg1: 0, arg2: 0, obj: com.oneplus.server.oimc.gwy@1aee14d
10-16 00:55:53.459  2513  2574 I OIMC_CORE: The mode: FingerPrintMode is already entered
10-16 00:55:53.475  1652  1652 I Telecom : CallsManager: onServiceStateChanged networkType: 13
10-16 00:55:53.475  1652  1652 I Telecom : CallsManager: onServiceStateChanged networkType: 13
10-16 00:55:53.495  1652  1652 I Telecom : LocationDetector: onReceive() - The switch button is closed which for countrycode adding function.
10-16 00:55:53.514 10305 10305 W ContextImpl: Calling a method in the system process without a qualified user: android.app.ContextImpl.sendBroadcast:1122 android.content.ContextWrapper.sendBroadcast:468 com.oneplus.security.SecureService$NetworkChangeReceive.onReceive:257 android.app.LoadedApk$ReceiverDispatcher$Args.lambda$getRunnable$0$LoadedApk$ReceiverDispatcher$Args:1566 android.app.-$$Lambda$LoadedApk$ReceiverDispatcher$Args$_BumDX2UKsnxLVrE6UJsJZkotuA.run:2 
10-16 00:55:53.590  1652  1652 I Telecom : CallsManager: onServiceStateChanged networkType: 13
10-16 00:55:53.590  1652  1652 I Telecom : CallsManager: onServiceStateChanged networkType: 13
10-16 00:55:53.599  1652  1652 I Telecom : LocationDetector: onReceive() - The switch button is closed which for countrycode adding function.
10-16 00:55:53.618 10305 10305 W ContextImpl: Calling a method in the system process without a qualified user: android.app.ContextImpl.sendBroadcast:1122 android.content.ContextWrapper.sendBroadcast:468 com.oneplus.security.SecureService$NetworkChangeReceive.onReceive:257 android.app.LoadedApk$ReceiverDispatcher$Args.lambda$getRunnable$0$LoadedApk$ReceiverDispatcher$Args:1566 android.app.-$$Lambda$LoadedApk$ReceiverDispatcher$Args$_BumDX2UKsnxLVrE6UJsJZkotuA.run:2 
10-16 00:55:53.831  1652  3170 D FingerprintService: onAcquired, 6, code:0, lockout:false
10-16 00:55:53.831  1652  1652 D BiometricStats: acquiredInfo = 6
10-16 00:55:53.831  1652  1652 V FingerprintService: Acquired: 6 0
10-16 00:55:53.842  2585  2585 D FingerprintManager: sendAcquiredResult: 6, 0
10-16 00:55:53.842  2585  2585 W FingerprintManager: Invalid acquired message: 6, 0
10-16 00:55:53.842  1652  2605 D KeyguardStateMonitor: onFingerprintStateChange , false, true, authType:2, result:4
10-16 00:55:53.842  1652  2605 D WindowManager: onKeyguardFingerprintChanged, 2, 4, 0
10-16 00:55:53.844  1652  1757 D WindowManager: handleAuthStateChange, authenticating:false, authType:2, result:4, sf:false
10-16 00:55:53.858  1652  1806 I DisplayPowerController: Unblocked screen on after 797 ms
10-16 00:55:53.858  1652  1806 I DisplayPowerController: useProximityForceSuspend = false
10-16 00:55:53.859  1652  1806 I DisplayPowerController: brightnessState(m):1.0
10-16 00:55:53.859  1652  1806 I RampAnimator: target:1.0 rate:0.7058823 mCurrentValue:1.0 mTargetValue:1.0
10-16 00:55:53.859  1652  1806 I DisplayPowerController: useProximityForceSuspend = false
10-16 00:55:53.859  1652  1806 I DisplayPowerController: brightnessState(m):1.0
10-16 00:55:53.860  1652  1806 I RampAnimator: target:1.0 rate:0.7058823 mCurrentValue:1.0 mTargetValue:1.0
10-16 00:55:53.860  1652  1806 W PowerManagerService: Screen on took 804 ms
10-16 00:55:53.860  1652  1806 I 300     : 804
10-16 00:55:53.890  1652  1652 V SettingsProvider: Notifying for 0: content://settings/secure/reminder_exp_learning_time_elapsed
10-16 00:55:54.093  1652  3170 D FingerprintService: onAcquired, 0, code:0, lockout:false
10-16 00:55:54.094  1652  3170 D FingerprintService: onAuthenticated, -5476376637520028272, 1406117591, 0
10-16 00:55:54.094  1652  1652 D BiometricStats: acquiredInfo = 0
10-16 00:55:54.094  1652  1652 V FingerprintService: Acquired: 0 0
10-16 00:55:54.094  1652  1652 D FingerprintService: handleAuthenticated: true
10-16 00:55:54.094  1652  1652 V BiometricStats: Authentication latency: -1
10-16 00:55:54.094  1652  1652 W BiometricStats: found a negative latency : -1
10-16 00:55:54.095  1652  1652 D VibratorService: vibrate from 'android', reason = null, token = android.os.Binder@865d730, attrs = VibrationAttributes: Usage=TOUCH Flags=0
10-16 00:55:54.114  1652  1652 D OpVibratorService: linearmotorVibratorOff
10-16 00:55:54.116  1652  2398 D FingerprintService: onAcquired, 6, code:12, lockout:false
10-16 00:55:54.117  1652  1652 D OpColorDisplayService: mExitFingerPrintModeReason = true
10-16 00:55:54.117  2513 17241 I OIMC    : notified , mode FingerPrintMode changeTo 2
10-16 00:55:54.118  1652  1652 D FingerprintService: onAuthenticationSucceeded: send result
10-16 00:55:54.118  1652  1652 V FingerprintService: Done with client: com.android.systemui
10-16 00:55:54.118  2513  2574 I OIMC_CORE: handleMessage:   MODE_EXIT, arg1: 0, arg2: 0, obj: com.oneplus.server.oimc.gwy@ea99402
10-16 00:55:54.118  2513  2574 I OIMC_CORE: Exiting mode FingerPrintMode
10-16 00:55:54.119  2513  2574 I OIMC_CORE: stoping ONESHOT function ColorDisable
10-16 00:55:54.119  1652 14407 D OpVibratorService: linearmotorVibratorOn
10-16 00:55:54.119  1652  3004 I OpOIMCColorManager: ColorDisable stop... mGCActivated = false  mCBActivated = false  mPCActivated = false  mGMActivated = false mCurrentActivated = 0
10-16 00:55:54.119  1652  3004 D OpColorDisplayService: DisableColor state: 2
10-16 00:55:54.122  2513  2573 I OIMC_CORE: ColorDisable action 2 spent 4 ms
10-16 00:55:54.123  1652  1791 I OpColorDisplayService: notifyIrisFingerprintStatus fingerprint_status = false
10-16 00:55:54.125  1652  1791 D OpColorDisplayService: reverStatus needMatrixInit = false
10-16 00:55:54.125  2585  2585 D FingerprintManager: sendAcquiredResult: 0, 0
10-16 00:55:54.127  2513 17241 I OIMC    : notified , mode FingerPrintMode changeTo 2
10-16 00:55:54.128  2513  2574 I OIMC_CORE: handleMessage:   MODE_EXIT, arg1: 0, arg2: 0, obj: com.oneplus.server.oimc.gwy@4d8d113
10-16 00:55:54.128  2513  2574 I OIMC_CORE: The mode: FingerPrintMode is not entered
10-16 00:55:54.130  1652  5864 D KeyguardStateMonitor: onFingerprintStateChange , false, false, authType:1, result:3
10-16 00:55:54.158  1652  1791 D OpColorTintManager: colorTempearture: 74
10-16 00:55:54.158  1652  1791 D OpColorTintManager: start applyTint
10-16 00:55:54.158  1652  1791 D OpColorDisplayService: KeyguardDone is finish by  set ExitFingerPrintModeByUnlockSuccess
10-16 00:55:54.159  1652  1791 D OpColorDisplayService: resetStatus: 2
10-16 00:55:54.159  1652  1791 D OpColorDisplayService: reverStatus needMatrixInit = false
10-16 00:55:54.165  2513 17241 I OIMC    : notified , mode FingerPrintMode changeTo 2
10-16 00:55:54.165  2513  2574 I OIMC_CORE: handleMessage:   MODE_EXIT, arg1: 0, arg2: 0, obj: com.oneplus.server.oimc.gwy@7b6ff50
10-16 00:55:54.165  2513  2574 I OIMC_CORE: The mode: FingerPrintMode is not entered
10-16 00:55:54.170  1652  1791 D OpColorTintManager: colorTempearture: 74
10-16 00:55:54.170  1652  1791 D OpColorTintManager: start applyTint
10-16 00:55:54.196  1652 14407 D OpVibratorService: linearmotorVibratorOff
10-16 00:55:54.203  1652  3004 D OpColorDisplayService: mExitFingerPrintModeReason = true
10-16 00:55:54.204  1652  3388 I OpAppLocker: setKeyguardDone true
10-16 00:55:54.210  1652  3304 D ActivityTaskManager: Top Process State changed to PROCESS_STATE_TOP
10-16 00:55:54.211  1652  1759 D OpRestartProcessManager: updateSelf :  com.google.android.apps.messaging, size : 30
10-16 00:55:54.212  1652  1806 I DisplayPowerController: useProximityForceSuspend = false
10-16 00:55:54.212  1652  3304 D OpProximityController: noteFrontPackageChanged pkg:com.google.android.apps.messaging uid:10274 lpkg:SCREEN OFF luid:0
10-16 00:55:54.212  1652  1806 I DisplayPowerController: brightnessState(m):1.0
10-16 00:55:54.212  1652  1806 I RampAnimator: target:1.0 rate:0.7058823 mCurrentValue:1.0 mTargetValue:1.0
10-16 00:55:54.213  1652  3304 E OpScreenModeService: getAppToken ActivityRecord{44e8cb6 u0 com.google.android.apps.messaging/.conversation.screen.ConversationActivity t6266}
10-16 00:55:54.213  1652  3304 E OpScreenModeService: setRefreshRate token ActivityRecord{44e8cb6 u0 com.google.android.apps.messaging/.conversation.screen.ConversationActivity t6266} request refresh rate=-1 tmpRate -1
10-16 00:55:54.213  1652  3304 E OpScreenModeService: setRefreshRate token ActivityRecord{44e8cb6 u0 com.google.android.apps.messaging/.conversation.screen.ConversationActivity t6266} app request rateid=1 fps=90.0
10-16 00:55:54.213  1652  3304 D OpQuickReply: setQuickReplyResumed focusedApp ActivityRecord{44e8cb6 u0 com.google.android.apps.messaging/.conversation.screen.ConversationActivity t6266} pkgName com.google.android.apps.messaging
10-16 00:55:54.214  1652  3090 E OPCS    : [Cap] [End] use mLastCapRemaining: 2777 instead.
10-16 00:55:54.214  1652  3090 E OPCS    : [Cap] [Start] remainCap is abnormal: 0
10-16 00:55:54.214  1652  3090 E OPCS    : [Cap] [Start] use mLastCapRemaining: 2777 instead.
10-16 00:55:54.247  1652  1759 D OpScreenModeService: updateRefreshRate token ActivityRecord{44e8cb6 u0 com.google.android.apps.messaging/.conversation.screen.ConversationActivity t6266} rate=1
10-16 00:55:54.265  1652  3301 I OemSceneModeAmHelper: [scene] handleShowOrOccludedChanged showing false, occluded false
10-16 00:55:54.266  1652  3090 E OPCS    : [Cap] [End] use mLastCapRemaining: 2777 instead.
10-16 00:55:54.273  1652  1806 I DisplayPowerController: useProximityForceSuspend = false
10-16 00:55:54.275  1652  3090 E OPCS    : [Cap] [Start] remainCap is abnormal: 0
10-16 00:55:54.275  1652  3090 E OPCS    : [Cap] [Start] use mLastCapRemaining: 2777 instead.
10-16 00:55:54.277  1652  1806 I DisplayPowerController: brightnessState(m):1.0
10-16 00:55:54.277  1652  1806 I RampAnimator: target:1.0 rate:0.7058823 mCurrentValue:1.0 mTargetValue:1.0
10-16 00:55:54.321  1652  1652 V SettingsProvider: Notifying for 0: content://settings/secure/reminder_exp_learning_time_elapsed
10-16 00:55:54.325  2513 17241 I OIMC    : notified , mode ColorReadMode changeTo 2
10-16 00:55:54.325  2513  2574 I OIMC_CORE: handleMessage:   MODE_EXIT, arg1: 0, arg2: 0, obj: com.oneplus.server.oimc.gwy@2954549
10-16 00:55:54.325  2513  2574 I OIMC_CORE: The mode: ColorReadMode is not entered
10-16 00:55:54.325  2513 20552 I OIMC    : notified , mode ReadMode changeTo 2
10-16 00:55:54.325  2513  2574 I OIMC_CORE: handleMessage:   MODE_EXIT, arg1: 0, arg2: 0, obj: com.oneplus.server.oimc.gwy@420ee4e
10-16 00:55:54.325  2513  2574 I OIMC_CORE: The mode: ReadMode is not entered
10-16 00:55:54.325  2513  3313 I OIMC    : notified , mode GameMode changeTo 2
10-16 00:55:54.326  2513  2574 I OIMC_CORE: handleMessage:   MODE_EXIT, arg1: 0, arg2: 0, obj: com.oneplus.server.oimc.gwy@8f56b6f
10-16 00:55:54.326  2513  2574 I OIMC_CORE: The mode: GameMode is not entered
10-16 00:55:54.327  2513  2513 W ContextImpl: Calling a method in the system process without a qualified user: android.app.ContextImpl.sendBroadcast:1122 android.content.ContextWrapper.sendBroadcast:468 com.oneplus.coreservice.BroadcastDispatch.xne$mab.onReceive:122 android.app.LoadedApk$ReceiverDispatcher$Args.lambda$getRunnable$0$LoadedApk$ReceiverDispatcher$Args:1566 android.app.-$$Lambda$LoadedApk$ReceiverDispatcher$Args$_BumDX2UKsnxLVrE6UJsJZkotuA.run:2 
10-16 00:55:54.358  1652  1772 W BroadcastQueue: Background execution not allowed: receiving Intent { act=android.intent.action.USER_PRESENT flg=0x24200010 } to com.oneplus.camera.service/.CameraBroadcastReceiver
10-16 00:55:54.376  1652  1757 W Looper  : Slow dispatch took 112ms android.ui h=com.android.server.am.ActivityManagerService$UiHandler c=null m=31
10-16 00:55:54.378  1652  1787 D ExtBatteryStatsService: ext-flush too soon, skip
10-16 00:55:54.379  1652  1787 I chatty  : uid=1000(system) android.bg identical 1 line
10-16 00:55:54.379  1652  1787 D ExtBatteryStatsService: ext-flush too soon, skip
10-16 00:55:54.414  1652  1772 W BroadcastQueue: Background execution not allowed: receiving Intent { act=android.intent.action.USER_PRESENT flg=0x24200010 } to com.google.android.gms/.auth.setup.devicesignals.LockScreenReceiver
10-16 00:55:54.418  1652  1772 W BroadcastQueue: Background execution not allowed: receiving Intent { act=android.intent.action.USER_PRESENT flg=0x24200010 } to com.google.android.gms/.chimera.GmsIntentOperationService$PersistentTrustedReceiver
10-16 00:55:54.418  1652  1772 W BroadcastQueue: Background execution not allowed: receiving Intent { act=android.intent.action.USER_PRESENT flg=0x24200010 } to com.android.chrome/org.chromium.chrome.browser.sharing.click_to_call.ClickToCallMessageHandler$PhoneUnlockedReceiver
10-16 00:55:54.418  1652  1772 W BroadcastQueue: Background execution not allowed: receiving Intent { act=android.intent.action.USER_PRESENT flg=0x24200010 } to com.instagram.android/com.instagram.push.FbnsInitBroadcastReceiver
10-16 00:55:54.418  1652  1772 W BroadcastQueue: Background execution not allowed: receiving Intent { act=android.intent.action.USER_PRESENT flg=0x24200010 } to com.zhiliaoapp.musically/com.ss.android.push.window.oppo.ScreenReceiver
