10-16 00:35:57.227  1652  1806 I RampAnimator: target:0.0 rate:0.0 mCurrentValue:0.0 mTargetValue:0.0
10-16 00:35:57.230  1652  3017 I OpAppLocker: setKeyguardDone false
10-16 00:35:57.231  1652  3017 D OpProximityController: noteFrontPackageChanged pkg:SCREEN OFF uid:0 lpkg:com.google.android.apps.messaging luid:10274
10-16 00:35:57.232  1652  1806 I DisplayPowerController: useProximityForceSuspend = false
10-16 00:35:57.232  1652  1806 I RampAnimator: target:0.0 rate:0.0 mCurrentValue:0.0 mTargetValue:0.0
10-16 00:35:57.245  1652  1807 D OpPowerControllerService: SCREEN is OFF
10-16 00:35:57.246  1652  3090 E OPCS    : [Cap] [End] use mLastCapRemaining: 2777 instead.
10-16 00:35:57.247  1652  5812 I OemSceneModeAmHelper: [scene] handleShowOrOccludedChanged showing true, occluded false
10-16 00:35:57.247  1652  3090 E OPCS    : AccurateCounter getCurAccurateLevel error, err:16 00:35:57 curPower:0.0 fullCharge:0.0 powerLevel:78
10-16 00:35:57.247  1652  3090 I OPCS    : AccurateCounter startCount err, tag:ScreenOffDischarge mLastAccurateLevel:87.0125786163522
10-16 00:35:57.247  1652  3090 E OPCS    : AccurateCounter getCurAccurateLevel error, err:16 00:35:57 curPower:0.0 fullCharge:0.0 powerLevel:78
10-16 00:35:57.247  1652  3090 I OPCS    : AccurateCounter stopCount err, tag:ScreenOnDischarge cur:-1.0 lastLevel:87.0125786163522 mLastAccurateLevel:87.0125786163522
10-16 00:35:57.251  1652  1759 V UsbDeviceManager: onKeyguardStateChanged: isShowing:true secure:true user:0
10-16 00:35:57.251  1652  1756 D UsbDeviceManager: setEnabledFunctions functions=0, forceRestart=false, usbDataUnlocked=false
10-16 00:35:57.251  1652  1756 I UsbDeviceManager: Func=mass_storage Cur_Func=0 Oem=mass_storage Cur_Oem=mass_storage Applied=true force=false
10-16 00:35:57.252  1652  1807 D OpPowerControllerService: SCREEN is OFF
10-16 00:35:57.252  1652  1807 D OpPowerControllerService: mScreenOffStart=2021-10-16 00:35:57
10-16 00:35:57.267  1652  1759 V WindowManager: Orientation start waiting for draw, mDrawState=DRAW_PENDING in Window{6b0b293 u0 OpAodQ}, surfaceController Surface(name=OpAodQ)/@0x2429e1d
10-16 00:35:57.267  1652  1759 V WindowManager: Orientation start waiting for draw, mDrawState=DRAW_PENDING in Window{def4375 u0 OpWakingUpScrim}, surfaceController Surface(name=OpWakingUpScrim)/@0x9f85892
10-16 00:35:57.267  1652  1759 V WindowManager: Orientation start waiting for draw, mDrawState=DRAW_PENDING in Window{5c0cbd8 u0 GestureButtonRegion}, surfaceController Surface(name=GestureButtonRegion)/@0xdb7d536
10-16 00:35:57.267  1652  1759 V WindowManager: Orientation start waiting for draw, mDrawState=DRAW_PENDING in Window{725ac01 u0 ScreenDecorOverlayBottom}, surfaceController Surface(name=ScreenDecorOverlayBottom)/@0xc8076bc
10-16 00:35:57.267  1652  1759 V WindowManager: Orientation start waiting for draw, mDrawState=DRAW_PENDING in Window{b6f52a7 u0 com.google.android.apps.messaging/com.google.android.apps.messaging.conversation.screen.ConversationActivity}, surfaceController Surface(name=com.google.android.apps.messaging/com.google.android.apps.messaging.conversation.screen.ConversationActivity)/@0xca66263
10-16 00:35:57.285  1652  1652 V SettingsProvider: Notifying for 0: content://settings/secure/reminder_exp_learning_time_elapsed
10-16 00:35:57.291  1652  1807 W ContextImpl: Calling a method in the system process without a qualified user: android.app.ContextImpl.sendBroadcast:1122 com.android.server.power.Notifier.sendGoToSleepBroadcast:850 com.android.server.power.Notifier.sendNextBroadcast:797 com.android.server.power.Notifier.access$500:96 com.android.server.power.Notifier$NotifierHandler.handleMessage:956 
10-16 00:35:57.293  1652  3221 V WindowManager: Orientation start waiting for draw, mDrawState=DRAW_PENDING in Window{5c0cbd8 u0 GestureButtonRegion}, surfaceController Surface(name=GestureButtonRegion)/@0xdb7d536
10-16 00:35:57.312  1652  1802 D ExtBatteryStatsService: ==MSG_SCREEN_OFF== at 119358291
10-16 00:35:57.406  1652  3221 D CompatibilityChangeReporter: Compat change id reported: 135634846; UID 10208; state: DISABLED
10-16 00:35:57.407  1652  3221 D CompatibilityChangeReporter: Compat change id reported: 135754954; UID 10208; state: ENABLED
10-16 00:35:57.407  1652  1773 D CompatibilityChangeReporter: Compat change id reported: 143937733; UID 10208; state: ENABLED
10-16 00:35:57.442  1652  1773 I ActivityManager: Start proc 13994:com.google.process.gapps/u0a208 for content provider {com.google.android.gsf/com.google.android.gsf.settings.GoogleSettingsProvider}
10-16 00:35:57.460  1652  1652 D OPBF    : # eventChangeReceiver # onReceive # action=android.intent.action.SCREEN_OFF
10-16 00:35:57.481  2585  2585 V KeyguardStatusView: refresh statusview showing:true
10-16 00:35:57.494  2585  3281 D ViewRootImpl: support adaptive color gamut feature!
10-16 00:35:57.503  2585  3281 I chatty  : uid=10200(com.android.systemui) FingerprintDial identical 1 line
10-16 00:35:57.510  2585  3281 D ViewRootImpl: support adaptive color gamut feature!
10-16 00:35:57.550  1652  5814 V WindowManager: Orientation start waiting for draw, mDrawState=DRAW_PENDING in Window{dcc227b u0 OPFingerprintVDpressed}, surfaceController Surface(name=OPFingerprintVDpressed)/@0x447e874
10-16 00:35:57.564  1652  1760 V WindowManager: Orientation start waiting for draw, mDrawState=DRAW_PENDING in Window{22fb0ae u0 FingerprintTransparentIcon}, surfaceController Surface(name=FingerprintTransparentIcon)/@0x63517e0
10-16 00:35:57.618  1652  3303 V WindowManager: Orientation start waiting for draw, mDrawState=DRAW_PENDING in Window{1582425 u0 NotificationShade}, surfaceController Surface(name=NotificationShade)/@0xc64b04b
10-16 00:35:57.650  1652  1760 V WindowManager: Orientation start waiting for draw, mDrawState=DRAW_PENDING in Window{fde0bb2 u0 com.android.systemui.ImageWallpaper}, surfaceController Surface(name=com.android.systemui.ImageWallpaper)/@0x66f2a50
10-16 00:35:57.661  1652  1652 V SettingsProvider: Notifying for 0: content://settings/secure/reminder_exp_learning_time_elapsed
10-16 00:35:57.972  1652  3113 D OPBF    : setCGroupState():tofreeze=false, uid:10356 pkg:com.oneplus.twspods --->>> ok reason:start perform hasTimeout broadcast for action = android.intent.action.SCREEN_OFF
10-16 00:35:57.984  1652  3113 D OPBF    : setCGroupState():tofreeze=false, uid:10275 pkg:com.discord --->>> ok reason:start perform hasTimeout broadcast for action = android.intent.action.SCREEN_OFF
10-16 00:35:58.007  1652  1772 W ProcessCpuTracker: Failed to stat(/proc/14019): android.system.ErrnoException: stat failed: ENOENT (No such file or directory)
10-16 00:35:58.007  1652  1772 W ProcessCpuTracker: Skipping unknown process pid 14019
10-16 00:35:58.010  1652  1772 I ActivityManager: pid= 661 st.name = logd cpuPercent = 49 st.rel_utime =7330 st.rel_stime =210
10-16 00:35:58.010  1652  1772 I ActivityManager: pid= 1126 st.name = surfaceflinger cpuPercent = 14 st.rel_utime =1020 st.rel_stime =1210
10-16 00:35:58.010  1652  1772 I ActivityManager: pid= 1652 st.name = Binder:1652_3 cpuPercent = 33 st.rel_utime =3060 st.rel_stime =2140
10-16 00:35:58.010  1652  1772 I ActivityManager: pid= 3253 st.name = m.android.phone cpuPercent = 15 st.rel_utime =1630 st.rel_stime =790
10-16 00:35:58.010  1652  1772 I ActivityManager: pid= 5431 st.name = s.zorin_connect cpuPercent = 17 st.rel_utime =1870 st.rel_stime =870
10-16 00:35:58.010  1652  1772 I ActivityManager: pid= 18444 st.name = putmethod.latin cpuPercent = 13 st.rel_utime =1510 st.rel_stime =510
10-16 00:35:58.010  1652  1772 I ActivityManager: pid= 20760 st.name = .apps.messaging cpuPercent = 32 st.rel_utime =3710 st.rel_stime =1240
10-16 00:35:58.030  1652  1772 I OHPD    : mCurrentGpsUidList:[], currentIME:com.google.android.inputmethod.latin
10-16 00:35:58.030  1652  1772 I OHPD    : [BgDetect]chkExcessCpu level: 1 doKills: true critical false uptime: 300083
10-16 00:35:58.032  1652  1772 I OHPD    : isIsolated process: app.uid:99086,app.info.uid:10208, app.processName:com.google.android.webview:sandboxed_process0:org.chromium.content.app.SandboxedProcessService0:0
10-16 00:35:58.054  1652  3113 D OPBF    : setCGroupState():tofreeze=false, uid:10306 pkg:com.snapchat.android --->>> ok reason:start perform hasTimeout broadcast for action = android.intent.action.SCREEN_OFF
10-16 00:35:58.085  1652  3113 D OPBF    : setCGroupState():tofreeze=false, uid:10370 pkg:com.vanced.android.youtube --->>> ok reason:start perform hasTimeout broadcast for action = android.intent.action.SCREEN_OFF
10-16 00:35:58.126  1652  3113 D OPBF    : setCGroupState():tofreeze=false, uid:10281 pkg:com.facebook.mlite --->>> ok reason:start perform hasTimeout broadcast for action = android.intent.action.SCREEN_OFF
10-16 00:35:58.139  1652  3113 D OPBF    : setCGroupState():tofreeze=false, uid:10382 pkg:com.google.android.apps.youtube.creator --->>> ok reason:start perform hasTimeout broadcast for action = android.intent.action.SCREEN_OFF
10-16 00:36:03.255  1652  2029 V AlarmManager: Triggering alarm #0: 3 when =119360979 package =android operation = null listenTag =TIME_TICK flags =0x1
10-16 00:36:17.396  1652  1756 W Looper  : Slow delivery took 209ms android.fg h=android.os.Handler c=<recycled PooledLambda@ce066ee> m=0
10-16 00:36:17.546  1652  1756 W Looper  : Drained
10-16 00:36:17.664  1652  3303 W BroadcastQueue: Permission Denial: receiving Intent { act=android.provider.Telephony.SMS_RECEIVED flg=0x9000010 (has extras) } to org.thoughtcrime.securesms/.service.SmsListener requires android.permission.RECEIVE_SMS due to sender com.android.phone (uid 1001)
10-16 00:36:17.672  1652  1772 W BroadcastQueue: Permission Denial: receiving Intent { act=android.provider.Telephony.SMS_RECEIVED flg=0x9000010 (has extras) } to ProcessRecord{d025680 5431:com.zorinos.zorin_connect/u0a27} (pid=5431, uid=10027) requires android.permission.RECEIVE_SMS due to sender com.android.phone (uid 1001)
10-16 00:36:17.970  1652  1652 D NotificationService: VibScenesId:10216
10-16 00:36:17.974  1652  1652 D NotificationService: 0|com.google.android.apps.messaging|0|com.google.android.apps.messaging:sms:1|10274: granting content://settings/system/notification_sound
10-16 00:36:17.975  1652  1652 I chatty  : uid=1000(system) Binder:1652_3 identical 4 lines
10-16 00:36:17.976  1652  1652 D NotificationService: 0|com.google.android.apps.messaging|0|com.google.android.apps.messaging:sms:1|10274: granting content://settings/system/notification_sound
10-16 00:36:17.978  1652  1652 W NotificationHistory: Attempted to add notif for locked/gone/disabled user 0
10-16 00:36:18.137  1652  1806 I DisplayPowerController: useProximityForceSuspend = false
10-16 00:36:18.138  2513 17241 I OIMC    : notified , mode FingerPrintMode changeTo 1
10-16 00:36:18.138  2513  2574 I OIMC_CORE: handleMessage:   MODE_ENTER, arg1: 0, arg2: 0, obj: com.oneplus.server.oimc.gwy@463f252
10-16 00:36:18.138  2513  2574 I OIMC_CORE: Entering mode FingerPrintMode
10-16 00:36:18.138  2513  2574 I OIMC_CORE: starting ONESHOT function ColorDisable
10-16 00:36:18.139  1652  3017 I OpOIMCColorManager: ColorDisable start... mCurrentActivated = 0
10-16 00:36:18.139  1652  3017 D OpColorDisplayService: DisableColor state: 0
10-16 00:36:18.139  1652  3017 D ColorDisplayService: cancelAnimation
10-16 00:36:18.139  2513  2573 I OIMC_CORE: ColorDisable action 1 spent 1 ms
10-16 00:36:18.139  1652  1791 D OpColorDisplayService: resetStatus: 0
10-16 00:36:18.139  1652  1806 I DisplayPowerController: Blocking screen on until initial contents have been drawn.
10-16 00:36:18.159  1652  1791 D OpColorTintManager: disableColor
10-16 00:36:18.168  1652  1791 D OpColorTintManager: recoverColorSaturation
10-16 00:36:18.240  1652  1806 I DisplayPowerController: brightnessState(m):1.0
10-16 00:36:18.240  1652  1806 I RampAnimator: target:1.0 rate:0.0 mCurrentValue:0.0 mTargetValue:0.0
10-16 00:36:18.243  1652  1806 W OpBatteryStats: updateScreenBrightnessLevel: 4
10-16 00:36:18.244  1652  1806 V DisplayPowerController: Brightness [1.0] reason changing to: 'manual', previous reason: 'screen_off'.
10-16 00:36:18.244  1652  1806 I DisplayPowerController: useProximityForceSuspend = false
10-16 00:36:18.244  1652  1806 I DisplayPowerController: brightnessState(m):1.0
10-16 00:36:18.244  1652  1806 I RampAnimator: target:1.0 rate:0.0 mCurrentValue:1.0 mTargetValue:1.0
10-16 00:36:18.248  1652  1759 I DisplayManagerService: Display device changed state: "Built-in Screen", DOZE
10-16 00:36:18.305  1652  3240 D FP_DEBUG: start authenticate: com.android.systemui, groupId= 0
10-16 00:36:18.305  1652  1806 I DisplayPowerController: Unblocked screen on after 165 ms
10-16 00:36:18.305  1652  1806 I DisplayPowerController: useProximityForceSuspend = false
10-16 00:36:18.310  1652  1806 I DisplayPowerController: brightnessState(m):1.0
10-16 00:36:18.310  1652  1806 I RampAnimator: target:1.0 rate:0.7058823 mCurrentValue:1.0 mTargetValue:1.0
10-16 00:36:18.313  1652  3240 D FP_DEBUG: go authenticateInternal
10-16 00:36:18.313  1652  3240 D FP_DEBUG: authenticateInternal: callingUserId= 0
10-16 00:36:18.314  1652  1652 V FingerprintService: startAuthentication(com.android.systemui)
10-16 00:36:18.332  1652  1652 V FingerprintService: starting client AuthenticationClientImpl(com.android.systemui) targetUserId: 0 currentUserId: 0 cookie: 0/0
10-16 00:36:18.338  2513 17241 I OIMC    : notified , mode FingerPrintMode changeTo 1
10-16 00:36:18.338  2513  2574 I OIMC_CORE: handleMessage:   MODE_ENTER, arg1: 0, arg2: 0, obj: com.oneplus.server.oimc.gwy@fcf5923
10-16 00:36:18.338  2513  2574 I OIMC_CORE: The mode: FingerPrintMode is already entered
10-16 00:36:18.348  1652  1652 E FingerprintService: Exception notifySurfaceFlingerUpdate
10-16 00:36:18.378  1652  1652 D OpFingerprintService: updateStatus , 3
10-16 00:36:18.421  1652  1806 I DisplayPowerController: useProximityForceSuspend = false
10-16 00:36:18.422  1652  1806 I DisplayPowerController: brightnessState(m):1.0
10-16 00:36:18.422  1652  1806 I RampAnimator: target:1.0 rate:0.7058823 mCurrentValue:1.0 mTargetValue:1.0
10-16 00:36:18.476  1652 14040 D VibratorService: vibrate from 'com.google.android.apps.messaging', reason = Notification (delayed), token = android.os.Binder@865d730, attrs = VibrationAttributes: Usage=NOTIFICATION Flags=0
10-16 00:36:18.496  1652 14040 D OpVibratorService: linearmotorVibratorOff
10-16 00:36:18.515  1652 14048 D OpVibratorService: linearmotorVibratorOn
10-16 00:36:18.769  1652 14048 D OpVibratorService: linearmotorVibratorOn
10-16 00:36:18.884  1652 14048 D OpVibratorService: linearmotorVibratorOff
10-16 00:36:20.741  1652  1806 I DisplayPowerController: useProximityForceSuspend = false
10-16 00:36:20.741  1652  1806 I DisplayPowerController: brightnessState(m):1.0
10-16 00:36:20.741  1652  1806 I RampAnimator: target:1.0 rate:0.7058823 mCurrentValue:1.0 mTargetValue:1.0
10-16 00:36:23.145  1652  1806 I DisplayPowerController: useProximityForceSuspend = false
10-16 00:36:23.145  1652  1806 I DisplayPowerController: brightnessState(m):1.0
10-16 00:36:23.146  1652  1806 I DisplayPowerController: useProximityForceSuspend = false
10-16 00:36:23.146  1652  1806 D OpColorDisplayService: screenStateChange
10-16 00:36:23.147  1652  1791 D OpColorDisplayService: processScreenOn   false
10-16 00:36:23.147  1652  1806 I DisplayPowerController: Blocking screen off
10-16 00:36:23.147  1652  1806 I DisplayPowerController: Unblocked screen off after 0 ms
10-16 00:36:23.155  1652  1806 I RampAnimator: target:0.0 rate:0.0 mCurrentValue:1.0 mTargetValue:1.0
10-16 00:36:23.176  1652  5986 V FingerprintService: cancelAuthentication(com.android.systemui)
10-16 00:36:23.176  1652  1652 V FingerprintService: Stopping client com.android.systemui, fromClient: true
10-16 00:36:23.220  1652  1806 W OpBatteryStats: updateScreenBrightnessLevel: 0
10-16 00:36:23.220  1652  1806 V DisplayPowerController: Brightness [-1.0] reason changing to: 'screen_off', previous reason: 'manual'.
10-16 00:36:23.221  1652  1806 I DisplayPowerController: useProximityForceSuspend = false
10-16 00:36:23.221  1652  1806 I RampAnimator: target:0.0 rate:0.0 mCurrentValue:0.0 mTargetValue:0.0
10-16 00:36:23.222  1652  1759 I DisplayManagerService: Display device changed state: "Built-in Screen", OFF
10-16 00:36:23.223  2513 17241 I OIMC    : notified , mode FingerPrintMode changeTo 2
10-16 00:36:23.223  2513  2574 I OIMC_CORE: handleMessage:   MODE_EXIT, arg1: 0, arg2: 0, obj: com.oneplus.server.oimc.gwy@c83ce20
10-16 00:36:23.223  2513  2574 I OIMC_CORE: Exiting mode FingerPrintMode
10-16 00:36:23.223  2513  2574 I OIMC_CORE: stoping ONESHOT function ColorDisable
10-16 00:36:23.224  1652  5986 I OpOIMCColorManager: ColorDisable stop... mGCActivated = false  mCBActivated = false  mPCActivated = false  mGMActivated = false mCurrentActivated = 0
10-16 00:36:23.224  1652  5986 D OpColorDisplayService: DisableColor state: 2
10-16 00:36:23.224  2513  2573 I OIMC_CORE: ColorDisable action 2 spent 0 ms
10-16 00:36:23.229  1652  2398 D FingerprintService: onError, -5476376637520028272, 5, 0
10-16 00:36:23.229  1652  1791 D OpColorDisplayService: resetStatus: 2
10-16 00:36:23.229  1652  1791 D OpColorDisplayService: reverStatus needMatrixInit = false
10-16 00:36:23.237  1652  1652 V FingerprintService: handleError(client=com.android.systemui, error = 5)
10-16 00:36:23.237  1652  1652 V BiometricStats: Error latency: -1
10-16 00:36:23.237  1652  1652 W BiometricStats: found a negative latency : -1
10-16 00:36:23.238  1652  1652 V FingerprintService: Done with client: com.android.systemui
10-16 00:36:23.244  2585  2585 D FingerprintManager: sendErrorResult: 5, 5, 0
10-16 00:36:23.245  1652  1679 D KeyguardStateMonitor: onFingerprintStateChange , false, false, authType:1, result:5
10-16 00:36:23.392  1652  1806 I DisplayPowerController: useProximityForceSuspend = false
10-16 00:36:23.392  1652  1806 I RampAnimator: target:0.0 rate:0.0 mCurrentValue:0.0 mTargetValue:0.0
10-16 00:36:23.393  1652  1791 D OpColorTintManager: colorTempearture: 74
10-16 00:36:23.393  1652  1791 D OpColorTintManager: start applyTint
10-16 00:36:28.440  1652  2029 V AlarmManager: Triggering alarm #0: 0 when =1634362588249 package =com.google.android.apps.messaging operation =*walarm*:RevocationService.Thread-43 flags =0x9
10-16 00:36:28.782  1652  2029 V AlarmManager: Triggering alarm #0: 3 when =119389759 package =android operation = null listenTag =*job.quota_check* flags =0x8
10-16 00:36:28.811  1652  1756 W Looper  : Slow delivery took 204ms android.fg h=android.os.Handler c=<recycled PooledLambda@8a43d96> m=0
10-16 00:36:28.934  1652  1756 W Looper  : Drained
10-16 00:36:28.987  1652  1679 W BroadcastQueue: Permission Denial: receiving Intent { act=android.provider.Telephony.SMS_RECEIVED flg=0x9000010 (has extras) } to org.thoughtcrime.securesms/.service.SmsListener requires android.permission.RECEIVE_SMS due to sender com.android.phone (uid 1001)
10-16 00:36:28.992  1652  1772 W BroadcastQueue: Permission Denial: receiving Intent { act=android.provider.Telephony.SMS_RECEIVED flg=0x9000010 (has extras) } to ProcessRecord{d025680 5431:com.zorinos.zorin_connect/u0a27} (pid=5431, uid=10027) requires android.permission.RECEIVE_SMS due to sender com.android.phone (uid 1001)
10-16 00:36:29.263  1652  1652 D NotificationService: VibScenesId:10216
10-16 00:36:29.269  1652  1652 W NotificationHistory: Attempted to add notif for locked/gone/disabled user 0
10-16 00:36:29.403  1652  1806 I DisplayPowerController: useProximityForceSuspend = false
10-16 00:36:29.404  2513 17241 I OIMC    : notified , mode FingerPrintMode changeTo 1
10-16 00:36:29.404  2513  2574 I OIMC_CORE: handleMessage:   MODE_ENTER, arg1: 0, arg2: 0, obj: com.oneplus.server.oimc.gwy@9acb3d9
10-16 00:36:29.404  2513  2574 I OIMC_CORE: Entering mode FingerPrintMode
10-16 00:36:29.404  2513  2574 I OIMC_CORE: starting ONESHOT function ColorDisable
10-16 00:36:29.405  1652  5812 I OpOIMCColorManager: ColorDisable start... mCurrentActivated = 0
10-16 00:36:29.405  1652  5812 D OpColorDisplayService: DisableColor state: 0
10-16 00:36:29.405  1652  5812 D ColorDisplayService: cancelAnimation
10-16 00:36:29.405  2513  2573 I OIMC_CORE: ColorDisable action 1 spent 1 ms
10-16 00:36:29.405  1652  1791 D OpColorDisplayService: resetStatus: 0
10-16 00:36:29.406  1652  1806 I DisplayPowerController: Blocking screen on until initial contents have been drawn.
10-16 00:36:29.426  1652  1791 D OpColorTintManager: disableColor
10-16 00:36:29.426  1652  1791 D OpColorTintManager: recoverColorSaturation
10-16 00:36:29.484  1652  1806 I DisplayPowerController: brightnessState(m):1.0
10-16 00:36:29.484  1652  1806 I RampAnimator: target:1.0 rate:0.0 mCurrentValue:0.0 mTargetValue:0.0
10-16 00:36:29.489  1652  1806 W OpBatteryStats: updateScreenBrightnessLevel: 4
10-16 00:36:29.489  1652  1806 V DisplayPowerController: Brightness [1.0] reason changing to: 'manual', previous reason: 'screen_off'.
10-16 00:36:29.490  1652  1806 I DisplayPowerController: useProximityForceSuspend = false
10-16 00:36:29.490  1652  1806 I DisplayPowerController: brightnessState(m):1.0
10-16 00:36:29.490  1652  1806 I RampAnimator: target:1.0 rate:0.0 mCurrentValue:1.0 mTargetValue:1.0
10-16 00:36:29.493  1652  1759 I DisplayManagerService: Display device changed state: "Built-in Screen", DOZE
10-16 00:36:29.545  1652  3029 D FP_DEBUG: start authenticate: com.android.systemui, groupId= 0
10-16 00:36:29.548  1652  3029 D FP_DEBUG: go authenticateInternal
10-16 00:36:29.548  1652  3029 D FP_DEBUG: authenticateInternal: callingUserId= 0
10-16 00:36:29.564  1652  1652 V FingerprintService: startAuthentication(com.android.systemui)
10-16 00:36:29.564  1652  1652 V FingerprintService: starting client AuthenticationClientImpl(com.android.systemui) targetUserId: 0 currentUserId: 0 cookie: 0/0
10-16 00:36:29.565  2513 17241 I OIMC    : notified , mode FingerPrintMode changeTo 1
10-16 00:36:29.565  2513  2574 I OIMC_CORE: handleMessage:   MODE_ENTER, arg1: 0, arg2: 0, obj: com.oneplus.server.oimc.gwy@2ae19e
10-16 00:36:29.565  2513  2574 I OIMC_CORE: The mode: FingerPrintMode is already entered
10-16 00:36:29.568  1652  1652 E FingerprintService: Exception notifySurfaceFlingerUpdate
10-16 00:36:29.592  1652  1652 D OpFingerprintService: updateStatus , 3
10-16 00:36:29.604  1652  1806 I DisplayPowerController: Unblocked screen on after 198 ms
10-16 00:36:29.604  1652  1806 I DisplayPowerController: useProximityForceSuspend = false
10-16 00:36:29.604  1652  1806 I DisplayPowerController: brightnessState(m):1.0
10-16 00:36:29.604  1652  1806 I RampAnimator: target:1.0 rate:0.7058823 mCurrentValue:1.0 mTargetValue:1.0
10-16 00:36:29.662  1652  1806 I DisplayPowerController: useProximityForceSuspend = false
10-16 00:36:29.662  1652  1806 I DisplayPowerController: brightnessState(m):1.0
10-16 00:36:29.662  1652  1806 I RampAnimator: target:1.0 rate:0.7058823 mCurrentValue:1.0 mTargetValue:1.0
10-16 00:36:29.768  1652 14063 D VibratorService: vibrate from 'com.google.android.apps.messaging', reason = Notification (delayed), token = android.os.Binder@865d730, attrs = VibrationAttributes: Usage=NOTIFICATION Flags=0
10-16 00:36:29.793  1652 14063 D OpVibratorService: linearmotorVibratorOff
10-16 00:36:29.799  1652 14067 D OpVibratorService: linearmotorVibratorOn
10-16 00:36:29.978  1652  5872 W ProcessStats: Tracking association SourceState{fba002d com.google.android.apps.messaging/10274 Top #326012} whose proc state 1 is better than process ProcessState{e0df962 com.google.android.apps.messaging:rcs/10274 pkg=com.google.android.apps.messaging} proc state 2 (389 skipped)
10-16 00:36:30.052  1652 14067 D OpVibratorService: linearmotorVibratorOn
10-16 00:36:30.168  1652 14067 D OpVibratorService: linearmotorVibratorOff
10-16 00:36:30.482  1652  2029 V AlarmManager: Triggering alarm #0: 2 when =119391460 package =com.mgoogle.android.gms operation =*walarm*:org.microg.gms.gcm.mcs.RECONNECT flags =0x9
10-16 00:36:31.984  1652  1806 I DisplayPowerController: useProximityForceSuspend = false
10-16 00:36:31.984  1652  1806 I DisplayPowerController: brightnessState(m):1.0
10-16 00:36:31.984  1652  1806 I RampAnimator: target:1.0 rate:0.7058823 mCurrentValue:1.0 mTargetValue:1.0
10-16 00:36:32.755  1652  3113 D OPBF    : setCGroupState():tofreeze=true, uid:10288 pkg:com.andrewshu.android.redditdonation --->>> ok reason:uid active tActive:false
10-16 00:36:33.120  1652  1787 D ExtBatteryStatsService: @@@@ awaitUninterruptibly in 123 ms
10-16 00:36:33.685  1652  1787 D ExtBatteryStatsService: ext-flush too soon, skip
10-16 00:36:33.687  1652  1787 I chatty  : uid=1000(system) android.bg identical 2 lines
10-16 00:36:33.959  1652  1787 D ExtBatteryStatsService: ext-flush too soon, skip
10-16 00:36:34.410  1652  1806 I DisplayPowerController: useProximityForceSuspend = false
10-16 00:36:34.410  1652  1806 I DisplayPowerController: brightnessState(m):1.0
10-16 00:36:34.411  1652  1806 I DisplayPowerController: useProximityForceSuspend = false
10-16 00:36:34.411  1652  1806 D OpColorDisplayService: screenStateChange
10-16 00:36:34.412  1652  1806 I DisplayPowerController: Blocking screen off
10-16 00:36:34.412  1652  1806 I DisplayPowerController: Unblocked screen off after 0 ms
10-16 00:36:34.413  1652  1791 D OpColorDisplayService: processScreenOn   false
10-16 00:36:34.425  1652  1806 I RampAnimator: target:0.0 rate:0.0 mCurrentValue:1.0 mTargetValue:1.0
10-16 00:36:34.450  1652  3240 V FingerprintService: cancelAuthentication(com.android.systemui)
10-16 00:36:34.450  1652  1652 V FingerprintService: Stopping client com.android.systemui, fromClient: true
10-16 00:36:34.478  1652  1806 W OpBatteryStats: updateScreenBrightnessLevel: 0
10-16 00:36:34.478  1652  1806 V DisplayPowerController: Brightness [-1.0] reason changing to: 'screen_off', previous reason: 'manual'.
10-16 00:36:34.479  1652  1806 I DisplayPowerController: useProximityForceSuspend = false
10-16 00:36:34.479  1652  1806 I RampAnimator: target:0.0 rate:0.0 mCurrentValue:0.0 mTargetValue:0.0
10-16 00:36:34.482  1652  1759 I DisplayManagerService: Display device changed state: "Built-in Screen", OFF
10-16 00:36:34.484  2513 17241 I OIMC    : notified , mode FingerPrintMode changeTo 2
10-16 00:36:34.484  2513  2574 I OIMC_CORE: handleMessage:   MODE_EXIT, arg1: 0, arg2: 0, obj: com.oneplus.server.oimc.gwy@134647f
10-16 00:36:34.484  2513  2574 I OIMC_CORE: Exiting mode FingerPrintMode
10-16 00:36:34.484  2513  2574 I OIMC_CORE: stoping ONESHOT function ColorDisable
10-16 00:36:34.485  1652  2398 D FingerprintService: onError, -5476376637520028272, 5, 0
10-16 00:36:34.485  1652  3302 I OpOIMCColorManager: ColorDisable stop... mGCActivated = false  mCBActivated = false  mPCActivated = false  mGMActivated = false mCurrentActivated = 0
10-16 00:36:34.485  1652  3302 D OpColorDisplayService: DisableColor state: 2
10-16 00:36:34.485  2513  2573 I OIMC_CORE: ColorDisable action 2 spent 0 ms
10-16 00:36:34.486  1652  1791 D OpColorDisplayService: resetStatus: 2
10-16 00:36:34.486  1652  1791 D OpColorDisplayService: reverStatus needMatrixInit = false
10-16 00:36:34.502  1652  1652 V FingerprintService: handleError(client=com.android.systemui, error = 5)
10-16 00:36:34.502  1652  1652 V BiometricStats: Error latency: -1
10-16 00:36:34.502  1652  1652 W BiometricStats: found a negative latency : -1
10-16 00:36:34.502  1652  1652 V FingerprintService: Done with client: com.android.systemui
10-16 00:36:34.523  2585  2585 D FingerprintManager: sendErrorResult: 5, 5, 0
10-16 00:36:34.523  1652  5812 D KeyguardStateMonitor: onFingerprintStateChange , false, false, authType:1, result:5
10-16 00:36:34.654  1652  1806 I DisplayPowerController: useProximityForceSuspend = false
10-16 00:36:34.655  1652  1806 I RampAnimator: target:0.0 rate:0.0 mCurrentValue:0.0 mTargetValue:0.0
10-16 00:36:34.658  1652  1791 D OpColorTintManager: colorTempearture: 74
10-16 00:36:34.658  1652  1791 D OpColorTintManager: start applyTint
10-16 00:36:38.805  1652  3113 D OPBF    : setCGroupState():tofreeze=false, uid:10288 pkg:com.andrewshu.android.redditdonation --->>> ok reason:TransBinder
10-16 00:37:00.000  1652  2029 V AlarmManager: Triggering alarm #0: 3 when =119420979 package =android operation = null listenTag =TIME_TICK flags =0x1
10-16 00:37:22.009  1652  2029 V AlarmManager: Triggering alarm #0: 2 when =119441652 package =com.mgoogle.android.gms operation =*walarm*:org.microg.gms.gcm.mcs.RECONNECT flags =0x9
10-16 00:38:10.002  1652  2029 V AlarmManager: Triggering alarm #0: 3 when =119480979 package =android operation = null listenTag =TIME_TICK flags =0x1
10-16 00:38:10.002  1652  2029 V AlarmManager: Triggering alarm #1: 0 when =1634362688697 package =com.google.android.apps.messaging operation =*walarm*:RCS.keep_alive_manager.keep_alive_sender flags =0x9
10-16 00:38:10.023  1652  2398 I FastCharge: read mChargeType = 0
10-16 00:38:10.060  2513  2513 W ContextImpl: Calling a method in the system process without a qualified user: android.app.ContextImpl.sendBroadcast:1122 android.content.ContextWrapper.sendBroadcast:468 com.oneplus.coreservice.BroadcastDispatch.xne$mab.onReceive:122 android.app.LoadedApk$ReceiverDispatcher$Args.lambda$getRunnable$0$LoadedApk$ReceiverDispatcher$Args:1566 android.app.-$$Lambda$LoadedApk$ReceiverDispatcher$Args$_BumDX2UKsnxLVrE6UJsJZkotuA.run:2 
10-16 00:38:30.197  1652  1788 D BatteryStatsImpl: Reading cpu cluster times took 238ms
10-16 00:38:30.322  1652 14081 I ActivityManager: pid= 661 st.name = logd cpuPercent = 78 st.rel_utime =15640 st.rel_stime =250
10-16 00:38:30.322  1652 14081 I ActivityManager: pid= 732 st.name = suspend@1.0-ser cpuPercent = 12 st.rel_utime =30 st.rel_stime =2570
10-16 00:38:30.322  1652 14081 I ActivityManager: pid= 1126 st.name = surfaceflinger cpuPercent = 12 st.rel_utime =1080 st.rel_stime =1390
10-16 00:38:30.323  1652 14081 I ActivityManager: pid= 1652 st.name = Binder:1652_3 cpuPercent = 49 st.rel_utime =5650 st.rel_stime =4280
10-16 00:38:30.323  1652 14081 I ActivityManager: pid= 2585 st.name = ndroid.systemui cpuPercent = 19 st.rel_utime =2350 st.rel_stime =1600
10-16 00:38:30.323  1652 14081 I ActivityManager: pid= 3253 st.name = m.android.phone cpuPercent = 20 st.rel_utime =2430 st.rel_stime =1700
10-16 00:38:30.323  1652 14081 I ActivityManager: pid= 5431 st.name = s.zorin_connect cpuPercent = 24 st.rel_utime =3050 st.rel_stime =1820
10-16 00:38:30.323  1652 14081 E OHPD    : [BgDetect] AppForkedProc kworker/3:1 pid 9960 uid 0 can't find pkgName
10-16 00:38:30.323  1652 14081 E OHPD    : [BgDetect] AppForkedProc kworker/6:4 pid 9965 uid 0 can't find pkgName
10-16 00:38:30.323  1652 14081 E OHPD    : [BgDetect] AppForkedProc kworker/1:1 pid 9967 uid 0 can't find pkgName
10-16 00:38:30.323  1652 14081 E OHPD    : [BgDetect] AppForkedProc kworker/1:2 pid 9968 uid 0 can't find pkgName
10-16 00:38:30.323  1652 14081 E OHPD    : [BgDetect] AppForkedProc kworker/5:4 pid 10164 uid 0 can't find pkgName
10-16 00:38:30.323  1652 14081 E OHPD    : [BgDetect] AppForkedProc usap64 pid 10265 uid 0 can't find pkgName
10-16 00:38:30.323  1652 14081 E OHPD    : [BgDetect] AppForkedProc kworker/4:0 pid 11942 uid 0 can't find pkgName
10-16 00:38:30.323  1652 14081 I ActivityManager: pid= 20760 st.name = .apps.messaging cpuPercent = 15 st.rel_utime =2410 st.rel_stime =800
10-16 00:38:30.816  1652  5872 W ProcessStats: Tracking association SourceState{f8ccd4e com.google.android.gms/10208 Top #326081} whose proc state 1 is better than process ProcessState{7259f86 com.oneplus.config/1000 pkg=com.oneplus.config} proc state 2 (242 skipped)
10-16 00:38:38.672  1652  5872 I ActivityManager: Killing 12527:com.google.android.videos/u0a213 (adj 999): empty #31
10-16 00:38:38.677  1652  5872 I ActivityManager: Killing 12705:com.oneplus.brickmode/1000 (adj 999): empty #32
10-16 00:38:38.732  1652  5873 D ConnectivityService: ConnectivityService NetworkRequestInfo binderDied(NetworkRequest [ TRACK_DEFAULT id=1957, [ Capabilities: INTERNET&NOT_RESTRICTED&TRUSTED Uid: 10213 AdministratorUids: [] RequestorUid: 10213 RequestorPackageName: com.google.android.videos] ], android.os.BinderProxy@4e04f68)
10-16 00:38:38.733  1652  2421 D ConnectivityService: releasing NetworkRequest [ TRACK_DEFAULT id=1957, [ Capabilities: INTERNET&NOT_RESTRICTED&TRUSTED Uid: 10213 AdministratorUids: [] RequestorUid: 10213 RequestorPackageName: com.google.android.videos] ] (release request)
10-16 00:38:38.733  1652  5814 W ProcessStats: setState index out of bounds. index: -1 length: 20
10-16 00:38:38.734  1652  5814 W ProcessStats: setState index out of bounds. index: -1 length: 20
10-16 00:38:38.746  1652  5872 W ProcessStats: setState index out of bounds. index: -1 length: 20
10-16 00:38:38.747  1652  5872 W ProcessStats: setState index out of bounds. index: -1 length: 20
10-16 00:39:01.532  1652  2029 V AlarmManager: Triggering alarm #0: 3 when =119540978 package =android operation = null listenTag =TIME_TICK flags =0x1
10-16 00:39:01.566  1652  3113 D OPBF    : setCGroupState():tofreeze=true, uid:10356 pkg:com.oneplus.twspods --->>> ok reason:serviceDoneExecuting = com.oneplus.twspods/com.oos.onepluspods.scan.ScanService
10-16 00:39:01.577  1652  3113 D OPBF    : setCGroupState():tofreeze=true, uid:10306 pkg:com.snapchat.android --->>> ok reason:finish perform hasTimeout broadcast for action = android.intent.action.SCREEN_OFF
10-16 00:39:01.587  1652  3113 D OPBF    : setCGroupState():tofreeze=true, uid:10275 pkg:com.discord --->>> ok reason:finish perform hasTimeout broadcast for action = android.intent.action.SCREEN_OFF
10-16 00:39:01.591  1652  3113 D OPBF    : setCGroupState():tofreeze=true, uid:10281 pkg:com.facebook.mlite --->>> ok reason:finish perform hasTimeout broadcast for action = android.intent.action.SCREEN_OFF
10-16 00:39:01.594  1652  3113 D OPBF    : setCGroupState():tofreeze=true, uid:10382 pkg:com.google.android.apps.youtube.creator --->>> ok reason:finish perform hasTimeout broadcast for action = android.intent.action.SCREEN_OFF
10-16 00:39:01.833  1652  3113 D OPBF    : setCGroupState():tofreeze=true, uid:10370 pkg:com.vanced.android.youtube --->>> ok reason:publish service as client add connection = AppBindRecord{99c0f30 com.mgoogle.android.gms/org.microg.gms.gcm.PushRegisterService:com.vanced.android.youtube}
10-16 00:39:05.569  1652  5814 I ActivityManager: Killing 11231:com.google.android.permissioncontroller/u0a156 (adj 999): empty #31
10-16 00:39:05.570  1652  5814 W ProcessStats: Tracking association SourceState{b67af1 android.process.acore/10125 Top #326103} whose proc state 1 is better than process ProcessState{7259f86 com.oneplus.config/1000 pkg=com.oneplus.config} proc state 2 (85 skipped)
10-16 00:39:05.608  1652  5872 W ProcessStats: setState index out of bounds. index: -1 length: 20
10-16 00:39:05.608  1652  5872 W ProcessStats: setState index out of bounds. index: -1 length: 20
10-16 00:39:22.194  1652  2029 V AlarmManager: Triggering alarm #0: 2 when =119563173 package =com.mgoogle.android.gms operation =*walarm*:org.microg.gms.gcm.mcs.RECONNECT flags =0x9
10-16 00:39:33.477  1652 14084 I ActivityManager: pid= 661 st.name = logd cpuPercent = 51 st.rel_utime =7750 st.rel_stime =90
10-16 00:39:33.477  1652 14084 I ActivityManager: pid= 732 st.name = suspend@1.0-ser cpuPercent = 33 st.rel_utime =0 st.rel_stime =5050
10-16 00:39:33.478  1652 14084 E OHPD    : [BgDetect] AppForkedProc kworker/6:5 pid 10017 uid 0 can't find pkgName
10-16 00:39:33.478  1652 14084 E OHPD    : [BgDetect] AppForkedProc kworker/0:2 pid 10028 uid 0 can't find pkgName
10-16 00:39:33.478  1652 14084 E OHPD    : [BgDetect] AppForkedProc usap64 pid 10268 uid 0 can't find pkgName
10-16 00:39:33.478  1652 14084 E OHPD    : [BgDetect] AppForkedProc kworker/7:1 pid 11166 uid 0 can't find pkgName
10-16 00:40:00.512  1652  2029 V AlarmManager: Triggering alarm #0: 3 when =119600979 package =android operation = null listenTag =TIME_TICK flags =0x1
10-16 00:40:33.314  1652  1788 D KernelCpuUidUserSysTimeReader: Removing uids 99058-99058
10-16 00:40:53.996  1652  2029 V AlarmManager: Triggering alarm #0: 0 when =1634362722808 package =net.oneplus.launcher operation =*walarm*:net.oneplus.launcher/.datacollection.RegularDataCollectionReceiver flags =0x0
10-16 00:40:53.996  1652  2029 V AlarmManager: Triggering alarm #1: 2 when =119538316 package =android operation = null listenTag =DeviceIdleController.light flags =0x8
10-16 00:40:53.996  1652  2029 V AlarmManager: Triggering alarm #2: 3 when =119593627 package =android operation = null listenTag =*job.delay* flags =0x0
10-16 00:40:53.996  1652  2029 V AlarmManager: Triggering alarm #3: 3 when =119651799 package =android operation = null listenTag =*job.cleanup* flags =0x8
10-16 00:40:53.996  1652  2029 V AlarmManager: Triggering alarm #4: 2 when =119653627 package =android operation = null listenTag =*job.deadline* flags =0x0
10-16 00:40:54.035  1652  1787 D OpPowerManager: Enter LightIdle, more aggressive to handle black audio
10-16 00:40:54.107  1652  1787 D OPSA    : Enter First LightIdle, schedule to SNAPSHOT in 10000 ms, now=80494455
10-16 00:40:54.108  1652  1787 V OpPowerControllerService: Update mIsAfter1stLightIdle to true, mIsUnderRestriction=NA
10-16 00:41:47.000  1652  2029 V AlarmManager: Triggering alarm #0: 1 when =1634362857460 package =android operation =*alarm*:com.oneplus.android.screenOffCheckProcessState flags =0x9
10-16 00:41:47.001  1652  2029 V AlarmManager: Triggering alarm #1: 3 when =119660979 package =android operation = null listenTag =TIME_TICK flags =0x1
10-16 00:41:47.001  1652  2029 V AlarmManager: Triggering alarm #2: 0 when =1634362906135 package =com.google.android.apps.messaging operation =*walarm*:RCS.keep_alive_manager.keep_alive_sender flags =0x9
10-16 00:41:47.049  1652  1652 W ProcessStats: Tracking association SourceState{68b0210 com.google.android.googlequicksearchbox:assistant/10201 Top #326130} whose proc state 1 is better than process ProcessState{7259f86 com.oneplus.config/1000 pkg=com.oneplus.config} proc state 2 (36 skipped)
10-16 00:41:47.049  1652  1652 W Looper  : Slow dispatch took 364ms main h=android.app.ActivityThread$H c=android.app.LoadedApk$ServiceDispatcher$RunConnection@67a6e0d m=0
10-16 00:42:19.978  1652  2029 V AlarmManager: Triggering alarm #0: 3 when =119720979 package =android operation = null listenTag =TIME_TICK flags =0x1
10-16 00:42:22.306  1652  2029 V AlarmManager: Triggering alarm #0: 2 when =119743285 package =com.mgoogle.android.gms operation =*walarm*:org.microg.gms.gcm.mcs.RECONNECT flags =0x9
10-16 00:45:23.997  1652  2029 V AlarmManager: Triggering alarm #0: 3 when =119780978 package =android operation = null listenTag =TIME_TICK flags =0x1
10-16 00:45:23.997  1652  2029 V AlarmManager: Triggering alarm #1: 0 when =1634363123191 package =com.google.android.apps.messaging operation =*walarm*:RCS.keep_alive_manager.keep_alive_sender flags =0x9
10-16 00:45:24.047  1652  3113 D OPBF    : setCGroupState():tofreeze=true, uid:10288 pkg:com.andrewshu.android.redditdonation --->>> ok reason:operateNode reconfirm lastOperation:false lastOperatedReason:TransBinder
10-16 00:45:24.565  1652 14105 I ActivityManager: pid= 661 st.name = logd cpuPercent = 66 st.rel_utime =6800 st.rel_stime =90
10-16 00:45:24.565  1652 14105 I ActivityManager: pid= 732 st.name = suspend@1.0-ser cpuPercent = 26 st.rel_utime =40 st.rel_stime =2710
10-16 00:45:24.565  1652 14105 I ActivityManager: pid= 1652 st.name = Binder:1652_3 cpuPercent = 10 st.rel_utime =610 st.rel_stime =510
10-16 00:45:54.993  1652  2029 V AlarmManager: Triggering alarm #0: 3 when =119930271 package =android operation = null listenTag =*CountQuotaTracker.cleanup* flags =0x8
10-16 00:45:54.993  1652  2029 V AlarmManager: Triggering alarm #1: 2 when =119954975 package =android operation = null listenTag =DeviceIdleController.light flags =0x8
10-16 00:45:55.213  1652  5814 I SoundTriggerService: getModuleProperties()
10-16 00:45:58.102  1652  3113 D OPBF    : setCGroupState():tofreeze=false, uid:10010 pkg:com.google.android.apps.dynamite --->>> ok reason:bindservice as server add connection = AppBindRecord{ccc1279 com.google.android.apps.dynamite/com.google.android.libraries.notifications.entrypoints.scheduled.ScheduledTaskService:system}
10-16 00:45:58.744  1652  2029 V AlarmManager: Triggering alarm #0: 2 when =119959723 package =com.google.android.gms operation =*walarm*:com.google.android.gms.gcm.ACTION_CHECK_QUEUE flags =0x0
10-16 00:45:59.314  1652  2481 D ExtBatteryStatsService: @@@@ awaitUninterruptibly in 122 ms
10-16 00:45:59.343  1652  2481 I OPSA    : ======START======
10-16 00:45:59.343  1652  2481 D ExtBatteryStatsService: mStats.getKernelWakelockStats().size()=85
10-16 00:45:59.343  1652  2481 D ExtBatteryStatsService: mStats.getWakeupReasonStats().size()=40
10-16 00:45:59.343  1652  2481 I OPSA    : #### [START] rpm_stats [aosd, 364741, 43353], [cxsd, 93143, 43353]
10-16 00:45:59.343  1652  2481 I OPSA    : APSS
10-16 00:45:59.343  1652  2481 I OPSA    : 	Version:0x1
10-16 00:45:59.343  1652  2481 I OPSA    : 	Sleep Count:0x6c26c
10-16 00:45:59.343  1652  2481 I OPSA    : 	Sleep Last Entered At:0x21822cb82aa
10-16 00:45:59.343  1652  2481 I OPSA    : 	Sleep Last Exited At:0x21844c517cc
10-16 00:45:59.343  1652  2481 I OPSA    : 	Sleep Accumulated Duration:0xc39afd598c
10-16 00:45:59.343  1652  2481 I OPSA    : 
10-16 00:45:59.343  1652  2481 I OPSA    : MPSS
10-16 00:45:59.343  1652  2481 I OPSA    : 	Version:0x1
10-16 00:45:59.343  1652  2481 I OPSA    : 	Sleep Count:0x48d6d
10-16 00:45:59.343  1652  2481 I OPSA    : 	Sleep Last Entered At:0x21849b643b3
10-16 00:45:59.343  1652  2481 I OPSA    : 	Sleep Last Exited At:0x21849b1861c
10-16 00:45:59.343  1652  2481 I OPSA    : 	Sleep Accumulated Duration:0xe4396278b4
10-16 00:45:59.343  1652  2481 I OPSA    : 
10-16 00:45:59.343  1652  2481 I OPSA    : ADSP
10-16 00:45:59.343  1652  2481 I OPSA    : 	Version:0x1
10-16 00:45:59.343  1652  2481 I OPSA    : 	Sleep Count:0x755
10-16 00:45:59.343  1652  2481 I OPSA    : 	Sleep Last Entered At:0x21599ff491c
10-16 00:45:59.343  1652  2481 I OPSA    : 	Sleep Last Exited At:0x21599ff2f68
10-16 00:45:59.343  1652  2481 I OPSA    : 	Sleep Accumulated Duration:0x1b8efebf11d
10-16 00:45:59.343  1652  2481 I OPSA    : 
10-16 00:45:59.343  1652  2481 I OPSA    : CDSP
10-16 00:45:59.343  1652  2481 I OPSA    : 	Version:0x1
10-16 00:45:59.343  1652  2481 I OPSA    : 	Sleep Count:0x3f7
10-16 00:45:59.343  1652  2481 I OPSA    : 	Sleep Last Entered At:0x21545d17851
10-16 00:45:59.343  1652  2481 I OPSA    : 	Sleep Last Exited At:0x21545d15115
10-16 00:45:59.343  1652  2481 I OPSA    : 	Sleep Accumulated Duration:0x217df640a49
10-16 00:45:59.343  1652  2481 I OPSA    : 
10-16 00:45:59.343  1652  2481 I OPSA    : SLPI
10-16 00:45:59.343  1652  2481 I OPSA    : 	Version:0x1
10-16 00:45:59.343  1652  2481 I OPSA    : 	Sleep Count:0x3195b9
10-16 00:45:59.343  1652  2481 I OPSA    : 	Sleep Last Entered At:0x1570935d922
10-16 00:45:59.343  1652  2481 I OPSA    : 	Sleep Last Exited At:0x157093a097e
10-16 00:45:59.343  1652  2481 I OPSA    : 	Sleep Accumulated Duration:0x1464a7fb8d6
10-16 00:45:59.343  1652  2481 I OPSA    : 
10-16 00:45:59.999  1652  2029 V AlarmManager: Triggering alarm #0: 3 when =119960978 package =android operation = null listenTag =TIME_TICK flags =0x1
10-16 00:46:00.163  1652  1787 D OpPowerManager: Enter LightIdle, more aggressive to handle black audio
10-16 00:46:00.400  1652  3668 W ProcessStats: Tracking association SourceState{68b0210 com.google.android.googlequicksearchbox:assistant/10201 Top #326237} whose proc state 1 is better than process ProcessState{7259f86 com.oneplus.config/1000 pkg=com.oneplus.config} proc state 2 (148 skipped)
10-16 00:46:22.996  1652  2029 V AlarmManager: Triggering alarm #0: 2 when =119983393 package =com.mgoogle.android.gms operation =*walarm*:org.microg.gms.gcm.mcs.RECONNECT flags =0x9
10-16 00:49:00.996  1652  2029 V AlarmManager: Triggering alarm #0: 3 when =120020979 package =android operation = null listenTag =TIME_TICK flags =0x1
10-16 00:49:00.996  1652  2029 V AlarmManager: Triggering alarm #1: 0 when =1634363340130 package =com.google.android.apps.messaging operation =*walarm*:RCS.keep_alive_manager.keep_alive_sender flags =0x9
10-16 00:49:00.996  1652  2029 V AlarmManager: Triggering alarm #2: 3 when =119989989 package =com.android.systemui operation = null listenTag =OpKeyguardUnlockCounter-SYNC flags =0x9
10-16 00:49:01.025  1652  2398 I FastCharge: read mChargeType = 0
10-16 00:49:01.043  2513  2513 W ContextImpl: Calling a method in the system process without a qualified user: android.app.ContextImpl.sendBroadcast:1122 android.content.ContextWrapper.sendBroadcast:468 com.oneplus.coreservice.BroadcastDispatch.xne$mab.onReceive:122 android.app.LoadedApk$ReceiverDispatcher$Args.lambda$getRunnable$0$LoadedApk$ReceiverDispatcher$Args:1566 android.app.-$$Lambda$LoadedApk$ReceiverDispatcher$Args$_BumDX2UKsnxLVrE6UJsJZkotuA.run:2 
10-16 00:49:01.993  1652 14129 I ActivityManager: pid= 661 st.name = logd cpuPercent = 89 st.rel_utime =8930 st.rel_stime =120
10-16 00:49:01.994  1652 14129 I ActivityManager: pid= 1652 st.name = Binder:1652_3 cpuPercent = 23 st.rel_utime =1270 st.rel_stime =1070
10-16 00:49:01.994  1652 14129 I ActivityManager: pid= 17947 st.name = .gms.persistent cpuPercent = 39 st.rel_utime =2640 st.rel_stime =1350
10-16 00:49:27.994  1652  2029 V AlarmManager: Triggering alarm #0: 2 when =120167889 package =com.google.android.networkstack operation = null listenTag =DhcpClient.wlan0.RENEW flags =0x9
10-16 00:49:28.155  1652  2421 D OpWifiServiceImpl: handleLinkPropertiesChanged gatewayIp : 134.124.168.1 , ifname : wlan0
10-16 00:50:40.612  1652  2029 V AlarmManager: Triggering alarm #0: 3 when =120200978 package =android operation = null listenTag =TIME_TICK flags =0x1
10-16 00:51:23.996  1652  2029 V AlarmManager: Triggering alarm #0: 2 when =120284128 package =com.mgoogle.android.gms operation =*walarm*:org.microg.gms.gcm.mcs.RECONNECT flags =0x9
10-16 00:52:37.991  1652  2029 V AlarmManager: Triggering alarm #0: 3 when =120320978 package =android operation = null listenTag =TIME_TICK flags =0x1
10-16 00:52:37.991  1652  2029 V AlarmManager: Triggering alarm #1: 0 when =1634363557129 package =com.google.android.apps.messaging operation =*walarm*:RCS.keep_alive_manager.keep_alive_sender flags =0x9
10-16 00:53:44.992  1652  2029 V AlarmManager: Triggering alarm #0: 3 when =120380979 package =android operation = null listenTag =TIME_TICK flags =0x1
10-16 00:53:44.992  1652  2029 V AlarmManager: Triggering alarm #1: 2 when =120424080 package =com.google.android.gms operation =*walarm*:CONTEXT_MANAGER_ALARM_WAKEUP flags =0x1
10-16 00:54:28.571  1652  2029 V AlarmManager: Triggering alarm #0: 3 when =120440979 package =android operation = null listenTag =TIME_TICK flags =0x1
10-16 00:54:29.963  1652 14149 I ActivityManager: pid= 661 st.name = logd cpuPercent = 61 st.rel_utime =3300 st.rel_stime =90
10-16 00:54:29.963  1652 14149 I ActivityManager: pid= 732 st.name = suspend@1.0-ser cpuPercent = 33 st.rel_utime =0 st.rel_stime =1840
10-16 00:54:29.963  1652 14149 I ActivityManager: pid= 1652 st.name = Binder:1652_3 cpuPercent = 17 st.rel_utime =610 st.rel_stime =370
10-16 00:54:29.963  1652 14149 E OHPD    : [BgDetect] AppForkedProc usap64 pid 10267 uid 0 can't find pkgName
10-16 00:54:30.445  1652  5814 W ProcessStats: Tracking association SourceState{fba002d com.google.android.apps.messaging/10274 Top #326277} whose proc state 1 is better than process ProcessState{e0df962 com.google.android.apps.messaging:rcs/10274 pkg=com.google.android.apps.messaging} proc state 2 (65 skipped)
10-16 00:55:32.115  1652  2393 I PowerManagerService: Waking up from Dozing (uid=1000, reason=WAKE_REASON_POWER_BUTTON, details=android.policy:POWER)...
10-16 00:55:32.117  1652  1807 D OpPowerControllerService: SCREEN is OFF
10-16 00:55:32.118  1652  1807 D OpPowerControllerService: SCREEN is ON
10-16 00:55:32.119  1652  1806 I DisplayPowerController: useProximityForceSuspend = false
10-16 00:55:32.119  1652  1806 D OpColorDisplayService: screenStateChange
10-16 00:55:32.119  1652  1791 D OpColorDisplayService: processScreenOn   true
10-16 00:55:32.119  1652  1807 D OpPowerControllerService: screen off duration: 1174866
10-16 00:55:32.120  1652  1807 W ContextImpl: Calling a method in the system process without a qualified user: android.app.ContextImpl.sendBroadcast:1122 com.android.server.power.Notifier.sendWakeUpBroadcast:817 com.android.server.power.Notifier.sendNextBroadcast:795 com.android.server.power.Notifier.access$500:96 com.android.server.power.Notifier$NotifierHandler.handleMessage:956 
10-16 00:55:32.123  1652  3090 E OPCS    : [Cap] [Start] remainCap is abnormal: 0
10-16 00:55:32.123  1652  3090 E OPCS    : [Cap] [Start] use mLastCapRemaining: 2777 instead.
10-16 00:55:32.124  1652  3090 E OPCS    : AccurateCounter getCurAccurateLevel error, err:16 00:55:32 curPower:0.0 fullCharge:0.0 powerLevel:78
10-16 00:55:32.124  1652  3090 I OPCS    : AccurateCounter stopCount err, tag:ScreenOffDischarge cur:-1.0 lastLevel:87.0125786163522 mLastAccurateLevel:87.0125786163522
10-16 00:55:32.124  1652  5814 D KeyguardStateMonitor: onFingerprintStateChange , true, false, authType:2, result:1
10-16 00:55:32.124  1652  5814 D WindowManager: onKeyguardFingerprintChanged, 2, 1, 0
10-16 00:55:32.124  1652  3090 E OPCS    : AccurateCounter getCurAccurateLevel error, err:16 00:55:32 curPower:0.0 fullCharge:0.0 powerLevel:78
10-16 00:55:32.124  1652  3090 I OPCS    : AccurateCounter startCount err, tag:ScreenOnDischarge mLastAccurateLevel:87.0125786163522
10-16 00:55:32.125  1652  1757 D WindowManager: handleAuthStateChange, authenticating:true, authType:2, result:1, sf:false
