10-15 11:49:57.632 27891  6513 I 111     : OptJank - big and big
10-15 11:50:00.073  6682  6996 I 101     : #317
10-15 11:50:18.411 27891  6513 I 111     :  OptJank - continuously drops frames:4
10-15 11:52:29.235  1652  1799 I 322     : com.google.android.apps.messaging#-1#145
10-15 11:52:29.401 18666  2661 I 110     :  OptJank - total:82 frameGap:89 delta#0#1#0#0#78#1
10-15 11:58:01.734  8094  8094 I 100     : Open /data/app/~~szWNaASBI6_xnwwX9igpLg==/com.instagram.android-Kf_FuCwo765_Ak3yBvelXQ==/base.apk took:90ms
10-15 11:58:03.490  8094  8094 I 309     : package:com.instagram.android took:1902 calssname:android.app.ActivityThread$H callback:null what:110
10-15 12:02:36.675  1652  1806 I 300     : 944
10-15 12:02:40.158  2585  3032 I 111     :  OptJank - continuously drops frames:4
10-15 12:02:40.726  2585  3032 I 110     :  OptJank - total:90 frameGap:109 delta#0#89#0#23#0#1
10-15 12:02:41.715 31391 31391 I 309     : package:com.discord took:1141 calssname:android.app.ActivityThread$H callback:null what:159
10-15 12:02:41.814  1652  1799 I 322     : com.discord#-1#1253
10-15 12:02:42.538 31391  8641 I 110     :  OptJank - total:281 frameGap:281 delta#322#134#6#127#0#105
10-15 12:03:09.073  2585  3032 I 111     :  OptJank - continuously drops frames:4
10-15 12:03:09.151  2585  3032 I 111     :  OptJank - continuously drops frames:4
10-15 12:03:09.193  2585  3032 I 111     :  OptJank - continuously drops frames:4
10-15 12:03:09.240  2585  3032 I 111     :  OptJank - continuously drops frames:4
10-15 12:03:09.283  2585  3032 I 111     :  OptJank - continuously drops frames:4
10-15 12:03:09.325  2585  3032 I 111     :  OptJank - high percentage:0.85
10-15 12:03:09.655  2585  3032 I 110     :  OptJank - total:93 frameGap:95 delta#0#87#0#19#0#5
10-15 12:03:10.393  1652  1799 I 322     : com.google.android.apps.docs.editors.docs#109#832
10-15 12:03:12.413 23975  8922 I 110     :  OptJank - total:259 frameGap:267 delta#233#22#10#11#0#3
10-15 12:03:19.930 23975  8922 I 111     :  OptJank - continuously drops frames:4
10-15 12:03:39.440 23975  8922 I 111     :  OptJank - continuously drops frames:4
10-15 12:03:53.813 23975  8922 I 111     :  OptJank - continuously drops frames:4
10-15 12:03:53.933 23975  8922 I 111     :  OptJank - high percentage:0.45
10-15 12:04:05.604 31391  8641 I 111     :  OptJank - continuously drops frames:4
10-15 12:04:56.330  1652  1806 I 300     : 240
10-15 12:05:50.764 31391  8641 I 110     :  OptJank - total:91 frameGap:91 delta#0#88#0#1#0#3
10-15 12:06:07.382 31391  8641 I 110     :  OptJank - total:94 frameGap:102 delta#0#90#0#1#0#3
10-15 12:06:18.803  1652  1799 I 322     : com.discord#-1#112
10-15 12:07:42.556  1652  3090 I 300     : 174
10-15 12:07:43.310  1652  2392 I 106     : System spent 189.8ms processing the last motion event: MotionEvent#MOVE
10-15 12:07:43.310  1652  2392 I 106     : System spent 175.5ms processing the last motion event: MotionEvent#MOVE
10-15 12:07:43.310  1652  2392 I 106     : System spent 168.9ms processing the last motion event: MotionEvent#MOVE
10-15 12:07:43.310  1652  2392 I 106     : System spent 161.6ms processing the last motion event: MotionEvent#MOVE
10-15 12:07:43.310  1652  2392 I 106     : System spent 154.7ms processing the last motion event: MotionEvent#MOVE
10-15 12:07:43.310  1652  2392 I 106     : System spent 148.8ms processing the last motion event: MotionEvent#MOVE
10-15 12:07:43.310  1652  2392 I 106     : System spent 141.7ms processing the last motion event: MotionEvent#MOVE
10-15 12:07:43.311  1652  2392 I 106     : System spent 134.6ms processing the last motion event: MotionEvent#MOVE
10-15 12:07:43.311  1652  2392 I 106     : System spent 128.0ms processing the last motion event: MotionEvent#MOVE
10-15 12:07:43.311  1652  2392 I 106     : System spent 121.1ms processing the last motion event: MotionEvent#MOVE
10-15 12:07:43.311  1652  2392 I 106     : System spent 114.4ms processing the last motion event: MotionEvent#MOVE
10-15 12:07:43.320  1652  2392 I 106     : System spent 108.4ms processing the last motion event: MotionEvent#MOVE
10-15 12:07:43.431  1652  2392 I 106     : System spent 101.8ms processing the last motion event: MotionEvent#UP
10-15 12:07:45.133  1652  1799 I 322     : com.discord#-1#95
10-15 12:07:49.615  1652  1799 I 322     : com.discord#-1#83
10-15 12:11:13.431 31391  8641 I 111     :  OptJank - continuously drops frames:4
10-15 12:11:48.462 18444 18569 I 110     :  OptJank - total:94 frameGap:639 delta#77#11#4#6#0#5
10-15 12:11:52.725 23975  8922 I 111     :  OptJank - continuously drops frames:4
10-15 12:11:53.162 23975  8922 I 111     :  OptJank - continuously drops frames:4
10-15 12:14:23.794  2585  3032 I 111     :  OptJank - continuously drops frames:4
10-15 12:16:54.272 31391  8641 I 110     :  OptJank - total:70 frameGap:72 delta#0#66#0#1#0#3
10-15 12:17:16.089 31391  8641 I 110     :  OptJank - total:148 frameGap:153 delta#0#85#0#1#1#62
10-15 12:18:18.770  2585  3032 I 111     :  OptJank - continuously drops frames:4
10-15 12:18:18.837  2585  3032 I 111     :  OptJank - high percentage:0.55
10-15 12:18:18.856  2585  3032 I 111     :  OptJank - continuously drops frames:4
10-15 12:18:19.009  2585  3032 I 111     :  OptJank - continuously drops frames:4
10-15 12:18:19.047  2585  3032 I 111     :  OptJank - high percentage:0.7
10-15 12:18:19.220  2585  3032 I 110     :  OptJank - total:90 frameGap:92 delta#0#87#0#5#0#2
10-15 12:18:19.695  1652  1799 I 322     : com.google.android.gm#-1#500
10-15 12:18:20.076 22207 10469 I 110     :  OptJank - total:283 frameGap:289 delta#22#258#7#251#0#1
10-15 12:18:29.210  1652  1799 I 322     : com.audible.application#-1#205
10-15 12:18:37.046  1652  1806 I 300     : 884
10-15 12:18:37.700  2585  3032 I 110     :  OptJank - total:176 frameGap:178 delta#99#74#6#68#0#1
10-15 12:18:37.816 11160 11160 I 309     : package:com.google.android.gms took:1792 calssname:android.app.ActivityThread$H callback:null what:110
10-15 12:18:43.928 31391  8641 I 110     :  OptJank - total:81 frameGap:81 delta#0#81#2#2#0#3
10-15 12:18:43.928 31391  8641 I 111     : OptJank - big and big
10-15 12:19:26.404  1652  1806 I 300     : 294
10-15 12:22:34.724  1652  1806 I 300     : 156
10-15 12:22:49.448  1652  1806 I 300     : 296
10-15 12:22:58.707  1652  1806 I 300     : 666
10-15 12:23:48.799  1652  1806 I 300     : 313
10-15 12:23:50.734  1652  1799 I 322     : com.oneplus.camera#-1#163
10-15 12:23:51.243  2585  3032 I 110     :  OptJank - total:87 frameGap:95 delta#0#86#1#44#0#0
10-15 12:24:56.870  2585  3032 I 110     :  OptJank - total:109 frameGap:119 delta#77#25#9#14#0#6
10-15 12:24:56.918  1652  2392 I 106     : System spent 196.0ms processing the last motion event: MotionEvent#UP
10-15 12:25:18.707  2585  3032 I 111     :  OptJank - continuously drops frames:4
10-15 12:25:23.107 12956 12956 I 100     : Open /data/app/~~wxtbmtgpZnwUj62CW5t1Vw==/com.google.android.apps.maps-3NpLld44jLl3nX5spe1wwg==/base.apk took:102ms
10-15 12:26:43.697 31391  8641 I 110     :  OptJank - total:81 frameGap:81 delta#0#69#2#26#2#12
10-15 12:28:01.651 18444 18569 I 110     :  OptJank - total:93 frameGap:1636 delta#77#12#5#7#0#3
10-15 12:28:47.597 31391  8641 I 111     :  OptJank - continuously drops frames:4
10-15 12:28:49.904 31391  8641 I 111     :  OptJank - continuously drops frames:4
10-15 12:28:50.045 31391  8641 I 111     :  OptJank - continuously drops frames:4
10-15 12:28:50.159 31391  8641 I 111     :  OptJank - continuously drops frames:4
10-15 12:28:50.252 31391  8641 I 111     :  OptJank - continuously drops frames:4
10-15 12:28:56.687  1652  2392 I 106     : System spent 162.2ms processing the last motion event: MotionEvent#DOWN
10-15 12:28:56.687  1652  2392 I 106     : System spent 120.4ms processing the last motion event: MotionEvent#UP
10-15 12:28:56.912  1652  1799 I 322     : org.mozilla.focus#-1#171
10-15 12:29:31.707  1652  1799 I 322     : com.google.android.apps.maps#-1#387
10-15 12:29:44.364 31391  8641 I 111     :  OptJank - high percentage:0.45
10-15 12:29:56.037 31391  8641 I 110     :  OptJank - total:66 frameGap:66 delta#0#59#0#4#1#6
10-15 12:31:58.901  1652  1806 I 300     : 209
10-15 12:31:59.141 14108 14108 I 100     : Open /data/app/~~QF5BEJK6JodctAOFW7n8ig==/com.google.android.apps.messaging-PczUydJXad372fpwdZQ1Rw==/base.apk took:65ms
10-15 12:36:49.823  1652  1806 I 300     : 733
10-15 12:36:59.912  2585  3032 I 111     :  OptJank - continuously drops frames:4
10-15 12:39:53.337  1652  1806 I 300     : 647
10-15 12:42:10.273  1652  1806 I 300     : 263
10-15 12:42:12.417  1652  2392 I 106     : System spent 192.8ms processing the last motion event: MotionEvent#MOVE
10-15 12:42:12.486  1652  2392 I 106     : System spent 233.3ms processing the last motion event: MotionEvent#MOVE
10-15 12:42:12.491  1652  2392 I 106     : System spent 214.3ms processing the last motion event: MotionEvent#UP
10-15 12:42:33.008 31391  8641 I 110     :  OptJank - total:81 frameGap:86 delta#0#74#0#22#0#6
10-15 12:43:15.971 31391  8641 I 111     :  OptJank - continuously drops frames:4
10-15 12:43:47.261  1652  1799 I 322     : com.oneplus.camera#-1#231
10-15 12:45:17.001  1652  2392 I 106     : System spent 144.3ms processing the last motion event: MotionEvent#MOVE
10-15 12:45:17.001  1652  2392 I 106     : System spent 137.1ms processing the last motion event: MotionEvent#MOVE
10-15 12:45:17.097  1652  2392 I 106     : System spent 223.1ms processing the last motion event: MotionEvent#MOVE
10-15 12:45:17.097  1652  2392 I 106     : System spent 215.8ms processing the last motion event: MotionEvent#MOVE
10-15 12:45:17.097  1652  2392 I 106     : System spent 209.8ms processing the last motion event: MotionEvent#MOVE
10-15 12:45:17.097  1652  2392 I 106     : System spent 202.6ms processing the last motion event: MotionEvent#MOVE
10-15 12:45:17.097  1652  2392 I 106     : System spent 195.4ms processing the last motion event: MotionEvent#MOVE
10-15 12:45:17.102  1652  2392 I 106     : System spent 190.5ms processing the last motion event: MotionEvent#UP
10-15 12:45:21.570 15485 15485 I 100     : Open /data/app/~~hCk2xPci4pFWu13sNt1wcA==/com.amazon.avod.thirdpartyclient-aZ8F-NaVrGYdMuALU6-itg==/base.apk took:67ms
10-15 12:45:23.335 31524 31565 I 101     : #936
10-15 12:45:23.713  2585  3032 I 111     :  OptJank - continuously drops frames:4
10-15 12:45:29.306 31524 15805 I 100     : Open /data/user_de/0/com.google.android.gms/app_chimera/m/0000021a/DynamiteLoader.apk took:108ms
10-15 12:45:31.385 15899 15899 I 100     : Open /data/app/~~PmYeYUJd3DQ97Ut73FNU0A==/org.thoughtcrime.securesms-e3icRkn2ToLVrsDWRXnXCQ==/base.apk took:51ms
10-15 12:45:38.988 31524  1630 I 110     :  OptJank - total:120 frameGap:134 delta#0#118#0#118#0#1
10-15 12:46:16.943 31524  1630 I 111     :  OptJank - continuously drops frames:4
10-15 12:46:16.988 31524  1630 I 111     :  OptJank - high percentage:0.5
10-15 12:46:17.000 31524  1630 I 111     :  OptJank - continuously drops frames:4
10-15 12:46:25.285 31524  1630 I 110     :  OptJank - total:88 frameGap:101 delta#66#18#3#14#0#3
10-15 12:46:30.432 31524  1630 I 110     :  OptJank - total:98 frameGap:103 delta#77#17#6#11#0#2
10-15 12:46:45.584  1652  1799 I 322     : com.instagram.android#-1#887
10-15 12:46:45.722  8094 16446 I 111     :  OptJank - continuously drops frames:4
10-15 12:46:45.932  8094 16446 I 111     :  OptJank - high percentage:0.45
10-15 12:46:57.829  8094 16446 I 110     :  OptJank - total:113 frameGap:121 delta#11#16#3#12#0#86
10-15 12:46:58.238  1652  1799 I 322     : com.instagram.android#-1#281
10-15 12:47:02.711  8094 16446 I 110     :  OptJank - total:100 frameGap:162 delta#0#9#0#5#0#91
10-15 12:47:15.982  8094 16446 I 111     :  OptJank - high percentage:0.5
10-15 12:47:59.170 30519 29402 I 110     :  OptJank - total:84 frameGap:504 delta#66#7#6#0#0#10
10-15 12:48:02.074  8094  8121 I 101     : #219
10-15 12:49:44.451  2585  3032 I 111     :  OptJank - high percentage:0.45
10-15 12:49:44.506  2585  3032 I 111     :  OptJank - continuously drops frames:4
10-15 12:49:44.586  2585  3032 I 111     :  OptJank - continuously drops frames:4
10-15 12:49:44.630  2585  3032 I 111     :  OptJank - continuously drops frames:4
10-15 12:49:44.674  2585  3032 I 111     :  OptJank - continuously drops frames:4
10-15 12:49:44.674  2585  3032 I 111     :  OptJank - high percentage:0.9
10-15 12:49:44.719  2585  3032 I 111     :  OptJank - continuously drops frames:4
10-15 12:49:45.493  1652  1799 I 322     : com.amazon.mShop.android.shopping#-1#419
10-15 12:53:08.860 17756 17756 I 100     : Open /data/app/~~28xMrISn7qo0fz1FDsuhOg==/com.google.android.apps.docs-RKzn5Jx5BfjCdUxpS3jW0w==/base.apk took:53ms
10-15 12:53:09.626 17837 17837 I 100     : Open /data/app/~~CYGjFjNyEYt4v9RqEIg82A==/com.google.android.apps.tachyon-jJcRyNDDYNF9MEded7PE9Q==/base.apk took:64ms
10-15 12:53:10.243 17945 17945 I 100     : Open /data/app/~~Mfs2uVuCCAUTVe0dU0dTHA==/com.google.android.apps.walletnfcrel-EWEEmryEkczwo9DnI-DPtA==/base.apk took:58ms
10-15 12:53:11.161 17945 17945 I 309     : package:com.google.android.apps.walletnfcrel took:1001 calssname:android.app.ActivityThread$H callback:null what:110
10-15 12:53:11.868 18092 18092 I 100     : Open /data/app/~~Z7axqFSOW96XVfBxZbKYQg==/com.google.android.apps.youtube.music-WXnKjkqnx0GQlacDpmX3lQ==/base.apk took:58ms
10-15 12:53:12.487 18092 18133 I 100     : Open /data/user_de/0/com.google.android.gms/app_chimera/m/00000221/dl-AdsFdrDynamite.integ_213806100100000.apk took:53ms
10-15 12:53:13.402 18404 18404 I 100     : Open /data/app/~~UK5PcHvt2YZ73u1y-927LQ==/com.oneplus.brickmode-4OL_ylbjelgJmpNp_XYOgw==/base.apk took:52ms
10-15 12:53:14.663 18586 18586 I 100     : Open /data/app/~~z-lG07TybIgdWXLpzUadiw==/com.google.android.apps.dynamite--sjTziB_My89uSW_VXOObg==/base.apk took:54ms
10-15 12:53:15.151 18586 18625 I 100     : Open /data/user_de/0/com.google.android.gms/app_chimera/m/0000021a/DynamiteLoader.apk took:80ms
10-15 12:53:15.178 18586 18655 I 100     : Open /system/framework/org.apache.http.legacy.jar took:105ms
10-15 12:53:17.925 18984 18984 I 100     : Open /system/reserve/OPForum/OPForum.apk took:51ms
10-15 12:53:19.726 19085 19085 I 100     : Open /data/app/~~n7rijUx61e_-x5fBGM5d8A==/com.zhiliaoapp.musically-T-2WBvzoZi-SwdaLiV8NnQ==/base.apk took:140ms
10-15 12:53:20.379 19085 19173 I 100     : Open /data/app/~~MWcyAkrp8K_gtI2_LRurCA==/com.google.android.trichromelibrary_460608534-qgEKQeh5R29dD-J_hsjN2g==/base.apk took:76ms
10-15 12:53:20.483 19085 19173 I 100     : Open /data/app/~~bmCnN4E0zRyd7vlkoHmz6A==/com.google.android.webview-F1f62tnwXmUbCtyxDcY3qQ==/base.apk took:74ms
10-15 12:54:04.042  1652  1799 I 322     : org.mozilla.focus#-1#345
10-15 12:54:17.664 30502  4194 I 110     :  OptJank - total:83 frameGap:394 delta#11#65#0#62#1#5
10-15 13:01:20.710  1652  1799 I 322     : org.mozilla.focus#-1#267
10-15 13:04:55.180  1652  1806 I 300     : 64
10-15 13:04:57.347 20876 20876 I 100     : Open /data/app/~~szWNaASBI6_xnwwX9igpLg==/com.instagram.android-Kf_FuCwo765_Ak3yBvelXQ==/base.apk took:57ms
10-15 13:04:59.119  2585  3032 I 111     :  OptJank - continuously drops frames:4
10-15 13:04:59.202  2585  3032 I 111     :  OptJank - high percentage:0.45
10-15 13:04:59.637  2585  3032 I 110     :  OptJank - total:82 frameGap:86 delta#0#79#0#18#0#2
10-15 13:05:39.360  2585  3032 I 110     :  OptJank - total:97 frameGap:308 delta#88#7#0#6#0#1
10-15 13:06:09.837 22207 22248 I 101     : #241
10-15 13:08:09.345  1652  1799 I 322     : org.mozilla.focus#-1#273
10-15 13:08:42.640  2585  3032 I 110     :  OptJank - total:100 frameGap:100 delta#66#35#9#24#0#1
10-15 13:11:13.240 30502  4194 I 111     :  OptJank - continuously drops frames:4
10-15 13:16:59.575  1652  1806 I 300     : 260
10-15 13:17:01.150  2585  3032 I 110     :  OptJank - total:140 frameGap:140 delta#88#50#4#45#0#1
10-15 13:18:25.829  2585  3032 I 110     :  OptJank - total:104 frameGap:124 delta#88#12#5#0#0#2
10-15 13:18:26.163  1652  2392 I 106     : System spent 255.0ms processing the last motion event: MotionEvent#DOWN
10-15 13:18:26.176  1652  2392 I 106     : System spent 203.8ms processing the last motion event: MotionEvent#UP
10-15 13:21:23.725 31524 31565 I 101     : #616
10-15 13:21:40.444 24126 24126 I 100     : Open /data/app/~~8DX007H2MroIuqKEtwwWig==/com.android.vending-PUSYY70f5dM0Cr1xYcjUIQ==/base.apk took:70ms
10-15 13:22:14.390  1652  3303 I 300     : 312
10-15 13:22:18.783  2585  3032 I 111     :  OptJank - continuously drops frames:4
10-15 13:22:18.824  2585  3032 I 111     :  OptJank - continuously drops frames:4
10-15 13:22:18.910  2585  3032 I 111     :  OptJank - high percentage:0.65
10-15 13:22:19.305  2585  3032 I 110     :  OptJank - total:98 frameGap:101 delta#0#96#0#34#0#1
10-15 13:22:19.452  2585  3032 I 110     :  OptJank - total:122 frameGap:126 delta#0#118#0#22#0#3
10-15 13:22:58.920  1652  1799 I 322     : org.mozilla.focus#-1#120
10-15 13:22:59.418  2585  3032 I 110     :  OptJank - total:112 frameGap:112 delta#111#6#6#0#0#1
10-15 13:22:59.864  1652  2392 I 106     : System spent 416.0ms processing the last motion event: MotionEvent#DOWN
10-15 13:22:59.864  1652  2392 I 106     : System spent 351.8ms processing the last motion event: MotionEvent#UP
10-15 13:23:53.108 23973 27674 I 110     :  OptJank - total:113 frameGap:120 delta#0#96#11#84#0#16
10-15 13:23:55.275 23973 27674 I 110     :  OptJank - total:90 frameGap:90 delta#55#33#7#26#0#1
10-15 13:24:18.619 23973 27674 I 111     :  OptJank - continuously drops frames:4
10-15 13:24:21.176  1652  1799 I 322     : com.vanced.android.youtube#-1#206
10-15 13:24:50.848 23973 27674 I 111     :  OptJank - continuously drops frames:4
10-15 13:24:50.886 23973 27674 I 111     :  OptJank - continuously drops frames:4
10-15 13:24:51.000 23973 27674 I 111     :  OptJank - continuously drops frames:4
10-15 13:25:04.795  1652  1799 I 322     : com.cube.arc.blood#61#675
10-15 13:25:07.279  1652  1799 I 322     : com.cube.arc.blood#-1#497
10-15 13:48:55.625 23973 27674 I 110     :  OptJank - total:100 frameGap:100 delta#111#9#4#0#0#2
10-15 13:48:59.914 27245 27245 I 100     : Open /data/app/~~hCk2xPci4pFWu13sNt1wcA==/com.amazon.avod.thirdpartyclient-aZ8F-NaVrGYdMuALU6-itg==/base.apk took:76ms
10-15 13:49:07.126  1652  1806 I 300     : 203
10-15 13:49:26.388  1652  1806 I 300     : 658
10-15 13:49:29.968 27775 27775 I 100     : Open /data/app/~~szWNaASBI6_xnwwX9igpLg==/com.instagram.android-Kf_FuCwo765_Ak3yBvelXQ==/base.apk took:60ms
10-15 13:49:42.305  1652  1806 I 300     : 696
10-15 13:49:44.215  1652  2392 I 106     : System spent 176.5ms processing the last motion event: MotionEvent#MOVE
10-15 13:49:44.215  1652  2392 I 106     : System spent 169.5ms processing the last motion event: MotionEvent#MOVE
10-15 13:49:44.215  1652  2392 I 106     : System spent 162.2ms processing the last motion event: MotionEvent#MOVE
10-15 13:49:44.215  1652  2392 I 106     : System spent 155.0ms processing the last motion event: MotionEvent#MOVE
10-15 13:49:44.215  1652  2392 I 106     : System spent 147.7ms processing the last motion event: MotionEvent#MOVE
10-15 13:49:44.215  1652  2392 I 106     : System spent 140.6ms processing the last motion event: MotionEvent#MOVE
10-15 13:49:44.220  1652  2392 I 106     : System spent 133.8ms processing the last motion event: MotionEvent#UP
10-15 13:49:46.555  2585  3032 I 111     :  OptJank - continuously drops frames:4
10-15 13:49:46.667  2585  3032 I 111     :  OptJank - high percentage:0.55
10-15 13:49:47.258  1652  1799 I 322     : com.audible.application#-1#257
10-15 13:50:48.999  1652  1806 I 300     : 653
10-15 13:51:22.172  1652  1806 I 300     : 791
10-15 13:51:45.194 28427 28427 I 100     : Open /data/app/~~fkGCu8dPqAT1SJdE3tJchw==/com.blackboard.android.bbstudent-qAqLVxjxqpU5WWWVLLXA5A==/base.apk took:60ms
10-15 13:51:54.833 28595 28595 I 100     : Open /data/app/~~8DX007H2MroIuqKEtwwWig==/com.android.vending-PUSYY70f5dM0Cr1xYcjUIQ==/base.apk took:86ms
10-15 13:51:55.747 28687 28687 I 100     : Open /data/app/~~8DX007H2MroIuqKEtwwWig==/com.android.vending-PUSYY70f5dM0Cr1xYcjUIQ==/base.apk took:56ms
10-15 14:06:42.431 29286 29286 I 100     : Open /data/app/~~28xMrISn7qo0fz1FDsuhOg==/com.google.android.apps.docs-RKzn5Jx5BfjCdUxpS3jW0w==/base.apk took:111ms
10-15 14:06:43.319 29408 29408 I 100     : Open /data/app/~~CYGjFjNyEYt4v9RqEIg82A==/com.google.android.apps.tachyon-jJcRyNDDYNF9MEded7PE9Q==/base.apk took:82ms
10-15 14:06:43.933 29517 29517 I 100     : Open /data/app/~~Mfs2uVuCCAUTVe0dU0dTHA==/com.google.android.apps.walletnfcrel-EWEEmryEkczwo9DnI-DPtA==/base.apk took:71ms
10-15 14:06:44.218 29517 29517 I 100     : Open /data/app/~~ZgjZRsAJg1XtcymANok5kA==/com.google.android.gms-JKUwZB7j-pTHkzyl55NTDg==/base.apk took:59ms
10-15 14:06:44.883 29517 29517 I 309     : package:com.google.android.apps.walletnfcrel took:1053 calssname:android.app.ActivityThread$H callback:null what:110
10-15 14:06:45.653 29646 29646 I 100     : Open /data/app/~~Z7axqFSOW96XVfBxZbKYQg==/com.google.android.apps.youtube.music-WXnKjkqnx0GQlacDpmX3lQ==/base.apk took:61ms
10-15 14:06:46.150 29646 29677 I 100     : Open /system/framework/com.android.media.remotedisplay.jar took:172ms
10-15 14:06:46.431 29778 29778 I 100     : Open /data/app/~~lSdH2MRD0aLKtoj9W9seUg==/com.google.android.videos-79DXfg2ZMcwVif5l4rlQaw==/base.apk took:54ms
10-15 14:06:47.317 29870 29870 I 100     : Open /data/app/~~UK5PcHvt2YZ73u1y-927LQ==/com.oneplus.brickmode-4OL_ylbjelgJmpNp_XYOgw==/base.apk took:60ms
10-15 14:06:48.706 30012 30012 I 100     : Open /data/app/~~z-lG07TybIgdWXLpzUadiw==/com.google.android.apps.dynamite--sjTziB_My89uSW_VXOObg==/base.apk took:57ms
10-15 14:06:49.245 30012 30077 I 100     : Open /system/framework/com.android.location.provider.jar took:58ms
10-15 14:06:49.267 30012 30055 I 100     : Open /data/user_de/0/com.google.android.gms/app_chimera/m/00000219/CronetDynamite.apk took:56ms
10-15 14:06:50.541 30195 30195 I 100     : Open /data/app/~~-GI9fgBcsDhj0jvri03DPA==/com.google.android.apps.youtube.creator-8y_T8So6kjIgoda8njEBJw==/base.apk took:73ms
10-15 14:06:51.473 30327 30327 I 100     : Open /data/app/~~kRBvbFMFFRfEhxUzml5wjw==/com.google.android.play.games-hym-Jnb8eYZ9nLQ75eE-gQ==/base.apk took:64ms
10-15 14:06:52.544 30427 30427 I 100     : Open /system/reserve/OPForum/OPForum.apk took:53ms
10-15 14:11:17.883  1652  1806 I 300     : 82
10-15 14:11:39.358 30798 30798 I 100     : Open /data/app/~~szWNaASBI6_xnwwX9igpLg==/com.instagram.android-Kf_FuCwo765_Ak3yBvelXQ==/base.apk took:84ms
10-15 14:15:21.178  1652  1806 I 300     : 573
10-15 14:15:22.971  1652  1799 I 322     : com.oneplus.camera#-1#212
10-15 14:22:37.195  1652  1799 I 322     : com.google.android.gm#-1#391
10-15 14:22:37.243 32013 32013 I 100     : Open /data/app/~~9BhZSFC2D2sQ9LHsC2LtxA==/com.google.android.calendar-NAV-GJs3eyjDxYg26-61qg==/base.apk took:54ms
10-15 14:22:38.633 22207 10469 I 110     :  OptJank - total:138 frameGap:153 delta#0#1#0#1#0#136
10-15 14:22:39.003 22207 10469 I 110     :  OptJank - total:93 frameGap:102 delta#0#69#0#2#0#23
10-15 14:23:11.985  1652  2392 I 106     : System spent 205.8ms processing the last motion event: MotionEvent#UP
10-15 14:23:57.833 23973 27674 I 110     :  OptJank - total:88 frameGap:1195 delta#66#19#10#9#0#2
10-15 14:24:14.211  1652  1806 I 300     : 191
10-15 14:26:11.545 23973 27674 I 111     :  OptJank - high percentage:0.5
10-15 14:26:11.631 23973 27674 I 111     :  OptJank - continuously drops frames:4
10-15 14:26:16.308 23973 27674 I 110     :  OptJank - total:114 frameGap:122 delta#0#0#0#0#0#113
10-15 14:35:55.549  1652  3090 I 300     : 219
10-15 14:35:58.945  2585  3032 I 111     :  OptJank - continuously drops frames:4
10-15 14:36:06.043  2585  3032 I 110     :  OptJank - total:115 frameGap:124 delta#11#99#2#96#1#3
10-15 14:36:06.608  2585  3032 I 110     :  OptJank - total:181 frameGap:181 delta#266#48#0#40#0#3
10-15 14:37:24.224  3818  3818 I 100     : Open /data/app/~~Pd3xrFsdDOzwFRXrvWALWg==/com.netflix.mediaclient-r-5w5Bvp4MvN8Z7-mIaKKg==/base.apk took:61ms
10-15 14:37:26.561  3818  3961 I 101     : #154
10-15 14:51:07.599  5048  5048 I 100     : Open /data/app/~~n7rijUx61e_-x5fBGM5d8A==/com.zhiliaoapp.musically-T-2WBvzoZi-SwdaLiV8NnQ==/base.apk took:65ms
10-15 14:51:08.132  5048  5141 I 100     : Open /data/app/~~MWcyAkrp8K_gtI2_LRurCA==/com.google.android.trichromelibrary_460608534-qgEKQeh5R29dD-J_hsjN2g==/base.apk took:139ms
10-15 14:51:08.372  5048  5141 I 100     : Open /data/app/~~bmCnN4E0zRyd7vlkoHmz6A==/com.google.android.webview-F1f62tnwXmUbCtyxDcY3qQ==/base.apk took:153ms
10-15 14:51:09.215  5312  5312 I 100     : Open /data/app/~~n7rijUx61e_-x5fBGM5d8A==/com.zhiliaoapp.musically-T-2WBvzoZi-SwdaLiV8NnQ==/base.apk took:78ms
10-15 14:52:38.316  5684  5684 I 100     : Open /data/app/~~8DX007H2MroIuqKEtwwWig==/com.android.vending-PUSYY70f5dM0Cr1xYcjUIQ==/base.apk took:72ms
10-15 14:52:39.463  5801  5801 I 100     : Open /data/app/~~8DX007H2MroIuqKEtwwWig==/com.android.vending-PUSYY70f5dM0Cr1xYcjUIQ==/base.apk took:52ms
10-15 14:58:25.126  1652  1806 I 300     : 208
10-15 14:58:26.385  1652  2392 I 106     : System spent 137.9ms processing the last motion event: MotionEvent#MOVE
10-15 14:58:26.388  1652  2392 I 106     : System spent 130.8ms processing the last motion event: MotionEvent#MOVE
10-15 14:58:26.496  1652  2392 I 106     : System spent 123.9ms processing the last motion event: MotionEvent#MOVE
10-15 14:58:26.496  1652  2392 I 106     : System spent 119.4ms processing the last motion event: MotionEvent#MOVE
10-15 14:58:26.496  1652  2392 I 106     : System spent 112.2ms processing the last motion event: MotionEvent#MOVE
10-15 14:58:31.300 30519 29402 I 110     :  OptJank - total:95 frameGap:781 delta#77#9#9#0#0#7
10-15 14:58:40.396 31391  8641 I 110     :  OptJank - total:96 frameGap:100 delta#0#81#0#80#0#14
10-15 14:59:03.208 31391  8641 I 110     :  OptJank - total:82 frameGap:87 delta#0#72#0#71#0#9
10-15 14:59:22.016  2585  3032 I 111     :  OptJank - continuously drops frames:4
10-15 14:59:22.094  2585  3032 I 111     :  OptJank - continuously drops frames:4
10-15 14:59:22.116  2585  3032 I 111     :  OptJank - high percentage:0.55
10-15 14:59:22.139  2585  3032 I 111     :  OptJank - continuously drops frames:4
10-15 14:59:22.340  2585  3032 I 111     :  OptJank - high percentage:0.45
10-15 15:00:00.178  6910  6910 I 100     : Open /data/app/~~9BhZSFC2D2sQ9LHsC2LtxA==/com.google.android.calendar-NAV-GJs3eyjDxYg26-61qg==/base.apk took:60ms
10-15 15:02:12.512  7279  7279 I 100     : Open /data/app/~~hCk2xPci4pFWu13sNt1wcA==/com.amazon.avod.thirdpartyclient-aZ8F-NaVrGYdMuALU6-itg==/base.apk took:71ms
10-15 15:03:02.226  2585  3032 I 111     :  OptJank - continuously drops frames:4
10-15 15:04:29.122 30502  4194 I 111     :  OptJank - continuously drops frames:4
10-15 15:04:32.759 30502  4194 I 110     :  OptJank - total:120 frameGap:167 delta#0#109#0#108#1#9
10-15 15:05:01.385 30502  4194 I 111     :  OptJank - continuously drops frames:4
10-15 15:05:01.431 30502  4194 I 111     :  OptJank - continuously drops frames:4
10-15 15:05:01.955 30502  4194 I 111     :  OptJank - continuously drops frames:4
10-15 15:05:01.985 30502  4194 I 111     :  OptJank - high percentage:0.7
10-15 15:05:25.681  1652  2392 I 106     : System spent 223.8ms processing the last motion event: MotionEvent#MOVE
10-15 15:05:25.685  1652  2392 I 106     : System spent 216.8ms processing the last motion event: MotionEvent#MOVE
10-15 15:05:25.685  1652  2392 I 106     : System spent 210.9ms processing the last motion event: MotionEvent#MOVE
10-15 15:05:25.780  1652  2392 I 106     : System spent 301.8ms processing the last motion event: MotionEvent#MOVE
10-15 15:05:25.783  1652  2392 I 106     : System spent 295.5ms processing the last motion event: MotionEvent#MOVE
10-15 15:05:25.786  1652  2392 I 106     : System spent 283.7ms processing the last motion event: MotionEvent#UP
10-15 15:05:25.788  1652  2392 I 106     : System spent 112.5ms processing the last motion event: MotionEvent#DOWN
10-15 15:05:29.876  1652  1799 I 322     : com.appfolio.resident_portal#87#598
10-15 15:05:41.968 20760  8396 I 110     :  OptJank - total:269 frameGap:269 delta#188#90#4#59#0#3
10-15 15:05:42.369  8561  8561 I 100     : Open /data/app/~~CYGjFjNyEYt4v9RqEIg82A==/com.google.android.apps.tachyon-jJcRyNDDYNF9MEded7PE9Q==/base.apk took:62ms
10-15 15:05:42.411 20760  7830 I 101     : #309
10-15 15:05:44.589  1652  1799 I 322     : com.google.android.apps.messaging#-1#248
10-15 15:05:44.719 20760  8396 I 110     :  OptJank - total:5 frameGap:5 delta#44#83#5#60#0#5
10-15 15:06:28.549 23973 27674 I 110     :  OptJank - total:90 frameGap:90 delta#55#33#6#26#0#2
10-15 15:09:06.787 23973 27674 I 110     :  OptJank - total:77 frameGap:78 delta#55#19#7#12#0#2
10-15 15:09:58.480 23973 27674 I 111     :  OptJank - continuously drops frames:4
10-15 15:11:11.378  2585  3032 I 111     :  OptJank - continuously drops frames:4
10-15 15:11:11.460  2585  3032 I 111     :  OptJank - continuously drops frames:4
10-15 15:11:11.509  2585  3032 I 111     :  OptJank - continuously drops frames:4
10-15 15:11:11.564  2585  3032 I 111     :  OptJank - high percentage:0.65
10-15 15:11:12.017  2585  3032 I 110     :  OptJank - total:81 frameGap:81 delta#11#74#11#11#0#14
10-15 15:11:12.566  1652  1799 I 322     : com.android.systemui#-1#157
10-15 15:11:12.737 20760  8396 I 110     :  OptJank - total:205 frameGap:207 delta#99#102#10#64#0#2
10-15 15:11:12.976 20760  8396 I 110     :  OptJank - total:104 frameGap:104 delta#33#71#2#40#0#2
10-15 15:11:19.339  1652  1799 I 322     : com.android.systemui#-1#55
10-15 15:17:59.480 23973 27674 I 110     :  OptJank - total:82 frameGap:87 delta#66#10#0#10#0#5
10-15 15:18:51.621 23973 27674 I 110     :  OptJank - total:81 frameGap:85 delta#55#16#3#12#0#8
10-15 15:18:52.358 23973 27674 I 110     :  OptJank - total:87 frameGap:92 delta#0#0#0#0#0#86
10-15 15:27:41.884 20760 20785 I 101     : #222
10-15 15:27:45.079 23975 23975 I 309     : package:com.google.android.apps.docs.editors.docs took:1381 calssname:android.view.Choreographer$FrameHandler callback:android.view.Choreographer$FrameDisplayEventReceiver@75d302 what:0
10-15 15:27:45.352  8561  8650 I 100     : Open /system/framework/org.apache.http.legacy.jar took:67ms
10-15 15:27:45.493  8561  8650 I 100     : Open /system/framework/com.android.media.remotedisplay.jar took:123ms
10-15 15:27:45.515  7553 10631 I 100     : Open /data/user_de/0/com.google.android.gms/app_chimera/m/00000219/CronetDynamite.apk took:116ms
10-15 15:27:45.640  8561  8650 I 100     : Open /system/framework/com.android.location.provider.jar took:115ms
10-15 15:27:46.191  8561  8650 I 100     : Open /data/app/~~ZgjZRsAJg1XtcymANok5kA==/com.google.android.gms-JKUwZB7j-pTHkzyl55NTDg==/base.apk took:474ms
10-15 15:28:01.616 11068 11068 I 100     : Open /data/app/~~wxtbmtgpZnwUj62CW5t1Vw==/com.google.android.apps.maps-3NpLld44jLl3nX5spe1wwg==/base.apk took:104ms
10-15 15:28:10.593 11096 11096 I 100     : Open /data/app/~~x1ZBD893nUFU-jx-UBg8CA==/com.amazon.dee.app-6H-CHWyysjBXUe5d3lThdw==/base.apk took:135ms
10-15 15:28:11.829 11096 11096 I 309     : package:com.amazon.dee.app took:1399 calssname:android.app.ActivityThread$H callback:null what:110
10-15 15:28:16.983 11397 11397 I 100     : Open /data/app/~~x1ZBD893nUFU-jx-UBg8CA==/com.amazon.dee.app-6H-CHWyysjBXUe5d3lThdw==/base.apk took:54ms
10-15 15:28:18.227 11657 11657 I 100     : Open /data/app/~~x1ZBD893nUFU-jx-UBg8CA==/com.amazon.dee.app-6H-CHWyysjBXUe5d3lThdw==/base.apk took:55ms
10-15 15:30:11.105 23973 27674 I 111     :  OptJank - continuously drops frames:4
10-15 15:30:15.950 23973 27674 I 110     :  OptJank - total:79 frameGap:1163 delta#55#20#4#16#0#2
10-15 15:30:16.209 23973 27674 I 110     :  OptJank - total:147 frameGap:155 delta#122#22#1#20#0#2
10-15 15:30:18.332  1652  1799 I 322     : com.android.systemui#-1#106
10-15 15:30:19.459  1652  2392 I 106     : System spent 446.0ms processing the last motion event: MotionEvent#UP
10-15 15:30:20.704 12297 12297 I 100     : Open /data/app/~~qtsE1yyM-Mk7FSzj6KcsOQ==/com.oneplus.gallery-wHbrfIEiD6SlVinc3_XIpg==/base.apk took:54ms
10-15 15:31:23.565  1652  1799 I 322     : com.android.systemui#-1#164
10-15 15:35:46.097  1652  1806 I 300     : 165
10-15 15:37:19.073  1652  3090 I 300     : 190
10-15 15:37:21.231 13353 13353 I 100     : Open /data/app/~~szWNaASBI6_xnwwX9igpLg==/com.instagram.android-Kf_FuCwo765_Ak3yBvelXQ==/base.apk took:75ms
10-15 15:41:41.497  1652  3090 I 300     : 217
10-15 15:41:43.738  1652  2392 I 106     : System spent 147.8ms processing the last motion event: MotionEvent#MOVE
10-15 15:41:43.738  1652  2392 I 106     : System spent 134.3ms processing the last motion event: MotionEvent#UP
10-15 15:41:43.748  2585  3032 I 110     :  OptJank - total:83 frameGap:91 delta#55#25#0#7#0#1
10-15 15:41:59.378 30519 29402 I 110     :  OptJank - total:84 frameGap:463 delta#66#9#9#0#0#6
10-15 15:43:38.670  1652  1806 I 300     : 32
10-15 15:44:37.348 22207 22248 I 101     : #237
10-15 15:47:42.936 15202 15202 I 100     : Open /data/app/~~q7GPwYBt9jnEiLdnYvXO0g==/com.google.android.apps.wellbeing-rJI28woGBZcI5Pn-htZ3EA==/base.apk took:69ms
10-15 15:47:44.537 15297 15297 I 100     : Open /data/app/~~hCk2xPci4pFWu13sNt1wcA==/com.amazon.avod.thirdpartyclient-aZ8F-NaVrGYdMuALU6-itg==/base.apk took:98ms
10-15 15:47:44.587 15319 15319 I 100     : Open /data/app/~~-GI9fgBcsDhj0jvri03DPA==/com.google.android.apps.youtube.creator-8y_T8So6kjIgoda8njEBJw==/base.apk took:83ms
10-15 15:47:46.270 14807 14863 I 101     : #168
10-15 15:47:49.615 15612 15612 I 309     : package:com.chegg took:1194 calssname:android.os.Handler callback:com.threatmetrix.TrustDefender.internal.B$4@2fd1c7c what:0
10-15 15:47:51.375 16120 16190 I 100     : Open /data/app/~~ZgjZRsAJg1XtcymANok5kA==/com.google.android.gms-JKUwZB7j-pTHkzyl55NTDg==/base.apk took:138ms
10-15 15:47:53.375 16609 16609 I 100     : Open /data/app/~~qtsE1yyM-Mk7FSzj6KcsOQ==/com.oneplus.gallery-wHbrfIEiD6SlVinc3_XIpg==/base.apk took:55ms
10-15 15:47:55.586 16765 16765 I 100     : Open /data/app/~~n7rijUx61e_-x5fBGM5d8A==/com.zhiliaoapp.musically-T-2WBvzoZi-SwdaLiV8NnQ==/base.apk took:79ms
10-15 15:47:56.512 16827 16900 I 100     : Open /data/app/~~MWcyAkrp8K_gtI2_LRurCA==/com.google.android.trichromelibrary_460608534-qgEKQeh5R29dD-J_hsjN2g==/base.apk took:88ms
10-15 15:47:56.696 16827 16982 I 100     : Open /data/user_de/0/com.google.android.gms/app_chimera/m/0000021a/DynamiteLoader.apk took:79ms
10-15 15:47:56.797 17007 17007 I 100     : Open /data/app/~~M32xHFM4jv8n7UCIG4L_5Q==/com.google.android.deskclock-4FE2eOud4OPJOmFOxtkAew==/base.apk took:93ms
10-15 15:47:56.908 16949 17003 I 100     : Open /data/app/~~ZgjZRsAJg1XtcymANok5kA==/com.google.android.gms-JKUwZB7j-pTHkzyl55NTDg==/base.apk took:92ms
10-15 15:48:15.522 23973 23973 I 309     : package:com.vanced.android.youtube took:2012 calssname:android.hardware.display.DisplayManagerGlobal$DisplayListenerDelegate callback:null what:2
10-15 15:48:17.448 17706 17706 I 100     : Open /data/app/~~9BhZSFC2D2sQ9LHsC2LtxA==/com.google.android.calendar-NAV-GJs3eyjDxYg26-61qg==/base.apk took:88ms
10-15 15:51:07.026  1652  1806 I 300     : 1029
10-15 15:51:21.091  1652  1806 I 300     : 27
10-15 15:55:13.681  1652  1652 I 300     : 204
10-15 15:55:14.889  1652  2392 I 106     : System spent 148.0ms processing the last motion event: MotionEvent#MOVE
10-15 15:55:14.889  1652  2392 I 106     : System spent 134.2ms processing the last motion event: MotionEvent#MOVE
10-15 15:55:14.907  1652  2392 I 106     : System spent 122.0ms processing the last motion event: MotionEvent#UP
10-15 15:55:15.248 18843 18843 I 100     : Open /data/app/~~szWNaASBI6_xnwwX9igpLg==/com.instagram.android-Kf_FuCwo765_Ak3yBvelXQ==/base.apk took:68ms
10-15 15:55:16.427  1652  1799 I 322     : com.oneplus.dialer#-1#518
10-15 15:55:17.507  1652  1799 I 322     : com.oneplus.dialer#-1#145
10-15 15:58:40.285  1652  1806 I 300     : 218
10-15 15:58:43.345 31524 31524 I 309     : package:com.snapchat.android took:89328 calssname:android.view.Choreographer$FrameHandler callback:android.view.Choreographer$FrameDisplayEventReceiver@a3da0a1 what:0
10-15 15:58:43.975  2585  3032 I 111     :  OptJank - continuously drops frames:4
10-15 15:58:44.057  2585  3032 I 111     :  OptJank - continuously drops frames:4
10-15 15:58:44.066  2585  3032 I 111     :  OptJank - high percentage:0.65
10-15 15:58:44.100  2585  3032 I 111     :  OptJank - continuously drops frames:4
10-15 15:58:44.293  2585  3032 I 111     :  OptJank - high percentage:0.65
10-15 15:58:44.479  2585  3032 I 110     :  OptJank - total:78 frameGap:79 delta#0#74#0#25#0#2
10-15 15:59:32.786 19791 19791 I 100     : Open /data/app/~~zaLTGvIwmmODiTPgykC7eg==/com.squareup.cash-dMMOErIx9ZZLQLGukwiDbg==/base.apk took:58ms
10-15 16:01:44.951  1652  1806 I 300     : 337
10-15 16:01:51.341  1652  2392 I 106     : System spent 176.4ms processing the last motion event: MotionEvent#MOVE
10-15 16:01:51.341  1652  2392 I 106     : System spent 162.3ms processing the last motion event: MotionEvent#MOVE
10-15 16:01:51.341  1652  2392 I 106     : System spent 140.8ms processing the last motion event: MotionEvent#MOVE
10-15 16:01:51.341  1652  2392 I 106     : System spent 149.6ms processing the last motion event: MotionEvent#MOVE
10-15 16:01:51.344  1652  2392 I 106     : System spent 138.4ms processing the last motion event: MotionEvent#MOVE
10-15 16:01:51.344  1652  2392 I 106     : System spent 131.4ms processing the last motion event: MotionEvent#MOVE
10-15 16:01:51.429  1652  2392 I 106     : System spent 130.3ms processing the last motion event: MotionEvent#MOVE
10-15 16:01:51.429  1652  2392 I 106     : System spent 123.6ms processing the last motion event: MotionEvent#MOVE
10-15 16:01:51.430  1652  2392 I 106     : System spent 117.2ms processing the last motion event: MotionEvent#MOVE
10-15 16:01:51.432  1652  2392 I 106     : System spent 111.9ms processing the last motion event: MotionEvent#MOVE
10-15 16:01:51.433  1652  2392 I 106     : System spent 105.4ms processing the last motion event: MotionEvent#MOVE
10-15 16:01:53.278 14725 18972 I 110     :  OptJank - total:78 frameGap:84 delta#66#9#2#7#0#1
10-15 16:03:46.266  1652  1806 I 300     : 194
10-15 16:03:52.443  1652  2392 I 106     : System spent 263.0ms processing the last motion event: MotionEvent#DOWN
10-15 16:03:52.444  1652  2392 I 106     : System spent 218.1ms processing the last motion event: MotionEvent#UP
10-15 16:04:04.413 18843 18843 I 309     : package:com.instagram.android took:1239 calssname:android.app.ActivityThread$H callback:null what:114
10-15 16:04:07.473 21082 21082 I 100     : Open /data/app/~~gtgxhpITGw3eHQDtlhdWNg==/com.google.android.apps.photos-lYaZhijrQZ788RQXZhZxsQ==/base.apk took:119ms
10-15 16:04:08.606 21159 21159 I 100     : Open /data/app/~~CYGjFjNyEYt4v9RqEIg82A==/com.google.android.apps.tachyon-jJcRyNDDYNF9MEded7PE9Q==/base.apk took:64ms
10-15 16:04:09.834 21278 21278 I 100     : Open /data/app/~~Z7axqFSOW96XVfBxZbKYQg==/com.google.android.apps.youtube.music-WXnKjkqnx0GQlacDpmX3lQ==/base.apk took:79ms
10-15 16:04:10.229 21278 21309 I 100     : Open /data/user_de/0/com.google.android.gms/app_chimera/m/0000021a/DynamiteLoader.apk took:69ms
10-15 16:04:10.500 21278 21314 I 100     : Open /system/framework/com.android.media.remotedisplay.jar took:55ms
10-15 16:04:10.684 21278 21314 I 100     : Open /data/app/~~ZgjZRsAJg1XtcymANok5kA==/com.google.android.gms-JKUwZB7j-pTHkzyl55NTDg==/base.apk took:134ms
10-15 16:04:10.861 21422 21422 I 100     : Open /data/app/~~lSdH2MRD0aLKtoj9W9seUg==/com.google.android.videos-79DXfg2ZMcwVif5l4rlQaw==/base.apk took:82ms
10-15 16:04:11.570 21497 21497 I 100     : Open /data/app/~~qtsE1yyM-Mk7FSzj6KcsOQ==/com.oneplus.gallery-wHbrfIEiD6SlVinc3_XIpg==/base.apk took:75ms
10-15 16:04:12.098 21554 21554 I 100     : Open /data/app/~~UK5PcHvt2YZ73u1y-927LQ==/com.oneplus.brickmode-4OL_ylbjelgJmpNp_XYOgw==/base.apk took:55ms
10-15 16:04:12.504 21596 21596 I 100     : Open /data/app/com.asus.filemanager-V6bYY1rBVvMkZucK4Ib0ig==/base.apk took:62ms
10-15 16:04:13.540 21701 21701 I 100     : Open /data/app/~~z-lG07TybIgdWXLpzUadiw==/com.google.android.apps.dynamite--sjTziB_My89uSW_VXOObg==/base.apk took:70ms
10-15 16:04:14.015 21701 21787 I 100     : Open /system/framework/org.apache.http.legacy.jar took:73ms
10-15 16:04:14.033 21701 21759 I 100     : Open /data/user_de/0/com.google.android.gms/app_chimera/m/0000021a/DynamiteLoader.apk took:70ms
10-15 16:04:16.341 22080 22080 I 100     : Open /data/app/~~e8W0bg0_MJazJQkaGM-SMg==/com.microsoft.office.officelens-Ggjoc5Ov-31N9a3-dvxNAw==/base.apk took:70ms
10-15 16:04:16.760 22118 22118 I 100     : Open /system/reserve/OPForum/OPForum.apk took:71ms
10-15 16:04:20.769 22241 22241 I 309     : package:com.squareup.cash took:1194 calssname:android.app.ActivityThread$H callback:null what:110
10-15 16:09:15.603  1652  1806 I 300     : 1054
10-15 16:09:16.110 22207 22248 I 101     : #154
10-15 16:09:19.901 23080 23080 I 100     : Open /data/app/~~szWNaASBI6_xnwwX9igpLg==/com.instagram.android-Kf_FuCwo765_Ak3yBvelXQ==/base.apk took:74ms
10-15 16:09:20.889  1652  2392 I 106     : System spent 193.1ms processing the last motion event: MotionEvent#MOVE
10-15 16:09:20.891  1652  2392 I 106     : System spent 193.6ms processing the last motion event: MotionEvent#MOVE
10-15 16:09:20.891  1652  2392 I 106     : System spent 187.3ms processing the last motion event: MotionEvent#MOVE
10-15 16:09:20.893  1652  2392 I 106     : System spent 182.3ms processing the last motion event: MotionEvent#MOVE
10-15 16:09:20.933  1652  2392 I 106     : System spent 215.5ms processing the last motion event: MotionEvent#MOVE
10-15 16:09:20.933  1652  2392 I 106     : System spent 208.8ms processing the last motion event: MotionEvent#MOVE
10-15 16:09:20.934  1652  2392 I 106     : System spent 201.8ms processing the last motion event: MotionEvent#MOVE
10-15 16:09:20.934  1652  2392 I 106     : System spent 195.1ms processing the last motion event: MotionEvent#MOVE
10-15 16:09:20.935  1652  2392 I 106     : System spent 188.3ms processing the last motion event: MotionEvent#MOVE
10-15 16:09:20.967  1652  2392 I 106     : System spent 182.2ms processing the last motion event: MotionEvent#UP
10-15 16:09:23.030 12956 13554 I 110     :  OptJank - total:215 frameGap:228 delta#44#57#9#47#1#111
10-15 16:09:24.470 23321 23321 I 100     : Open /data/app/~~fJ0S83xywFiHkirKJN9U4w==/com.google.android.googlequicksearchbox-VsEIGJ2kSvoDFH9cAmhozQ==/base.apk took:148ms
10-15 16:09:24.477 12956 13554 I 110     :  OptJank - total:127 frameGap:127 delta#99#64#10#53#6#10
10-15 16:09:24.477 12956 13554 I 111     : OptJank - big and big
10-15 16:09:24.477 12956 13554 I 111     :  OptJank - continuously drops frames:4
10-15 16:09:24.606 23343 23343 I 100     : Open /data/app/~~tv9TTE2vkGsDPRkSZnybJA==/com.google.ar.core-H3BZ8tYDnBZhbY7cdTOHww==/base.apk took:54ms
10-15 16:09:36.770  2585  3032 I 111     :  OptJank - continuously drops frames:4
10-15 16:10:11.308  1652  1806 I 300     : 322
10-15 16:10:16.856  2585  3032 I 111     :  OptJank - continuously drops frames:4
10-15 16:10:18.421  1652  2392 I 106     : System spent 165.8ms processing the last motion event: MotionEvent#DOWN
10-15 16:10:18.421  1652  2392 I 106     : System spent 156.0ms processing the last motion event: MotionEvent#MOVE
10-15 16:10:18.422  1652  2392 I 106     : System spent 149.5ms processing the last motion event: MotionEvent#MOVE
10-15 16:10:18.422  1652  2392 I 106     : System spent 142.5ms processing the last motion event: MotionEvent#MOVE
10-15 16:10:18.432  1652  2392 I 106     : System spent 135.7ms processing the last motion event: MotionEvent#MOVE
10-15 16:10:18.432  1652  2392 I 106     : System spent 128.8ms processing the last motion event: MotionEvent#MOVE
10-15 16:10:18.432  1652  2392 I 106     : System spent 121.8ms processing the last motion event: MotionEvent#MOVE
10-15 16:10:18.432  1652  2392 I 106     : System spent 114.8ms processing the last motion event: MotionEvent#MOVE
10-15 16:10:18.433  1652  2392 I 106     : System spent 107.8ms processing the last motion event: MotionEvent#MOVE
10-15 16:10:18.433  1652  2392 I 106     : System spent 100.9ms processing the last motion event: MotionEvent#MOVE
10-15 16:11:18.507  1652  1806 I 300     : 65
10-15 16:11:55.541  1652  1806 I 300     : 681
10-15 16:12:01.126  2585  3032 I 111     :  OptJank - continuously drops frames:4
10-15 16:12:01.518  2585  3032 I 110     :  OptJank - total:81 frameGap:84 delta#0#78#0#25#0#2
10-15 16:12:34.333  2585  3032 I 110     :  OptJank - total:75 frameGap:89 delta#0#4#0#4#0#70
10-15 16:12:40.303  2585  3032 I 111     :  OptJank - continuously drops frames:4
10-15 16:12:42.254  2585  3032 I 111     :  OptJank - continuously drops frames:4
10-15 16:12:44.239  2585  3032 I 111     :  OptJank - continuously drops frames:4
10-15 16:12:46.238  2585  3032 I 111     :  OptJank - continuously drops frames:4
10-15 16:14:12.530  1652  1806 I 300     : 170
10-15 16:14:15.283  1652  2392 I 106     : System spent 860.5ms processing the last motion event: MotionEvent#MOVE
10-15 16:14:15.284  1652  2392 I 106     : System spent 854.7ms processing the last motion event: MotionEvent#MOVE
10-15 16:14:15.284  1652  2392 I 106     : System spent 847.8ms processing the last motion event: MotionEvent#MOVE
10-15 16:14:15.286  1652  2392 I 106     : System spent 842.5ms processing the last motion event: MotionEvent#MOVE
10-15 16:14:15.287  1652  2392 I 106     : System spent 836.6ms processing the last motion event: MotionEvent#MOVE
10-15 16:14:15.287  1652  2392 I 106     : System spent 829.7ms processing the last motion event: MotionEvent#MOVE
10-15 16:14:15.287  1652  2392 I 106     : System spent 822.7ms processing the last motion event: MotionEvent#MOVE
10-15 16:14:15.288  1652  2392 I 106     : System spent 816.3ms processing the last motion event: MotionEvent#MOVE
10-15 16:14:15.289  1652  2392 I 106     : System spent 809.5ms processing the last motion event: MotionEvent#MOVE
10-15 16:14:15.289  1652  2392 I 106     : System spent 802.6ms processing the last motion event: MotionEvent#MOVE
10-15 16:14:15.291  1652  2392 I 106     : System spent 795.9ms processing the last motion event: MotionEvent#MOVE
10-15 16:14:15.292  1652  2392 I 106     : System spent 790.1ms processing the last motion event: MotionEvent#MOVE
10-15 16:14:15.292  1652  2392 I 106     : System spent 783.4ms processing the last motion event: MotionEvent#MOVE
10-15 16:14:15.297  1652  2392 I 106     : System spent 780.1ms processing the last motion event: MotionEvent#MOVE
10-15 16:14:15.297  1652  2392 I 106     : System spent 773.4ms processing the last motion event: MotionEvent#MOVE
10-15 16:14:15.298  1652  2392 I 106     : System spent 766.5ms processing the last motion event: MotionEvent#MOVE
10-15 16:14:15.298  1652  2392 I 106     : System spent 759.6ms processing the last motion event: MotionEvent#MOVE
10-15 16:14:15.298  1652  2392 I 106     : System spent 753.4ms processing the last motion event: MotionEvent#MOVE
10-15 16:14:15.298  1652  2392 I 106     : System spent 739.0ms processing the last motion event: MotionEvent#MOVE
10-15 16:14:15.298  1652  2392 I 106     : System spent 730.7ms processing the last motion event: MotionEvent#MOVE
10-15 16:14:15.298  1652  2392 I 106     : System spent 724.6ms processing the last motion event: MotionEvent#MOVE
10-15 16:14:15.300  1652  2392 I 106     : System spent 710.9ms processing the last motion event: MotionEvent#MOVE
10-15 16:14:15.300  1652  2392 I 106     : System spent 703.6ms processing the last motion event: MotionEvent#MOVE
10-15 16:14:15.300  1652  2392 I 106     : System spent 696.7ms processing the last motion event: MotionEvent#MOVE
10-15 16:14:15.300  1652  2392 I 106     : System spent 689.4ms processing the last motion event: MotionEvent#MOVE
10-15 16:14:15.300  1652  2392 I 106     : System spent 682.6ms processing the last motion event: MotionEvent#MOVE
10-15 16:14:15.300  1652  2392 I 106     : System spent 675.5ms processing the last motion event: MotionEvent#MOVE
10-15 16:14:15.300  1652  2392 I 106     : System spent 668.2ms processing the last motion event: MotionEvent#MOVE
10-15 16:14:15.300  1652  2392 I 106     : System spent 661.2ms processing the last motion event: MotionEvent#MOVE
10-15 16:14:15.301  1652  2392 I 106     : System spent 654.7ms processing the last motion event: MotionEvent#MOVE
10-15 16:14:15.301  1652  2392 I 106     : System spent 647.7ms processing the last motion event: MotionEvent#MOVE
10-15 16:14:15.301  1652  2392 I 106     : System spent 640.3ms processing the last motion event: MotionEvent#MOVE
10-15 16:14:15.301  1652  2392 I 106     : System spent 633.3ms processing the last motion event: MotionEvent#MOVE
10-15 16:14:15.301  1652  2392 I 106     : System spent 625.9ms processing the last motion event: MotionEvent#MOVE
10-15 16:14:15.301  1652  2392 I 106     : System spent 618.4ms processing the last motion event: MotionEvent#MOVE
10-15 16:14:15.301  1652  2392 I 106     : System spent 611.7ms processing the last motion event: MotionEvent#MOVE
10-15 16:14:15.301  1652  2392 I 106     : System spent 604.4ms processing the last motion event: MotionEvent#MOVE
10-15 16:14:15.301  1652  2392 I 106     : System spent 597.3ms processing the last motion event: MotionEvent#MOVE
10-15 16:14:15.301  1652  2392 I 106     : System spent 583.3ms processing the last motion event: MotionEvent#MOVE
10-15 16:14:15.302  1652  2392 I 106     : System spent 576.6ms processing the last motion event: MotionEvent#MOVE
10-15 16:14:15.303  1652  2392 I 106     : System spent 555.6ms processing the last motion event: MotionEvent#MOVE
10-15 16:14:15.303  1652  2392 I 106     : System spent 548.9ms processing the last motion event: MotionEvent#MOVE
